2026-08-10 22:01:41,580 - INFO - TF32 enabled (matmul_precision=high, cudnn.allow_tf32=True)
2026-08-10 22:01:41,580 - INFO - torch.compile enabled for the p1 head (CUDA only)
2026-08-10 22:01:41,580 - INFO - Loading data for arizona (input_type=region, region_emb=check2hgi_design_k_resln_mae_l0_1, target=region, engine_override=EmbeddingEngine.CHECK2HGI_V18, visit_feats=False)...
2026-08-10 22:01:41,580 - INFO - Loading next-POI data: arizona/check2hgi_v18
2026-08-10 22:01:42,182 - INFO - Next-POI data: (200895, 576) (dim=64, window=9), distribution: {np.int64(0): np.int64(27721), np.int64(1): np.int64(12459), np.int64(2): np.int64(69526), np.int64(3): np.int64(9419), np.int64(4): np.int64(9756), np.int64(5): np.int64(57571), np.int64(6): np.int64(14443)}
2026-08-10 22:01:43,116 - INFO - x=torch.Size([200895, 9, 64]), emb_dim=64, n_regions=1547, n_seqs=200895, last_region_idx=present
2026-08-10 22:01:43,370 - INFO - No checkpoint — starting fresh. Will save to docs/results/P1/region_head_arizona_region_5f_50ep_ip_bank_off.checkpoint.json after each fold.
2026-08-10 22:01:43,370 - INFO - ============================================================
2026-08-10 22:01:43,371 - INFO - HEAD: next_stan_flow (5 folds x 50 epochs, max_lr=3e-03, ls=0.00, input_ln=False)
2026-08-10 22:01:43,371 - INFO - ============================================================
2026-08-10 22:01:51,221 - INFO - [p1 S2] STREAMED val metric on cpu (per-row accumulators, no [N=40179 x C=1547] buffer; would have been 0.2 GB) — same per-row ops as the full path
2026-08-10 22:01:52,876 - INFO - [p1 S2] boundary ties on REAL val logits — top5 (target ambiguous at the 5/6 boundary): 0/40179 (0.0000%); top10 (target ambiguous at the 10/11 boundary): 0/40179 (0.0000%). Both must read 0 before P1_STREAM_GPU=1 is safe for a state with banked CPU cells.
2026-08-10 22:02:23,448 - INFO -   fold 0: Acc@1=0.2835 Acc@5=0.5213 Acc@10=0.6262 MRR=0.3950 F1=0.0734 (40.1s, best_ep=48)
2026-08-10 22:02:24,056 - INFO - [p1 S2] STREAMED val metric on cpu (per-row accumulators, no [N=40179 x C=1547] buffer; would have been 0.2 GB) — same per-row ops as the full path
2026-08-10 22:02:24,138 - INFO - [p1 S2] boundary ties on REAL val logits — top5 (target ambiguous at the 5/6 boundary): 0/40179 (0.0000%); top10 (target ambiguous at the 10/11 boundary): 0/40179 (0.0000%). Both must read 0 before P1_STREAM_GPU=1 is safe for a state with banked CPU cells.
2026-08-10 22:02:54,555 - INFO -   fold 1: Acc@1=0.2762 Acc@5=0.4959 Acc@10=0.5980 MRR=0.3825 F1=0.0690 (31.1s, best_ep=40)
2026-08-10 22:02:55,158 - INFO - [p1 S2] STREAMED val metric on cpu (per-row accumulators, no [N=40179 x C=1547] buffer; would have been 0.2 GB) — same per-row ops as the full path
2026-08-10 22:02:55,241 - INFO - [p1 S2] boundary ties on REAL val logits — top5 (target ambiguous at the 5/6 boundary): 0/40179 (0.0000%); top10 (target ambiguous at the 10/11 boundary): 0/40179 (0.0000%). Both must read 0 before P1_STREAM_GPU=1 is safe for a state with banked CPU cells.
2026-08-10 22:03:25,782 - INFO -   fold 2: Acc@1=0.2751 Acc@5=0.4948 Acc@10=0.5953 MRR=0.3816 F1=0.0672 (31.2s, best_ep=43)
2026-08-10 22:03:26,388 - INFO - [p1 S2] STREAMED val metric on cpu (per-row accumulators, no [N=40179 x C=1547] buffer; would have been 0.2 GB) — same per-row ops as the full path
2026-08-10 22:03:26,471 - INFO - [p1 S2] boundary ties on REAL val logits — top5 (target ambiguous at the 5/6 boundary): 0/40179 (0.0000%); top10 (target ambiguous at the 10/11 boundary): 0/40179 (0.0000%). Both must read 0 before P1_STREAM_GPU=1 is safe for a state with banked CPU cells.
2026-08-10 22:03:57,079 - INFO -   fold 3: Acc@1=0.2745 Acc@5=0.4801 Acc@10=0.5750 MRR=0.3748 F1=0.0712 (31.3s, best_ep=45)
2026-08-10 22:03:57,686 - INFO - [p1 S2] STREAMED val metric on cpu (per-row accumulators, no [N=40179 x C=1547] buffer; would have been 0.2 GB) — same per-row ops as the full path
2026-08-10 22:03:57,769 - INFO - [p1 S2] boundary ties on REAL val logits — top5 (target ambiguous at the 5/6 boundary): 0/40179 (0.0000%); top10 (target ambiguous at the 10/11 boundary): 0/40179 (0.0000%). Both must read 0 before P1_STREAM_GPU=1 is safe for a state with banked CPU cells.
2026-08-10 22:04:28,465 - INFO -   fold 4: Acc@1=0.2628 Acc@5=0.4791 Acc@10=0.5795 MRR=0.3685 F1=0.0658 (31.4s, best_ep=43)
2026-08-10 22:04:28,466 - INFO -   AGGREGATE: Acc@1=0.2744+/-0.0074  Acc@10=0.5948+/-0.0201  MRR=0.3805+/-0.0099  F1=0.0693+/-0.0031

================================================================================
P1 REGION-HEAD ABLATION - arizona - 5f x 50ep - input=region
================================================================================
Head                         Acc@1    Acc@5   Acc@10      MRR       F1
--------------------------------------------------------------------------------
next_stan_flow              27.44%   49.42%   59.48%   38.05%    6.93%
--------------------------------------------------------------------------------
Markov 1-step (floor)         ~12%        —        ?        —        —
================================================================================
2026-08-10 22:04:28,467 - INFO - Saved: docs/results/P1/region_head_arizona_region_5f_50ep_ip_bank_off.json
2026-08-10 22:04:28,467 - INFO - Removed checkpoint docs/results/P1/region_head_arizona_region_5f_50ep_ip_bank_off.checkpoint.json (run complete).
