[split] florida seed=0 fold=0: train 1019534 rows / 8484 users, val 254884 rows / 2138 users -> results/g1/splits/florida_split_seed0_fold0.json
Traceback (most recent call last):
  File "/Volumes/Vitor's SSD/ingred_g1fl/g1_logs/g1_assert.py", line 12, in <module>
    X, y, u, _ = load_next_data(st, EmbeddingEngine(eng)); u = np.asarray(u).astype(np.int64)
                 ^^^^^^^^^^^^^^^^^^^^^^^^^^^^^^^^^^^^^^^^
  File "/Volumes/Vitor's SSD/ingred_g1fl/src/data/folds.py", line 824, in load_next_data
    _guard_cpu_resident_ram(len(df), num_features, where="load_next_data")
  File "/Volumes/Vitor's SSD/ingred_g1fl/src/data/folds.py", line 692, in _guard_cpu_resident_ram
    raise MemoryError(
MemoryError: load_next_data: CPU-resident next dataset needs ~5.5 GB (n_rows=1274418, num_features=576) but only 7.8 GB is available (head-room 4.0 GB). This usually means an oversized (e.g. stride-1 large-state) build. Use a smaller config or rebuild at the default stride. Override head-room via MTL_RAM_HEADROOM_GB.
reusing existing split results/g1/splits/florida_split_seed0_fold0.json (made by freeze_split, checked by A5-lite)
A5 OK florida f0: n_val_rows=254884 n_val_users=2138
A1/A2 OK florida f0: excluded=2138 kept_checkins=1132908 best_epoch=495
FULL_CPU florida OK: build unrestricted, n_windows=1274418 rows == arange vs dk_ovl, best_epoch=485
A4 OK florida f0: n_windows=1274418
next_region symlink OK florida f0 (rows == arange, n=1274418)
A4 OK florida f0: n_windows=1274418
next_region symlink OK florida f0 (rows == arange, n=1274418)
A4 OK florida f0: n_windows=1274418
next_region symlink OK florida f0 (rows == arange, n=1274418)
no fold cache on FL paths (f0) 00:10:57
A4 OK florida f0: n_windows=1274418
next_region symlink OK florida f0 (rows == arange, n=1274418)
MTL_DATASET_CPU=1 _dataset_device(0)=None train.features.device=cpu val.features.device=cpu
dataset CPU-resident under MTL_DATASET_CPU=1 (probe, commit 17571c16) OK
no fold cache on FL paths (f0) 02:57:36
florida_f0_cat_full: 'Generating folds on the fly' OK
no fold cache on FL paths (f0) 03:47:01
florida_f0_cat_to: 'Generating folds on the fly' OK
FL inputs md5-equal to box (f0) 04:35:42
region record OK florida f0: remap={'full_regions': 4703, 'trainonly_regions': 4657, 'absent_from_train': 46}
[split] florida seed=0 fold=1: train 1019534 rows / 8491 users, val 254884 rows / 2131 users -> results/g1/splits/florida_split_seed0_fold1.json
A5 OK florida f1: n_val_rows=254884 n_val_users=2131
A1/A2 OK florida f1: excluded=2131 kept_checkins=1132971 best_epoch=486
A4 OK florida f1: n_windows=1274418
next_region symlink OK florida f1 (rows == arange, n=1274418)
MTL_DATASET_CPU=1 _dataset_device(0)=None train.features.device=cpu val.features.device=cpu
dataset CPU-resident under MTL_DATASET_CPU=1 (probe, commit 17571c16) OK
no fold cache on FL paths (f1) 06:42:41
florida_f1_cat_full: 'Generating folds on the fly' OK
no fold cache on FL paths (f1) 07:31:04
florida_f1_cat_to: 'Generating folds on the fly' OK
FL inputs md5-equal to box (f1) 08:19:50
region record OK florida f1: remap={'full_regions': 4703, 'trainonly_regions': 4662, 'absent_from_train': 41}
[split] florida seed=0 fold=2: train 1019534 rows / 8490 users, val 254884 rows / 2132 users -> results/g1/splits/florida_split_seed0_fold2.json
A5 OK florida f2: n_val_rows=254884 n_val_users=2132
A1/A2 OK florida f2: excluded=2132 kept_checkins=1132962 best_epoch=500
A4 OK florida f2: n_windows=1274418
next_region symlink OK florida f2 (rows == arange, n=1274418)
MTL_DATASET_CPU=1 _dataset_device(0)=None train.features.device=cpu val.features.device=cpu
dataset CPU-resident under MTL_DATASET_CPU=1 (probe, commit 17571c16) OK
no fold cache on FL paths (f2) 10:26:41
florida_f2_cat_full: 'Generating folds on the fly' OK
no fold cache on FL paths (f2) 11:15:27
florida_f2_cat_to: 'Generating folds on the fly' OK
FL inputs md5-equal to box (f2) 12:04:23
region record OK florida f2: remap={'full_regions': 4703, 'trainonly_regions': 4655, 'absent_from_train': 48}
[split] florida seed=0 fold=3: train 1019535 rows / 8503 users, val 254883 rows / 2119 users -> results/g1/splits/florida_split_seed0_fold3.json
A5 OK florida f3: n_val_rows=254883 n_val_users=2119
A1/A2 OK florida f3: excluded=2119 kept_checkins=1133080 best_epoch=499
A4 OK florida f3: n_windows=1274418
next_region symlink OK florida f3 (rows == arange, n=1274418)
MTL_DATASET_CPU=1 _dataset_device(0)=None train.features.device=cpu val.features.device=cpu
dataset CPU-resident under MTL_DATASET_CPU=1 (probe, commit 17571c16) OK
no fold cache on FL paths (f3) 14:10:22
florida_f3_cat_full: 'Generating folds on the fly' OK
no fold cache on FL paths (f3) 14:59:18
florida_f3_cat_to: 'Generating folds on the fly' OK
FL inputs md5-equal to box (f3) 15:47:55
region record OK florida f3: remap={'full_regions': 4703, 'trainonly_regions': 4666, 'absent_from_train': 37}
[split] florida seed=0 fold=4: train 1019535 rows / 8520 users, val 254883 rows / 2102 users -> results/g1/splits/florida_split_seed0_fold4.json
A5 OK florida f4: n_val_rows=254883 n_val_users=2102
A1/A2 OK florida f4: excluded=2102 kept_checkins=1133233 best_epoch=500
A4 OK florida f4: n_windows=1274418
next_region symlink OK florida f4 (rows == arange, n=1274418)
MTL_DATASET_CPU=1 _dataset_device(0)=None train.features.device=cpu val.features.device=cpu
dataset CPU-resident under MTL_DATASET_CPU=1 (probe, commit 17571c16) OK
no fold cache on FL paths (f4) 17:53:25
florida_f4_cat_full: 'Generating folds on the fly' OK
no fold cache on FL paths (f4) 18:41:18
florida_f4_cat_to: 'Generating folds on the fly' OK
FL inputs md5-equal to box (f4) 19:30:01
region record OK florida f4: remap={'full_regions': 4703, 'trainonly_regions': 4661, 'absent_from_train': 42}
