[n20ph] 15 runs, max_par=2 (small states first, then FL)
[n20ph] alabama/new/s0 rc=0 wall=1419s cat=64.5840 reg=69.8617 nan=0
0
[n20ph] alabama/new/s1 rc=0 wall=1419s cat=64.6689 reg=69.7185 nan=0
0
[n20ph] alabama/new/s100 rc=0 wall=1438s cat=64.5050 reg=69.8090 nan=0
0
[n20ph] alabama/new/s7 rc=0 wall=1439s cat=64.4041 reg=69.8129 nan=0
0
[n20ph] arizona/new/s1 rc=0 wall=2694s cat=65.8060 reg=59.5316 nan=0
0
[n20ph] arizona/new/s0 rc=0 wall=2700s cat=65.8321 reg=59.6212 nan=0
0
[n20ph] arizona/new/s7 rc=0 wall=2700s cat=65.8510 reg=59.6058 nan=0
0
[n20ph] arizona/new/s100 rc=0 wall=2701s cat=65.8523 reg=59.4933 nan=0
0
[n20ph] florida/base/s1 rc=0 wall=17847s cat=79.8047 reg=77.3269 nan=0
0
[n20ph] florida/base/s7 rc=0 wall=17896s cat=79.8590 reg=77.1211 nan=0
0
[n20ph] florida/new/s0 rc=0 wall=15021s cat=79.8443 reg=77.3910 nan=0
0
[n20ph] florida/base/s100 rc=0 wall=18393s cat=79.2246 reg=77.0447 nan=0
0
[n20ph] florida/new/s1 rc=0 wall=15805s cat=79.8060 reg=77.4196 nan=0
0
[n20ph] florida/new/s7 rc=0 wall=16112s cat=79.8847 reg=77.4130 nan=0
0
[n20ph] florida/new/s100 rc=0 wall=10417s cat=79.8572 reg=77.4600 nan=0
0
[n20ph] ALL DONE
state    recipe  bs    perhead  catlr  reglr  sharedlr  seed  pid      cat      reg      wall   nan  rc
alabama  new     8192  1        1e-3   3e-3   3e-3      0     983885   64.5840  69.8617  1419   0    
0        0                                                                                           
alabama  new     8192  1        1e-3   3e-3   3e-3      1     983884   64.6689  69.7185  1419   0    
0        0                                                                                           
alabama  new     8192  1        1e-3   3e-3   3e-3      100   988155   64.5050  69.8090  1438   0    
0        0                                                                                           
alabama  new     8192  1        1e-3   3e-3   3e-3      7     988104   64.4041  69.8129  1439   0    
0        0                                                                                           
arizona  new     8192  1        1e-3   3e-3   3e-3      1     992283   65.8060  59.5316  2694   0    
0        0                                                                                           
arizona  new     8192  1        1e-3   3e-3   3e-3      0     992231   65.8321  59.6212  2700   0    
0        0                                                                                           
arizona  new     8192  1        1e-3   3e-3   3e-3      7     998602   65.8510  59.6058  2700   0    
0        0                                                                                           
arizona  new     8192  1        1e-3   3e-3   3e-3      100   998757   65.8523  59.4933  2701   0    
0        0                                                                                           
florida  base    2048  0        1e-3   3e-3   1e-3      1     1004802  79.8047  77.3269  17847  0    
0        0                                                                                           
florida  base    2048  0        1e-3   3e-3   1e-3      7     1004935  79.8590  77.1211  17896  0    
0        0                                                                                           
florida  new     8192  1        1e-3   3e-3   3e-3      0     1058652  79.8443  77.3910  15021  0    
0        0                                                                                           
florida  base    2048  0        1e-3   3e-3   1e-3      100   1057911  79.2246  77.0447  18393  0    
0        0                                                                                           
florida  new     8192  1        1e-3   3e-3   3e-3      1     1088683  79.8060  77.4196  15805  0    
0        0                                                                                           
florida  new     8192  1        1e-3   3e-3   3e-3      7     1097178  79.8847  77.4130  16112  0    
0        0                                                                                           
florida  new     8192  1        1e-3   3e-3   3e-3      100   1119752  79.8572  77.4600  10417  0    
0        0                                                                                           

==== n=20 cell means (over seeds) ====
alabama  new    n=4 seeds=['0', '1', '100', '7']  cat 64.5405±0.098  reg 69.8005±0.052
arizona  new    n=4 seeds=['0', '1', '100', '7']  cat 65.8354±0.019  reg 59.5630±0.053
florida  base   n=3 seeds=['1', '100', '7']  cat 79.6294±0.287  reg 77.1642±0.119
florida  new    n=4 seeds=['0', '1', '100', '7']  cat 79.8481±0.028  reg 77.4209±0.025
