2026-10-04 05:29:16,390 - INFO - Loading data for florida (input_type=region, region_emb=check2hgi_design_k_resln_mae_l0_1_to_f0, target=region, engine_override=EmbeddingEngine.CHECK2HGI_DK_OVL, visit_feats=False)...
2026-10-04 05:29:16,390 - INFO - Loading next-POI data: florida/check2hgi_dk_ovl
2026-10-04 05:29:22,291 - INFO - Next-POI data: (1274418, 576) (dim=64, window=9), distribution: {np.int64(0): np.int64(131583), np.int64(1): np.int64(110222), np.int64(2): np.int64(318253), np.int64(3): np.int64(55458), np.int64(4): np.int64(90743), np.int64(5): np.int64(283638), np.int64(6): np.int64(284521)}
2026-10-04 05:29:29,111 - INFO - x=torch.Size([1274418, 9, 64]), emb_dim=64, n_regions=4703, n_seqs=1274418, last_region_idx=present
2026-10-04 05:29:30,965 - INFO - No checkpoint — starting fresh. Will save to docs/results/P1/region_head_florida_region_5f_50ep_g1_reg_to_florida_f0_onlyfold0.checkpoint.json after each fold.
2026-10-04 05:29:30,965 - INFO - ============================================================
2026-10-04 05:29:30,965 - INFO - HEAD: next_stan_flow (5 folds x 50 epochs, max_lr=3e-03, ls=0.00, input_ln=False)
2026-10-04 05:29:30,965 - INFO - ============================================================
2026-10-04 05:30:08,220 - INFO - [p1 S2] STREAMED val metric on cpu (per-row accumulators, no [N=254884 x C=4703] buffer; would have been 4.8 GB) — same per-row ops as the full path
2026-10-04 05:30:12,946 - INFO - [p1 S2] boundary ties on REAL val logits — top5 (target ambiguous at the 5/6 boundary): 0/254884 (0.0000%); top10 (target ambiguous at the 10/11 boundary): 0/254884 (0.0000%). Both must read 0 before P1_STREAM_GPU=1 is safe for a state with banked CPU cells.
2026-10-04 06:01:55,069 - INFO -   fold 0: Acc@1=0.4946 Acc@5=0.6981 Acc@10=0.7704 MRR=0.5893 F1=0.0855 (1944.1s, best_ep=45)
2026-10-04 06:01:55,072 - INFO -   AGGREGATE: Acc@1=0.4946+/-0.0000  Acc@10=0.7704+/-0.0000  MRR=0.5893+/-0.0000  F1=0.0855+/-0.0000

================================================================================
P1 REGION-HEAD ABLATION - florida - 5f x 50ep - input=region
================================================================================
Head                         Acc@1    Acc@5   Acc@10      MRR       F1
--------------------------------------------------------------------------------
next_stan_flow              49.46%   69.81%   77.04%   58.93%    8.55%
--------------------------------------------------------------------------------
Markov 1-step (floor)         ~12%        —   ~45.9%        —        —
================================================================================
2026-10-04 06:01:55,073 - INFO - Saved: docs/results/P1/region_head_florida_region_5f_50ep_g1_reg_to_florida_f0.json
2026-10-04 06:01:55,073 - INFO - Removed checkpoint docs/results/P1/region_head_florida_region_5f_50ep_g1_reg_to_florida_f0_onlyfold0.checkpoint.json (run complete).
     1963.78 real       926.66 user        50.50 sys
         14686158848  maximum resident set size
                   0  average shared memory size
                   0  average unshared data size
                   0  average unshared stack size
             3144377  page reclaims
                5177  page faults
                   0  swaps
                   0  block input operations
                   0  block output operations
                   0  messages sent
                   0  messages received
                   0  signals received
                7719  voluntary context switches
             1021493  involuntary context switches
       8406113721871  instructions retired
       2687757988508  cycles elapsed
         17085181328  peak memory footprint
