time pressure_lvl free_pct swap_total_MB swap_used_MB wired_GB child_rss_GB disk_int_GB disk_ssd_GB
05:29:12 1 83 4096 2799 2.9 0.0 16 7
05:29:13 1 82 4096 2799 3.1 0.2 16 7
05:29:14 1 82 4096 2799 3.3 0.3 16 7
05:29:15 1 82 4096 2799 3.2 0.4 16 7
05:29:16 1 82 4096 2799 3.2 1.7 16 7
05:29:18 1 82 4096 2799 3.3 5.8 16 7
05:29:19 1 73 4096 2799 3.2 7.4 16 7
05:29:20 1 72 4096 2799 3.2 6.5 16 7
05:29:21 1 62 4096 2799 3.3 5.8 16 7
05:29:22 1 52 4096 2799 3.2 4.8 16 7
05:29:23 2 44 4096 2799 3.3 3.3 16 7
05:29:24 1 65 4096 2799 3.1 6.7 16 7
05:29:25 1 72 4096 2799 3.1 10.9 16 7
05:29:26 1 77 4096 2799 3.3 11.2 16 7
05:29:27 1 77 4096 2799 3.1 11.4 16 7
05:29:28 1 77 4096 2799 3.1 11.4 16 7
05:29:30 1 78 4096 2799 3.3 11.3 16 7
05:29:31 1 79 4096 2799 3.4 11.8 16 7
05:29:32 1 51 4096 2799 7.2 6.9 16 7
05:29:33 1 45 4096 2799 7.4 4.2 16 7
05:29:34 2 39 4096 2799 7.1 3.4 16 7
05:29:35 2 40 4096 2799 7.0 3.4 16 7
05:29:36 2 40 4096 2799 7.1 2.8 16 7
05:29:37 2 41 4096 2799 6.9 2.8 16 7
05:29:38 2 40 4096 2799 7.1 2.8 16 7
05:29:39 2 41 4096 2799 6.9 2.8 16 7
05:29:40 2 42 4096 2799 6.9 2.8 16 7
05:29:41 2 41 4096 2799 7.0 2.8 16 7
05:29:42 2 44 4096 2799 6.9 2.6 16 7
05:29:43 2 44 4096 2799 6.9 2.6 16 7
05:29:44 2 43 4096 2799 7.1 2.6 16 7
05:29:46 2 44 4096 2799 6.9 2.6 16 7
05:29:47 2 44 4096 2799 6.9 2.6 16 7
05:29:48 2 43 4096 2799 7.1 2.6 16 7
05:29:49 2 44 4096 2799 6.9 2.6 16 7
05:29:50 2 44 4096 2799 6.9 2.6 16 7
05:29:51 2 43 4096 2799 7.1 2.6 16 7
05:29:52 2 44 4096 2799 6.9 2.6 16 7
05:29:53 2 43 4096 2799 7.1 2.6 16 7
05:29:54 2 44 4096 2799 7.0 2.6 16 7
05:29:55 2 44 4096 2799 6.9 2.6 16 7
05:29:56 2 43 4096 2799 7.1 2.6 16 7
05:29:57 2 44 4096 2799 6.9 2.6 16 7
05:29:58 2 44 4096 2799 6.9 2.6 16 7
05:29:59 2 44 4096 2799 7.0 2.6 16 7
05:30:00 2 44 4096 2799 6.9 2.6 16 7
05:30:01 2 44 4096 2799 6.9 2.6 16 7
05:30:03 2 44 4096 2799 7.1 2.6 16 7
05:30:04 2 44 4096 2799 6.9 2.6 16 7
05:30:05 2 44 4096 2799 6.9 2.6 16 7
05:30:06 2 44 4096 2799 7.1 2.6 16 7
05:30:07 2 44 4096 2799 6.9 2.6 16 7
05:30:08 2 42 4096 2799 7.6 2.7 16 7
05:30:09 2 49 4096 2799 5.3 2.7 16 7
05:30:10 2 50 4096 2799 5.0 2.7 16 7
05:30:11 2 50 4096 2799 5.1 2.7 16 7
05:30:12 2 50 4096 2799 5.0 2.7 16 7
05:30:13 2 42 4096 2799 7.6 2.8 16 7
05:30:14 2 44 4096 2799 7.2 2.8 16 7
05:30:15 2 44 4096 2799 7.1 2.8 16 7
05:30:16 2 44 4096 2799 7.1 2.8 16 7
05:30:17 2 44 4096 2799 7.2 2.8 16 7
05:30:18 2 44 4096 2799 7.2 2.8 16 7
05:30:20 2 44 4096 2799 7.2 2.8 16 7
05:30:21 2 44 4096 2799 7.3 2.8 16 7
05:30:22 2 45 4096 2799 7.2 2.8 16 7
05:30:23 2 45 4096 2799 7.2 2.8 16 7
05:30:24 2 45 4096 2799 7.2 2.8 16 7
05:30:25 2 45 4096 2799 6.9 2.8 16 7
05:30:26 2 45 4096 2799 7.0 2.8 16 7
05:30:27 2 45 4096 2799 7.0 2.8 16 7
05:30:28 2 45 4096 2799 7.0 2.8 16 7
05:30:29 2 45 4096 2799 7.0 2.8 16 7
05:30:30 2 45 4096 2799 6.9 2.8 16 7
05:30:31 2 45 4096 2799 6.9 2.8 16 7
05:30:32 2 45 4096 2799 7.0 2.8 16 7
05:30:33 2 45 4096 2799 6.9 2.8 16 7
05:30:34 2 45 4096 2799 6.9 2.8 16 7
05:30:36 2 45 4096 2799 7.0 2.8 16 7
05:30:37 2 45 4096 2799 6.9 2.8 16 7
05:30:38 2 45 4096 2799 7.0 2.8 16 7
05:30:39 2 45 4096 2799 7.1 2.8 16 7
05:30:40 2 45 4096 2799 6.9 2.8 16 7
05:30:41 2 45 4096 2799 6.9 2.8 16 7
05:30:42 2 45 4096 2799 7.0 2.8 16 7
05:30:43 2 45 4096 2799 6.9 2.8 16 7
05:30:44 2 45 4096 2799 7.1 2.8 16 7
05:30:45 2 45 4096 2799 6.9 2.8 16 7
05:30:46 2 45 4096 2799 6.9 2.8 16 7
05:30:47 2 43 4096 2799 7.8 2.7 16 7
05:30:48 1 51 4096 2799 5.1 2.7 16 7
05:30:49 1 51 4096 2799 5.0 2.7 16 7
05:30:50 1 50 4096 2799 5.3 2.7 16 7
05:30:51 1 51 4096 2799 5.0 2.7 16 7
05:30:53 1 44 4096 2799 7.5 2.8 16 7
05:30:54 1 45 4096 2799 7.1 2.8 16 7
05:30:55 1 46 4096 2799 6.9 2.8 16 7
05:30:56 1 46 4096 2799 6.9 2.8 16 7
05:30:57 1 45 4096 2799 7.0 2.8 16 7
05:30:58 1 45 4096 2799 7.0 2.8 16 7
05:30:59 1 45 4096 2799 7.1 2.8 16 7
05:31:00 1 45 4096 2799 7.0 2.8 16 7
05:31:01 1 46 4096 2799 6.9 2.8 16 7
05:31:02 1 45 4096 2799 7.0 2.8 16 7
05:31:03 1 46 4096 2799 6.9 2.8 16 7
05:31:04 1 46 4096 2799 6.9 2.8 16 7
05:31:05 1 45 4096 2799 7.0 2.8 16 7
05:31:06 1 45 4096 2799 6.9 2.8 16 7
05:31:07 1 46 4096 2799 6.9 2.8 16 7
05:31:08 1 45 4096 2799 7.1 2.8 16 7
05:31:10 1 46 4096 2799 6.9 2.8 16 7
05:31:11 1 46 4096 2799 6.9 2.8 16 7
05:31:12 1 45 4096 2799 7.1 2.8 16 7
05:31:13 1 46 4096 2799 6.9 2.8 16 7
05:31:14 1 46 4096 2799 6.9 2.8 16 7
05:31:15 1 45 4096 2799 7.0 2.8 16 7
05:31:16 1 46 4096 2799 6.9 2.8 16 7
05:31:17 1 45 4096 2799 7.0 2.8 16 7
05:31:18 1 46 4096 2799 6.9 2.8 16 7
05:31:19 1 46 4096 2799 6.9 2.8 16 7
05:31:20 1 45 4096 2799 7.0 2.8 16 7
05:31:21 1 46 4096 2799 6.9 2.8 16 7
05:31:22 1 46 4096 2799 6.9 2.8 16 7
05:31:23 1 45 4096 2799 7.0 2.8 16 7
05:31:24 1 46 4096 2799 6.9 2.8 16 7
05:31:25 1 46 4096 2799 6.9 2.8 16 7
05:31:26 1 43 4096 2799 7.7 2.7 16 7
05:31:28 1 51 4096 2799 5.0 2.7 16 7
05:31:29 1 51 4096 2799 5.0 2.7 16 7
05:31:30 1 51 4096 2799 5.2 2.7 16 7
05:31:31 1 44 4096 2799 7.5 2.8 16 7
05:31:32 1 46 4096 2799 6.9 2.8 16 7
05:31:33 1 45 4096 2799 7.0 2.8 16 7
05:31:34 1 46 4096 2799 6.9 2.8 16 7
05:31:35 1 45 4096 2799 7.0 2.8 16 7
05:31:36 1 45 4096 2799 7.0 2.8 16 7
05:31:37 1 46 4096 2799 6.9 2.8 16 7
05:31:38 1 45 4096 2799 7.1 2.8 16 7
05:31:39 1 46 4096 2799 6.9 2.8 16 7
05:31:40 1 45 4096 2799 7.1 2.8 16 7
05:31:41 1 45 4096 2799 7.0 2.8 16 7
05:31:42 1 46 4096 2799 6.9 2.8 16 7
05:31:43 1 46 4096 2799 6.9 2.8 16 7
05:31:45 1 45 4096 2799 7.1 2.8 16 7
05:31:46 1 46 4096 2799 6.9 2.8 16 7
05:31:47 1 46 4096 2799 6.9 2.8 16 7
05:31:48 1 45 4096 2799 7.0 2.8 16 7
05:31:49 1 46 4096 2799 6.9 2.8 16 7
05:31:50 1 46 4096 2799 6.9 2.8 16 7
05:31:51 1 45 4096 2799 7.0 2.8 16 7
05:31:52 1 46 4096 2799 6.9 2.8 16 7
05:31:53 1 45 4096 2799 7.0 2.8 16 7
05:31:54 1 46 4096 2799 6.9 2.8 16 7
05:31:55 1 46 4096 2799 6.9 2.8 16 7
05:31:56 1 45 4096 2799 7.0 2.8 16 7
05:31:57 1 46 4096 2799 6.9 2.8 16 7
05:31:58 1 46 4096 2799 6.9 2.8 16 7
05:31:59 1 45 4096 2799 7.0 2.8 16 7
05:32:00 1 46 4096 2799 6.9 2.8 16 7
05:32:02 1 46 4096 2799 7.0 2.8 16 7
05:32:03 1 45 4096 2799 7.1 2.8 16 7
05:32:04 1 45 4096 2799 7.0 2.8 16 7
05:32:05 1 46 4096 2799 6.9 2.8 16 7
05:32:06 1 43 4096 2799 7.8 2.8 16 7
05:32:07 1 51 4096 2799 5.0 2.8 16 7
05:32:08 1 51 4096 2799 5.1 2.8 16 7
05:32:09 1 51 4096 2799 5.2 2.8 16 7
05:32:10 1 44 4096 2799 7.5 2.8 16 7
05:32:11 1 45 4096 2799 7.0 2.8 16 7
05:32:12 1 46 4096 2799 6.9 2.8 16 7
05:32:13 1 46 4096 2799 6.9 2.8 16 7
05:32:14 1 45 4096 2799 7.0 2.8 16 7
05:32:15 1 46 4096 2799 6.9 2.8 16 7
05:32:16 1 46 4096 2799 6.9 2.8 16 7
05:32:17 1 45 4096 2799 7.0 2.8 16 7
05:32:19 1 46 4096 2799 6.9 2.8 16 7
05:32:20 1 46 4096 2799 6.9 2.8 16 7
05:32:21 1 45 4096 2799 7.1 2.8 16 7
05:32:22 1 46 4096 2799 6.9 2.8 16 7
05:32:23 1 46 4096 2799 6.9 2.8 16 7
05:32:24 1 45 4096 2799 7.1 2.8 16 7
05:32:25 1 46 4096 2799 6.9 2.8 16 7
05:32:26 1 45 4096 2799 7.0 2.8 16 7
05:32:27 1 46 4096 2799 6.9 2.8 16 7
05:32:28 1 46 4096 2799 6.9 2.8 16 7
05:32:29 1 45 4096 2799 7.0 2.8 16 7
05:32:30 1 46 4096 2799 6.9 2.8 16 7
05:32:31 1 46 4096 2799 6.9 2.8 16 7
05:32:32 1 45 4096 2799 7.0 2.8 16 7
05:32:33 1 46 4096 2799 6.9 2.8 16 7
05:32:34 1 46 4096 2799 6.9 2.8 16 7
05:32:35 1 45 4096 2799 7.0 2.8 16 7
05:32:37 1 46 4096 2799 6.9 2.8 16 7
05:32:38 1 46 4096 2799 6.9 2.8 16 7
05:32:39 1 45 4096 2799 7.1 2.8 16 7
05:32:40 1 46 4096 2799 6.9 2.8 16 7
05:32:41 1 46 4096 2799 6.9 2.8 16 7
05:32:42 1 45 4096 2799 7.1 2.8 16 7
05:32:43 1 46 4096 2799 6.9 2.8 16 7
05:32:44 1 43 4096 2799 7.7 2.8 16 7
05:32:45 1 51 4096 2799 5.1 2.8 16 7
05:32:46 1 51 4096 2799 5.0 2.8 16 7
05:32:47 1 51 4096 2799 5.1 2.8 16 7
05:32:48 1 44 4096 2799 7.5 2.8 16 7
05:32:49 1 46 4096 2799 6.9 2.8 16 7
05:32:50 1 45 4096 2799 7.0 2.8 16 7
05:32:51 1 46 4096 2799 6.9 2.8 16 7
05:32:52 1 46 4096 2799 6.9 2.8 16 7
05:32:53 1 45 4096 2799 7.0 2.8 16 7
05:32:55 1 46 4096 2799 6.9 2.8 16 7
05:32:56 1 46 4096 2799 6.9 2.8 16 7
05:32:57 1 45 4096 2799 7.0 2.8 16 7
05:32:58 1 46 4096 2799 6.9 2.8 16 7
05:32:59 1 46 4096 2799 6.9 2.8 16 7
05:33:00 1 45 4096 2799 7.0 2.8 16 7
05:33:01 1 46 4096 2799 6.9 2.8 16 7
05:33:02 1 45 4096 2799 7.1 2.8 16 7
05:33:03 1 45 4096 2799 7.1 2.8 16 7
05:33:04 1 46 4096 2799 6.9 2.8 16 7
05:33:05 1 45 4096 2799 7.1 2.8 16 7
05:33:06 1 45 4096 2799 7.0 2.8 16 7
05:33:07 1 46 4096 2799 6.9 2.8 16 7
05:33:08 1 45 4096 2799 7.1 2.8 16 7
05:33:09 1 45 4096 2799 7.0 2.8 16 7
05:33:10 1 46 4096 2799 6.9 2.8 16 7
05:33:12 1 45 4096 2799 7.1 2.8 16 7
05:33:13 1 46 4096 2799 6.9 2.8 16 7
05:33:14 1 46 4096 2799 6.9 2.8 16 7
05:33:15 1 45 4096 2799 7.1 2.8 16 7
05:33:16 1 46 4096 2799 6.9 2.8 16 7
05:33:17 1 46 4096 2799 6.9 2.8 16 7
05:33:18 1 46 4096 2799 7.0 2.8 16 7
05:33:19 1 46 4096 2799 6.9 2.8 16 7
05:33:20 1 46 4096 2799 7.0 2.8 16 7
05:33:21 1 46 4096 2799 6.9 2.8 16 7
05:33:22 1 46 4096 2799 6.9 2.8 16 7
05:33:23 1 43 4096 2799 7.7 2.8 16 7
05:33:24 1 51 4096 2799 5.0 2.8 16 7
05:33:25 1 51 4096 2799 5.0 2.8 16 7
05:33:26 1 51 4096 2799 5.1 2.8 16 7
05:33:27 1 44 4096 2799 7.5 2.8 16 7
05:33:28 1 46 4096 2799 6.9 2.8 16 7
05:33:30 1 46 4096 2799 7.0 2.8 16 7
05:33:31 1 46 4096 2799 6.9 2.8 16 7
05:33:32 1 46 4096 2799 6.9 2.8 16 7
05:33:33 1 46 4096 2799 7.0 2.8 16 7
05:33:34 1 46 4096 2799 6.9 2.8 16 7
05:33:35 1 46 4096 2799 6.9 2.8 16 7
05:33:36 1 46 4096 2799 7.0 2.8 16 7
05:33:37 1 46 4096 2799 6.9 2.8 16 7
05:33:38 1 46 4096 2799 7.0 2.8 16 7
05:33:39 1 46 4096 2799 6.9 2.8 16 7
05:33:40 1 46 4096 2799 6.9 2.8 16 7
05:33:41 1 46 4096 2799 7.0 2.8 16 7
05:33:42 1 46 4096 2799 6.9 2.8 16 7
05:33:43 1 46 4096 2799 6.9 2.8 16 7
05:33:44 1 46 4096 2799 7.0 2.8 16 7
05:33:45 1 46 4096 2799 6.9 2.8 16 7
05:33:47 1 46 4096 2799 6.9 2.8 16 7
05:33:48 1 46 4096 2799 7.0 2.8 16 7
05:33:49 1 46 4096 2799 6.9 2.8 16 7
05:33:50 1 46 4096 2799 6.9 2.8 16 7
05:33:51 1 46 4096 2799 7.0 2.8 16 7
05:33:52 1 46 4096 2799 6.9 2.8 16 7
05:33:53 1 46 4096 2799 7.0 2.8 16 7
05:33:54 1 46 4096 2799 6.9 2.8 16 7
05:33:55 1 46 4096 2799 6.9 2.8 16 7
05:33:56 1 46 4096 2799 7.0 2.8 16 7
05:33:57 1 46 4096 2799 6.9 2.8 16 7
05:33:58 1 46 4096 2799 6.9 2.8 16 7
05:33:59 1 46 4096 2799 7.0 2.8 16 7
05:34:00 1 46 4096 2799 6.9 2.8 16 7
05:34:01 1 44 4096 2799 7.6 2.8 16 7
05:34:02 1 51 4096 2799 5.2 2.8 16 7
05:34:03 1 51 4096 2799 5.0 2.8 16 7
05:34:05 1 51 4096 2799 5.0 2.8 16 7
05:34:06 1 44 4096 2799 7.7 2.8 16 7
05:34:07 1 46 4096 2799 6.9 2.8 16 7
05:34:08 1 46 4096 2799 6.9 2.8 16 7
05:34:09 1 46 4096 2799 7.0 2.8 16 7
05:34:10 1 46 4096 2799 7.0 2.8 16 7
05:34:11 1 45 4096 2799 7.0 2.8 16 7
05:34:12 1 45 4096 2799 7.1 2.8 16 7
05:34:13 1 46 4096 2799 6.9 2.8 16 7
05:34:14 1 46 4096 2799 7.0 2.8 16 7
05:34:15 1 46 4096 2799 6.9 2.8 16 7
05:34:16 1 46 4096 2799 6.9 2.8 16 7
05:34:17 1 46 4096 2799 7.0 2.8 16 7
05:34:18 1 46 4096 2799 6.9 2.8 16 7
05:34:19 1 46 4096 2799 6.9 2.8 16 7
05:34:20 1 46 4096 2799 7.0 2.8 16 7
05:34:21 1 46 4096 2799 7.0 2.8 16 7
05:34:23 1 46 4096 2799 7.0 2.8 16 7
05:34:24 1 46 4096 2799 7.0 2.8 16 7
05:34:25 1 46 4096 2799 7.0 2.8 16 7
05:34:26 1 46 4096 2799 6.9 2.8 16 7
05:34:27 1 46 4096 2799 7.0 2.8 16 7
05:34:28 1 45 4096 2799 7.1 2.8 16 7
05:34:29 1 45 4096 2799 7.2 2.8 16 7
05:34:30 1 45 4096 2799 7.2 2.8 16 7
05:34:31 1 45 4096 2799 7.2 2.8 16 7
05:34:32 1 45 4096 2799 7.2 2.8 16 7
05:34:33 1 45 4096 2799 7.2 2.8 16 7
05:34:34 1 45 4096 2799 7.2 2.8 16 7
05:34:35 1 45 4096 2799 7.2 2.8 16 7
05:34:36 1 45 4096 2799 7.1 2.8 16 7
05:34:37 1 45 4096 2799 7.2 2.8 16 7
05:34:38 1 45 4096 2799 7.2 2.8 16 7
05:34:40 1 44 4096 2799 7.8 2.8 16 7
05:34:41 1 44 4096 2799 7.7 2.8 16 7
05:34:42 1 50 4096 2799 5.6 2.8 16 7
05:34:43 1 51 4096 2799 5.3 2.8 16 7
05:34:44 1 44 4096 2799 7.7 2.8 16 7
05:34:45 1 43 4096 2799 7.4 2.1 16 7
05:34:46 1 43 4096 2799 7.2 1.9 16 7
05:34:47 1 42 4096 2799 7.3 1.8 16 7
05:34:48 1 43 4096 2799 7.2 1.8 16 7
05:34:49 1 43 4096 2799 7.2 1.8 16 7
05:34:50 1 42 4096 2799 7.3 1.8 16 7
05:34:51 1 43 4096 2799 7.2 1.8 16 7
05:34:52 1 42 4096 2799 7.3 1.8 16 7
05:34:53 1 42 4096 2799 7.3 1.8 16 7
05:34:54 1 43 4096 2799 7.2 1.8 16 7
05:34:55 1 43 4096 2799 7.1 1.8 16 7
05:34:56 1 43 4096 2799 7.2 1.8 16 7
05:34:58 1 43 4096 2799 7.2 1.8 16 7
05:34:59 1 43 4096 2799 7.1 1.8 16 7
05:35:00 1 43 4096 2799 7.2 1.8 16 7
05:35:01 1 43 4096 2799 7.1 1.8 16 7
05:35:02 1 43 4096 2799 7.1 1.8 16 7
05:35:03 1 42 4096 2799 7.3 1.8 16 7
05:35:04 1 43 4096 2799 7.1 1.8 16 7
05:35:05 1 43 4096 2799 7.1 1.8 16 7
05:35:06 1 43 4096 2799 7.1 1.8 16 7
05:35:07 1 43 4096 2799 7.0 1.8 16 7
05:35:08 1 43 4096 2799 7.0 1.8 16 7
05:35:09 1 44 4096 2799 6.9 1.8 16 7
05:35:10 1 44 4096 2799 6.9 1.8 16 7
05:35:11 1 43 4096 2799 7.0 1.8 16 7
05:35:12 1 43 4096 2799 7.0 1.8 16 7
05:35:13 1 43 4096 2799 7.0 1.8 16 7
05:35:15 1 43 4096 2799 7.1 1.8 16 7
05:35:16 1 44 4096 2799 6.9 1.8 16 7
05:35:17 1 43 4096 2799 6.9 1.8 16 7
05:35:18 1 43 4096 2799 7.1 1.8 16 7
05:35:19 1 41 4096 2799 7.6 1.8 16 7
05:35:20 1 49 4096 2799 5.0 1.8 16 7
05:35:21 1 49 4096 2799 5.2 1.8 16 7
05:35:22 1 49 4096 2799 5.0 1.8 16 7
05:35:23 1 41 4096 2799 7.6 1.8 16 7
05:35:24 1 43 4096 2799 6.9 1.8 16 7
05:35:25 1 43 4096 2799 6.9 1.8 16 7
05:35:26 1 43 4096 2799 7.0 1.8 16 7
05:35:27 1 43 4096 2799 6.9 1.8 16 7
05:35:28 1 43 4096 2799 6.9 1.8 16 7
05:35:29 1 43 4096 2799 7.0 1.8 16 7
05:35:30 1 43 4096 2799 6.9 1.8 16 7
05:35:32 1 43 4096 2799 6.9 1.8 16 7
05:35:33 1 43 4096 2799 7.0 1.8 16 7
05:35:34 1 43 4096 2799 6.9 1.8 16 7
05:35:35 1 43 4096 2799 6.9 1.8 16 7
05:35:36 1 43 4096 2799 7.0 1.8 16 7
05:35:37 1 43 4096 2799 6.9 1.8 16 7
05:35:38 1 43 4096 2799 6.9 1.8 16 7
05:35:39 1 43 4096 2799 7.0 1.8 16 7
05:35:40 1 43 4096 2799 6.9 1.8 16 7
05:35:41 1 43 4096 2799 7.0 1.8 16 7
05:35:42 1 43 4096 2799 6.9 1.8 16 7
05:35:43 1 43 4096 2799 6.9 1.8 16 7
05:35:44 1 43 4096 2799 7.0 1.8 16 7
05:35:45 1 43 4096 2799 6.9 1.8 16 7
05:35:46 1 43 4096 2799 6.9 1.8 16 7
05:35:47 1 43 4096 2799 7.0 1.8 16 7
05:35:48 1 43 4096 2791 6.9 1.8 16 7
05:35:50 1 43 4096 2791 6.9 1.8 16 7
05:35:51 1 43 4096 2791 7.0 1.8 16 7
05:35:52 1 43 4096 2791 6.9 1.8 16 7
05:35:53 1 43 4096 2791 6.9 1.8 16 7
05:35:54 1 43 4096 2791 7.0 1.8 16 7
05:35:55 1 43 4096 2791 6.9 1.8 16 7
05:35:56 1 43 4096 2791 7.0 1.8 16 7
05:35:57 1 41 4096 2791 7.7 1.8 16 7
05:35:58 1 49 4096 2791 5.0 1.8 16 7
05:35:59 1 49 4096 2791 5.2 1.8 16 7
05:36:00 1 49 4096 2791 5.1 1.8 16 7
05:36:01 1 42 4096 2791 7.5 1.8 16 7
05:36:02 1 43 4096 2791 7.1 1.8 16 7
05:36:03 1 43 4096 2791 6.9 1.8 16 7
05:36:04 1 43 4096 2791 6.9 1.8 16 7
05:36:05 1 43 4096 2791 7.1 1.8 16 7
05:36:07 1 43 4096 2791 6.9 1.8 16 7
05:36:08 1 43 4096 2791 6.9 1.8 16 7
05:36:09 1 43 4096 2791 7.0 1.8 16 7
05:36:10 1 43 4096 2791 6.9 1.8 16 7
05:36:11 1 43 4096 2791 6.9 1.8 16 7
05:36:12 1 43 4096 2791 7.1 1.8 16 7
05:36:13 1 43 4096 2791 6.9 1.8 16 7
05:36:14 1 43 4096 2791 7.1 1.8 16 7
05:36:15 1 43 4096 2791 7.0 1.8 16 7
05:36:16 1 43 4096 2791 6.9 1.8 16 7
05:36:17 1 43 4096 2791 7.0 1.8 16 7
05:36:18 1 43 4096 2791 7.0 1.8 16 7
05:36:19 1 43 4096 2791 6.9 1.8 16 7
05:36:20 1 43 4096 2791 7.1 1.8 16 7
05:36:21 1 43 4096 2791 6.9 1.8 16 7
05:36:22 1 43 4096 2791 6.9 1.8 16 7
05:36:23 1 43 4096 2791 7.0 1.8 16 7
05:36:25 1 43 4096 2791 6.9 1.8 16 7
05:36:26 1 43 4096 2791 6.9 1.8 16 7
05:36:27 1 43 4096 2791 7.0 1.8 16 7
05:36:28 1 43 4096 2791 6.9 1.8 16 7
05:36:29 1 43 4096 2791 6.9 1.8 16 7
05:36:30 1 43 4096 2791 7.0 1.8 16 7
05:36:31 1 43 4096 2791 6.9 1.8 16 7
05:36:32 1 43 4096 2791 7.0 1.8 16 7
05:36:33 1 43 4096 2791 7.0 1.8 16 7
05:36:34 1 43 4096 2791 6.9 1.8 16 7
05:36:35 1 43 4096 2791 7.0 1.8 16 7
05:36:36 1 41 4096 2791 7.6 1.8 16 7
05:36:37 1 49 4096 2791 5.0 1.8 16 7
05:36:38 1 49 4096 2791 5.1 1.8 16 7
05:36:39 1 49 4096 2791 5.0 1.8 16 7
05:36:40 1 42 4096 2791 7.5 1.8 16 7
05:36:42 1 43 4096 2791 7.0 1.8 16 7
05:36:43 1 43 4096 2791 6.9 1.8 16 7
05:36:44 1 43 4096 2791 6.9 1.8 16 7
05:36:45 1 43 4096 2791 7.0 1.8 16 7
05:36:46 1 43 4096 2791 6.9 1.8 16 7
05:36:47 1 43 4096 2791 6.9 1.8 16 7
05:36:48 1 43 4096 2791 7.0 1.8 16 7
05:36:49 1 43 4096 2791 6.9 1.8 16 7
05:36:50 1 43 4096 2791 7.0 1.8 16 7
05:36:51 1 43 4096 2791 6.9 1.8 16 7
05:36:52 1 43 4096 2791 6.9 1.8 16 7
05:36:53 1 43 4096 2791 7.0 1.8 16 7
05:36:54 1 43 4096 2791 6.9 1.8 16 7
05:36:55 1 43 4096 2791 6.9 1.8 16 7
05:36:56 1 43 4096 2791 7.0 1.8 16 7
05:36:58 1 43 4096 2791 6.9 1.8 16 7
05:36:59 1 43 4096 2791 6.9 1.8 16 7
05:37:00 1 43 4096 2791 7.0 1.8 16 7
05:37:01 1 43 4096 2791 6.9 1.8 16 7
05:37:02 1 43 4096 2791 6.9 1.8 16 7
05:37:03 1 43 4096 2791 7.1 1.8 16 7
05:37:04 1 43 4096 2791 6.9 1.8 16 7
05:37:05 1 43 4096 2791 7.1 1.8 16 7
05:37:06 1 43 4096 2791 7.1 1.8 16 7
05:37:07 1 43 4096 2791 6.9 1.8 16 7
05:37:08 1 43 4096 2791 7.0 1.8 16 7
05:37:09 1 43 4096 2791 6.9 1.8 16 7
05:37:10 1 43 4096 2791 6.9 1.8 16 7
05:37:11 1 43 4096 2791 7.1 1.8 16 7
05:37:12 1 43 4096 2791 6.9 1.8 16 7
05:37:13 1 43 4096 2791 6.9 1.8 16 7
05:37:15 1 43 4096 2791 7.1 1.8 16 7
05:37:16 1 41 4096 2791 7.6 1.8 16 7
05:37:17 1 49 4096 2791 5.0 1.8 16 7
05:37:18 1 49 4096 2791 5.1 1.8 16 7
05:37:19 1 49 4096 2791 5.0 1.8 16 7
05:37:20 1 42 4096 2791 7.5 1.8 16 7
05:37:21 1 43 4096 2791 7.0 1.8 16 7
05:37:22 1 43 4096 2791 7.0 1.8 16 7
05:37:23 1 43 4096 2791 7.1 1.8 16 7
05:37:24 1 43 4096 2791 7.0 1.8 16 7
05:37:25 1 43 4096 2791 6.9 1.8 16 7
05:37:26 1 43 4096 2791 7.1 1.8 16 7
05:37:27 1 44 4096 2791 6.9 1.8 16 7
05:37:28 1 43 4096 2791 6.9 1.8 16 7
05:37:29 1 43 4096 2791 7.0 1.8 16 7
05:37:30 1 44 4096 2791 6.9 1.8 16 7
05:37:32 1 43 4096 2791 6.9 1.8 16 7
05:37:33 1 43 4096 2791 7.0 1.8 16 7
05:37:34 1 44 4096 2791 6.9 1.8 16 7
05:37:35 1 43 4096 2791 6.9 1.8 16 7
05:37:36 1 43 4096 2791 7.0 1.8 16 7
05:37:37 1 44 4096 2791 6.9 1.8 16 7
05:37:38 1 44 4096 2791 7.0 1.8 16 7
05:37:39 1 43 4096 2791 7.0 1.8 16 7
05:37:40 1 44 4096 2791 6.9 1.8 16 7
05:37:41 1 43 4096 2791 7.0 1.8 16 7
05:37:42 1 44 4096 2791 6.9 1.8 16 7
05:37:43 1 44 4096 2791 6.9 1.8 16 7
05:37:44 1 43 4096 2791 7.0 1.8 16 7
05:37:45 1 43 4096 2791 6.9 1.8 16 7
05:37:46 1 43 4096 2791 6.9 1.8 16 7
05:37:47 1 43 4096 2791 7.0 1.8 16 7
05:37:49 1 43 4096 2791 6.9 1.8 16 7
05:37:50 1 43 4096 2791 6.9 1.8 16 7
05:37:51 1 43 4096 2791 7.0 1.8 16 7
05:37:52 1 43 4096 2791 6.9 1.8 16 7
05:37:53 1 43 4096 2791 6.9 1.8 16 7
05:37:54 1 41 4096 2791 7.7 1.8 16 7
05:37:55 1 49 4096 2791 5.0 1.8 16 7
05:37:56 1 49 4096 2791 5.1 1.8 16 7
05:37:57 1 49 4096 2791 5.1 1.8 16 7
05:37:58 1 49 4096 2791 5.0 1.8 16 7
05:37:59 1 43 4096 2791 7.0 1.8 16 7
05:38:00 1 43 4096 2791 6.9 1.8 16 7
05:38:01 1 44 4096 2791 6.9 1.8 16 7
05:38:02 1 43 4096 2791 7.1 1.8 16 7
05:38:03 1 44 4096 2791 6.9 1.8 16 7
05:38:04 1 44 4096 2791 6.9 1.8 16 7
05:38:06 1 43 4096 2791 7.1 1.8 16 7
05:38:07 1 44 4096 2791 6.9 1.8 16 7
05:38:08 1 44 4096 2791 6.9 1.8 16 7
05:38:09 1 43 4096 2791 7.0 1.8 16 7
05:38:10 1 44 4096 2791 6.9 1.8 16 7
05:38:11 1 44 4096 2791 6.9 1.8 16 7
05:38:12 1 43 4096 2791 7.0 1.8 16 7
05:38:13 1 44 4096 2791 6.9 1.8 16 7
05:38:14 1 43 4096 2791 7.0 1.8 16 7
05:38:15 1 44 4096 2791 6.9 1.8 16 7
05:38:16 1 43 4096 2791 6.9 1.8 16 7
05:38:17 1 43 4096 2791 7.0 1.8 16 7
05:38:18 1 43 4096 2791 6.9 1.8 16 7
05:38:19 1 43 4096 2791 6.9 1.8 16 7
05:38:20 1 43 4096 2791 7.0 1.8 16 7
05:38:21 1 43 4096 2791 6.9 1.8 16 7
05:38:23 1 43 4096 2791 6.9 1.8 16 7
05:38:24 1 43 4096 2791 7.1 1.8 16 7
05:38:25 1 43 4096 2791 6.9 1.8 16 7
05:38:26 1 43 4096 2791 7.0 1.8 16 7
05:38:27 1 43 4096 2791 7.0 1.8 16 7
05:38:28 1 43 4096 2791 6.9 1.8 16 7
05:38:29 1 43 4096 2791 7.0 1.8 16 7
05:38:30 1 43 4096 2791 7.1 1.8 16 7
05:38:31 1 43 4096 2791 6.9 1.8 16 7
05:38:32 1 43 4096 2791 7.0 1.8 16 7
05:38:33 1 41 4096 2791 7.6 1.8 16 7
05:38:34 1 49 4096 2791 5.0 1.8 16 7
05:38:35 1 49 4096 2791 5.1 1.8 16 7
05:38:36 1 49 4096 2791 5.0 1.8 16 7
05:38:37 1 42 4096 2791 7.5 1.8 16 7
05:38:38 1 43 4096 2791 7.1 1.8 16 7
05:38:40 1 43 4096 2791 6.9 1.8 16 7
05:38:41 1 43 4096 2791 6.9 1.8 16 7
05:38:42 1 43 4096 2791 7.1 1.8 16 7
05:38:43 1 43 4096 2791 6.9 1.8 16 7
05:38:44 1 43 4096 2791 6.9 1.8 16 7
05:38:45 1 43 4096 2791 7.1 1.8 16 7
05:38:46 1 43 4096 2791 6.9 1.8 16 7
05:38:47 1 43 4096 2791 7.1 1.8 16 7
05:38:48 1 43 4096 2791 7.1 1.8 16 7
05:38:49 1 44 4096 2791 6.9 1.8 16 7
05:38:50 1 43 4096 2791 7.0 1.8 16 7
05:38:51 1 44 4096 2791 6.9 1.8 16 7
05:38:52 1 44 4096 2791 6.9 1.8 16 7
05:38:53 1 43 4096 2791 7.0 1.8 16 7
05:38:54 1 44 4096 2791 6.9 1.8 16 7
05:38:56 1 44 4096 2791 6.9 1.8 16 7
05:38:57 1 43 4096 2791 7.1 1.8 16 7
05:38:58 1 44 4096 2791 6.9 1.8 16 7
05:38:59 1 44 4096 2791 6.9 1.8 16 7
05:39:00 1 43 4096 2791 7.1 1.8 16 7
05:39:01 1 44 4096 2791 6.9 1.8 16 7
05:39:02 1 44 4096 2791 7.0 1.8 16 7
05:39:03 1 43 4096 2791 7.1 1.8 16 7
05:39:04 1 44 4096 2791 6.9 1.8 16 7
05:39:05 1 43 4096 2791 7.1 1.8 16 7
05:39:06 1 44 4096 2791 6.9 1.8 16 7
05:39:07 1 44 4096 2791 6.9 1.8 16 7
05:39:08 1 43 4096 2791 7.0 1.8 16 7
05:39:09 1 44 4096 2791 6.9 1.8 16 7
05:39:10 1 44 4096 2791 6.9 1.8 16 7
05:39:11 1 43 4096 2791 7.0 1.8 16 7
05:39:13 1 41 4096 2791 7.7 1.8 16 7
05:39:14 1 49 4096 2791 5.1 1.8 16 7
05:39:15 1 49 4096 2791 5.1 1.8 16 7
05:39:16 1 49 4096 2791 5.0 1.8 16 7
05:39:17 1 42 4096 2791 7.5 1.8 16 7
05:39:18 1 43 4096 2791 7.0 1.8 16 7
05:39:19 1 44 4096 2791 6.9 1.8 16 7
05:39:20 1 43 4096 2791 7.0 1.8 16 7
05:39:21 1 43 4096 2791 7.0 1.8 16 7
05:39:22 1 44 4096 2791 6.9 1.8 16 7
05:39:23 1 43 4096 2791 7.0 1.8 16 7
05:39:24 1 44 4096 2791 6.9 1.8 16 7
05:39:25 1 44 4096 2791 6.9 1.8 16 7
05:39:26 1 43 4096 2791 7.1 1.8 16 7
05:39:27 1 44 4096 2791 6.9 1.8 16 7
05:39:28 1 44 4096 2791 6.9 1.8 16 7
05:39:30 1 43 4096 2791 7.1 1.8 16 7
05:39:31 1 43 4096 2791 7.0 1.8 16 7
05:39:32 1 44 4096 2791 6.9 1.8 16 7
05:39:33 1 43 4096 2791 7.1 1.8 16 7
05:39:34 1 44 4096 2791 6.9 1.8 16 7
05:39:35 1 44 4096 2791 7.0 1.8 16 7
05:39:36 1 44 4096 2791 6.9 1.8 16 7
05:39:37 1 44 4096 2791 6.9 1.8 16 7
05:39:38 1 43 4096 2791 7.0 1.8 16 7
05:39:39 1 44 4096 2791 6.9 1.8 16 7
05:39:40 1 44 4096 2791 6.9 1.8 16 7
05:39:41 1 43 4096 2791 7.1 1.8 16 7
05:39:42 1 41 4096 2791 7.3 1.8 16 7
05:39:43 1 43 4096 2791 6.9 1.8 16 7
05:39:44 1 42 4096 2791 7.1 1.8 16 7
05:39:46 1 42 4096 2791 6.9 1.8 16 7
05:39:47 1 42 4096 2791 7.0 1.8 16 7
05:39:48 1 42 4096 2791 7.0 1.8 16 7
05:39:49 1 42 4096 2791 7.0 1.8 16 7
05:39:50 1 42 4096 2791 6.9 1.8 16 7
05:39:51 1 42 4096 2791 7.1 1.8 16 7
05:39:52 1 40 4096 2791 7.6 1.8 16 7
05:39:53 1 47 4096 2791 5.3 1.8 16 7
05:39:54 1 47 4096 2791 5.0 1.8 16 7
05:39:55 1 48 4096 2791 5.1 1.8 16 7
05:39:56 1 40 4096 2791 7.7 1.8 16 7
05:39:57 1 42 4096 2791 6.9 1.8 16 7
05:39:58 1 42 4096 2791 7.0 1.8 16 7
05:39:59 1 42 4096 2791 7.1 1.8 16 7
05:40:00 1 42 4096 2791 7.0 1.8 16 7
05:40:01 1 42 4096 2791 6.9 1.8 16 7
05:40:03 1 42 4096 2791 7.1 1.8 16 7
05:40:04 1 42 4096 2791 6.9 1.8 16 7
05:40:05 1 42 4096 2791 7.0 1.8 16 7
05:40:06 1 42 4096 2791 7.1 1.8 16 7
05:40:07 1 42 4096 2791 6.9 1.8 16 7
05:40:08 1 42 4096 2791 6.9 1.8 16 7
05:40:09 1 42 4096 2791 7.1 1.8 16 7
05:40:10 1 42 4096 2791 7.0 1.8 16 7
05:40:11 1 42 4096 2791 7.1 1.8 16 7
05:40:12 1 42 4096 2791 7.1 1.8 16 7
05:40:13 1 42 4096 2791 6.9 1.8 16 7
05:40:14 1 42 4096 2791 7.1 1.8 16 7
05:40:15 1 42 4096 2791 7.0 1.7 16 7
05:40:16 1 42 4096 2791 6.9 1.4 16 7
05:40:17 1 41 4096 2791 7.1 1.3 16 7
05:40:19 1 41 4096 2791 7.0 1.2 16 7
05:40:20 1 41 4096 2791 6.9 1.2 16 7
05:40:21 1 40 4096 2791 7.1 1.2 16 7
05:40:22 1 41 4096 2791 6.9 1.1 16 7
05:40:23 1 41 4096 2791 6.9 1.1 16 7
05:40:24 1 40 4096 2791 7.1 1.1 16 7
05:40:25 1 41 4096 2791 6.9 1.1 16 7
05:40:26 1 40 4096 2791 7.1 1.1 16 7
05:40:27 1 41 4096 2791 6.9 1.1 16 7
05:40:28 1 41 4096 2791 6.9 1.1 16 7
05:40:29 1 40 4096 2791 7.1 1.1 16 7
05:40:30 1 38 4096 2791 7.7 1.1 16 7
05:40:31 1 39 4096 2791 7.6 1.1 16 7
05:40:32 1 46 4096 2791 5.1 1.1 16 7
05:40:33 1 46 4096 2791 5.2 1.1 16 7
05:40:34 1 46 4096 2791 5.1 1.1 16 7
05:40:36 1 38 4096 2791 7.7 1.1 16 7
05:40:37 1 41 4096 2791 6.9 1.1 16 7
05:40:38 1 41 4096 2791 6.9 1.1 16 7
05:40:39 1 40 4096 2791 7.1 1.1 16 7
05:40:40 1 41 4096 2791 6.9 1.1 16 7
05:40:41 1 41 4096 2791 7.0 1.1 16 7
05:40:42 1 40 4096 2791 7.1 1.1 16 7
05:40:43 1 41 4096 2791 6.9 1.1 16 7
05:40:44 1 40 4096 2791 7.2 1.1 16 7
05:40:45 1 40 4096 2791 7.1 1.1 16 7
05:40:46 1 41 4096 2791 6.9 1.1 16 7
05:40:47 1 40 4096 2791 7.1 0.9 16 7
05:40:48 1 40 4096 2791 6.9 0.8 16 7
05:40:49 1 40 4096 2791 7.0 0.8 16 7
05:40:50 1 39 4096 2791 7.1 0.8 16 7
05:40:51 1 40 4096 2791 7.0 0.8 16 7
05:40:53 1 40 4096 2791 6.9 0.8 16 7
05:40:54 1 39 4096 2791 7.2 0.8 16 7
05:40:55 1 40 4096 2791 6.9 0.8 16 7
05:40:56 1 40 4096 2791 7.1 0.8 16 7
05:40:57 1 39 4096 2791 7.2 0.8 16 7
05:40:58 1 40 4096 2791 6.9 0.8 16 7
05:40:59 1 40 4096 2791 7.0 0.8 16 7
05:41:00 1 40 4096 2791 7.1 0.8 16 7
05:41:01 1 40 4096 2791 6.9 0.8 16 7
05:41:02 1 39 4096 2791 7.2 0.8 16 7
05:41:03 1 40 4096 2791 6.9 0.8 16 7
05:41:04 1 40 4096 2791 6.9 0.8 16 7
05:41:05 1 40 4096 2791 7.1 0.8 16 7
05:41:06 1 40 4096 2791 6.9 0.8 16 7
05:41:07 1 40 4096 2791 6.9 0.8 16 7
05:41:09 1 39 4096 2791 7.1 0.8 16 7
05:41:10 2 38 4096 2791 7.8 0.8 16 7
05:41:11 2 46 4096 2791 5.0 0.8 16 7
05:41:12 2 45 4096 2791 5.2 0.8 16 7
05:41:13 2 46 4096 2791 5.0 0.8 16 7
05:41:14 2 38 4096 2791 7.6 0.8 16 7
05:41:15 2 40 4096 2791 7.1 0.8 16 7
05:41:16 2 40 4096 2791 7.0 0.8 16 7
05:41:17 2 40 4096 2791 7.1 0.8 16 7
05:41:18 2 40 4096 2791 6.9 0.8 16 7
05:41:19 2 40 4096 2791 6.9 0.8 16 7
05:41:20 2 40 4096 2791 7.1 0.8 16 7
05:41:21 2 40 4096 2791 6.9 0.8 16 7
05:41:22 2 40 4096 2791 7.0 0.8 16 7
05:41:23 2 40 4096 2791 7.0 0.8 16 7
05:41:24 2 40 4096 2791 6.9 0.8 16 7
05:41:26 2 40 4096 2791 6.9 0.8 16 7
05:41:27 2 40 4096 2791 7.1 0.8 16 7
05:41:28 2 40 4096 2791 6.9 0.8 16 7
05:41:29 2 40 4096 2791 6.9 0.8 16 7
05:41:30 2 40 4096 2791 7.1 0.8 16 7
05:41:31 2 40 4096 2791 6.9 0.8 16 7
05:41:32 2 40 4096 2791 6.9 0.8 16 7
05:41:33 2 40 4096 2791 7.1 0.8 16 7
05:41:34 2 40 4096 2791 6.9 0.8 16 7
05:41:35 2 40 4096 2791 7.1 0.8 16 7
05:41:36 2 40 4096 2791 7.1 0.8 16 7
05:41:37 2 40 4096 2791 6.9 0.8 16 7
05:41:38 2 40 4096 2791 7.1 0.8 16 7
05:41:39 2 40 4096 2791 7.0 0.8 16 7
05:41:40 2 40 4096 2791 6.9 0.8 16 7
05:41:41 2 40 4096 2791 7.1 0.8 16 7
05:41:43 2 40 4096 2791 6.9 0.8 16 7
05:41:44 2 40 4096 2791 6.9 0.8 16 7
05:41:45 2 40 4096 2791 7.1 0.8 16 7
05:41:46 2 40 4096 2791 7.0 0.8 16 7
05:41:47 2 41 4096 2791 6.9 0.8 16 7
05:41:48 2 40 4096 2791 7.1 0.8 16 7
05:41:49 2 38 4096 2791 7.6 0.8 16 7
05:41:50 2 45 4096 2791 5.3 0.8 16 7
05:41:51 2 46 4096 2791 5.0 0.8 16 7
05:41:52 2 46 4096 2791 5.0 0.8 16 7
05:41:53 2 38 4096 2791 7.7 0.8 16 7
05:41:54 2 41 4096 2791 6.9 0.8 16 7
05:41:55 2 40 4096 2791 7.0 0.8 16 7
05:41:56 2 40 4096 2791 7.1 0.8 16 7
05:41:57 2 41 4096 2791 6.9 0.8 16 7
05:41:58 2 40 4096 2791 7.0 0.8 16 7
05:41:59 2 40 4096 2791 7.1 0.8 16 7
05:42:01 2 40 4096 2791 7.0 0.8 16 7
05:42:02 2 41 4096 2791 6.9 0.8 16 7
05:42:03 2 40 4096 2791 7.1 0.8 16 7
05:42:04 2 40 4096 2791 7.0 0.8 16 7
05:42:05 2 41 4096 2791 6.9 0.8 16 7
05:42:06 2 40 4096 2791 7.1 0.8 16 7
05:42:07 2 41 4096 2791 6.9 0.8 16 7
05:42:08 2 40 4096 2791 7.1 0.8 16 7
05:42:09 2 40 4096 2791 7.0 0.8 16 7
05:42:10 2 41 4096 2791 6.9 0.8 16 7
05:42:11 2 40 4096 2791 7.1 0.8 16 7
05:42:12 2 41 4096 2791 6.9 0.8 16 7
05:42:13 2 41 4096 2791 6.9 0.8 16 7
05:42:14 2 40 4096 2791 7.1 0.8 16 7
05:42:15 2 40 4096 2791 7.0 0.8 16 7
05:42:17 2 41 4096 2791 6.9 0.8 16 7
05:42:18 2 40 4096 2791 7.0 0.8 16 7
05:42:19 2 41 4096 2791 6.9 0.8 16 7
05:42:20 2 40 4096 2791 7.0 0.8 16 7
05:42:21 2 40 4096 2791 7.1 0.8 16 7
05:42:22 2 41 4096 2791 6.9 0.8 16 7
05:42:23 2 41 4096 2791 7.0 0.8 16 7
05:42:24 2 40 4096 2791 7.0 0.8 16 7
05:42:25 2 40 4096 2791 7.0 0.8 16 7
05:42:26 2 40 4096 2791 7.1 0.8 16 7
05:42:27 2 38 4096 2791 7.7 0.8 16 7
05:42:28 2 39 4096 2791 7.5 0.8 16 7
05:42:29 2 46 4096 2791 5.2 0.8 16 7
05:42:30 2 46 4096 2791 5.0 0.8 16 7
05:42:31 2 39 4096 2791 7.6 0.8 16 7
05:42:32 2 41 4096 2791 7.0 0.8 16 7
05:42:33 2 41 4096 2791 6.9 0.8 16 7
05:42:35 2 41 4096 2791 6.9 0.8 16 7
05:42:36 2 40 4096 2791 7.1 0.8 16 7
05:42:37 2 41 4096 2791 6.9 0.8 16 7
05:42:38 2 41 4096 2791 6.9 0.8 16 7
05:42:39 2 41 4096 2791 7.0 0.8 16 7
05:42:40 2 41 4096 2791 7.0 0.8 16 7
05:42:41 2 41 4096 2791 7.1 0.8 16 7
05:42:42 2 40 4096 2791 7.1 0.8 16 7
05:42:43 2 41 4096 2791 6.9 0.8 16 7
05:42:44 2 40 4096 2791 7.1 0.8 16 7
05:42:45 2 41 4096 2791 6.9 0.8 16 7
05:42:46 2 41 4096 2791 6.9 0.8 16 7
05:42:47 2 40 4096 2791 7.1 0.8 16 7
05:42:48 2 41 4096 2791 6.9 0.8 16 7
05:42:49 2 41 4096 2791 6.9 0.8 16 7
05:42:50 2 40 4096 2791 7.1 0.8 16 7
05:42:52 2 41 4096 2791 7.0 0.8 16 7
05:42:53 2 41 4096 2791 6.9 0.8 16 7
05:42:54 2 40 4096 2791 7.1 0.8 16 7
05:42:55 2 41 4096 2791 6.9 0.8 16 7
05:42:56 2 41 4096 2791 7.0 0.8 16 7
05:42:57 2 40 4096 2791 7.1 0.8 16 7
05:42:58 2 41 4096 2791 7.0 0.8 16 7
05:42:59 2 40 4096 2791 7.1 0.8 16 7
05:43:00 2 41 4096 2791 7.0 0.8 16 7
05:43:01 2 41 4096 2791 7.0 0.8 16 7
05:43:02 2 40 4096 2791 7.1 0.8 16 7
05:43:03 2 41 4096 2791 6.8 0.8 16 7
05:43:04 2 40 4096 2791 7.1 0.8 16 7
05:43:05 2 40 4096 2791 7.1 0.8 16 7
05:43:06 2 39 4096 2791 7.6 0.8 16 7
05:43:07 2 46 4096 2791 5.2 0.8 16 7
05:43:09 2 46 4096 2783 5.2 0.8 16 7
05:43:10 2 46 4096 2783 5.1 0.8 16 7
05:43:11 2 39 4096 2783 7.7 0.8 16 7
05:43:12 2 40 4096 2783 7.1 0.8 16 7
05:43:13 2 40 4096 2783 7.1 0.8 16 7
05:43:14 2 41 4096 2783 6.9 0.8 16 7
05:43:15 2 40 4096 2783 7.1 0.8 16 7
05:43:16 2 41 4096 2783 6.9 0.8 16 7
05:43:17 2 40 4096 2783 7.1 0.8 16 7
05:43:18 2 41 4096 2783 6.8 0.8 16 7
05:43:19 2 40 4096 2783 7.1 0.8 16 7
05:43:20 2 41 4096 2783 6.9 0.8 16 7
05:43:21 2 41 4096 2783 6.9 0.8 16 7
05:43:22 2 41 4096 2783 6.9 0.8 16 7
05:43:23 2 40 4096 2783 7.1 0.8 16 7
05:43:24 2 41 4096 2783 6.9 0.8 16 7
05:43:26 2 41 4096 2783 7.1 0.8 16 7
05:43:27 2 40 4096 2783 7.1 0.8 16 7
05:43:28 2 41 4096 2783 6.9 0.8 16 7
05:43:29 2 41 4096 2783 6.9 0.8 16 7
05:43:30 2 40 4096 2783 7.1 0.8 16 7
05:43:31 2 41 4096 2783 6.9 0.8 16 7
05:43:32 2 41 4096 2783 6.9 0.8 16 7
05:43:33 2 40 4096 2783 7.1 0.8 16 7
05:43:34 2 40 4096 2783 7.1 0.8 16 7
05:43:35 2 40 4096 2783 7.1 0.8 16 7
05:43:36 2 41 4096 2783 7.1 0.8 16 7
05:43:37 2 41 4096 2783 6.9 0.8 16 7
05:43:38 2 40 4096 2783 7.1 0.8 16 7
05:43:39 2 41 4096 2783 7.1 0.8 16 7
05:43:40 2 41 4096 2783 7.1 0.8 16 7
05:43:41 2 41 4096 2783 7.1 0.8 16 7
05:43:42 2 41 4096 2783 6.9 0.8 16 7
05:43:44 2 41 4096 2783 6.9 0.8 16 7
05:43:45 2 40 4096 2783 7.1 0.8 16 7
05:43:46 2 38 4096 2783 7.8 0.8 16 7
05:43:47 2 46 4096 2783 5.1 0.8 16 7
05:43:48 2 46 4096 2783 5.2 0.8 16 7
05:43:49 2 46 4096 2783 5.2 0.8 16 7
05:43:50 2 39 4096 2783 7.6 0.8 16 7
05:43:51 2 40 4096 2783 7.1 0.8 16 7
05:43:52 2 41 4096 2783 7.0 0.8 16 7
05:43:53 2 40 4096 2783 7.1 0.8 16 7
05:43:54 2 41 4096 2783 6.9 0.8 16 7
05:43:55 2 41 4096 2783 6.9 0.8 16 7
05:43:56 2 40 4096 2783 7.1 0.8 16 7
05:43:57 2 41 4096 2783 7.1 0.8 16 7
05:43:58 2 41 4096 2783 6.9 0.8 16 7
05:43:59 2 40 4096 2783 7.1 0.8 16 7
05:44:01 2 41 4096 2783 7.1 0.8 16 7
05:44:02 2 41 4096 2783 6.9 0.8 16 7
05:44:03 2 40 4096 2783 7.1 0.8 16 7
05:44:04 2 41 4096 2783 6.9 0.8 16 7
05:44:05 2 40 4096 2783 7.1 0.8 16 7
05:44:06 2 40 4096 2783 7.1 0.8 16 7
05:44:07 2 41 4096 2783 6.9 0.8 16 7
05:44:08 2 40 4096 2783 7.1 0.8 16 7
05:44:09 2 40 4096 2783 7.1 0.8 16 7
05:44:10 2 40 4096 2783 7.1 0.8 16 7
05:44:11 2 40 4096 2783 7.1 0.8 16 7
05:44:12 2 41 4096 2783 6.9 0.8 16 7
05:44:13 2 41 4096 2783 6.9 0.8 16 7
05:44:14 2 40 4096 2783 7.1 0.8 16 7
05:44:15 2 41 4096 2783 7.1 0.8 16 7
05:44:16 2 41 4096 2783 6.9 0.8 16 7
05:44:18 2 41 4096 2783 7.1 0.8 16 7
05:44:19 2 41 4096 2783 7.1 0.8 16 7
05:44:20 2 41 4096 2783 7.1 0.8 16 7
05:44:21 2 40 4096 2783 7.1 0.8 16 7
05:44:22 2 41 4096 2783 6.9 0.8 16 7
05:44:23 2 40 4096 2783 7.1 0.8 16 7
05:44:24 2 41 4096 2783 7.0 0.8 16 7
05:44:25 2 39 4096 2783 7.7 0.8 16 7
05:44:26 2 46 4096 2783 5.2 0.8 16 7
05:44:27 2 46 4096 2783 5.2 0.8 16 7
05:44:28 2 46 4096 2783 5.2 0.8 16 7
05:44:29 2 39 4096 2783 7.7 0.8 16 7
05:44:30 2 41 4096 2783 7.1 0.8 16 7
05:44:31 2 41 4096 2783 7.1 0.8 16 7
05:44:32 2 41 4096 2783 6.9 0.8 16 7
05:44:33 2 41 4096 2783 7.1 0.8 16 7
05:44:34 2 41 4096 2783 7.1 0.8 16 7
05:44:36 2 41 4096 2783 7.1 0.8 16 7
05:44:37 2 41 4096 2783 6.9 0.8 16 7
05:44:38 2 41 4096 2783 6.9 0.8 16 7
05:44:39 2 41 4096 2783 7.1 0.8 16 7
05:44:40 2 41 4096 2783 6.9 0.8 16 7
05:44:41 2 41 4096 2783 7.1 0.8 16 7
05:44:42 2 41 4096 2783 7.1 0.8 16 7
05:44:43 2 41 4096 2783 7.1 0.8 16 7
05:44:44 2 41 4096 2783 7.1 0.8 16 7
05:44:45 2 41 4096 2783 7.1 0.8 16 7
05:44:46 2 41 4096 2783 6.9 0.8 16 7
05:44:47 2 41 4096 2783 7.1 0.8 16 7
05:44:48 2 41 4096 2783 7.1 0.8 16 7
05:44:49 2 41 4096 2783 6.9 0.8 16 7
05:44:50 2 41 4096 2783 7.1 0.8 16 7
05:44:51 2 41 4096 2783 7.0 0.8 16 7
05:44:53 2 41 4096 2783 7.1 0.8 16 7
05:44:54 2 41 4096 2783 7.1 0.8 16 7
05:44:55 2 41 4096 2783 7.1 0.8 16 7
05:44:56 2 41 4096 2783 6.9 0.8 16 7
05:44:57 2 41 4096 2783 7.1 0.8 16 7
05:44:58 2 41 4096 2783 6.9 0.8 16 7
05:44:59 2 41 4096 2783 7.0 0.8 16 7
05:45:00 2 41 4096 2783 7.1 0.8 16 7
05:45:01 2 41 4096 2783 7.1 0.8 16 7
05:45:02 2 41 4096 2783 6.9 0.8 16 7
05:45:03 2 39 4096 2783 7.8 0.8 16 7
05:45:04 2 46 4096 2783 5.2 0.8 16 7
05:45:05 2 46 4096 2783 5.2 0.8 16 7
05:45:06 2 47 4096 2783 5.1 0.8 16 7
05:45:07 2 39 4096 2783 7.5 0.8 16 7
05:45:08 2 41 4096 2783 7.1 0.8 16 7
05:45:10 2 41 4096 2783 7.1 0.8 16 7
05:45:11 2 41 4096 2783 6.9 0.8 16 7
05:45:12 2 41 4096 2783 7.1 0.8 16 7
05:45:13 2 41 4096 2783 7.1 0.8 16 7
05:45:14 2 41 4096 2783 6.9 0.8 16 7
05:45:15 2 41 4096 2783 7.1 0.8 16 7
05:45:16 2 41 4096 2783 7.1 0.8 16 7
05:45:17 2 41 4096 2783 7.0 0.8 16 7
05:45:18 2 41 4096 2783 7.0 0.8 16 7
05:45:19 2 41 4096 2783 7.1 0.8 16 7
05:45:20 2 40 4096 2783 7.2 0.8 16 7
05:45:21 2 40 4096 2783 7.2 0.8 16 7
05:45:22 2 40 4096 2783 7.2 0.8 16 7
05:45:23 2 40 4096 2783 7.2 0.8 16 7
05:45:24 2 40 4096 2783 7.2 0.8 16 7
05:45:25 2 40 4096 2783 7.2 0.8 16 7
05:45:27 2 41 4096 2783 7.1 0.8 16 7
05:45:28 2 41 4096 2783 7.0 0.8 16 7
05:45:29 2 41 4096 2783 6.9 0.8 16 7
05:45:30 2 41 4096 2783 7.1 0.8 16 7
05:45:31 2 41 4096 2783 7.0 0.8 16 7
05:45:32 2 41 4096 2783 7.1 0.8 16 7
05:45:33 2 41 4096 2783 7.1 0.8 16 7
05:45:34 2 41 4096 2783 7.0 0.8 16 7
05:45:35 2 40 4096 2783 7.1 0.8 16 7
05:45:36 2 40 4096 2783 7.1 0.8 16 7
05:45:37 2 41 4096 2783 7.0 0.8 16 7
05:45:38 2 40 4096 2783 7.1 0.8 16 7
05:45:39 2 41 4096 2783 7.0 0.8 16 7
05:45:40 2 41 4096 2783 7.0 0.8 16 7
05:45:41 2 41 4096 2783 7.1 0.8 16 7
05:45:42 2 39 4096 2783 7.7 0.8 16 7
05:45:43 2 46 4096 2783 5.1 0.8 16 7
05:45:45 2 46 4096 2783 5.2 0.8 16 7
05:45:46 2 46 4096 2783 5.1 0.8 16 7
05:45:47 2 39 4096 2783 7.5 0.8 16 7
05:45:48 2 41 4096 2783 7.1 0.8 16 7
05:45:49 2 41 4096 2783 6.9 0.8 16 7
05:45:50 2 41 4096 2783 7.0 0.8 16 7
05:45:51 2 41 4096 2783 7.1 0.8 16 7
05:45:52 2 41 4096 2783 7.1 0.8 16 7
05:45:53 2 41 4096 2783 7.1 0.8 16 7
05:45:54 2 40 4096 2783 7.1 0.8 16 7
05:45:55 2 41 4096 2783 7.0 0.8 16 7
05:45:56 2 41 4096 2783 7.1 0.8 16 7
05:45:57 2 41 4096 2783 7.0 0.8 16 7
05:45:58 2 41 4096 2783 7.0 0.8 16 7
05:45:59 2 41 4096 2783 7.1 0.8 16 7
05:46:00 2 41 4096 2783 7.0 0.8 16 7
05:46:02 2 41 4096 2783 7.0 0.8 16 7
05:46:03 2 41 4096 2783 7.1 0.8 16 7
05:46:04 2 41 4096 2783 7.1 0.8 16 7
05:46:05 2 41 4096 2783 7.0 0.8 16 7
05:46:06 2 41 4096 2783 7.1 0.8 16 7
05:46:07 2 41 4096 2783 7.0 0.8 16 7
05:46:08 2 41 4096 2783 7.0 0.8 16 7
05:46:09 2 41 4096 2783 7.1 0.8 16 7
05:46:10 2 41 4096 2783 7.0 0.8 16 7
05:46:11 2 41 4096 2783 7.1 0.8 16 7
05:46:12 2 41 4096 2783 6.9 0.8 16 7
05:46:13 2 41 4096 2783 7.0 0.8 16 7
05:46:14 2 41 4096 2783 7.1 0.8 16 7
05:46:15 2 41 4096 2783 7.1 0.8 16 7
05:46:16 2 41 4096 2783 7.1 0.8 16 7
05:46:17 2 41 4096 2783 7.1 0.8 16 7
05:46:19 2 41 4096 2783 7.0 0.8 16 7
05:46:20 2 41 4096 2783 7.0 0.8 16 7
05:46:21 2 38 4096 2783 7.8 0.8 16 7
05:46:22 2 47 4096 2783 5.1 0.8 16 7
05:46:23 2 47 4096 2783 5.0 0.8 16 7
05:46:24 2 46 4096 2783 5.2 0.8 16 7
05:46:25 2 39 4096 2783 7.7 0.8 16 7
05:46:26 2 41 4096 2783 7.0 0.8 16 7
05:46:27 2 40 4096 2783 7.1 0.8 16 7
05:46:28 2 40 4096 2783 7.1 0.8 16 7
05:46:29 2 40 4096 2783 7.1 0.8 16 7
05:46:30 2 41 4096 2783 6.9 0.8 16 7
05:46:31 2 41 4096 2783 6.9 0.8 16 7
05:46:32 2 40 4096 2783 7.1 0.8 16 7
05:46:33 2 41 4096 2783 7.1 0.8 16 7
05:46:34 2 41 4096 2783 7.0 0.8 16 7
05:46:35 2 40 4096 2783 7.1 0.8 16 7
05:46:37 2 41 4096 2783 6.9 0.8 16 7
05:46:38 2 41 4096 2783 7.1 0.8 16 7
05:46:39 2 41 4096 2783 7.1 0.8 16 7
05:46:40 2 41 4096 2783 7.0 0.8 16 7
05:46:41 2 41 4096 2783 6.9 0.8 16 7
05:46:42 2 40 4096 2783 7.1 0.8 16 7
05:46:43 2 41 4096 2783 7.0 0.8 16 7
05:46:44 2 40 4096 2783 7.1 0.8 16 7
05:46:45 2 41 4096 2783 6.9 0.8 16 7
05:46:46 2 41 4096 2783 7.1 0.8 16 7
05:46:47 2 40 4096 2783 7.1 0.8 16 7
05:46:48 2 41 4096 2783 6.9 0.8 16 7
05:46:49 2 41 4096 2783 7.0 0.8 16 7
05:46:50 2 40 4096 2783 7.1 0.8 16 7
05:46:51 2 41 4096 2783 6.9 0.8 16 7
05:46:52 2 41 4096 2783 6.9 0.8 16 7
05:46:54 2 40 4096 2783 7.1 0.8 16 7
05:46:55 2 40 4096 2783 7.1 0.8 16 7
05:46:56 2 41 4096 2783 6.9 0.8 16 7
05:46:57 2 40 4096 2783 7.1 0.8 16 7
05:46:58 2 40 4096 2783 7.1 0.8 16 7
05:46:59 2 41 4096 2783 7.0 0.8 16 7
05:47:00 2 38 4096 2783 7.8 0.8 16 7
05:47:01 2 46 4096 2783 5.1 0.8 16 7
05:47:02 2 46 4096 2783 5.2 0.8 16 7
05:47:03 2 46 4096 2783 5.2 0.8 16 7
05:47:04 2 39 4096 2783 7.5 0.8 16 7
05:47:05 2 41 4096 2783 7.1 0.8 16 7
05:47:06 2 41 4096 2783 6.9 0.8 16 7
05:47:07 2 41 4096 2783 7.1 0.8 16 7
05:47:08 2 41 4096 2783 7.1 0.8 16 7
05:47:09 2 41 4096 2783 6.9 0.8 16 7
05:47:10 2 41 4096 2783 6.9 0.8 16 7
05:47:12 2 41 4096 2783 7.1 0.8 16 7
05:47:13 2 41 4096 2783 6.9 0.8 16 7
05:47:14 2 41 4096 2783 7.0 0.8 16 7
05:47:15 2 41 4096 2783 7.1 0.8 16 7
05:47:16 2 41 4096 2783 7.1 0.8 16 7
05:47:17 2 41 4096 2783 6.9 0.8 16 7
05:47:18 2 41 4096 2783 6.9 0.8 16 7
05:47:19 2 41 4096 2783 7.1 0.8 16 7
05:47:20 2 41 4096 2783 7.1 0.8 16 7
05:47:21 2 41 4096 2783 7.1 0.8 16 7
05:47:22 2 41 4096 2783 7.1 0.8 16 7
05:47:23 2 41 4096 2783 7.1 0.8 16 7
05:47:24 2 41 4096 2783 7.1 0.8 16 7
05:47:25 2 41 4096 2783 7.0 0.8 16 7
05:47:26 2 41 4096 2783 7.1 0.8 16 7
05:47:27 2 41 4096 2783 6.9 0.8 16 7
05:47:29 2 41 4096 2783 7.0 0.8 16 7
05:47:30 2 41 4096 2783 7.1 0.8 16 7
05:47:31 2 41 4096 2783 6.9 0.8 16 7
05:47:32 2 41 4096 2783 6.9 0.8 16 7
05:47:33 2 41 4096 2783 7.1 0.8 16 7
05:47:34 2 41 4096 2783 6.8 0.8 16 7
05:47:35 2 41 4096 2783 6.9 0.8 16 7
05:47:36 2 41 4096 2783 7.1 0.8 16 7
05:47:37 2 41 4096 2783 7.1 0.8 16 7
05:47:38 2 38 4096 2783 7.8 0.8 16 7
05:47:39 2 46 4096 2783 5.2 0.8 16 7
05:47:40 2 47 4096 2783 5.1 0.8 16 7
05:47:41 2 46 4096 2783 5.2 0.8 16 7
05:47:42 2 39 4096 2783 7.5 0.8 16 7
05:47:43 2 41 4096 2783 6.9 0.8 16 7
05:47:44 2 41 4096 2783 7.1 0.8 16 7
05:47:46 2 41 4096 2783 6.9 0.8 16 7
05:47:47 2 41 4096 2783 7.1 0.8 16 7
05:47:48 2 41 4096 2783 7.1 0.8 16 7
05:47:49 2 41 4096 2783 7.1 0.8 16 7
05:47:50 2 41 4096 2783 6.9 0.8 16 7
05:47:51 2 41 4096 2783 7.1 0.8 16 7
05:47:52 2 41 4096 2783 6.9 0.8 16 7
05:47:53 2 41 4096 2783 7.1 0.8 16 7
05:47:54 2 41 4096 2783 7.1 0.8 16 7
05:47:55 2 41 4096 2783 7.1 0.8 16 7
05:47:56 2 41 4096 2783 7.1 0.8 16 7
05:47:57 2 41 4096 2783 7.1 0.8 16 7
05:47:58 2 41 4096 2783 6.9 0.8 16 7
05:47:59 2 41 4096 2783 7.1 0.8 16 7
05:48:00 2 41 4096 2783 7.1 0.8 16 7
05:48:01 2 41 4096 2783 6.9 0.8 16 7
05:48:02 2 41 4096 2783 7.1 0.8 16 7
05:48:04 2 41 4096 2783 7.0 0.8 16 7
05:48:05 2 41 4096 2783 6.9 0.8 16 7
05:48:06 2 41 4096 2783 7.1 0.8 16 7
05:48:07 2 41 4096 2783 6.9 0.8 16 7
05:48:08 2 41 4096 2783 6.9 0.8 16 7
05:48:09 2 41 4096 2783 7.1 0.8 16 7
05:48:10 2 41 4096 2783 7.1 0.8 16 7
05:48:11 2 41 4096 2783 7.1 0.8 16 7
05:48:12 2 41 4096 2783 7.1 0.8 16 7
05:48:13 2 41 4096 2783 6.9 0.8 16 7
05:48:14 2 41 4096 2783 7.1 0.8 16 7
05:48:15 2 41 4096 2783 7.1 0.8 16 7
05:48:16 2 41 4096 2783 6.9 0.8 16 7
05:48:17 2 38 4096 2783 7.8 0.8 16 7
05:48:18 2 46 4096 2783 5.1 0.8 16 7
05:48:19 2 46 4096 2783 5.2 0.8 16 7
05:48:21 2 46 4096 2783 6.2 0.8 16 7
05:48:22 2 39 4096 2783 7.6 0.8 16 7
05:48:23 2 41 4096 2783 7.1 0.8 16 7
05:48:24 2 41 4096 2783 7.1 0.8 16 7
05:48:25 2 41 4096 2783 6.9 0.8 16 7
05:48:26 2 41 4096 2783 6.9 0.8 16 7
05:48:27 2 41 4096 2783 7.1 0.8 16 7
05:48:28 2 41 4096 2783 7.1 0.8 16 7
05:48:29 2 41 4096 2783 7.1 0.8 16 7
05:48:30 2 41 4096 2783 7.1 0.8 16 7
05:48:31 2 41 4096 2783 7.1 0.8 16 7
05:48:32 2 41 4096 2783 6.9 0.8 16 7
05:48:33 2 41 4096 2783 7.1 0.8 16 7
05:48:34 2 41 4096 2783 6.9 0.8 16 7
05:48:35 2 41 4096 2783 7.1 0.8 16 7
05:48:36 2 41 4096 2783 6.9 0.8 16 7
05:48:37 2 41 4096 2783 7.1 0.8 16 7
05:48:39 2 41 4096 2783 7.1 0.8 16 7
05:48:40 2 41 4096 2783 6.9 0.8 16 7
05:48:41 2 41 4096 2783 6.9 0.8 16 7
05:48:42 2 41 4096 2783 7.1 0.8 16 7
05:48:43 2 41 4096 2783 7.1 0.8 16 7
05:48:44 2 41 4096 2783 6.9 0.8 16 7
05:48:45 2 41 4096 2783 7.1 0.8 16 7
05:48:46 2 41 4096 2783 6.9 0.8 16 7
05:48:47 2 41 4096 2783 7.1 0.8 16 7
05:48:48 2 41 4096 2783 7.1 0.8 16 7
05:48:49 2 41 4096 2783 6.9 0.8 16 7
05:48:50 2 41 4096 2783 7.1 0.8 16 7
05:48:51 2 41 4096 2783 6.9 0.8 16 7
05:48:52 2 41 4096 2783 6.9 0.8 16 7
05:48:53 2 41 4096 2783 7.1 0.8 16 7
05:48:54 2 41 4096 2783 6.9 0.8 16 7
05:48:55 2 39 4096 2783 7.7 0.8 16 7
05:48:57 2 46 4096 2783 5.2 0.8 16 7
05:48:58 2 47 4096 2783 5.1 0.8 16 7
05:48:59 2 47 4096 2783 5.1 0.8 16 7
05:49:00 2 39 4096 2783 7.7 0.8 16 7
05:49:01 2 41 4096 2783 6.9 0.8 16 7
05:49:02 2 41 4096 2783 6.9 0.8 16 7
05:49:03 2 41 4096 2783 7.1 0.8 16 7
05:49:04 2 41 4096 2783 7.1 0.8 16 7
05:49:05 2 41 4096 2783 7.1 0.8 16 7
05:49:06 2 41 4096 2783 7.1 0.8 16 7
05:49:07 2 41 4096 2783 7.0 0.8 16 7
05:49:08 2 41 4096 2783 7.1 0.8 16 7
05:49:09 2 41 4096 2783 6.9 0.8 16 7
05:49:10 2 41 4096 2783 6.9 0.8 16 7
05:49:11 2 41 4096 2783 7.1 0.8 16 7
05:49:12 2 41 4096 2783 7.1 0.8 16 7
05:49:14 2 41 4096 2783 6.9 0.8 16 7
05:49:15 2 41 4096 2783 7.1 0.8 16 7
05:49:16 2 41 4096 2783 7.1 0.8 16 7
05:49:17 2 41 4096 2783 6.9 0.8 16 7
05:49:18 2 41 4096 2783 7.1 0.8 16 7
05:49:19 2 41 4096 2783 6.8 0.8 16 7
05:49:20 2 41 4096 2783 6.9 0.8 16 7
05:49:21 2 41 4096 2783 7.1 0.8 16 7
05:49:22 2 41 4096 2783 6.9 0.8 16 7
05:49:23 2 41 4096 2783 7.1 0.8 16 7
05:49:24 2 41 4096 2783 7.1 0.8 16 7
05:49:25 2 41 4096 2783 6.9 0.8 16 7
05:49:26 2 41 4096 2783 7.1 0.8 16 7
05:49:27 2 41 4096 2783 6.9 0.8 16 7
05:49:28 2 41 4096 2783 6.9 0.8 16 7
05:49:29 2 41 4096 2783 7.1 0.8 16 7
05:49:30 2 41 4096 2783 6.9 0.8 16 7
05:49:32 2 41 4096 2783 6.9 0.8 16 7
05:49:33 2 41 4096 2783 7.1 0.8 16 7
05:49:34 2 39 4096 2783 7.6 0.8 16 7
05:49:35 2 47 4096 2783 5.1 0.8 16 7
05:49:36 2 46 4096 2783 5.2 0.8 16 7
05:49:37 2 47 4096 2783 5.1 0.8 16 7
05:49:38 2 39 4096 2783 7.5 0.8 16 7
05:49:39 2 41 4096 2783 7.1 0.8 16 7
05:49:40 2 41 4096 2783 7.1 0.8 16 7
05:49:41 2 41 4096 2783 7.1 0.8 16 7
05:49:42 2 41 4096 2783 6.9 0.8 16 7
05:49:43 2 41 4096 2783 7.1 0.8 16 7
05:49:44 2 41 4096 2783 7.1 0.8 16 7
05:49:45 2 41 4096 2783 6.9 0.8 16 7
05:49:46 2 41 4096 2783 6.8 0.8 16 7
05:49:47 2 41 4096 2783 7.1 0.8 16 7
05:49:48 2 41 4096 2783 6.9 0.8 16 7
05:49:50 2 41 4096 2783 6.9 0.8 16 7
05:49:51 2 41 4096 2783 7.1 0.8 16 7
05:49:52 2 41 4096 2783 6.9 0.8 16 7
05:49:53 2 41 4096 2783 7.1 0.8 16 7
05:49:54 2 41 4096 2783 7.1 0.8 16 7
05:49:55 2 41 4096 2783 7.0 0.8 16 7
05:49:56 2 41 4096 2783 7.1 0.8 16 7
05:49:57 2 41 4096 2783 7.1 0.8 16 7
05:49:58 2 41 4096 2783 7.1 0.8 16 7
05:49:59 2 41 4096 2783 7.0 0.8 16 7
05:50:00 2 41 4096 2783 7.0 0.8 16 7
05:50:01 2 41 4096 2783 7.0 0.8 16 7
05:50:02 2 40 4096 2783 7.1 0.8 16 7
05:50:03 2 41 4096 2783 7.1 0.8 16 7
05:50:04 2 41 4096 2783 7.0 0.8 16 7
05:50:05 2 41 4096 2783 7.1 0.8 16 7
05:50:07 2 41 4096 2783 7.1 0.8 16 7
05:50:08 2 41 4096 2783 7.0 0.8 16 7
05:50:09 2 41 4096 2783 7.1 0.8 16 7
05:50:10 2 40 4096 2783 7.1 0.8 16 7
05:50:11 2 40 4096 2783 7.0 0.8 16 7
05:50:12 2 40 4096 2783 7.1 0.8 16 7
05:50:13 2 39 4096 2783 7.7 0.8 16 7
05:50:14 2 46 4096 2783 5.2 0.8 16 7
05:50:15 2 46 4096 2783 5.2 0.8 16 7
05:50:16 2 46 4096 2783 5.2 0.8 16 7
05:50:17 2 39 4096 2783 7.7 0.8 16 7
05:50:18 2 41 4096 2783 7.0 0.8 16 7
05:50:19 2 41 4096 2783 7.0 0.8 16 7
05:50:20 2 40 4096 2783 7.1 0.8 16 7
05:50:21 2 41 4096 2783 7.0 0.8 16 7
05:50:22 2 41 4096 2783 7.0 0.8 16 7
05:50:23 2 40 4096 2783 7.1 0.8 16 7
05:50:25 2 41 4096 2783 7.1 0.8 16 7
05:50:26 2 41 4096 2783 7.0 0.8 16 7
05:50:27 2 40 4096 2783 7.1 0.8 16 7
05:50:28 2 41 4096 2783 7.0 0.8 16 7
05:50:29 2 41 4096 2783 6.9 0.8 16 7
05:50:30 2 41 4096 2783 7.1 0.8 16 7
05:50:31 2 41 4096 2783 7.0 0.8 16 7
05:50:32 2 41 4096 2783 7.1 0.8 16 7
05:50:33 2 41 4096 2783 7.1 0.8 16 7
05:50:34 2 41 4096 2783 7.0 0.8 16 7
05:50:35 2 41 4096 2783 7.1 0.8 16 7
05:50:36 2 41 4096 2783 7.0 0.8 16 7
05:50:37 2 41 4096 2783 7.0 0.8 16 7
05:50:38 2 41 4096 2783 7.1 0.8 16 7
05:50:39 2 41 4096 2783 7.0 0.8 16 7
05:50:40 2 41 4096 2783 7.0 0.8 16 7
05:50:42 2 41 4096 2783 7.1 0.8 16 7
05:50:43 2 41 4096 2783 7.0 0.8 16 7
05:50:44 2 41 4096 2783 6.9 0.8 16 7
05:50:45 2 40 4096 2783 7.1 0.8 16 7
05:50:46 2 41 4096 2783 7.1 0.8 16 7
05:50:47 2 41 4096 2783 7.1 0.8 16 7
05:50:48 2 41 4096 2783 7.1 0.8 16 7
05:50:49 2 41 4096 2783 7.0 0.8 16 7
05:50:50 2 41 4096 2783 7.1 0.8 16 7
05:50:51 2 38 4096 2783 7.6 0.8 16 7
05:50:52 2 46 4096 2783 5.1 0.8 16 7
05:50:53 2 46 4096 2783 5.2 0.8 16 7
05:50:54 2 46 4096 2783 5.1 0.8 16 7
05:50:55 2 39 4096 2783 7.5 0.8 16 7
05:50:56 2 41 4096 2783 7.1 0.8 16 7
05:50:57 2 41 4096 2783 7.1 0.8 16 7
05:50:58 2 41 4096 2783 7.1 0.8 16 7
05:51:00 2 41 4096 2783 7.1 0.8 16 7
05:51:01 2 41 4096 2783 7.0 0.8 16 7
05:51:02 2 41 4096 2783 7.1 0.8 16 7
05:51:03 2 41 4096 2783 7.1 0.8 16 7
05:51:04 2 41 4096 2783 7.0 0.8 16 7
05:51:05 2 41 4096 2783 7.0 0.8 16 7
05:51:06 2 41 4096 2783 7.1 0.8 16 7
05:51:07 2 41 4096 2783 7.0 0.8 16 7
05:51:08 2 41 4096 2783 7.1 0.8 16 7
05:51:09 2 41 4096 2783 7.1 0.8 16 7
05:51:10 2 41 4096 2783 7.1 0.8 16 7
05:51:11 2 41 4096 2783 7.1 0.8 16 7
05:51:12 2 41 4096 2783 7.1 0.8 16 7
05:51:13 2 41 4096 2783 7.0 0.8 16 7
05:51:14 2 40 4096 2783 7.1 0.8 16 7
05:51:15 2 41 4096 2783 7.0 0.8 16 7
05:51:16 2 41 4096 2783 7.0 0.8 16 7
05:51:18 2 41 4096 2783 7.1 0.8 16 7
05:51:19 2 41 4096 2783 6.9 0.8 16 7
05:51:20 2 41 4096 2783 7.0 0.8 16 7
05:51:21 2 41 4096 2783 7.1 0.8 16 7
05:51:22 2 41 4096 2783 7.1 0.8 16 7
05:51:23 2 41 4096 2783 7.0 0.8 16 7
05:51:24 2 41 4096 2783 7.1 0.8 16 7
05:51:25 2 41 4096 2783 7.1 0.8 16 7
05:51:26 2 41 4096 2783 7.1 0.8 16 7
05:51:27 2 41 4096 2783 7.1 0.8 16 7
05:51:28 2 41 4096 2783 7.1 0.8 16 7
05:51:29 2 41 4096 2783 7.1 0.8 16 7
05:51:30 2 39 4096 2783 7.6 0.8 16 7
05:51:31 2 46 4096 2783 5.2 0.8 16 7
05:51:32 2 46 4096 2783 5.2 0.8 16 7
05:51:33 2 46 4096 2783 5.2 0.8 16 7
05:51:34 2 39 4096 2783 7.6 0.8 16 7
05:51:36 2 41 4096 2783 7.1 0.8 16 7
05:51:37 2 41 4096 2783 7.0 0.8 16 7
05:51:38 2 41 4096 2783 7.1 0.8 16 7
05:51:39 2 41 4096 2783 7.1 0.8 16 7
05:51:40 2 41 4096 2783 7.0 0.8 16 7
05:51:41 2 41 4096 2783 7.0 0.8 16 7
05:51:42 2 41 4096 2783 7.1 0.8 16 7
05:51:43 2 41 4096 2783 7.1 0.8 16 7
05:51:44 2 41 4096 2783 7.1 0.8 16 7
05:51:45 2 41 4096 2783 7.1 0.8 16 7
05:51:46 2 41 4096 2783 7.0 0.8 16 7
05:51:47 2 41 4096 2783 7.1 0.8 16 7
05:51:48 2 41 4096 2783 7.0 0.8 16 7
05:51:49 2 41 4096 2783 7.0 0.8 16 7
05:51:50 2 41 4096 2783 7.1 0.8 16 7
05:51:51 2 41 4096 2783 7.0 0.8 16 7
05:51:53 2 41 4096 2783 7.0 0.8 16 7
05:51:54 2 41 4096 2783 7.1 0.8 16 7
05:51:55 2 41 4096 2783 7.1 0.8 16 7
05:51:56 2 41 4096 2783 7.0 0.8 16 7
05:51:57 2 41 4096 2783 7.1 0.8 16 7
05:51:58 2 41 4096 2783 7.1 0.8 16 7
05:51:59 2 41 4096 2783 7.0 0.8 16 7
05:52:00 2 41 4096 2783 7.0 0.8 16 7
05:52:01 2 41 4096 2783 7.0 0.8 16 7
05:52:02 2 41 4096 2783 7.1 0.8 16 7
05:52:03 2 41 4096 2783 6.9 0.8 16 7
05:52:04 2 41 4096 2783 6.9 0.8 16 7
05:52:05 2 41 4096 2783 7.1 0.8 16 7
05:52:06 2 41 4096 2783 7.1 0.8 16 7
05:52:07 2 41 4096 2783 6.9 0.8 16 7
05:52:08 2 39 4096 2783 7.8 0.8 16 7
05:52:10 2 47 4096 2783 5.1 0.8 16 7
05:52:11 2 46 4096 2783 5.2 0.8 16 7
05:52:12 2 46 4096 2783 5.2 0.8 16 7
05:52:13 2 39 4096 2783 7.5 0.8 16 7
05:52:14 2 41 4096 2783 6.9 0.8 16 7
05:52:15 2 41 4096 2783 7.1 0.8 16 7
05:52:16 2 41 4096 2783 6.9 0.8 16 7
05:52:17 2 41 4096 2783 7.1 0.8 16 7
05:52:18 2 41 4096 2783 7.1 0.8 16 7
05:52:19 2 41 4096 2783 7.0 0.8 16 7
05:52:20 2 41 4096 2783 7.1 0.8 16 7
05:52:21 2 41 4096 2783 6.9 0.8 16 7
05:52:22 2 41 4096 2783 7.1 0.8 16 7
05:52:23 2 41 4096 2783 7.1 0.8 16 7
05:52:24 2 41 4096 2783 7.1 0.8 16 7
05:52:25 2 41 4096 2783 6.9 0.8 16 7
05:52:26 2 41 4096 2783 7.1 0.8 16 7
05:52:28 2 41 4096 2783 6.9 0.8 16 7
05:52:29 2 41 4096 2783 7.1 0.8 16 7
05:52:30 2 41 4096 2783 7.0 0.8 16 7
05:52:31 2 41 4096 2783 6.9 0.8 16 7
05:52:32 2 41 4096 2783 7.1 0.8 16 7
05:52:33 2 41 4096 2783 7.1 0.8 16 7
05:52:34 2 41 4096 2783 6.9 0.8 16 7
05:52:35 2 41 4096 2783 7.1 0.8 16 7
05:52:36 2 41 4096 2783 7.1 0.8 16 7
05:52:37 2 41 4096 2783 6.9 0.8 16 7
05:52:38 2 41 4096 2783 7.1 0.8 16 7
05:52:39 2 41 4096 2783 7.1 0.8 16 7
05:52:40 2 41 4096 2783 7.1 0.8 16 7
05:52:41 2 41 4096 2783 7.1 0.8 16 7
05:52:42 2 41 4096 2783 6.9 0.8 16 7
05:52:43 2 41 4096 2783 6.9 0.8 16 7
05:52:45 2 41 4096 2783 7.1 0.8 16 7
05:52:46 2 41 4096 2783 6.9 0.8 16 7
05:52:47 2 41 4096 2783 6.9 0.8 16 7
05:52:48 2 38 4096 2783 7.8 0.8 16 7
05:52:49 2 47 4096 2783 5.1 0.8 16 7
05:52:50 2 46 4096 2783 5.2 0.8 16 7
05:52:51 2 46 4096 2783 5.2 0.8 16 7
05:52:52 2 39 4096 2783 7.5 0.8 16 7
05:52:53 2 41 4096 2783 7.1 0.8 16 7
05:52:54 2 41 4096 2783 7.1 0.8 16 7
05:52:55 2 41 4096 2783 7.1 0.8 16 7
05:52:56 2 41 4096 2783 7.1 0.8 16 7
05:52:57 2 41 4096 2783 6.9 0.8 16 7
05:52:58 2 41 4096 2783 6.9 0.8 16 7
05:52:59 2 41 4096 2783 7.1 0.8 16 7
05:53:00 2 41 4096 2783 7.1 0.8 16 7
05:53:02 2 41 4096 2783 6.9 0.8 16 7
05:53:03 2 41 4096 2783 7.1 0.8 16 7
05:53:04 2 41 4096 2783 7.1 0.8 16 7
05:53:05 2 41 4096 2783 6.9 0.8 16 7
05:53:06 2 41 4096 2783 7.1 0.8 16 7
05:53:07 2 41 4096 2783 6.9 0.9 16 7
05:53:08 2 41 4096 2783 6.9 0.9 16 7
05:53:09 2 41 4096 2783 7.1 0.9 16 7
05:53:10 2 41 4096 2783 7.1 0.9 16 7
05:53:11 2 41 4096 2783 7.1 0.9 16 7
05:53:12 2 41 4096 2783 7.1 0.9 16 7
05:53:13 2 41 4096 2783 6.9 0.9 16 7
05:53:14 2 41 4096 2783 7.1 0.9 16 7
05:53:15 2 41 4096 2783 6.9 0.9 16 7
05:53:16 2 41 4096 2783 6.9 0.9 16 7
05:53:17 2 41 4096 2783 7.1 0.9 16 7
05:53:18 2 41 4096 2783 6.8 0.9 16 7
05:53:20 2 41 4096 2783 7.1 0.9 16 7
05:53:21 2 41 4096 2783 7.1 0.9 16 7
05:53:22 2 41 4096 2783 7.1 0.9 16 7
05:53:23 2 41 4096 2783 7.0 0.9 16 7
05:53:24 2 41 4096 2783 7.1 0.9 16 7
05:53:25 2 41 4096 2783 6.9 0.9 16 7
05:53:26 2 39 4096 2783 7.6 0.8 16 7
05:53:27 2 39 4096 2783 5.2 0.8 16 7
05:53:28 2 46 4096 2783 5.2 0.8 16 7
05:53:29 2 46 4096 2783 5.2 0.8 16 7
05:53:30 2 39 4096 2783 7.6 0.9 16 7
05:53:31 2 39 4096 2783 7.6 0.9 16 7
05:53:32 2 41 4096 2783 7.1 0.9 16 7
05:53:33 2 41 4096 2783 7.1 0.9 16 7
05:53:34 2 41 4096 2783 6.9 0.9 16 7
05:53:35 2 41 4096 2783 7.1 0.9 16 7
05:53:37 2 41 4096 2783 6.9 0.9 16 7
05:53:38 2 41 4096 2783 6.9 0.9 16 7
05:53:39 2 41 4096 2783 7.1 0.9 16 7
05:53:40 2 41 4096 2783 7.1 0.9 16 7
05:53:41 2 41 4096 2783 6.9 0.9 16 7
05:53:42 2 41 4096 2783 7.1 0.9 16 7
05:53:43 2 41 4096 2783 7.1 0.9 16 7
05:53:44 2 41 4096 2783 7.1 0.9 16 7
05:53:45 2 41 4096 2783 7.1 0.9 16 7
05:53:46 2 41 4096 2783 6.9 0.9 16 7
05:53:47 2 41 4096 2783 7.1 0.9 16 7
05:53:48 2 41 4096 2783 6.9 0.9 16 7
05:53:49 2 41 4096 2783 7.1 0.9 16 7
05:53:50 2 41 4096 2783 7.1 0.9 16 7
05:53:51 2 41 4096 2783 7.1 0.9 16 7
05:53:52 2 41 4096 2783 6.9 0.9 16 7
05:53:54 2 41 4096 2783 7.1 0.9 16 7
05:53:55 2 41 4096 2783 6.9 0.9 16 7
05:53:56 2 41 4096 2783 6.9 0.9 16 7
05:53:57 2 41 4096 2783 7.1 0.9 16 7
05:53:58 2 41 4096 2783 6.9 0.9 16 7
05:53:59 2 41 4096 2783 6.9 0.9 16 7
05:54:00 2 41 4096 2783 7.1 0.9 16 7
05:54:01 2 41 4096 2783 6.9 0.9 16 7
05:54:02 2 41 4096 2783 7.1 0.9 16 7
05:54:03 2 41 4096 2783 7.1 0.9 16 7
05:54:04 2 41 4096 2783 7.1 0.9 16 7
05:54:05 2 38 4096 2783 7.8 0.8 16 7
05:54:06 2 47 4096 2783 5.1 0.8 16 7
05:54:07 2 47 4096 2783 5.1 0.8 16 7
05:54:08 2 46 4096 2783 5.2 0.8 16 7
05:54:09 2 39 4096 2783 7.7 0.9 16 7
05:54:11 2 41 4096 2783 6.9 0.9 16 7
05:54:12 2 41 4096 2783 7.1 0.9 16 7
05:54:13 2 41 4096 2783 6.9 0.9 16 7
05:54:14 2 41 4096 2783 6.9 0.9 16 7
05:54:15 2 41 4096 2783 7.1 0.9 16 7
05:54:16 2 41 4096 2783 6.9 0.9 16 7
05:54:17 2 41 4096 2783 6.9 0.9 16 7
05:54:18 2 41 4096 2783 7.1 0.9 16 7
05:54:19 2 41 4096 2783 6.9 0.9 16 7
05:54:20 2 41 4096 2783 7.1 0.9 16 7
05:54:21 2 41 4096 2783 6.9 0.9 16 7
05:54:22 2 41 4096 2783 6.9 0.9 16 7
05:54:23 2 41 4096 2783 7.1 0.9 16 7
05:54:24 2 41 4096 2783 7.1 0.9 16 7
05:54:25 2 41 4096 2783 6.9 0.9 16 7
05:54:26 2 41 4096 2783 7.1 0.9 16 7
05:54:28 2 41 4096 2783 7.0 0.9 16 7
05:54:29 2 41 4096 2783 6.9 0.9 16 7
05:54:30 2 41 4096 2783 7.1 0.9 16 7
05:54:31 2 41 4096 2783 6.9 0.9 16 7
05:54:32 2 41 4096 2783 6.9 0.9 16 7
05:54:33 2 41 4096 2783 7.1 0.9 16 7
05:54:34 2 41 4096 2783 7.1 0.9 16 7
05:54:35 2 41 4096 2783 7.0 0.9 16 7
05:54:36 2 41 4096 2783 7.1 0.9 16 7
05:54:37 2 41 4096 2783 6.9 0.9 16 7
05:54:38 2 41 4096 2783 7.1 0.9 16 7
05:54:39 2 41 4096 2783 6.9 0.9 16 7
05:54:40 2 41 4096 2783 6.9 0.9 16 7
05:54:41 2 41 4096 2783 7.1 0.9 16 7
05:54:42 2 41 4096 2783 6.9 0.9 16 7
05:54:43 2 40 4096 2783 7.7 0.8 16 7
05:54:44 2 39 4096 2783 7.7 0.8 16 7
05:54:46 2 47 4096 2783 5.1 0.8 16 7
05:54:47 2 47 4096 2783 5.0 0.8 16 7
05:54:48 2 39 4096 2783 7.7 0.9 16 7
05:54:49 2 41 4096 2783 7.1 0.9 16 7
05:54:50 2 41 4096 2783 6.9 0.9 16 7
05:54:51 2 41 4096 2783 7.1 0.9 16 7
05:54:52 2 41 4096 2783 7.1 0.9 16 7
05:54:53 2 41 4096 2783 7.1 0.9 16 7
05:54:54 2 41 4096 2783 7.1 0.9 16 7
05:54:55 2 41 4096 2783 6.9 0.9 16 7
05:54:56 2 41 4096 2783 7.1 0.9 16 7
05:54:57 2 41 4096 2783 6.9 0.9 16 7
05:54:58 2 41 4096 2783 6.9 0.9 16 7
05:54:59 2 41 4096 2783 7.1 0.9 16 7
05:55:00 2 41 4096 2783 6.9 0.9 16 7
05:55:01 2 41 4096 2783 6.9 0.9 16 7
05:55:03 2 41 4096 2783 7.1 0.9 16 7
05:55:04 2 41 4096 2783 6.9 0.9 16 7
05:55:05 2 41 4096 2783 7.1 0.9 16 7
05:55:06 2 41 4096 2783 7.1 0.9 16 7
05:55:07 2 41 4096 2783 7.1 0.9 16 7
05:55:08 2 41 4096 2783 6.9 0.9 16 7
05:55:09 2 41 4096 2783 7.1 0.9 16 7
05:55:10 2 41 4096 2783 7.1 0.9 16 7
05:55:11 2 41 4096 2783 7.1 0.9 16 7
05:55:12 2 41 4096 2783 6.9 0.9 16 7
05:55:13 2 41 4096 2783 6.9 0.9 16 7
05:55:14 2 41 4096 2783 7.1 0.9 16 7
05:55:15 2 41 4096 2783 6.9 0.9 16 7
05:55:16 2 41 4096 2783 7.1 0.8 16 7
05:55:17 2 41 4096 2783 7.1 0.8 16 7
05:55:19 2 41 4096 2783 6.9 0.8 16 7
05:55:20 2 41 4096 2783 7.0 0.8 16 7
05:55:21 2 41 4096 2783 7.1 0.8 16 7
05:55:22 2 41 4096 2783 7.0 0.8 16 7
05:55:23 2 39 4096 2783 7.7 0.8 16 7
05:55:24 2 46 4096 2783 5.2 0.8 16 7
05:55:25 2 47 4096 2783 5.1 0.8 16 7
05:55:26 2 46 4096 2783 5.2 0.8 16 7
05:55:27 2 39 4096 2783 7.7 0.8 16 7
05:55:28 2 41 4096 2783 7.1 0.8 16 7
05:55:29 2 41 4096 2783 7.1 0.8 16 7
05:55:30 2 41 4096 2783 7.1 0.8 16 7
05:55:31 2 41 4096 2783 7.0 0.8 16 7
05:55:32 2 41 4096 2783 7.1 0.8 16 7
05:55:33 2 41 4096 2783 6.9 0.8 16 7
05:55:34 2 41 4096 2783 7.0 0.8 16 7
05:55:36 2 41 4096 2783 7.1 0.8 16 7
05:55:37 2 41 4096 2783 7.1 0.8 16 7
05:55:38 2 41 4096 2783 6.9 0.8 16 7
05:55:39 2 41 4096 2783 7.1 0.8 16 7
05:55:40 2 41 4096 2783 7.1 0.8 16 7
05:55:41 2 41 4096 2783 6.9 0.8 16 7
05:55:42 2 41 4096 2783 7.1 0.8 16 7
05:55:43 2 41 4096 2783 6.9 0.8 16 7
05:55:44 2 41 4096 2783 7.1 0.8 16 7
05:55:45 2 41 4096 2783 6.9 0.8 16 7
05:55:46 2 41 4096 2783 7.1 0.8 16 7
05:55:47 2 41 4096 2783 7.1 0.8 16 7
05:55:48 2 41 4096 2783 6.9 0.8 16 7
05:55:49 2 41 4096 2783 7.1 0.8 16 7
05:55:50 2 41 4096 2783 7.1 0.8 16 7
05:55:51 2 41 4096 2783 6.9 0.8 16 7
05:55:53 2 41 4096 2783 6.9 0.8 16 7
05:55:54 2 41 4096 2783 7.1 0.8 16 7
05:55:55 2 41 4096 2783 7.0 0.8 16 7
05:55:56 2 41 4096 2783 6.9 0.8 16 7
05:55:57 2 41 4096 2783 7.1 0.8 16 7
05:55:58 2 41 4096 2783 6.9 0.8 16 7
05:55:59 2 41 4096 2783 7.0 0.8 16 7
05:56:00 2 41 4096 2783 7.1 0.8 16 7
05:56:01 2 40 4096 2783 7.2 0.8 16 7
05:56:02 2 39 4096 2783 7.7 0.8 16 7
05:56:03 2 46 4096 2783 5.1 0.8 16 7
05:56:04 2 46 4096 2783 5.1 0.8 16 7
05:56:05 2 39 4096 2783 7.5 0.8 16 7
05:56:06 2 39 4096 2783 7.5 0.8 16 7
05:56:07 2 41 4096 2783 6.9 0.8 16 7
05:56:08 2 40 4096 2783 7.1 0.8 16 7
05:56:10 2 41 4096 2783 7.1 0.8 16 7
05:56:11 2 41 4096 2783 6.9 0.8 16 7
05:56:12 2 41 4096 2783 7.1 0.8 16 7
05:56:13 2 41 4096 2783 6.9 0.8 16 7
05:56:14 2 41 4096 2783 6.9 0.8 16 7
05:56:15 2 41 4096 2783 7.1 0.8 16 7
05:56:16 2 41 4096 2783 6.9 0.8 16 7
05:56:17 2 41 4096 2783 7.1 0.8 16 7
05:56:18 2 41 4096 2783 7.1 0.8 16 7
05:56:19 2 41 4096 2783 7.1 0.8 16 7
05:56:20 2 41 4096 2783 7.1 0.8 16 7
05:56:21 2 41 4096 2783 6.9 0.8 16 7
05:56:22 2 41 4096 2783 6.9 0.8 16 7
05:56:23 2 41 4096 2783 7.1 0.8 16 7
05:56:24 2 41 4096 2783 7.0 0.8 16 7
05:56:25 2 41 4096 2783 6.9 0.8 16 7
05:56:26 2 41 4096 2783 7.1 0.8 16 7
05:56:28 2 41 4096 2783 6.9 0.8 16 7
05:56:29 2 41 4096 2783 6.9 0.8 16 7
05:56:30 2 40 4096 2783 7.1 0.8 16 7
05:56:31 2 41 4096 2783 7.0 0.8 16 7
05:56:32 2 41 4096 2783 6.9 0.8 16 7
05:56:33 2 41 4096 2783 7.1 0.8 16 7
05:56:34 2 40 4096 2783 7.1 0.8 16 7
05:56:35 2 40 4096 2783 7.1 0.8 16 7
05:56:36 2 41 4096 2783 7.0 0.8 16 7
05:56:37 2 41 4096 2783 6.9 0.8 16 7
05:56:38 2 41 4096 2783 7.1 0.8 16 7
05:56:39 2 41 4096 2783 7.0 0.8 16 7
05:56:40 2 39 4096 2783 7.7 0.8 16 7
05:56:41 2 46 4096 2783 5.2 0.8 16 7
05:56:42 2 46 4096 2783 5.1 0.8 16 7
05:56:43 2 46 4096 2783 5.2 0.8 16 7
05:56:45 2 39 4096 2783 7.7 0.8 16 7
05:56:46 2 41 4096 2783 6.9 0.8 16 7
05:56:47 2 41 4096 2783 6.9 0.8 16 7
05:56:48 2 41 4096 2783 7.1 0.8 16 7
05:56:49 2 41 4096 2783 6.9 0.8 16 7
05:56:50 2 41 4096 2783 6.9 0.8 16 7
05:56:51 2 41 4096 2783 7.1 0.8 16 7
05:56:52 2 41 4096 2783 7.1 0.8 16 7
05:56:53 2 41 4096 2783 7.1 0.8 16 7
05:56:54 2 41 4096 2783 7.1 0.8 16 7
05:56:55 2 41 4096 2783 6.9 0.8 16 7
05:56:56 2 41 4096 2783 7.1 0.8 16 7
05:56:57 2 41 4096 2783 6.9 0.8 16 7
05:56:58 2 41 4096 2783 7.1 0.8 16 7
05:56:59 2 41 4096 2783 7.1 0.8 16 7
05:57:00 2 41 4096 2783 7.0 0.8 16 7
05:57:02 2 41 4096 2783 7.1 0.8 16 7
05:57:03 2 41 4096 2783 7.1 0.8 16 7
05:57:04 2 41 4096 2783 6.8 0.8 16 7
05:57:05 2 41 4096 2783 6.9 0.8 16 7
05:57:06 2 40 4096 2783 7.1 0.8 16 7
05:57:07 2 41 4096 2783 6.9 0.8 16 7
05:57:08 2 41 4096 2783 7.1 0.8 16 7
05:57:09 2 41 4096 2783 7.1 0.8 16 7
05:57:10 2 41 4096 2783 7.1 0.8 16 7
05:57:11 2 41 4096 2783 7.1 0.8 16 7
05:57:12 2 41 4096 2783 7.1 0.8 16 7
05:57:13 2 41 4096 2783 7.0 0.8 16 7
05:57:14 2 41 4096 2783 7.1 0.8 16 7
05:57:15 2 41 4096 2783 7.1 0.8 16 7
05:57:16 2 41 4096 2783 6.9 0.8 16 7
05:57:18 2 40 4096 2783 7.1 0.8 16 7
05:57:19 2 41 4096 2783 6.9 0.8 16 7
05:57:20 2 39 4096 2783 7.7 0.8 16 7
05:57:21 2 46 4096 2783 5.2 0.8 16 7
05:57:22 2 46 4096 2783 5.2 0.8 16 7
05:57:23 2 46 4096 2783 5.1 0.8 16 7
05:57:24 2 39 4096 2783 7.7 0.8 16 7
05:57:25 2 41 4096 2783 6.9 0.8 16 7
05:57:26 2 41 4096 2783 7.1 0.8 16 7
05:57:27 2 41 4096 2783 6.9 0.8 16 7
05:57:28 2 41 4096 2783 6.9 0.8 16 7
05:57:29 2 40 4096 2783 7.1 0.8 16 7
05:57:30 2 41 4096 2783 6.9 0.8 16 7
05:57:31 2 41 4096 2783 7.1 0.8 16 7
05:57:32 2 41 4096 2783 7.1 0.8 16 7
05:57:33 2 41 4096 2783 7.0 0.8 16 7
05:57:34 2 41 4096 2783 6.9 0.8 16 7
05:57:36 2 41 4096 2783 7.1 0.8 16 7
05:57:37 2 41 4096 2783 6.8 0.8 16 7
05:57:38 2 41 4096 2783 7.1 0.8 16 7
05:57:39 2 41 4096 2783 7.0 0.8 16 7
05:57:40 2 41 4096 2783 7.0 0.8 16 7
05:57:41 2 41 4096 2783 6.9 0.8 16 7
05:57:42 2 41 4096 2783 7.1 0.8 16 7
05:57:43 2 41 4096 2783 6.9 0.8 16 7
05:57:44 2 41 4096 2783 7.1 0.8 16 7
05:57:45 2 41 4096 2783 7.1 0.8 16 7
05:57:46 2 41 4096 2783 6.9 0.8 16 7
05:57:47 2 41 4096 2783 7.1 0.8 16 7
05:57:48 2 41 4096 2783 7.0 0.8 16 7
05:57:49 2 41 4096 2783 6.9 0.8 16 7
05:57:50 2 41 4096 2783 7.1 0.8 16 7
05:57:51 2 41 4096 2783 7.0 0.8 16 7
05:57:53 2 41 4096 2783 6.9 0.8 16 7
05:57:54 2 41 4096 2783 7.1 0.8 16 7
05:57:55 2 41 4096 2783 7.1 0.8 16 7
05:57:56 2 41 4096 2783 6.9 0.8 16 7
05:57:57 2 41 4096 2783 6.9 0.8 16 7
05:57:58 2 38 4096 2783 7.8 0.8 16 7
05:57:59 2 47 4096 2783 5.1 0.8 16 7
05:58:00 2 46 4096 2783 5.2 0.8 16 7
05:58:01 2 46 4096 2783 5.0 0.8 16 7
05:58:02 2 39 4096 2783 7.6 0.8 16 7
05:58:03 2 41 4096 2783 7.0 0.8 16 7
05:58:04 2 41 4096 2783 6.9 0.8 16 7
05:58:05 2 41 4096 2783 7.1 0.8 16 7
05:58:06 2 41 4096 2783 6.9 0.8 16 7
05:58:07 2 41 4096 2783 6.9 0.8 16 7
05:58:08 2 41 4096 2783 7.1 0.8 16 7
05:58:10 2 41 4096 2783 7.1 0.8 16 7
05:58:11 2 41 4096 2783 6.9 0.8 16 7
05:58:12 2 41 4096 2783 7.1 0.8 16 7
05:58:13 2 41 4096 2783 6.9 0.9 16 7
05:58:14 2 41 4096 2783 7.0 0.9 16 7
05:58:15 2 41 4096 2783 7.1 0.9 16 7
05:58:16 2 41 4096 2783 7.0 0.9 16 7
05:58:17 2 41 4096 2783 7.0 0.9 16 7
05:58:18 2 41 4096 2783 7.1 0.9 16 7
05:58:19 2 41 4096 2783 6.9 0.9 16 7
05:58:20 2 41 4096 2783 7.1 0.9 16 7
05:58:21 2 41 4096 2783 7.0 0.9 16 7
05:58:22 2 41 4096 2783 6.9 0.9 16 7
05:58:23 2 41 4096 2783 7.1 0.9 16 7
05:58:24 2 41 4096 2783 6.9 0.9 16 7
05:58:25 2 41 4096 2783 6.9 0.9 16 7
05:58:26 2 41 4096 2783 7.1 0.9 16 7
05:58:28 2 41 4096 2783 6.9 0.9 16 7
05:58:29 2 41 4096 2783 7.0 0.9 16 7
05:58:30 2 41 4096 2783 7.1 0.9 16 7
05:58:31 2 41 4096 2783 7.0 0.9 16 7
05:58:32 2 41 4096 2783 6.9 0.9 16 7
05:58:33 2 41 4096 2783 7.1 0.9 16 7
05:58:34 2 41 4096 2783 6.9 0.9 16 7
05:58:35 2 41 4096 2783 7.1 0.9 16 7
05:58:36 2 41 4096 2783 6.9 0.9 16 7
05:58:37 2 39 4096 2783 7.7 0.8 16 7
05:58:38 2 46 4096 2783 5.2 0.8 16 7
05:58:39 2 46 4096 2783 5.2 0.8 16 7
05:58:40 2 47 4096 2783 5.1 0.8 16 7
05:58:41 2 39 4096 2783 7.6 0.9 16 7
05:58:42 2 41 4096 2783 7.1 0.9 16 7
05:58:43 2 41 4096 2783 7.0 0.9 16 7
05:58:45 2 41 4096 2783 7.1 0.9 16 7
05:58:46 2 41 4096 2783 6.9 0.9 16 7
05:58:47 2 41 4096 2783 6.8 0.9 16 7
05:58:48 2 41 4096 2783 7.1 0.9 16 7
05:58:49 2 41 4096 2783 7.0 0.9 16 7
05:58:50 2 41 4096 2783 6.9 0.9 16 7
05:58:51 2 41 4096 2783 7.1 0.9 16 7
05:58:52 2 41 4096 2783 7.0 0.9 16 7
05:58:53 2 41 4096 2783 6.9 0.9 16 7
05:58:54 2 41 4096 2783 6.9 0.9 16 7
05:58:55 2 41 4096 2783 6.9 0.9 16 7
05:58:56 2 41 4096 2783 7.1 0.9 16 7
05:58:57 2 41 4096 2783 6.9 0.9 16 7
05:58:58 2 41 4096 2783 6.9 0.9 16 7
05:58:59 2 41 4096 2783 7.1 0.9 16 7
05:59:00 2 41 4096 2783 6.9 0.9 16 7
05:59:02 2 41 4096 2783 7.0 0.9 16 7
05:59:03 2 40 4096 2783 7.2 0.9 16 7
05:59:04 2 41 4096 2783 6.9 0.9 16 7
05:59:05 2 41 4096 2783 6.9 0.9 16 7
05:59:06 2 41 4096 2783 7.1 0.9 16 7
05:59:07 2 41 4096 2783 6.9 0.9 16 7
05:59:08 2 41 4096 2783 6.9 0.9 16 7
05:59:09 2 41 4096 2783 7.1 0.9 16 7
05:59:10 2 41 4096 2783 7.1 0.9 16 7
05:59:11 2 41 4096 2783 7.1 0.9 16 7
05:59:12 2 41 4096 2783 7.0 0.9 16 7
05:59:13 2 41 4096 2783 6.9 0.9 16 7
05:59:14 2 41 4096 2783 7.1 0.9 16 7
05:59:15 2 39 4096 2783 7.7 0.8 16 7
05:59:16 2 46 4096 2783 5.2 0.8 16 7
05:59:17 2 46 4096 2783 5.2 0.8 16 7
05:59:19 2 47 4096 2783 5.0 0.8 16 7
05:59:20 2 39 4096 2783 7.5 0.9 16 7
05:59:21 2 41 4096 2783 7.1 0.9 16 7
05:59:22 2 41 4096 2783 6.9 0.9 16 7
05:59:23 2 41 4096 2783 7.0 0.9 16 7
05:59:24 2 41 4096 2783 6.9 0.9 16 7
05:59:25 2 41 4096 2783 6.9 0.9 16 7
05:59:26 2 41 4096 2783 7.1 0.9 16 7
05:59:27 2 41 4096 2783 6.9 0.9 16 7
05:59:28 2 41 4096 2783 7.0 0.9 16 7
05:59:29 2 40 4096 2775 7.2 0.9 16 7
05:59:30 2 40 4096 2775 7.2 0.8 16 7
05:59:31 2 40 4096 2775 7.2 0.8 16 7
05:59:32 2 40 4096 2775 7.2 0.8 16 7
05:59:33 2 40 4096 2775 7.2 0.8 16 7
05:59:34 2 40 4096 2775 7.2 0.8 16 7
05:59:36 2 40 4096 2775 7.2 0.8 16 7
05:59:37 2 40 4096 2775 7.2 0.8 16 7
05:59:38 2 40 4096 2775 7.2 0.8 16 7
05:59:39 2 40 4096 2775 7.2 0.8 16 7
05:59:40 2 40 4096 2775 7.2 0.8 16 7
05:59:41 2 40 4096 2775 7.2 0.8 16 7
05:59:42 2 40 4096 2775 7.2 0.8 16 7
05:59:43 2 40 4096 2775 7.2 0.8 16 7
05:59:44 2 40 4096 2775 7.2 0.8 16 7
05:59:45 2 40 4096 2775 7.2 0.8 16 7
05:59:46 2 40 4096 2775 7.1 0.8 16 7
05:59:47 2 40 4096 2775 7.2 0.8 16 7
05:59:48 2 41 4096 2775 7.0 0.8 16 7
05:59:49 2 41 4096 2775 7.0 0.8 16 7
05:59:50 2 41 4096 2775 7.1 0.8 16 7
05:59:51 2 41 4096 2775 7.1 0.8 16 7
05:59:53 2 41 4096 2775 6.9 0.8 16 7
05:59:54 2 40 4096 2775 7.1 0.8 16 7
05:59:55 2 39 4096 2775 7.7 0.8 16 7
05:59:56 2 46 4096 2775 5.1 0.8 16 7
05:59:57 2 46 4096 2775 5.2 0.8 16 7
05:59:58 2 46 4096 2775 5.1 0.8 16 7
05:59:59 2 39 4096 2775 7.6 0.8 16 7
06:00:00 2 40 4096 2775 7.1 0.8 16 7
06:00:01 2 41 4096 2775 6.9 0.8 16 7
06:00:02 2 40 4096 2775 7.1 0.8 16 7
06:00:03 2 40 4096 2775 7.2 0.8 16 7
06:00:04 2 40 4096 2775 7.2 0.7 16 7
06:00:05 2 40 4096 2775 7.2 0.7 16 7
06:00:06 2 40 4096 2775 7.2 0.7 16 7
06:00:07 2 40 4096 2775 7.2 0.7 16 7
06:00:08 2 40 4096 2775 7.2 0.7 16 7
06:00:10 2 41 4096 2775 6.9 0.7 16 7
06:00:11 2 41 4096 2775 6.9 0.7 16 7
06:00:12 2 40 4096 2775 7.1 0.7 16 7
06:00:13 2 41 4096 2775 6.9 0.7 16 7
06:00:14 2 41 4096 2775 6.9 0.7 16 7
06:00:15 2 40 4096 2775 7.1 0.7 16 7
06:00:16 2 41 4096 2775 6.9 0.7 16 7
06:00:17 2 40 4096 2775 7.1 0.6 16 7
06:00:18 2 40 4096 2775 7.1 0.6 16 7
06:00:19 2 40 4096 2775 7.0 0.6 16 7
06:00:20 2 40 4096 2775 7.1 0.6 16 7
06:00:21 2 40 4096 2775 7.0 0.6 16 7
06:00:22 2 40 4096 2775 7.1 0.6 16 7
06:00:23 2 40 4096 2775 7.1 0.6 16 7
06:00:24 2 40 4096 2775 7.1 0.6 16 7
06:00:25 2 40 4096 2775 7.0 0.6 16 7
06:00:27 2 40 4096 2775 7.1 0.6 16 7
06:00:28 2 40 4096 2775 7.0 0.6 16 7
06:00:29 2 40 4096 2775 7.1 0.6 16 7
06:00:30 2 40 4096 2775 7.1 0.6 16 7
06:00:31 2 40 4096 2775 7.1 0.6 16 7
06:00:32 2 40 4096 2775 7.0 0.6 16 7
06:00:33 2 40 4096 2775 7.1 0.6 16 7
06:00:34 2 38 4096 2775 7.8 0.6 16 7
06:00:35 2 45 4096 2775 5.2 0.6 16 7
06:00:36 2 45 4096 2775 5.2 0.6 16 7
06:00:37 2 46 4096 2775 5.2 0.6 16 7
06:00:38 2 40 4096 2775 7.1 0.6 16 7
06:00:39 2 40 4096 2775 7.0 0.6 16 7
06:00:40 2 40 4096 2775 7.0 0.6 16 7
06:00:41 2 40 4096 2775 7.1 0.6 16 7
06:00:42 2 40 4096 2775 7.0 0.6 16 7
06:00:44 2 40 4096 2775 7.1 0.6 16 7
06:00:45 2 40 4096 2775 7.1 0.6 16 7
06:00:46 2 40 4096 2775 7.0 0.6 16 7
06:00:47 2 40 4096 2775 7.0 0.6 16 7
06:00:48 2 40 4096 2775 7.1 0.6 16 7
06:00:49 2 40 4096 2775 7.0 0.6 16 7
06:00:50 2 40 4096 2775 7.1 0.6 16 7
06:00:51 2 40 4096 2775 7.0 0.6 16 7
06:00:52 2 40 4096 2775 7.0 0.6 16 7
06:00:53 2 40 4096 2775 7.1 0.6 16 7
06:00:54 2 40 4096 2775 7.0 0.6 16 7
06:00:55 2 40 4096 2775 7.0 0.6 16 7
06:00:56 2 40 4096 2775 7.1 0.6 16 7
06:00:57 2 40 4096 2775 7.1 0.6 16 7
06:00:58 2 40 4096 2775 7.0 0.6 16 7
06:00:59 2 40 4096 2775 7.1 0.6 16 7
06:01:01 2 40 4096 2775 7.1 0.6 16 7
06:01:02 2 40 4096 2775 7.0 0.6 16 7
06:01:03 2 40 4096 2775 7.1 0.6 16 7
06:01:04 2 40 4096 2775 7.0 0.6 16 7
06:01:05 2 40 4096 2775 7.1 0.6 16 7
06:01:06 2 40 4096 2775 7.1 0.6 16 7
06:01:07 2 40 4096 2775 7.0 0.6 16 7
06:01:08 2 40 4096 2775 7.1 0.6 16 7
06:01:09 2 40 4096 2775 7.1 0.6 16 7
06:01:10 2 40 4096 2775 7.1 0.6 16 7
06:01:11 2 40 4096 2775 7.1 0.6 16 7
06:01:12 2 38 4096 2775 7.6 0.6 16 7
06:01:13 2 45 4096 2775 5.2 0.6 16 7
06:01:14 2 45 4096 2775 5.2 0.6 16 7
06:01:15 2 46 4096 2775 5.1 0.6 16 7
06:01:16 2 38 4096 2775 7.7 0.6 16 7
06:01:17 2 40 4096 2775 7.1 0.6 16 7
06:01:19 2 40 4096 2775 7.0 0.6 16 7
06:01:20 2 40 4096 2775 7.0 0.6 16 7
06:01:21 2 40 4096 2775 7.1 0.6 16 7
06:01:22 2 40 4096 2775 7.0 0.6 16 7
06:01:23 2 40 4096 2775 7.0 0.6 16 7
06:01:24 2 40 4096 2775 7.1 0.6 16 7
06:01:25 2 40 4096 2775 7.1 0.6 16 7
06:01:26 2 40 4096 2775 7.1 0.6 16 7
06:01:27 2 40 4096 2775 7.1 0.6 16 7
06:01:28 2 40 4096 2775 7.1 0.6 16 7
06:01:29 2 40 4096 2775 7.1 0.6 16 7
06:01:30 2 40 4096 2775 7.0 0.6 16 7
06:01:31 2 40 4096 2775 7.1 0.6 16 7
06:01:32 2 40 4096 2775 7.1 0.6 16 7
06:01:33 2 40 4096 2775 7.1 0.6 16 7
06:01:34 2 40 4096 2775 7.0 0.6 16 7
06:01:36 2 40 4096 2775 7.1 0.6 16 7
06:01:37 2 40 4096 2775 7.0 0.6 16 7
06:01:38 2 40 4096 2775 7.0 0.6 16 7
06:01:39 2 40 4096 2775 7.1 0.6 16 7
06:01:40 2 40 4096 2775 7.1 0.6 16 7
06:01:41 2 40 4096 2775 7.0 0.6 16 7
06:01:42 2 40 4096 2775 7.1 0.6 16 7
06:01:43 2 40 4096 2775 7.1 0.6 16 7
06:01:44 2 40 4096 2775 7.1 0.6 16 7
06:01:45 2 40 4096 2775 7.1 0.6 16 7
06:01:46 2 40 4096 2775 7.0 0.6 16 7
06:01:47 2 40 4096 2775 7.1 0.6 16 7
06:01:48 2 40 4096 2775 7.1 0.6 16 7
06:01:49 2 40 4096 2775 7.0 0.6 16 7
06:01:50 2 40 4096 2775 7.1 0.6 16 7
06:01:51 2 38 4096 2775 7.8 0.6 16 7
06:01:52 2 46 4096 2775 5.1 0.6 16 7
06:01:54 2 45 4096 2775 5.3 0.6 16 7
06:01:55 2 46 4096 2775 5.1 0.6 16 7
06:01:56 1 74 4096 2775 3.1 0.8 16 7
