time pressure_lvl free_pct swap_total_MB swap_used_MB wired_GB child_rss_GB disk_int_GB disk_ssd_GB
20:23:24 1 82 4096 3597 2.9 0.0 15 9
20:23:25 1 82 4096 3597 2.9 0.3 15 9
20:23:26 1 82 4096 3597 2.9 0.3 15 9
20:23:27 1 82 4096 3597 2.9 0.4 15 9
20:23:28 1 82 4096 3597 3.1 1.4 15 9
20:23:29 1 82 4096 3597 2.9 6.8 15 9
20:23:30 1 74 4096 3597 2.9 8.5 15 9
20:23:31 1 79 4096 3597 2.9 10.8 15 9
20:23:32 1 57 4096 3597 2.9 5.3 15 9
20:23:33 1 56 4096 3597 2.9 6.7 15 9
20:23:35 2 45 4096 3597 2.9 4.6 15 9
20:23:36 1 52 4096 3597 2.9 6.6 15 9
20:23:37 1 66 4096 3597 2.9 9.1 15 9
20:23:38 1 73 4096 3597 2.9 10.5 15 9
20:23:39 1 74 4096 3597 2.9 11.0 15 9
20:23:40 1 74 4096 3597 2.8 11.0 15 9
20:23:41 1 74 4096 3597 3.0 10.9 15 9
20:23:42 1 74 4096 3597 3.0 11.0 15 9
20:23:43 1 56 4096 3597 7.0 7.4 15 9
20:23:44 1 48 4096 3597 6.8 5.3 15 9
20:23:45 1 47 4096 3597 6.8 5.2 15 9
20:23:46 1 47 4096 3597 6.8 5.1 15 9
20:23:47 1 47 4096 3597 6.8 5.1 15 9
20:23:48 1 47 4096 3597 6.8 5.1 15 9
20:23:49 1 48 4096 3597 6.8 5.1 15 9
20:23:50 1 48 4096 3597 6.8 5.1 15 9
20:23:52 1 48 4096 3597 6.8 5.1 15 9
20:23:53 1 48 4096 3597 6.8 5.1 15 9
20:23:54 1 48 4096 3597 6.8 5.1 15 9
20:23:55 1 49 4096 3597 6.8 5.1 15 9
20:23:56 1 49 4096 3597 6.8 5.1 15 9
20:23:57 1 49 4096 3597 6.8 5.1 15 9
20:23:58 1 49 4096 3597 6.8 5.1 15 9
20:23:59 1 49 4096 3597 6.8 5.1 15 9
20:24:00 1 49 4096 3597 6.8 5.1 15 9
20:24:01 1 49 4096 3597 6.8 5.1 15 9
20:24:02 1 49 4096 3597 6.8 5.1 15 9
20:24:03 1 49 4096 3597 6.8 5.1 15 9
20:24:04 1 49 4096 3597 6.8 5.1 15 9
20:24:05 1 49 4096 3597 6.8 5.1 15 9
20:24:06 1 49 4096 3597 6.8 5.1 15 9
20:24:07 1 49 4096 3597 6.8 5.1 15 9
20:24:09 1 49 4096 3597 6.8 5.1 15 9
20:24:10 1 49 4096 3597 6.8 5.1 15 9
20:24:11 1 49 4096 3597 6.8 5.1 15 9
20:24:12 1 49 4096 3597 6.8 5.1 15 9
20:24:13 1 49 4096 3597 6.8 5.1 15 9
20:24:14 1 49 4096 3597 6.9 5.1 15 9
20:24:15 1 49 4096 3597 6.8 5.1 15 9
20:24:16 1 49 4096 3597 6.8 5.1 15 9
20:24:17 1 49 4096 3597 6.8 5.1 15 9
20:24:18 1 48 4096 3597 7.5 5.2 15 9
20:24:19 1 55 4096 3597 5.1 5.2 15 9
20:24:20 1 55 4096 3597 5.0 5.2 15 9
20:24:21 1 55 4096 3597 5.0 5.2 15 9
20:24:22 1 55 4096 3597 4.9 5.2 15 9
20:24:23 1 48 4096 3597 7.4 5.3 15 9
20:24:24 1 50 4096 3597 6.8 5.3 15 9
20:24:26 1 50 4096 3597 6.8 5.3 15 9
20:24:27 1 50 4096 3597 6.8 5.3 15 9
20:24:28 1 50 4096 3597 6.8 5.3 15 9
20:24:29 1 50 4096 3597 6.9 5.3 15 9
20:24:30 1 50 4096 3597 6.8 5.3 15 9
20:24:31 1 50 4096 3597 6.8 5.3 15 9
20:24:32 1 50 4096 3597 6.8 5.3 15 9
20:24:33 1 50 4096 3597 6.8 5.3 15 9
20:24:34 1 50 4096 3597 6.8 5.3 15 9
20:24:35 1 50 4096 3597 6.8 5.3 15 9
20:24:36 1 50 4096 3597 6.8 5.3 15 9
20:24:37 1 50 4096 3597 6.8 5.3 15 9
20:24:38 1 50 4096 3597 6.8 5.3 15 9
20:24:39 1 50 4096 3597 6.8 5.3 15 9
20:24:40 1 50 4096 3597 6.8 5.3 15 9
20:24:41 1 50 4096 3597 6.8 5.3 15 9
20:24:42 1 50 4096 3597 6.8 5.3 15 9
20:24:44 1 50 4096 3597 6.8 5.3 15 9
20:24:45 1 50 4096 3597 6.8 5.3 15 9
20:24:46 1 50 4096 3597 6.8 5.3 15 9
20:24:47 1 50 4096 3597 6.8 5.3 15 9
20:24:48 1 50 4096 3597 6.8 5.3 15 9
20:24:49 1 50 4096 3597 6.8 5.3 15 9
20:24:50 1 50 4096 3597 6.8 5.3 15 9
20:24:51 1 50 4096 3597 6.8 5.3 15 9
20:24:52 1 50 4096 3597 6.8 5.3 15 9
20:24:53 1 50 4096 3597 6.8 5.3 15 9
20:24:54 1 50 4096 3597 6.8 5.3 15 9
20:24:55 1 50 4096 3597 6.8 5.3 15 9
20:24:56 1 50 4096 3597 6.8 5.3 15 9
20:24:57 1 48 4096 3597 7.5 5.2 15 9
20:24:58 1 48 4096 3597 7.5 5.2 15 9
20:24:59 1 56 4096 3597 4.9 5.2 15 9
20:25:01 1 56 4096 3597 4.9 5.2 15 9
20:25:02 1 56 4096 3597 5.0 5.2 15 9
20:25:03 1 49 4096 3597 7.4 5.3 15 9
20:25:04 1 50 4096 3597 6.8 5.3 15 9
20:25:05 1 50 4096 3597 6.8 5.3 15 9
20:25:06 1 50 4096 3597 6.8 5.3 15 9
20:25:07 1 50 4096 3597 6.8 5.3 15 9
20:25:08 1 51 4096 3597 6.8 5.3 15 9
20:25:09 1 51 4096 3597 6.8 5.3 15 9
20:25:10 1 51 4096 3597 6.8 5.3 15 9
20:25:11 1 51 4096 3597 6.8 5.3 15 9
20:25:12 1 51 4096 3597 6.8 5.3 15 9
20:25:13 1 51 4096 3597 6.8 5.3 15 9
20:25:14 1 51 4096 3597 6.8 5.3 15 9
20:25:15 1 50 4096 3597 6.8 5.3 15 9
20:25:16 1 50 4096 3597 6.8 5.3 15 9
20:25:17 1 50 4096 3597 6.8 5.3 15 9
20:25:19 1 50 4096 3597 6.8 5.3 15 9
20:25:20 1 50 4096 3597 6.8 5.2 15 9
20:25:21 1 50 4096 3597 6.8 5.2 15 9
20:25:22 1 50 4096 3597 6.8 5.2 15 9
20:25:23 1 50 4096 3597 6.8 5.2 15 9
20:25:24 1 50 4096 3597 6.8 5.2 15 9
20:25:25 1 50 4096 3597 6.8 5.2 15 9
20:25:26 1 50 4096 3597 6.8 5.2 15 9
20:25:27 1 50 4096 3597 6.8 5.2 15 9
20:25:28 1 50 4096 3597 6.8 5.2 15 9
20:25:29 1 50 4096 3597 6.8 5.2 15 9
20:25:30 1 50 4096 3597 6.8 5.2 15 9
20:25:31 1 49 4096 3597 6.8 4.9 15 9
20:25:32 1 49 4096 3597 6.8 4.9 15 9
20:25:33 1 49 4096 3597 6.8 4.9 15 9
20:25:35 1 49 4096 3597 6.8 3.6 15 9
20:25:36 1 45 4096 3597 6.8 3.6 15 9
20:25:37 1 43 4096 3597 7.5 3.5 15 9
20:25:38 1 50 4096 3597 4.9 3.5 15 9
20:25:39 1 50 4096 3597 4.9 3.5 15 9
20:25:40 1 50 4096 3597 4.9 3.5 15 9
20:25:41 1 43 4096 3597 7.4 3.4 15 9
20:25:42 1 44 4096 3597 6.9 3.1 15 9
20:25:43 1 45 4096 3597 6.8 3.1 15 9
20:25:44 1 44 4096 3597 6.8 3.1 15 9
20:25:45 1 44 4096 3597 6.8 3.1 15 9
20:25:46 1 44 4096 3597 6.8 3.1 15 9
20:25:47 1 44 4096 3597 6.8 3.1 15 9
20:25:48 1 44 4096 3597 6.8 3.1 15 9
20:25:49 1 44 4096 3597 6.8 3.1 15 9
20:25:51 1 44 4096 3597 6.8 3.1 15 9
20:25:52 1 44 4096 3597 6.8 3.1 15 9
20:25:53 1 44 4096 3597 6.8 3.1 15 9
20:25:54 1 44 4096 3597 6.8 3.1 15 9
20:25:55 1 44 4096 3597 6.8 3.1 15 9
20:25:56 1 44 4096 3597 6.8 3.1 15 9
20:25:57 1 44 4096 3597 6.8 3.1 15 9
20:25:58 1 44 4096 3597 6.8 3.1 15 9
20:25:59 1 44 4096 3597 6.8 3.1 15 9
20:26:00 1 44 4096 3597 6.8 3.1 15 9
20:26:01 1 44 4096 3597 6.8 3.1 15 9
20:26:02 1 44 4096 3597 6.8 3.1 15 9
20:26:03 1 44 4096 3597 6.8 3.1 15 9
20:26:04 1 44 4096 3597 6.8 3.1 15 9
20:26:05 1 44 4096 3597 6.8 3.1 15 9
20:26:06 1 44 4096 3597 6.8 3.1 15 9
20:26:08 1 44 4096 3597 6.8 3.1 15 9
20:26:09 1 44 4096 3597 6.8 3.1 15 9
20:26:10 1 44 4096 3597 6.8 3.1 15 9
20:26:11 1 44 4096 3597 6.8 3.1 15 9
20:26:12 1 44 4096 3597 6.8 3.1 15 9
20:26:13 1 44 4096 3597 6.8 3.1 15 9
20:26:14 1 44 4096 3597 6.8 3.1 15 9
20:26:15 1 44 4096 3597 6.8 3.1 15 9
20:26:16 1 42 4096 3597 7.5 3.1 15 9
20:26:17 1 50 4096 3597 4.9 3.1 15 9
20:26:18 1 50 4096 3597 4.9 3.1 15 9
20:26:19 1 50 4096 3597 4.9 3.1 15 9
20:26:20 1 43 4096 3597 7.4 3.1 15 9
20:26:21 1 44 4096 3597 6.8 3.1 15 9
20:26:22 1 44 4096 3597 6.8 3.1 15 9
20:26:23 1 44 4096 3597 6.8 3.1 15 9
20:26:24 1 44 4096 3597 6.8 3.1 15 9
20:26:26 1 44 4096 3597 6.8 3.1 15 9
20:26:27 1 44 4096 3597 6.8 3.1 15 9
20:26:28 1 44 4096 3597 6.8 3.1 15 9
20:26:29 1 44 4096 3597 6.8 3.1 15 9
20:26:30 1 44 4096 3597 6.8 3.1 15 9
20:26:31 1 44 4096 3597 6.8 3.1 15 9
20:26:32 1 44 4096 3597 6.8 3.1 15 9
20:26:33 1 44 4096 3597 6.8 3.1 15 9
20:26:34 1 44 4096 3597 6.8 3.1 15 9
20:26:35 1 44 4096 3597 6.8 3.1 15 9
20:26:36 1 44 4096 3597 6.8 3.1 15 9
20:26:37 1 44 4096 3597 6.8 3.1 15 9
20:26:38 1 44 4096 3597 6.8 3.1 15 9
20:26:39 1 44 4096 3597 6.8 3.1 15 9
20:26:40 1 44 4096 3597 6.8 3.1 15 9
20:26:41 1 44 4096 3597 6.8 3.1 15 9
20:26:42 1 44 4096 3597 6.8 3.1 15 9
20:26:44 1 45 4096 3597 6.8 3.1 15 9
20:26:45 1 45 4096 3597 6.8 3.1 15 9
20:26:46 1 44 4096 3597 6.8 3.1 15 9
20:26:47 1 44 4096 3597 6.8 3.1 15 9
20:26:48 1 44 4096 3597 6.8 3.1 15 9
20:26:49 1 44 4096 3597 6.8 3.1 15 9
20:26:50 1 44 4096 3597 6.8 3.1 15 9
20:26:51 1 45 4096 3597 6.8 3.1 15 9
20:26:52 1 45 4096 3597 6.8 3.1 15 9
20:26:53 1 49 4096 3597 6.8 2.9 15 9
20:26:54 1 48 4096 3597 6.9 2.9 15 9
20:26:55 1 47 4096 3597 7.4 2.9 15 9
20:26:56 1 54 4096 3597 4.9 2.9 15 9
20:26:57 1 54 4096 3597 4.9 2.9 15 9
20:26:58 1 54 4096 3597 4.9 3.0 15 9
20:26:59 1 47 4096 3597 7.4 3.0 15 9
20:27:00 1 49 4096 3597 6.8 3.0 15 9
20:27:02 1 49 4096 3597 6.8 3.0 15 9
20:27:03 1 49 4096 3597 6.8 3.0 15 9
20:27:04 1 49 4096 3597 6.8 3.0 15 9
20:27:05 1 49 4096 3597 6.8 3.0 15 9
20:27:06 1 49 4096 3597 6.8 3.0 15 9
20:27:07 1 49 4096 3597 6.8 3.0 15 9
20:27:08 1 49 4096 3597 6.8 3.0 15 9
20:27:09 1 49 4096 3597 6.8 3.0 15 9
20:27:10 1 49 4096 3597 6.8 3.0 15 9
20:27:11 1 49 4096 3597 6.8 3.0 15 9
20:27:12 1 49 4096 3597 6.8 3.0 15 9
20:27:13 1 49 4096 3597 6.8 3.0 15 9
20:27:14 1 49 4096 3597 6.8 3.0 15 9
20:27:15 1 49 4096 3597 6.8 3.0 15 9
20:27:16 1 49 4096 3597 6.8 3.0 15 9
20:27:17 1 49 4096 3597 6.8 3.0 15 9
20:27:19 1 49 4096 3597 6.8 3.0 15 9
20:27:20 1 49 4096 3597 6.8 3.0 15 9
20:27:21 1 49 4096 3597 6.8 3.0 15 9
20:27:22 1 49 4096 3597 6.8 3.0 15 9
20:27:23 1 49 4096 3597 6.8 3.0 15 9
20:27:24 1 49 4096 3597 6.8 3.0 15 9
20:27:25 1 49 4096 3597 6.8 3.0 15 9
20:27:26 1 49 4096 3597 6.8 3.0 15 9
20:27:27 1 49 4096 3597 6.8 3.0 15 9
20:27:28 1 49 4096 3597 6.8 3.0 15 9
20:27:29 1 49 4096 3597 6.8 3.0 15 9
20:27:30 1 49 4096 3597 6.8 3.0 15 9
20:27:31 1 49 4096 3597 6.8 3.0 15 9
20:27:32 1 49 4096 3597 6.8 3.0 15 9
20:27:33 1 47 4096 3597 7.5 3.0 15 9
20:27:34 1 55 4096 3597 4.9 3.0 15 9
20:27:36 1 55 4096 3597 4.9 3.0 15 9
20:27:37 1 55 4096 3597 4.9 3.0 15 9
20:27:38 1 47 4096 3597 7.4 3.0 15 9
20:27:39 1 49 4096 3597 6.8 3.0 15 9
20:27:40 1 49 4096 3597 6.8 3.0 15 9
20:27:41 1 49 4096 3597 6.8 3.0 15 9
20:27:42 1 49 4096 3597 6.8 3.0 15 9
20:27:43 1 49 4096 3597 6.8 3.0 15 9
20:27:44 1 49 4096 3597 6.8 3.0 15 9
20:27:45 1 49 4096 3597 6.8 3.0 15 9
20:27:46 1 49 4096 3597 6.8 3.0 15 9
20:27:47 1 49 4096 3597 6.8 3.0 15 9
20:27:48 1 49 4096 3597 6.8 3.0 15 9
20:27:49 1 49 4096 3597 6.8 3.0 15 9
20:27:50 1 49 4096 3597 6.8 3.0 15 9
20:27:51 1 49 4096 3597 6.8 3.0 15 9
20:27:52 1 49 4096 3597 6.8 3.0 15 9
20:27:54 1 49 4096 3597 6.8 3.0 15 9
20:27:55 1 49 4096 3597 6.8 3.0 15 9
20:27:56 1 49 4096 3597 6.8 3.0 15 9
20:27:57 1 49 4096 3597 6.8 3.0 15 9
20:27:58 1 49 4096 3597 6.8 3.0 15 9
20:27:59 1 49 4096 3597 6.8 3.0 15 9
20:28:00 1 49 4096 3597 6.8 3.0 15 9
20:28:01 1 49 4096 3597 6.8 3.0 15 9
20:28:02 1 49 4096 3597 6.8 3.0 15 9
20:28:03 1 49 4096 3597 6.8 3.0 15 9
20:28:04 1 49 4096 3597 6.8 3.0 15 9
20:28:05 1 49 4096 3597 6.8 3.0 15 9
20:28:06 1 49 4096 3597 6.8 3.0 15 9
20:28:07 1 49 4096 3597 6.8 3.0 15 9
20:28:08 1 49 4096 3597 6.8 3.0 15 9
20:28:09 1 49 4096 3597 6.8 3.0 15 9
20:28:10 1 49 4096 3597 6.8 3.0 15 9
20:28:12 1 49 4096 3597 6.9 3.0 15 9
20:28:13 1 47 4096 3597 7.4 3.0 15 9
20:28:14 1 55 4096 3597 4.9 3.0 15 9
20:28:15 1 55 4096 3597 4.9 3.0 15 9
20:28:16 1 48 4096 3597 7.4 3.0 15 9
20:28:17 1 48 4096 3597 7.4 3.0 15 9
20:28:18 1 49 4096 3597 6.8 3.0 15 9
20:28:19 1 49 4096 3597 6.8 3.0 15 9
20:28:20 1 49 4096 3597 6.8 3.0 15 9
20:28:21 1 49 4096 3597 6.8 3.0 15 9
20:28:22 1 49 4096 3597 6.8 3.0 15 9
20:28:23 1 49 4096 3597 6.8 3.0 15 9
20:28:24 1 49 4096 3597 6.8 3.0 15 9
20:28:25 1 49 4096 3597 6.8 3.0 15 9
20:28:26 1 49 4096 3597 6.8 3.0 15 9
20:28:27 1 49 4096 3597 6.8 3.0 15 9
20:28:29 1 49 4096 3597 6.8 3.0 15 9
20:28:30 1 49 4096 3597 6.8 3.0 15 9
20:28:31 1 49 4096 3597 6.8 3.0 15 9
20:28:32 1 49 4096 3597 6.8 3.0 15 9
20:28:33 1 49 4096 3597 6.8 3.0 15 9
20:28:34 1 49 4096 3597 6.8 3.0 15 9
20:28:35 1 49 4096 3597 6.8 3.0 15 9
20:28:36 1 49 4096 3597 6.8 3.0 15 9
20:28:37 1 49 4096 3597 6.8 3.0 15 9
20:28:38 1 49 4096 3597 6.8 3.0 15 9
20:28:39 1 49 4096 3597 6.8 3.0 15 9
20:28:40 1 49 4096 3597 6.8 3.0 15 9
20:28:41 1 49 4096 3597 6.8 3.0 15 9
20:28:42 1 49 4096 3597 6.8 3.0 15 9
20:28:43 1 49 4096 3597 6.8 3.0 15 9
20:28:44 1 49 4096 3597 6.8 3.0 15 9
20:28:45 1 49 4096 3597 6.8 3.0 15 9
20:28:47 1 49 4096 3597 6.8 3.0 15 9
20:28:48 1 49 4096 3597 6.8 3.0 15 9
20:28:49 1 49 4096 3597 6.8 3.0 15 9
20:28:50 1 49 4096 3597 6.8 3.0 15 9
20:28:51 1 47 4096 3597 7.5 3.0 15 9
20:28:52 1 55 4096 3597 4.9 3.0 15 9
20:28:53 1 55 4096 3597 4.9 3.0 15 9
20:28:54 1 55 4096 3597 4.9 3.0 15 9
20:28:55 1 48 4096 3597 7.4 3.0 15 9
20:28:56 1 49 4096 3597 6.8 3.0 15 9
20:28:57 1 49 4096 3597 6.8 3.0 15 9
20:28:58 1 49 4096 3597 6.8 3.0 15 9
20:28:59 1 49 4096 3597 6.8 3.0 15 9
20:29:00 1 49 4096 3597 6.8 3.0 15 9
20:29:01 1 49 4096 3597 6.8 3.0 15 9
20:29:02 1 49 4096 3589 6.8 3.0 15 9
20:29:03 1 50 4096 3589 6.8 3.0 15 9
20:29:05 1 49 4096 3589 6.8 3.0 15 9
20:29:06 1 49 4096 3589 6.8 3.0 15 9
20:29:07 1 49 4096 3589 6.8 3.0 15 9
20:29:08 1 49 4096 3589 6.8 3.0 15 9
20:29:09 1 49 4096 3589 6.8 3.0 15 9
20:29:10 1 49 4096 3589 6.8 3.0 15 9
20:29:11 1 50 4096 3589 6.8 3.0 15 9
20:29:12 1 49 4096 3589 6.8 3.0 15 9
20:29:13 1 50 4096 3589 6.8 3.0 15 9
20:29:14 1 49 4096 3589 6.8 3.0 15 9
20:29:15 1 50 4096 3589 6.8 3.0 15 9
20:29:16 1 50 4096 3589 6.8 3.0 15 9
20:29:17 1 50 4096 3589 6.8 3.0 15 9
20:29:18 1 49 4096 3589 6.8 3.0 15 9
20:29:19 1 50 4096 3589 6.8 3.0 15 9
20:29:20 1 50 4096 3589 6.8 3.0 15 9
20:29:22 1 49 4096 3589 6.8 3.0 15 9
20:29:23 1 50 4096 3589 6.8 3.0 15 9
20:29:24 1 50 4096 3589 6.8 3.0 15 9
20:29:25 1 50 4096 3589 6.8 3.0 15 9
20:29:26 1 50 4096 3589 6.8 3.0 15 9
20:29:27 1 50 4096 3589 6.8 3.0 15 9
20:29:28 1 50 4096 3589 6.8 3.0 15 9
20:29:29 1 47 4096 3589 7.5 3.0 15 9
20:29:30 1 55 4096 3589 4.9 3.0 15 9
20:29:31 1 55 4096 3589 4.9 3.0 15 9
20:29:32 1 55 4096 3589 4.9 3.0 15 9
20:29:33 1 48 4096 3589 7.4 3.0 15 9
20:29:34 1 49 4096 3589 6.8 3.0 15 9
20:29:35 1 49 4096 3589 6.8 3.0 15 9
20:29:36 1 49 4096 3589 6.8 3.0 15 9
20:29:37 1 49 4096 3589 6.8 3.0 15 9
20:29:38 1 49 4096 3589 6.8 3.0 15 9
20:29:40 1 49 4096 3589 6.8 3.0 15 9
20:29:41 1 49 4096 3589 6.8 3.0 15 9
20:29:42 1 49 4096 3589 6.8 3.0 15 9
20:29:43 1 49 4096 3589 6.8 3.0 15 9
20:29:44 1 49 4096 3589 6.8 3.0 15 9
20:29:45 1 49 4096 3589 6.8 3.0 15 9
20:29:46 1 50 4096 3589 6.8 3.0 15 9
20:29:47 1 49 4096 3589 6.8 3.0 15 9
20:29:48 1 49 4096 3589 6.8 3.0 15 9
20:29:49 1 49 4096 3589 6.8 3.0 15 9
20:29:50 1 49 4096 3589 6.8 3.0 15 9
20:29:51 1 49 4096 3589 6.8 3.0 15 9
20:29:52 1 50 4096 3589 6.8 3.0 15 9
20:29:53 1 50 4096 3589 6.8 3.0 15 9
20:29:54 1 50 4096 3589 6.8 3.0 15 9
20:29:55 1 50 4096 3589 6.8 3.0 15 9
20:29:57 1 50 4096 3589 6.8 3.0 15 9
20:29:58 1 50 4096 3589 6.8 3.0 15 9
20:29:59 1 50 4096 3589 6.8 3.0 15 9
20:30:00 1 49 4096 3589 6.8 3.0 15 9
20:30:01 1 50 4096 3589 6.8 3.0 15 9
20:30:02 1 50 4096 3589 6.8 3.0 15 9
20:30:03 1 49 4096 3589 6.9 3.0 15 9
20:30:04 1 49 4096 3589 6.9 3.0 15 9
20:30:05 1 49 4096 3589 6.8 3.0 15 9
20:30:06 1 50 4096 3589 6.8 3.0 15 9
20:30:07 1 50 4096 3589 6.8 3.0 15 9
20:30:08 1 47 4096 3589 7.5 3.0 15 9
20:30:09 1 55 4096 3589 4.9 3.0 15 9
20:30:10 1 55 4096 3589 4.9 3.0 15 9
20:30:11 1 55 4096 3589 5.0 3.0 15 9
20:30:12 1 48 4096 3589 7.5 3.0 15 9
20:30:13 1 49 4096 3589 6.9 3.0 15 9
20:30:15 1 49 4096 3589 7.1 3.0 15 9
20:30:16 1 49 4096 3589 6.9 3.0 15 9
20:30:17 1 49 4096 3589 6.9 3.0 15 9
20:30:18 1 49 4096 3589 6.9 3.0 15 9
20:30:19 1 49 4096 3589 6.9 3.0 15 9
20:30:20 1 50 4096 3589 6.8 3.0 15 9
20:30:21 1 50 4096 3589 6.8 3.0 15 9
20:30:22 1 50 4096 3589 6.8 3.0 15 9
20:30:23 1 50 4096 3589 6.8 3.0 15 9
20:30:24 1 50 4096 3589 6.8 3.0 15 9
20:30:25 1 50 4096 3589 6.8 3.0 15 9
20:30:26 1 50 4096 3589 6.8 3.0 15 9
20:30:27 1 50 4096 3589 6.8 3.0 15 9
20:30:28 1 50 4096 3589 6.8 3.0 15 9
20:30:29 1 50 4096 3589 6.8 3.0 15 9
20:30:30 1 50 4096 3589 6.8 3.0 15 9
20:30:32 1 50 4096 3589 6.8 3.0 15 9
20:30:33 1 50 4096 3589 6.8 3.0 15 9
20:30:34 1 50 4096 3589 6.8 3.0 15 9
20:30:35 1 50 4096 3589 6.8 3.0 15 9
20:30:36 1 50 4096 3589 6.8 3.0 15 9
20:30:37 1 50 4096 3589 6.8 3.0 15 9
20:30:38 1 50 4096 3589 6.8 3.0 15 9
20:30:39 1 50 4096 3589 6.8 3.0 15 9
20:30:40 1 50 4096 3589 6.8 3.0 15 9
20:30:41 1 50 4096 3589 6.8 3.0 15 9
20:30:42 1 50 4096 3589 6.8 3.0 15 9
20:30:43 1 50 4096 3589 6.8 3.0 15 9
20:30:44 1 50 4096 3589 6.8 3.0 15 9
20:30:45 1 50 4096 3589 6.8 3.0 15 9
20:30:46 1 50 4096 3589 6.9 3.0 15 9
20:30:47 1 48 4096 3589 7.5 3.0 15 9
20:30:48 1 55 4096 3589 4.9 3.0 15 9
20:30:50 1 55 4096 3589 4.9 3.0 15 9
20:30:51 1 48 4096 3589 7.4 3.0 15 9
20:30:52 1 50 4096 3589 6.8 3.0 15 9
20:30:53 1 50 4096 3589 6.8 3.0 15 9
20:30:54 1 50 4096 3589 6.8 3.0 15 9
20:30:55 1 50 4096 3589 6.8 3.0 15 9
20:30:56 1 50 4096 3589 6.8 3.0 15 9
20:30:57 1 50 4096 3589 6.8 3.0 15 9
20:30:58 1 50 4096 3589 6.8 3.0 15 9
20:30:59 1 50 4096 3589 6.8 3.0 15 9
20:31:00 1 50 4096 3589 6.8 3.0 15 9
20:31:01 1 50 4096 3589 6.8 3.0 15 9
20:31:02 1 50 4096 3589 6.8 3.0 15 9
20:31:03 1 50 4096 3589 6.8 3.0 15 9
20:31:04 1 50 4096 3589 6.8 3.0 15 9
20:31:05 1 50 4096 3589 6.8 3.0 15 9
20:31:07 1 50 4096 3589 6.8 3.0 15 9
20:31:08 1 50 4096 3589 6.8 3.0 15 9
20:31:09 1 50 4096 3589 6.8 3.0 15 9
20:31:10 1 50 4096 3589 6.8 3.0 15 9
20:31:11 1 50 4096 3589 6.8 3.0 15 9
20:31:12 1 50 4096 3589 6.8 3.0 15 9
20:31:13 1 50 4096 3589 6.8 3.0 15 9
20:31:14 1 51 4096 3589 6.8 3.0 15 9
20:31:15 1 51 4096 3589 6.8 3.0 15 9
20:31:16 1 51 4096 3589 6.8 3.0 15 9
20:31:17 1 51 4096 3589 6.8 3.0 15 9
20:31:18 1 51 4096 3589 6.8 3.0 15 9
20:31:19 1 51 4096 3589 6.8 3.0 15 9
20:31:20 1 51 4096 3589 6.8 3.0 15 9
20:31:21 1 51 4096 3589 6.8 3.0 15 9
20:31:22 1 51 4096 3589 6.8 3.0 15 9
20:31:23 1 51 4096 3589 6.8 3.0 15 9
20:31:25 1 51 4096 3589 6.8 3.0 15 9
20:31:26 1 49 4096 3589 7.5 3.0 15 9
20:31:27 1 57 4096 3589 4.9 3.0 15 9
20:31:28 1 57 4096 3589 4.9 3.0 15 9
20:31:29 1 57 4096 3589 4.9 3.0 15 9
20:31:30 1 49 4096 3589 7.4 3.0 15 9
20:31:31 1 51 4096 3589 6.8 3.0 15 9
20:31:32 1 51 4096 3589 6.8 3.0 15 9
20:31:33 1 51 4096 3589 6.8 3.0 15 9
20:31:34 1 51 4096 3589 6.8 3.0 15 9
20:31:35 1 51 4096 3589 6.8 3.0 15 9
20:31:36 1 51 4096 3589 6.8 3.0 15 9
20:31:37 1 51 4096 3589 6.8 3.0 15 9
20:31:38 1 51 4096 3589 6.8 3.0 15 9
20:31:39 1 51 4096 3589 6.8 3.0 15 9
20:31:40 1 51 4096 3589 6.8 3.0 15 9
20:31:41 1 51 4096 3589 6.8 3.0 15 9
20:31:43 1 51 4096 3589 6.8 3.0 15 9
20:31:44 1 51 4096 3589 6.8 3.0 15 9
20:31:45 1 51 4096 3589 6.8 3.0 15 9
20:31:46 1 51 4096 3589 6.8 3.0 15 9
20:31:47 1 51 4096 3589 6.8 3.0 15 9
20:31:48 1 51 4096 3589 6.8 3.0 15 9
20:31:49 1 51 4096 3589 6.8 3.0 15 9
20:31:50 1 51 4096 3589 6.8 3.0 15 9
20:31:51 1 51 4096 3589 6.8 3.0 15 9
20:31:52 1 51 4096 3589 6.8 3.0 15 9
20:31:53 1 51 4096 3589 6.8 3.0 15 9
20:31:54 1 51 4096 3589 6.8 3.0 15 9
20:31:55 1 51 4096 3589 6.8 3.0 15 9
20:31:56 1 51 4096 3589 6.8 3.0 15 9
20:31:57 1 51 4096 3589 6.8 3.0 15 9
20:31:58 1 51 4096 3589 6.8 3.0 15 9
20:32:00 1 51 4096 3589 6.8 3.0 15 9
20:32:01 1 51 4096 3589 6.9 3.0 15 9
20:32:02 1 51 4096 3589 6.8 3.0 15 9
20:32:03 1 51 4096 3589 6.8 3.0 15 9
20:32:04 1 49 4096 3589 7.5 3.0 15 9
20:32:05 1 57 4096 3589 5.0 3.0 15 9
20:32:06 1 57 4096 3589 5.0 3.0 15 9
20:32:07 1 57 4096 3589 4.9 3.0 15 9
20:32:08 1 57 4096 3589 4.9 3.0 15 9
20:32:09 1 50 4096 3589 7.4 3.0 15 9
20:32:10 1 51 4096 3589 6.8 3.0 15 9
20:32:11 1 51 4096 3589 6.8 3.0 15 9
20:32:12 1 51 4096 3589 6.8 3.0 15 9
20:32:13 1 51 4096 3589 6.8 3.0 15 9
20:32:14 1 51 4096 3589 6.8 3.0 15 9
20:32:15 1 51 4096 3589 6.8 3.0 15 9
20:32:17 1 51 4096 3589 6.8 3.0 15 9
20:32:18 1 51 4096 3589 6.8 3.0 15 9
20:32:19 1 51 4096 3589 6.8 3.0 15 9
20:32:20 1 51 4096 3589 6.8 3.0 15 9
20:32:21 1 51 4096 3589 6.8 3.0 15 9
20:32:22 1 51 4096 3589 6.8 3.0 15 9
20:32:23 1 51 4096 3589 6.8 3.0 15 9
20:32:24 1 51 4096 3589 6.8 3.0 15 9
20:32:25 1 51 4096 3589 6.8 3.0 15 9
20:32:26 1 51 4096 3589 6.8 3.0 15 9
20:32:27 1 51 4096 3589 6.8 3.0 15 9
20:32:28 1 51 4096 3589 6.8 3.0 15 9
20:32:29 1 51 4096 3589 6.8 3.0 15 9
20:32:30 1 51 4096 3589 6.8 3.0 15 9
20:32:31 1 51 4096 3589 6.8 3.0 15 9
20:32:32 1 51 4096 3589 6.8 3.0 15 9
20:32:33 1 51 4096 3589 6.8 3.0 15 9
20:32:35 1 51 4096 3589 6.8 3.0 15 9
20:32:36 1 51 4096 3589 6.8 3.0 15 9
20:32:37 1 51 4096 3589 6.8 3.0 15 9
20:32:38 1 51 4096 3589 6.8 3.0 15 9
20:32:39 1 51 4096 3589 6.8 3.0 15 9
20:32:40 1 51 4096 3589 6.8 3.0 15 9
20:32:41 1 51 4096 3589 6.8 3.0 15 9
20:32:42 1 51 4096 3589 6.8 3.0 15 9
20:32:43 1 49 4096 3589 7.5 3.0 15 9
20:32:44 1 57 4096 3589 4.9 3.0 15 9
20:32:45 1 57 4096 3589 4.9 3.0 15 9
20:32:46 1 57 4096 3589 4.9 3.0 15 9
20:32:47 1 50 4096 3589 7.4 3.0 15 9
20:32:48 1 51 4096 3589 6.8 3.0 15 9
20:32:49 1 51 4096 3589 6.8 3.0 15 9
20:32:50 1 51 4096 3589 6.8 3.0 15 9
20:32:52 1 51 4096 3589 6.8 3.0 15 9
20:32:53 1 51 4096 3589 6.8 3.0 15 9
20:32:54 1 51 4096 3589 6.8 3.0 15 9
20:32:55 1 51 4096 3589 6.8 3.0 15 9
20:32:56 1 51 4096 3589 6.8 3.0 15 9
20:32:57 1 51 4096 3589 6.8 3.0 15 9
20:32:58 1 51 4096 3589 6.8 3.0 15 9
20:32:59 1 51 4096 3589 6.8 3.0 15 9
20:33:00 1 51 4096 3589 6.8 3.0 15 9
20:33:01 1 51 4096 3589 6.8 3.0 15 9
20:33:02 1 51 4096 3589 6.8 3.0 15 9
20:33:03 1 51 4096 3589 6.8 3.0 15 9
20:33:04 1 51 4096 3589 6.8 3.0 15 9
20:33:05 1 51 4096 3589 6.8 3.0 15 9
20:33:06 1 51 4096 3589 6.8 3.0 15 9
20:33:07 1 51 4096 3589 6.8 3.0 15 9
20:33:09 1 51 4096 3589 6.8 3.0 15 9
20:33:10 1 51 4096 3589 6.8 3.0 15 9
20:33:11 1 51 4096 3589 6.8 3.0 15 9
20:33:12 1 51 4096 3589 6.8 3.0 15 9
20:33:13 1 51 4096 3589 6.8 3.0 15 9
20:33:14 1 51 4096 3589 6.8 3.0 15 9
20:33:15 1 51 4096 3589 6.8 3.0 15 9
20:33:16 1 51 4096 3589 6.8 3.0 15 9
20:33:17 1 51 4096 3589 6.8 3.0 15 9
20:33:18 1 51 4096 3589 6.8 3.0 15 9
20:33:19 1 51 4096 3589 6.8 3.0 15 9
20:33:20 1 51 4096 3589 6.8 3.0 15 9
20:33:21 1 51 4096 3589 6.8 3.0 15 9
20:33:22 1 49 4096 3589 7.5 3.0 15 9
20:33:23 1 57 4096 3589 4.9 3.0 15 9
20:33:24 1 57 4096 3589 4.9 3.0 15 9
20:33:25 1 57 4096 3589 4.9 3.0 15 9
20:33:27 1 50 4096 3589 7.4 3.0 15 9
20:33:28 1 51 4096 3589 6.8 3.0 15 9
20:33:29 1 51 4096 3589 6.8 3.0 15 9
20:33:30 1 51 4096 3589 6.8 3.0 15 9
20:33:31 1 51 4096 3589 6.8 3.0 15 9
20:33:32 1 51 4096 3589 6.8 3.0 15 9
20:33:33 1 51 4096 3589 6.8 3.0 15 9
20:33:34 1 51 4096 3589 6.8 3.0 15 9
20:33:35 1 51 4096 3589 6.8 3.0 15 9
20:33:36 1 51 4096 3589 6.8 3.0 15 9
20:33:37 1 51 4096 3589 6.8 3.1 15 9
20:33:38 1 51 4096 3589 6.8 3.1 15 9
20:33:39 1 51 4096 3589 6.8 3.1 15 9
20:33:40 1 52 4096 3589 6.8 3.1 15 9
20:33:41 1 51 4096 3589 6.8 3.1 15 9
20:33:42 1 51 4096 3589 6.8 3.1 15 9
20:33:44 1 51 4096 3589 6.8 3.1 15 9
20:33:45 1 52 4096 3589 6.8 3.1 15 9
20:33:46 1 52 4096 3589 6.8 3.1 15 9
20:33:47 1 52 4096 3589 6.8 3.1 15 9
20:33:48 1 52 4096 3589 6.8 3.1 15 9
20:33:49 1 52 4096 3589 6.8 3.1 15 9
20:33:50 1 52 4096 3589 6.8 3.1 15 9
20:33:51 1 51 4096 3589 6.8 3.1 15 9
20:33:52 1 52 4096 3589 6.8 3.1 15 9
20:33:53 1 52 4096 3589 6.8 3.1 15 9
20:33:54 1 52 4096 3589 6.8 3.1 15 9
20:33:55 1 52 4096 3589 6.8 3.1 15 9
20:33:56 1 52 4096 3589 6.8 3.1 15 9
20:33:57 1 52 4096 3589 6.8 3.1 15 9
20:33:58 1 52 4096 3589 6.8 3.1 15 9
20:33:59 1 52 4096 3589 6.8 3.1 15 9
20:34:01 1 49 4096 3589 7.5 3.0 15 9
20:34:02 1 57 4096 3589 4.9 3.0 15 9
20:34:03 1 57 4096 3589 4.9 3.0 15 9
20:34:04 1 57 4096 3589 4.9 3.0 15 9
20:34:05 1 50 4096 3589 7.4 3.1 15 9
20:34:06 1 52 4096 3589 6.8 3.1 15 9
20:34:07 1 51 4096 3589 6.8 3.1 15 9
20:34:08 1 51 4096 3589 6.8 3.1 15 9
20:34:09 1 51 4096 3589 6.8 3.1 15 9
20:34:10 1 51 4096 3589 6.8 3.1 15 9
20:34:11 1 52 4096 3589 6.8 3.1 15 9
20:34:12 1 51 4096 3589 6.8 3.1 15 9
20:34:13 1 51 4096 3589 6.8 3.1 15 9
20:34:14 1 51 4096 3589 6.8 3.1 15 9
20:34:15 1 51 4096 3589 6.8 3.1 15 9
20:34:16 1 51 4096 3589 6.8 3.1 15 9
20:34:17 1 51 4096 3589 6.8 3.1 15 9
20:34:19 1 51 4096 3589 6.8 3.1 15 9
20:34:20 1 51 4096 3589 6.8 3.1 15 9
20:34:21 1 52 4096 3589 6.8 3.1 15 9
20:34:22 1 51 4096 3589 6.8 3.1 15 9
20:34:23 1 51 4096 3589 6.8 3.1 15 9
20:34:24 1 51 4096 3589 6.8 3.1 15 9
20:34:25 1 51 4096 3589 6.8 3.1 15 9
20:34:26 1 51 4096 3589 6.8 3.1 15 9
20:34:27 1 51 4096 3589 6.8 3.1 15 9
20:34:28 1 51 4096 3589 6.8 3.1 15 9
20:34:29 1 51 4096 3589 6.8 3.1 15 9
20:34:30 1 51 4096 3589 6.8 3.1 15 9
20:34:31 1 52 4096 3589 6.8 3.1 15 9
20:34:32 1 51 4096 3589 6.8 3.1 15 9
20:34:33 1 51 4096 3589 6.8 3.1 15 9
20:34:34 1 51 4096 3589 6.8 3.1 15 9
20:34:36 1 51 4096 3589 6.8 3.1 15 9
20:34:37 1 51 4096 3589 6.8 3.1 15 9
20:34:38 1 51 4096 3589 6.8 3.1 15 9
20:34:39 1 52 4096 3589 6.8 3.0 15 9
20:34:40 1 50 4096 3589 7.4 3.0 15 9
20:34:41 1 57 4096 3589 4.9 3.0 15 9
20:34:42 1 57 4096 3589 4.9 3.0 15 9
20:34:43 1 57 4096 3589 4.9 3.0 15 9
20:34:44 1 50 4096 3589 7.4 3.1 15 9
20:34:45 1 52 4096 3589 6.8 3.1 15 9
20:34:46 1 52 4096 3589 6.8 3.1 15 9
20:34:47 1 52 4096 3589 6.8 3.1 15 9
20:34:48 1 52 4096 3589 6.8 3.1 15 9
20:34:49 1 52 4096 3589 6.8 3.1 15 9
20:34:50 1 52 4096 3589 6.8 3.1 15 9
20:34:51 1 52 4096 3589 6.8 3.1 15 9
20:34:52 1 52 4096 3589 6.8 3.1 15 9
20:34:54 1 52 4096 3589 6.8 3.1 15 9
20:34:55 1 52 4096 3589 6.8 3.1 15 9
20:34:56 1 52 4096 3589 6.8 3.1 15 9
20:34:57 1 52 4096 3589 6.8 3.1 15 9
20:34:58 1 52 4096 3589 6.8 3.1 15 9
20:34:59 1 52 4096 3589 6.8 3.1 15 9
20:35:00 1 52 4096 3589 6.8 3.1 15 9
20:35:01 1 51 4096 3589 6.8 3.1 15 9
20:35:02 1 51 4096 3589 6.8 3.1 15 9
20:35:03 1 52 4096 3589 6.8 3.1 15 9
20:35:04 1 52 4096 3589 6.8 3.1 15 9
20:35:05 1 52 4096 3589 6.8 3.1 15 9
20:35:06 1 52 4096 3589 6.8 3.1 15 9
20:35:07 1 51 4096 3589 6.8 3.1 15 9
20:35:08 1 51 4096 3589 6.8 3.1 15 9
20:35:10 1 52 4096 3589 6.8 3.1 15 9
20:35:11 1 52 4096 3589 6.8 3.1 15 9
20:35:12 1 52 4096 3589 6.8 3.1 15 9
20:35:13 1 52 4096 3589 6.8 3.1 15 9
20:35:14 1 52 4096 3589 6.8 3.1 15 9
20:35:15 1 52 4096 3589 6.8 3.1 15 9
20:35:16 1 52 4096 3589 6.8 3.1 15 9
20:35:17 1 52 4096 3589 6.8 3.1 15 9
20:35:18 1 49 4096 3589 7.5 3.0 15 9
20:35:19 1 57 4096 3589 4.9 3.0 15 9
20:35:20 1 57 4096 3589 4.9 3.0 15 9
20:35:21 1 57 4096 3589 5.0 3.0 15 9
20:35:22 1 50 4096 3589 7.4 3.1 15 9
20:35:23 1 52 4096 3589 6.8 3.1 15 9
20:35:24 1 52 4096 3589 6.8 3.1 15 9
20:35:25 1 52 4096 3589 6.8 3.1 15 9
20:35:26 1 52 4096 3589 6.8 3.1 15 9
20:35:28 1 52 4096 3589 6.8 3.1 15 9
20:35:29 1 52 4096 3589 6.8 3.1 15 9
20:35:30 1 52 4096 3589 6.8 3.1 15 9
20:35:31 1 51 4096 3589 6.8 3.1 15 9
20:35:32 1 51 4096 3589 6.8 3.1 15 9
20:35:33 1 51 4096 3589 6.8 3.1 15 9
20:35:34 1 51 4096 3589 6.8 3.1 15 9
20:35:35 1 51 4096 3589 6.8 3.1 15 9
20:35:36 1 51 4096 3589 6.8 3.1 15 9
20:35:37 1 51 4096 3589 6.8 3.1 15 9
20:35:38 1 51 4096 3589 6.8 3.1 15 9
20:35:39 1 51 4096 3589 6.8 3.1 15 9
20:35:40 1 51 4096 3589 6.8 3.1 15 9
20:35:41 1 51 4096 3589 6.8 3.1 15 9
20:35:42 1 51 4096 3589 6.8 3.1 15 9
20:35:43 1 51 4096 3589 6.8 3.1 15 9
20:35:45 1 51 4096 3589 6.8 3.1 15 9
20:35:46 1 51 4096 3589 6.8 3.1 15 9
20:35:47 1 51 4096 3589 6.8 3.1 15 9
20:35:48 1 51 4096 3589 6.8 3.1 15 9
20:35:49 1 51 4096 3589 6.8 3.1 15 9
20:35:50 1 51 4096 3589 6.8 3.1 15 9
20:35:51 1 51 4096 3589 6.8 3.1 15 9
20:35:52 1 51 4096 3589 6.8 3.1 15 9
20:35:53 1 51 4096 3589 6.8 3.1 15 9
20:35:54 1 51 4096 3589 6.8 3.1 15 9
20:35:55 1 51 4096 3589 6.8 3.1 15 9
20:35:56 1 51 4096 3589 6.8 3.1 15 9
20:35:57 1 49 4096 3589 7.5 3.0 15 9
20:35:58 1 57 4096 3589 4.9 3.0 15 9
20:35:59 1 57 4096 3589 4.9 3.0 15 9
20:36:00 1 56 4096 3589 4.9 3.0 15 9
20:36:01 1 49 4096 3589 7.4 3.1 15 9
20:36:03 1 51 4096 3589 6.8 3.1 15 9
20:36:04 1 51 4096 3589 6.8 3.1 15 9
20:36:05 1 51 4096 3589 6.8 3.1 15 9
20:36:06 1 51 4096 3589 6.8 3.1 15 9
20:36:07 1 51 4096 3589 6.8 3.1 15 9
20:36:08 1 51 4096 3589 6.8 3.1 15 9
20:36:09 1 51 4096 3589 6.8 3.1 15 9
20:36:10 1 51 4096 3589 6.8 3.1 15 9
20:36:11 1 51 4096 3589 6.8 3.1 15 9
20:36:12 1 51 4096 3589 6.8 3.1 15 9
20:36:13 1 51 4096 3589 6.8 3.1 15 9
20:36:14 1 51 4096 3589 6.8 3.1 15 9
20:36:15 1 51 4096 3589 6.8 3.1 15 9
20:36:16 1 51 4096 3589 6.8 3.1 15 9
20:36:17 1 51 4096 3589 6.8 3.1 15 9
20:36:18 1 51 4096 3589 6.8 3.1 15 9
20:36:20 1 51 4096 3589 6.8 3.1 15 9
20:36:21 1 51 4096 3589 6.8 3.1 15 9
20:36:22 1 51 4096 3589 6.8 3.1 15 9
20:36:23 1 51 4096 3589 6.8 3.1 15 9
20:36:24 1 51 4096 3589 6.8 3.1 15 9
20:36:25 1 51 4096 3589 6.8 3.1 15 9
20:36:26 1 51 4096 3589 6.8 3.1 15 9
20:36:27 1 51 4096 3589 6.8 3.1 15 9
20:36:28 1 51 4096 3589 6.8 3.1 15 9
20:36:29 1 51 4096 3589 6.8 3.1 15 9
20:36:30 1 51 4096 3589 6.8 3.1 15 9
20:36:31 1 51 4096 3589 6.8 3.1 15 9
20:36:32 1 51 4096 3589 6.8 3.1 15 9
20:36:33 1 51 4096 3589 6.8 3.1 15 9
20:36:34 1 51 4096 3589 6.8 3.1 15 9
20:36:35 1 49 4096 3589 7.5 3.1 15 9
20:36:36 1 56 4096 3589 4.9 3.1 15 9
20:36:38 1 57 4096 3589 4.9 3.1 15 9
20:36:39 1 56 4096 3589 4.9 3.1 15 9
20:36:40 1 49 4096 3589 7.4 3.1 15 9
20:36:41 1 49 4096 3589 7.4 3.1 15 9
20:36:42 1 51 4096 3589 6.8 3.1 15 9
20:36:43 1 51 4096 3589 6.8 3.1 15 9
20:36:44 1 51 4096 3589 6.8 3.1 15 9
20:36:45 1 51 4096 3589 6.8 3.1 15 9
20:36:46 1 51 4096 3589 6.8 3.1 15 9
20:36:47 1 51 4096 3589 6.8 3.1 15 9
20:36:48 1 51 4096 3589 6.8 3.1 15 9
20:36:49 1 51 4096 3589 6.8 3.1 15 9
20:36:50 1 51 4096 3589 6.8 3.1 15 9
20:36:51 1 51 4096 3589 6.8 3.1 15 9
20:36:52 1 51 4096 3589 6.8 3.1 15 9
20:36:53 1 51 4096 3589 6.8 3.1 15 9
20:36:55 1 51 4096 3589 6.8 3.1 15 9
20:36:56 1 51 4096 3589 6.8 3.1 15 9
20:36:57 1 51 4096 3589 6.8 3.1 15 9
20:36:58 1 51 4096 3589 6.8 3.1 15 9
20:36:59 1 51 4096 3589 6.8 3.1 15 9
20:37:00 1 51 4096 3589 6.8 3.1 15 9
20:37:01 1 51 4096 3589 6.8 3.1 15 9
20:37:02 1 51 4096 3589 6.8 3.1 15 9
20:37:03 1 51 4096 3589 6.8 3.1 15 9
20:37:04 1 51 4096 3589 6.8 3.1 15 9
20:37:05 1 51 4096 3589 6.8 3.1 15 9
20:37:06 1 51 4096 3589 6.8 3.1 15 9
20:37:07 1 51 4096 3589 6.8 3.1 15 9
20:37:08 1 51 4096 3589 6.8 3.1 15 9
20:37:09 1 51 4096 3589 6.8 3.1 15 9
20:37:10 1 51 4096 3589 6.8 3.1 15 9
20:37:12 1 51 4096 3589 6.8 3.1 15 9
20:37:13 1 51 4096 3589 6.8 3.1 15 9
20:37:14 1 51 4096 3589 6.8 3.1 15 9
20:37:15 1 49 4096 3589 7.5 3.1 15 9
20:37:16 1 56 4096 3589 5.0 3.1 15 9
20:37:17 1 57 4096 3589 4.9 3.1 15 9
20:37:18 1 57 4096 3589 4.9 3.1 15 9
20:37:19 1 49 4096 3589 7.4 3.1 15 9
20:37:20 1 51 4096 3589 6.8 3.1 15 9
20:37:21 1 51 4096 3589 6.8 3.1 15 9
20:37:22 1 51 4096 3589 6.8 3.1 15 9
20:37:23 1 51 4096 3589 6.8 3.1 15 9
20:37:24 1 51 4096 3589 6.8 3.1 15 9
20:37:25 1 51 4096 3589 6.8 3.1 15 9
20:37:26 1 51 4096 3589 6.8 3.1 15 9
20:37:27 1 51 4096 3589 6.8 3.1 15 9
20:37:28 1 51 4096 3589 6.8 3.1 15 9
20:37:30 1 51 4096 3589 6.8 3.1 15 9
20:37:31 1 51 4096 3589 6.8 3.1 15 9
20:37:32 1 51 4096 3589 6.8 3.1 15 9
20:37:33 1 51 4096 3589 6.8 3.1 15 9
20:37:34 1 51 4096 3589 6.8 3.1 15 9
20:37:35 1 51 4096 3589 6.8 3.1 15 9
20:37:36 1 51 4096 3589 6.8 3.1 15 9
20:37:37 1 51 4096 3589 6.8 3.1 15 9
20:37:38 1 51 4096 3589 6.8 3.1 15 9
20:37:39 1 51 4096 3589 6.8 3.1 15 9
20:37:40 1 51 4096 3589 6.8 3.1 15 9
20:37:41 1 51 4096 3589 6.8 3.1 15 9
20:37:42 1 51 4096 3589 6.9 3.1 15 9
20:37:43 1 51 4096 3589 6.9 3.1 15 9
20:37:44 1 51 4096 3589 6.9 3.1 15 9
20:37:45 1 51 4096 3589 7.0 3.1 15 9
20:37:46 1 51 4096 3589 6.9 3.1 15 9
20:37:48 1 51 4096 3589 6.9 3.1 15 9
20:37:49 1 51 4096 3589 6.9 3.1 15 9
20:37:50 1 51 4096 3589 6.9 3.1 15 9
20:37:51 1 51 4096 3589 6.9 3.1 15 9
20:37:52 1 51 4096 3589 6.9 3.1 15 9
20:37:53 1 51 4096 3589 6.9 3.1 15 9
20:37:54 1 49 4096 3589 7.6 3.1 15 9
20:37:55 1 57 4096 3589 5.0 3.1 15 9
20:37:56 1 56 4096 3589 5.0 3.1 15 9
20:37:57 1 57 4096 3589 4.9 3.1 15 9
20:37:58 1 49 4096 3589 7.5 3.1 15 9
20:37:59 1 51 4096 3589 6.8 3.1 15 9
20:38:00 1 51 4096 3589 6.8 3.1 15 9
20:38:01 1 51 4096 3589 6.8 3.1 15 9
20:38:02 1 51 4096 3589 6.8 3.1 15 9
20:38:03 1 51 4096 3589 6.8 3.1 15 9
20:38:04 1 51 4096 3589 6.8 3.1 15 9
20:38:06 1 51 4096 3589 6.8 3.1 15 9
20:38:07 1 51 4096 3589 6.9 3.1 15 9
20:38:08 1 51 4096 3589 6.9 3.1 15 9
20:38:09 1 51 4096 3589 6.9 3.1 15 9
20:38:10 1 51 4096 3589 7.0 3.1 15 9
20:38:11 1 51 4096 3589 6.9 3.1 15 9
20:38:12 1 51 4096 3589 6.9 3.1 15 9
20:38:13 1 51 4096 3589 6.9 3.1 15 9
20:38:14 1 51 4096 3589 6.9 3.1 15 9
20:38:15 1 51 4096 3589 6.9 3.1 15 9
20:38:16 1 51 4096 3589 6.9 3.1 15 9
20:38:17 1 51 4096 3589 6.9 3.1 15 9
20:38:18 1 51 4096 3589 6.8 3.1 15 9
20:38:19 1 51 4096 3589 6.9 3.1 15 9
20:38:20 1 51 4096 3589 6.9 3.1 15 9
20:38:21 1 51 4096 3589 6.8 3.1 15 9
20:38:23 1 51 4096 3589 6.8 3.1 15 9
20:38:24 1 51 4096 3589 6.8 3.1 15 9
20:38:25 1 51 4096 3589 6.8 3.1 15 9
20:38:26 1 51 4096 3589 6.8 3.1 15 9
20:38:27 1 51 4096 3589 6.8 3.1 15 9
20:38:28 1 51 4096 3589 6.8 3.1 15 9
20:38:29 1 51 4096 3589 6.8 3.1 15 9
20:38:30 1 51 4096 3589 6.8 3.1 15 9
20:38:31 1 51 4096 3589 6.8 3.1 15 9
20:38:32 1 49 4096 3589 7.5 3.1 15 9
20:38:33 1 57 4096 3589 4.9 3.1 15 9
20:38:34 1 57 4096 3589 4.9 3.1 15 9
20:38:35 1 57 4096 3589 4.9 3.1 15 9
20:38:36 1 50 4096 3589 7.4 3.1 15 9
20:38:37 1 51 4096 3589 6.8 3.1 15 9
20:38:38 1 51 4096 3589 6.8 3.1 15 9
20:38:40 1 51 4096 3589 6.8 3.1 15 9
20:38:41 1 51 4096 3589 6.8 3.1 15 9
20:38:42 1 51 4096 3589 6.8 3.1 15 9
20:38:43 1 51 4096 3589 6.8 3.1 15 9
20:38:44 1 51 4096 3589 6.8 3.1 15 9
20:38:45 1 51 4096 3589 6.8 3.1 15 9
20:38:46 1 51 4096 3589 6.8 3.1 15 9
20:38:47 1 51 4096 3589 6.8 3.1 15 9
20:38:48 1 51 4096 3589 6.8 3.1 15 9
20:38:49 1 51 4096 3589 6.8 3.1 15 9
20:38:50 1 51 4096 3589 6.8 3.1 15 9
20:38:51 1 51 4096 3589 6.8 3.1 15 9
20:38:52 1 51 4096 3589 6.8 3.1 15 9
20:38:53 1 51 4096 3589 6.8 3.1 15 9
20:38:54 1 51 4096 3589 6.8 3.1 15 9
20:38:55 1 51 4096 3589 6.8 3.1 15 9
20:38:56 1 51 4096 3589 6.8 3.1 15 9
20:38:58 1 51 4096 3589 6.8 3.1 15 9
20:38:59 1 51 4096 3589 6.8 3.1 15 9
20:39:00 1 51 4096 3589 6.8 3.1 15 9
20:39:01 1 51 4096 3589 6.8 3.1 15 9
20:39:02 1 51 4096 3589 6.8 3.1 15 9
20:39:03 1 52 4096 3589 6.8 3.1 15 9
20:39:04 1 52 4096 3589 6.8 3.1 15 9
20:39:05 1 52 4096 3589 6.8 3.1 15 9
20:39:06 1 52 4096 3589 6.8 3.1 15 9
20:39:07 1 52 4096 3589 6.8 3.1 15 9
20:39:08 1 52 4096 3589 6.8 3.1 15 9
20:39:09 1 52 4096 3589 6.8 3.1 15 9
20:39:10 1 49 4096 3589 7.6 3.1 15 9
20:39:11 1 49 4096 3589 7.5 3.1 15 9
20:39:12 1 57 4096 3589 4.9 3.1 15 9
20:39:13 1 57 4096 3589 4.9 3.1 15 9
20:39:14 1 50 4096 3589 7.5 3.1 15 9
20:39:16 1 52 4096 3589 6.8 3.1 15 9
20:39:17 1 52 4096 3589 6.8 3.1 15 9
20:39:18 1 52 4096 3589 6.8 3.1 15 9
20:39:19 1 52 4096 3589 6.8 3.1 15 9
20:39:20 1 52 4096 3589 6.8 3.1 15 9
20:39:21 1 52 4096 3589 6.8 3.1 15 9
20:39:22 1 52 4096 3589 6.8 3.1 15 9
20:39:23 1 52 4096 3589 6.8 3.1 15 9
20:39:24 1 52 4096 3589 6.8 3.1 15 9
20:39:25 1 52 4096 3589 6.8 3.1 15 9
20:39:26 1 52 4096 3589 6.8 3.1 15 9
20:39:27 1 52 4096 3589 6.8 3.1 15 9
20:39:28 1 52 4096 3589 6.8 3.1 15 9
20:39:29 1 52 4096 3589 6.8 3.1 15 9
20:39:30 1 52 4096 3589 6.8 3.1 15 9
20:39:31 1 52 4096 3589 6.8 3.1 15 9
20:39:33 1 52 4096 3589 6.8 3.1 15 9
20:39:34 1 52 4096 3589 6.8 3.1 15 9
20:39:35 1 52 4096 3589 6.8 3.1 15 9
20:39:36 1 52 4096 3589 6.8 3.1 15 9
20:39:37 1 52 4096 3589 6.8 3.1 15 9
20:39:38 1 52 4096 3589 6.8 3.1 15 9
20:39:39 1 52 4096 3589 6.8 3.1 15 9
20:39:40 1 52 4096 3589 6.8 3.1 15 9
20:39:41 1 52 4096 3589 6.8 3.1 15 9
20:39:42 1 52 4096 3589 6.8 3.1 15 9
20:39:43 1 52 4096 3589 6.8 3.1 15 9
20:39:44 1 52 4096 3589 6.8 3.1 15 9
20:39:45 1 52 4096 3589 6.8 3.1 15 9
20:39:46 1 52 4096 3589 6.8 3.1 15 9
20:39:47 1 52 4096 3589 6.8 3.1 15 9
20:39:48 1 52 4096 3589 6.8 3.1 15 9
20:39:50 1 50 4096 3589 7.5 3.1 15 9
20:39:51 1 57 4096 3589 4.9 3.1 15 9
20:39:52 1 57 4096 3589 4.9 3.1 15 9
20:39:53 1 57 4096 3589 4.9 3.1 15 9
20:39:54 1 50 4096 3589 7.4 3.1 15 9
20:39:55 1 52 4096 3589 6.8 3.1 15 9
20:39:56 1 52 4096 3589 6.8 3.1 15 9
20:39:57 1 52 4096 3589 6.8 3.1 15 9
20:39:58 1 52 4096 3589 6.8 3.1 15 9
20:39:59 1 52 4096 3589 6.8 3.1 15 9
20:40:00 1 52 4096 3589 6.8 3.1 15 9
20:40:01 1 52 4096 3589 6.8 3.1 15 9
20:40:02 1 52 4096 3589 6.8 3.1 15 9
20:40:03 1 52 4096 3589 6.8 3.1 15 9
20:40:04 1 52 4096 3589 6.8 3.1 15 9
20:40:05 1 52 4096 3589 6.8 3.1 15 9
20:40:07 1 52 4096 3589 6.8 3.1 15 9
20:40:08 1 52 4096 3589 6.8 3.1 15 9
20:40:09 1 52 4096 3589 6.8 3.1 15 9
20:40:10 1 52 4096 3589 6.8 3.1 15 9
20:40:11 1 52 4096 3589 6.8 3.1 15 9
20:40:12 1 52 4096 3589 6.8 3.1 15 9
20:40:13 1 52 4096 3589 6.8 3.1 15 9
20:40:14 1 52 4096 3589 6.8 3.1 15 9
20:40:15 1 52 4096 3589 6.8 3.1 15 9
20:40:16 1 52 4096 3589 6.8 3.1 15 9
20:40:17 1 52 4096 3589 6.8 3.1 15 9
20:40:18 1 52 4096 3589 6.8 3.1 15 9
20:40:19 1 52 4096 3589 6.8 3.1 15 9
20:40:20 1 52 4096 3589 6.8 3.1 15 9
20:40:21 1 52 4096 3589 6.8 3.1 15 9
20:40:22 1 52 4096 3589 6.8 3.1 15 9
20:40:23 1 52 4096 3589 6.8 3.1 15 9
20:40:25 1 52 4096 3589 6.8 3.1 15 9
20:40:26 1 52 4096 3589 6.8 3.1 15 9
20:40:27 1 52 4096 3589 6.8 3.1 15 9
20:40:28 1 50 4096 3589 7.5 3.1 15 9
20:40:29 1 57 4096 3589 4.9 3.1 15 9
20:40:30 1 57 4096 3589 4.9 3.1 15 9
20:40:31 1 57 4096 3589 4.9 3.1 15 9
20:40:32 1 50 4096 3589 7.4 3.1 15 9
20:40:33 1 50 4096 3589 7.4 3.1 15 9
20:40:34 1 52 4096 3589 6.8 3.1 15 9
20:40:35 1 52 4096 3589 6.8 3.1 15 9
20:40:36 1 52 4096 3589 6.8 3.1 15 9
20:40:37 1 52 4096 3589 6.8 3.1 15 9
20:40:38 1 52 4096 3589 6.8 3.1 15 9
20:40:39 1 52 4096 3589 6.8 3.1 15 9
20:40:40 1 52 4096 3589 6.8 3.1 15 9
20:40:42 1 52 4096 3589 6.8 3.1 15 9
20:40:43 1 52 4096 3589 6.8 3.1 15 9
20:40:44 1 52 4096 3589 6.8 3.1 15 9
20:40:45 1 52 4096 3589 6.8 3.1 15 9
20:40:46 1 52 4096 3589 6.8 3.1 15 9
20:40:47 1 52 4096 3589 6.8 3.1 15 9
20:40:48 1 52 4096 3589 6.8 3.1 15 9
20:40:49 1 52 4096 3589 6.8 3.1 15 9
20:40:50 1 52 4096 3589 6.8 3.1 15 9
20:40:51 1 51 4096 3589 6.9 3.1 15 9
20:40:52 1 51 4096 3589 6.9 3.1 15 9
20:40:53 1 52 4096 3589 6.8 3.1 15 9
20:40:54 1 52 4096 3589 6.8 3.1 15 9
20:40:55 1 51 4096 3589 6.9 3.1 15 9
20:40:56 1 52 4096 3589 6.8 3.1 15 9
20:40:57 1 52 4096 3589 6.8 3.1 15 9
20:40:59 1 52 4096 3589 6.8 3.1 15 9
20:41:00 1 52 4096 3589 6.8 3.1 15 9
20:41:01 1 52 4096 3589 6.8 3.1 15 9
20:41:02 1 52 4096 3589 6.8 3.1 15 9
20:41:03 1 52 4096 3589 6.8 3.1 15 9
20:41:04 1 52 4096 3589 6.8 3.1 15 9
20:41:05 1 52 4096 3589 6.8 3.1 15 9
20:41:06 1 52 4096 3589 6.8 3.1 15 9
20:41:07 1 50 4096 3589 7.5 3.1 15 9
20:41:08 1 57 4096 3589 4.9 3.1 15 9
20:41:09 1 57 4096 3589 4.9 3.1 15 9
20:41:10 1 57 4096 3589 4.9 3.1 15 9
20:41:11 1 50 4096 3589 7.4 3.1 15 9
20:41:12 1 52 4096 3589 6.8 3.1 15 9
20:41:13 1 52 4096 3589 6.8 3.1 15 9
20:41:14 1 52 4096 3589 6.8 3.1 15 9
20:41:15 1 52 4096 3589 6.8 3.1 15 9
20:41:17 1 52 4096 3589 6.8 3.1 15 9
20:41:18 1 52 4096 3589 6.8 3.1 15 9
20:41:19 1 52 4096 3589 6.8 3.1 15 9
20:41:20 1 52 4096 3589 6.8 3.1 15 9
20:41:21 1 52 4096 3589 6.8 3.1 15 9
20:41:22 1 52 4096 3589 6.8 3.1 15 9
20:41:23 1 52 4096 3589 6.8 3.1 15 9
20:41:24 1 52 4096 3589 6.8 3.1 15 9
20:41:25 1 52 4096 3589 6.8 3.1 15 9
20:41:26 1 52 4096 3589 6.8 3.1 15 9
20:41:27 1 52 4096 3589 6.8 3.1 15 9
20:41:28 1 52 4096 3589 6.8 3.1 15 9
20:41:29 1 52 4096 3589 6.8 3.1 15 9
20:41:30 1 52 4096 3589 6.8 3.1 15 9
20:41:31 1 52 4096 3589 6.8 3.1 15 9
20:41:32 1 51 4096 3589 6.9 3.1 15 9
20:41:34 1 52 4096 3589 6.8 3.1 15 9
20:41:35 1 52 4096 3589 6.8 3.1 15 9
20:41:36 1 52 4096 3589 6.8 3.1 15 9
20:41:37 1 52 4096 3589 6.8 3.1 15 9
20:41:38 1 52 4096 3589 6.8 3.1 15 9
20:41:39 1 52 4096 3589 6.8 3.1 15 9
20:41:40 1 52 4096 3589 6.8 3.1 15 9
20:41:41 1 52 4096 3589 6.8 3.1 15 9
20:41:42 1 52 4096 3589 6.8 3.1 15 9
20:41:43 1 52 4096 3589 6.8 3.1 15 9
20:41:44 1 52 4096 3589 6.8 3.1 15 9
20:41:45 1 50 4096 3589 7.5 3.1 15 9
20:41:46 1 57 4096 3589 4.9 3.1 15 9
20:41:47 1 57 4096 3589 4.9 3.1 15 9
20:41:48 1 57 4096 3589 4.9 3.1 15 9
20:41:49 1 50 4096 3589 7.4 3.1 15 9
20:41:51 1 52 4096 3589 6.8 3.1 15 9
20:41:52 1 52 4096 3589 6.8 3.1 15 9
20:41:53 1 52 4096 3589 6.8 3.1 15 9
20:41:54 1 52 4096 3589 6.8 3.1 15 9
20:41:55 1 52 4096 3589 6.8 3.1 15 9
20:41:56 1 52 4096 3589 6.8 3.1 15 9
20:41:57 1 52 4096 3589 6.8 3.1 15 9
20:41:58 1 52 4096 3589 6.8 3.1 15 9
20:41:59 1 52 4096 3589 6.8 3.1 15 9
20:42:00 1 52 4096 3589 6.8 3.1 15 9
20:42:01 1 52 4096 3589 6.8 3.1 15 9
20:42:02 1 52 4096 3589 6.8 3.1 15 9
20:42:03 1 52 4096 3589 6.8 3.1 15 9
20:42:04 1 52 4096 3589 6.8 3.1 15 9
20:42:05 1 52 4096 3589 6.8 3.1 15 9
20:42:06 1 52 4096 3589 6.8 3.1 15 9
20:42:08 1 52 4096 3589 6.8 3.1 15 9
20:42:09 1 52 4096 3589 6.8 3.1 15 9
20:42:10 1 52 4096 3589 6.8 3.1 15 9
20:42:11 1 52 4096 3589 6.8 3.1 15 9
20:42:12 1 52 4096 3589 6.8 3.1 15 9
20:42:13 1 52 4096 3589 6.8 3.1 15 9
20:42:14 1 52 4096 3589 6.8 3.1 15 9
20:42:15 1 52 4096 3589 6.8 3.1 15 9
20:42:16 1 52 4096 3589 6.8 3.1 15 9
20:42:17 1 52 4096 3589 6.8 3.1 15 9
20:42:18 1 52 4096 3589 6.8 3.1 15 9
20:42:19 1 52 4096 3589 6.8 3.1 15 9
20:42:20 1 52 4096 3589 6.8 3.1 15 9
20:42:21 1 52 4096 3589 6.8 3.1 15 9
20:42:22 1 52 4096 3589 6.8 3.1 15 9
20:42:23 1 52 4096 3589 6.8 3.1 15 9
20:42:25 1 50 4096 3589 7.5 3.1 15 9
20:42:26 1 57 4096 3589 4.9 3.1 15 9
20:42:27 1 57 4096 3589 4.9 3.1 15 9
20:42:28 1 57 4096 3589 4.9 3.1 15 9
20:42:29 1 50 4096 3589 7.4 3.1 15 9
20:42:30 1 52 4096 3589 6.8 3.1 15 9
20:42:31 1 52 4096 3589 6.8 3.1 15 9
20:42:32 1 52 4096 3589 6.8 3.1 15 9
20:42:33 1 52 4096 3589 6.8 3.1 15 9
20:42:34 1 52 4096 3589 6.8 3.1 15 9
20:42:35 1 52 4096 3589 6.8 3.1 15 9
20:42:36 1 52 4096 3589 6.8 3.1 15 9
20:42:37 1 52 4096 3589 6.8 3.1 15 9
20:42:38 1 52 4096 3589 6.8 3.1 15 9
20:42:39 1 52 4096 3589 6.8 3.1 15 9
20:42:40 1 52 4096 3589 6.8 3.1 15 9
20:42:41 1 52 4096 3589 6.8 3.1 15 9
20:42:43 1 52 4096 3589 6.8 3.1 15 9
20:42:44 1 52 4096 3589 6.8 3.1 15 9
20:42:45 1 52 4096 3589 6.8 3.1 15 9
20:42:46 1 52 4096 3589 6.8 3.1 15 9
20:42:47 1 52 4096 3589 6.8 3.1 15 9
20:42:48 1 52 4096 3589 6.8 3.1 15 9
20:42:49 1 52 4096 3589 6.8 3.1 15 9
20:42:50 1 52 4096 3589 6.8 3.1 15 9
20:42:51 1 52 4096 3589 6.8 3.1 15 9
20:42:52 1 52 4096 3589 6.8 3.1 15 9
20:42:53 1 52 4096 3589 6.8 3.1 15 9
20:42:54 1 52 4096 3589 6.8 3.1 15 9
20:42:55 1 52 4096 3589 6.8 3.1 15 9
20:42:56 1 52 4096 3589 6.8 3.1 15 9
20:42:57 1 52 4096 3589 6.8 3.1 15 9
20:42:58 1 52 4096 3589 6.8 3.1 15 9
20:43:00 1 52 4096 3589 6.8 3.1 15 9
20:43:01 1 52 4096 3589 6.8 3.1 15 9
20:43:02 1 52 4096 3589 6.8 3.1 15 9
20:43:03 1 50 4096 3589 7.5 3.1 15 9
20:43:04 1 57 4096 3589 5.0 3.1 15 9
20:43:05 1 57 4096 3589 4.9 3.1 15 9
20:43:06 1 57 4096 3589 4.9 3.1 15 9
20:43:07 1 50 4096 3589 7.4 3.1 15 9
20:43:08 1 52 4096 3589 6.8 3.1 15 9
20:43:09 1 52 4096 3589 6.8 3.1 15 9
20:43:10 1 52 4096 3589 6.8 3.1 15 9
20:43:11 1 52 4096 3589 6.8 3.1 15 9
20:43:12 1 52 4096 3589 6.8 3.1 15 9
20:43:13 1 52 4096 3589 6.8 3.1 15 9
20:43:14 1 52 4096 3589 6.8 3.1 15 9
20:43:15 1 52 4096 3589 6.8 3.1 15 9
20:43:16 1 52 4096 3589 6.8 3.1 15 9
20:43:18 1 52 4096 3589 6.8 3.1 15 9
20:43:19 1 52 4096 3589 6.8 3.1 15 9
20:43:20 1 52 4096 3589 6.8 3.1 15 9
20:43:21 1 52 4096 3589 6.8 3.1 15 9
20:43:22 1 52 4096 3589 6.8 3.1 15 9
20:43:23 1 52 4096 3589 6.8 3.1 15 9
20:43:24 1 52 4096 3589 6.8 3.1 15 9
20:43:25 1 52 4096 3589 6.8 3.1 15 9
20:43:26 1 52 4096 3589 6.8 3.1 15 9
20:43:27 1 52 4096 3589 6.8 3.1 15 9
20:43:28 1 52 4096 3589 6.8 3.1 15 9
20:43:29 1 52 4096 3589 6.8 3.1 15 9
20:43:30 1 52 4096 3589 6.8 3.1 15 9
20:43:31 1 52 4096 3589 6.8 3.1 15 9
20:43:32 1 52 4096 3589 6.8 3.1 15 9
20:43:33 1 52 4096 3589 6.8 3.1 15 9
20:43:35 1 52 4096 3589 6.8 3.1 15 9
20:43:36 1 52 4096 3589 6.8 3.1 15 9
20:43:37 1 52 4096 3589 6.8 3.1 15 9
20:43:38 1 52 4096 3589 6.8 3.1 15 9
20:43:39 1 52 4096 3589 6.8 3.1 15 9
20:43:40 1 52 4096 3589 6.8 3.1 15 9
20:43:41 1 52 4096 3589 6.8 3.1 15 9
20:43:42 1 50 4096 3589 7.5 3.1 15 9
20:43:43 1 58 4096 3589 4.9 3.1 15 9
20:43:44 1 58 4096 3589 4.9 3.1 15 9
20:43:45 1 58 4096 3589 4.9 3.1 15 9
20:43:46 1 50 4096 3589 7.4 3.1 15 9
20:43:47 1 52 4096 3589 6.8 3.1 15 9
20:43:48 1 52 4096 3589 6.8 3.1 15 9
20:43:49 1 52 4096 3589 6.8 3.1 15 9
20:43:50 1 52 4096 3589 6.8 3.1 15 9
20:43:52 1 52 4096 3589 6.8 3.1 15 9
20:43:53 1 52 4096 3589 6.8 3.1 15 9
20:43:54 1 52 4096 3589 6.8 3.1 15 9
20:43:55 1 52 4096 3589 6.8 3.1 15 9
20:43:56 1 52 4096 3589 6.8 3.1 15 9
20:43:57 1 52 4096 3589 6.8 3.1 15 9
20:43:58 1 52 4096 3589 6.8 3.1 15 9
20:43:59 1 52 4096 3589 6.8 3.1 15 9
20:44:00 1 52 4096 3589 6.8 3.1 15 9
20:44:01 1 52 4096 3589 6.8 3.1 15 9
20:44:02 1 52 4096 3589 6.8 3.1 15 9
20:44:03 1 52 4096 3589 6.8 3.1 15 9
20:44:04 1 52 4096 3589 6.8 3.1 15 9
20:44:05 1 52 4096 3589 6.8 3.1 15 9
20:44:06 1 52 4096 3589 6.8 3.1 15 9
20:44:07 1 52 4096 3589 6.8 3.1 15 9
20:44:09 1 52 4096 3589 6.8 3.1 15 9
20:44:10 1 52 4096 3589 6.8 3.1 15 9
20:44:11 1 52 4096 3589 6.8 3.1 15 9
20:44:12 1 52 4096 3589 6.8 3.1 15 9
20:44:13 1 52 4096 3589 6.8 3.1 15 9
20:44:14 1 52 4096 3589 6.8 3.1 15 9
20:44:15 1 52 4096 3589 6.8 3.1 15 9
20:44:16 1 52 4096 3589 6.8 3.1 15 9
20:44:17 1 52 4096 3589 6.8 3.1 15 9
20:44:18 1 52 4096 3589 6.8 3.1 15 9
20:44:19 1 52 4096 3589 6.8 3.1 15 9
20:44:20 1 50 4096 3589 7.5 3.1 15 9
20:44:21 1 57 4096 3589 4.9 3.1 15 9
20:44:22 1 57 4096 3589 4.9 3.1 15 9
20:44:23 1 57 4096 3589 4.9 3.1 15 9
20:44:24 1 58 4096 3589 4.9 3.1 15 9
20:44:25 1 52 4096 3589 6.8 3.1 15 9
20:44:27 1 52 4096 3589 6.8 3.1 15 9
20:44:28 1 52 4096 3589 6.8 3.1 15 9
20:44:29 1 52 4096 3589 6.8 3.1 15 9
20:44:30 1 52 4096 3589 6.8 3.1 15 9
20:44:31 1 52 4096 3589 6.8 3.1 15 9
20:44:32 1 52 4096 3589 6.8 3.1 15 9
20:44:33 1 52 4096 3589 6.8 3.1 15 9
20:44:34 1 52 4096 3589 6.8 3.1 15 9
20:44:35 1 52 4096 3589 6.8 3.1 15 9
20:44:36 1 52 4096 3589 6.8 3.1 15 9
20:44:37 1 52 4096 3589 6.8 3.1 15 9
20:44:38 1 52 4096 3589 6.8 3.1 15 9
20:44:39 1 52 4096 3589 6.8 3.1 15 9
20:44:40 1 52 4096 3589 6.8 3.1 15 9
20:44:41 1 52 4096 3589 6.8 3.1 15 9
20:44:42 1 52 4096 3589 6.8 3.1 15 9
20:44:44 1 52 4096 3589 6.8 3.1 15 9
20:44:45 1 52 4096 3589 6.8 3.1 15 9
20:44:46 1 52 4096 3589 6.8 3.2 15 9
20:44:47 1 52 4096 3589 6.8 3.2 15 9
20:44:48 1 52 4096 3589 6.8 3.2 15 9
20:44:49 1 52 4096 3589 6.8 3.2 15 9
20:44:50 1 52 4096 3589 6.8 3.2 15 9
20:44:51 1 52 4096 3589 6.8 3.2 15 9
20:44:52 1 52 4096 3589 6.8 3.2 15 9
20:44:53 1 52 4096 3589 6.8 3.2 15 9
20:44:54 1 52 4096 3589 6.8 3.2 15 9
20:44:55 1 52 4096 3589 6.8 3.2 15 9
20:44:56 1 52 4096 3589 6.8 3.2 15 9
20:44:57 1 52 4096 3589 6.8 3.2 15 9
20:44:58 1 52 4096 3589 6.8 3.2 15 9
20:44:59 1 50 4096 3589 7.5 3.1 15 9
20:45:01 1 57 4096 3589 4.9 3.1 15 9
20:45:02 1 57 4096 3589 4.9 3.1 15 9
20:45:03 1 57 4096 3589 4.9 3.1 15 9
20:45:04 1 50 4096 3589 7.4 3.2 15 9
20:45:05 1 52 4096 3589 6.8 3.2 15 9
20:45:06 1 52 4096 3589 6.8 3.2 15 9
20:45:07 1 52 4096 3589 6.8 3.2 15 9
20:45:08 1 52 4096 3589 6.8 3.2 15 9
20:45:09 1 52 4096 3589 6.8 3.2 15 9
20:45:10 1 52 4096 3589 6.8 3.2 15 9
20:45:11 1 52 4096 3589 6.8 3.2 15 9
20:45:12 1 52 4096 3589 6.8 3.2 15 9
20:45:13 1 52 4096 3589 6.8 3.2 15 9
20:45:14 1 52 4096 3589 6.8 3.2 15 9
20:45:15 1 52 4096 3589 6.8 3.2 15 9
20:45:16 1 52 4096 3589 6.8 3.2 15 9
20:45:18 1 52 4096 3589 6.8 3.2 15 9
20:45:19 1 52 4096 3589 6.8 3.2 15 9
20:45:20 1 52 4096 3589 6.8 3.2 15 9
20:45:21 1 52 4096 3589 6.8 3.2 15 9
20:45:22 1 52 4096 3589 6.8 3.2 15 9
20:45:23 1 52 4096 3589 6.8 3.2 15 9
20:45:24 1 52 4096 3589 6.8 3.2 15 9
20:45:25 1 52 4096 3589 6.8 3.2 15 9
20:45:26 1 52 4096 3589 6.8 3.2 15 9
20:45:27 1 52 4096 3589 6.8 3.2 15 9
20:45:28 1 52 4096 3589 6.8 3.2 15 9
20:45:29 1 52 4096 3589 6.8 3.2 15 9
20:45:30 1 52 4096 3589 6.8 3.2 15 9
20:45:31 1 52 4096 3589 6.8 3.2 15 9
20:45:32 1 52 4096 3589 6.8 3.2 15 9
20:45:33 1 52 4096 3589 6.8 3.2 15 9
20:45:35 1 52 4096 3589 6.8 3.2 15 9
20:45:36 1 52 4096 3589 6.8 3.2 15 9
20:45:37 1 52 4096 3589 6.8 3.2 15 9
20:45:38 1 52 4096 3589 6.8 3.1 15 9
20:45:39 1 50 4096 3589 7.5 3.1 15 9
20:45:40 1 57 4096 3589 4.9 3.1 15 9
20:45:41 1 57 4096 3589 4.9 3.1 15 9
20:45:42 1 57 4096 3589 4.9 3.1 15 9
20:45:43 1 50 4096 3589 7.4 3.2 15 9
20:45:44 1 52 4096 3589 6.8 3.2 15 9
20:45:45 1 52 4096 3589 6.8 3.2 15 9
20:45:46 1 52 4096 3589 6.8 3.2 15 9
20:45:47 1 52 4096 3589 6.8 3.2 15 9
20:45:48 1 52 4096 3589 6.8 3.2 15 9
20:45:49 1 52 4096 3589 6.8 3.2 15 9
20:45:50 1 52 4096 3589 6.8 3.2 15 9
20:45:51 1 52 4096 3589 6.8 3.2 15 9
20:45:53 1 52 4096 3589 6.8 3.2 15 9
20:45:54 1 52 4096 3589 6.8 3.2 15 9
20:45:55 1 52 4096 3589 6.8 3.2 15 9
20:45:56 1 52 4096 3589 6.8 3.2 15 9
20:45:57 1 52 4096 3589 6.8 3.2 15 9
20:45:58 1 52 4096 3589 6.8 3.2 15 9
20:45:59 1 52 4096 3589 6.8 3.2 15 9
20:46:00 1 52 4096 3589 6.8 3.2 15 9
20:46:01 1 52 4096 3589 6.8 3.2 15 9
20:46:02 1 52 4096 3589 6.8 3.2 15 9
20:46:03 1 52 4096 3589 6.8 3.2 15 9
20:46:04 1 52 4096 3589 6.8 3.2 15 9
20:46:05 1 52 4096 3589 6.8 3.2 15 9
20:46:06 1 52 4096 3589 6.8 3.2 15 9
20:46:07 1 52 4096 3589 6.8 3.2 15 9
20:46:08 1 52 4096 3589 6.8 3.2 15 9
20:46:10 1 52 4096 3589 6.8 3.2 15 9
20:46:11 1 52 4096 3589 6.8 3.2 15 9
20:46:12 1 52 4096 3589 6.8 3.2 15 9
20:46:13 1 52 4096 3589 6.8 3.2 15 9
20:46:14 1 52 4096 3589 6.8 3.2 15 9
20:46:15 1 52 4096 3589 6.8 3.2 15 9
20:46:16 1 52 4096 3589 6.8 3.2 15 9
20:46:17 1 50 4096 3589 7.5 3.1 15 9
20:46:18 1 57 4096 3589 4.9 3.1 15 9
20:46:19 1 57 4096 3589 4.9 3.1 15 9
20:46:20 1 57 4096 3589 4.9 3.1 15 9
20:46:21 1 50 4096 3589 7.4 3.2 15 9
20:46:22 1 52 4096 3589 6.8 3.2 15 9
20:46:23 1 52 4096 3589 6.8 3.2 15 9
20:46:24 1 52 4096 3589 6.8 3.2 15 9
20:46:25 1 52 4096 3589 6.8 3.2 15 9
20:46:26 1 52 4096 3589 6.8 3.2 15 9
20:46:28 1 52 4096 3589 6.8 3.2 15 9
20:46:29 1 52 4096 3589 6.8 3.2 15 9
20:46:30 1 52 4096 3589 6.8 3.2 15 9
20:46:31 1 52 4096 3589 6.8 3.2 15 9
20:46:32 1 52 4096 3589 6.8 3.2 15 9
20:46:33 1 52 4096 3589 6.8 3.2 15 9
20:46:34 1 52 4096 3589 6.8 3.2 15 9
20:46:35 1 52 4096 3589 6.8 3.2 15 9
20:46:36 1 52 4096 3589 6.8 3.2 15 9
20:46:37 1 52 4096 3589 6.8 3.2 15 9
20:46:38 1 52 4096 3589 6.8 3.2 15 9
20:46:39 1 52 4096 3589 6.8 3.2 15 9
20:46:40 1 52 4096 3589 6.8 3.2 15 9
20:46:41 1 52 4096 3589 6.8 3.2 15 9
20:46:42 1 52 4096 3589 6.8 3.2 15 9
20:46:43 1 52 4096 3589 6.8 3.2 15 9
20:46:45 1 52 4096 3589 6.8 3.2 15 9
20:46:46 1 52 4096 3589 6.8 3.2 15 9
20:46:47 1 52 4096 3589 6.8 3.2 15 9
20:46:48 1 52 4096 3589 6.8 3.2 15 9
20:46:49 1 52 4096 3589 6.8 3.2 15 9
20:46:50 1 52 4096 3589 6.8 3.2 15 9
20:46:51 1 52 4096 3589 6.8 3.2 15 9
20:46:52 1 52 4096 3589 6.8 3.2 15 9
20:46:53 1 52 4096 3589 6.8 3.2 15 9
20:46:54 1 52 4096 3589 6.8 3.2 15 9
20:46:55 1 52 4096 3589 6.8 3.1 15 9
20:46:56 1 50 4096 3589 7.5 3.1 15 9
20:46:57 1 57 4096 3589 4.9 3.1 15 9
20:46:58 1 58 4096 3589 4.9 3.1 15 9
20:46:59 1 57 4096 3589 4.9 3.1 15 9
20:47:00 1 50 4096 3589 7.4 3.2 15 9
20:47:02 1 52 4096 3589 6.8 3.2 15 9
20:47:03 1 52 4096 3589 6.8 3.2 15 9
20:47:04 1 52 4096 3589 6.8 3.2 15 9
20:47:05 1 52 4096 3589 6.8 3.2 15 9
20:47:06 1 52 4096 3589 6.8 3.2 15 9
20:47:07 1 52 4096 3589 6.8 3.2 15 9
20:47:08 1 52 4096 3589 6.8 3.2 15 9
20:47:09 1 52 4096 3589 6.8 3.2 15 9
20:47:10 1 52 4096 3589 6.8 3.2 15 9
20:47:11 1 52 4096 3589 6.8 3.2 15 9
20:47:12 1 52 4096 3589 6.8 3.2 15 9
20:47:13 1 52 4096 3589 6.8 3.2 15 9
20:47:14 1 52 4096 3589 6.8 3.2 15 9
20:47:15 1 52 4096 3589 6.8 3.2 15 9
20:47:16 1 52 4096 3589 6.8 3.2 15 9
20:47:17 1 52 4096 3589 6.8 3.2 15 9
20:47:19 1 52 4096 3589 6.8 3.2 15 9
20:47:20 1 52 4096 3589 6.8 3.2 15 9
20:47:21 1 52 4096 3589 6.8 3.2 15 9
20:47:22 1 52 4096 3589 6.8 3.2 15 9
20:47:23 1 52 4096 3589 6.8 3.2 15 9
20:47:24 1 52 4096 3589 6.8 3.2 15 9
20:47:25 1 52 4096 3589 6.8 3.2 15 9
20:47:26 1 52 4096 3589 6.8 3.2 15 9
20:47:27 1 52 4096 3589 6.8 3.2 15 9
20:47:28 1 52 4096 3589 6.8 3.2 15 9
20:47:29 1 52 4096 3589 6.8 3.2 15 9
20:47:30 1 52 4096 3589 6.8 3.2 15 9
20:47:31 1 52 4096 3589 6.8 3.2 15 9
20:47:32 1 52 4096 3589 6.8 3.2 15 9
20:47:33 1 52 4096 3589 6.8 3.2 15 9
20:47:34 1 50 4096 3589 7.5 3.2 15 9
20:47:36 1 58 4096 3589 4.9 3.2 15 9
20:47:37 1 57 4096 3589 4.9 3.2 15 9
20:47:38 1 57 4096 3589 4.9 3.2 15 9
20:47:39 1 50 4096 3589 7.4 3.2 15 9
20:47:40 1 52 4096 3589 6.8 3.2 15 9
20:47:41 1 52 4096 3589 6.8 3.2 15 9
20:47:42 1 52 4096 3589 6.8 3.2 15 9
20:47:43 1 52 4096 3589 6.8 3.2 15 9
20:47:44 1 52 4096 3589 6.8 3.2 15 9
20:47:45 1 52 4096 3589 6.8 3.2 15 9
20:47:46 1 52 4096 3589 6.8 3.2 15 9
20:47:47 1 52 4096 3589 6.8 3.2 15 9
20:47:48 1 52 4096 3589 6.8 3.2 15 9
20:47:49 1 52 4096 3589 6.8 3.2 15 9
20:47:50 1 52 4096 3589 6.8 3.2 15 9
20:47:51 1 52 4096 3589 6.8 3.2 15 9
20:47:53 1 52 4096 3589 6.8 3.2 15 9
20:47:54 1 52 4096 3589 6.8 3.2 15 9
20:47:55 1 52 4096 3589 6.8 3.2 15 9
20:47:56 1 52 4096 3589 6.8 3.2 15 9
20:47:57 1 52 4096 3589 6.8 3.2 15 9
20:47:58 1 52 4096 3589 6.8 3.2 15 9
20:47:59 1 52 4096 3589 6.8 3.2 15 9
20:48:00 1 52 4096 3589 6.8 3.2 15 9
20:48:01 1 52 4096 3589 6.8 3.2 15 9
20:48:02 1 52 4096 3589 6.8 3.2 15 9
20:48:03 1 52 4096 3589 6.8 3.2 15 9
20:48:04 1 52 4096 3589 6.8 3.2 15 9
20:48:05 1 52 4096 3589 6.8 3.2 15 9
20:48:06 1 52 4096 3589 6.8 3.2 15 9
20:48:07 1 52 4096 3589 6.8 3.2 15 9
20:48:08 1 52 4096 3589 6.8 3.2 15 9
20:48:09 1 52 4096 3589 6.8 3.2 15 9
20:48:11 1 52 4096 3589 6.8 3.2 15 9
20:48:12 1 52 4096 3589 6.8 3.2 15 9
20:48:13 1 52 4096 3589 6.8 3.2 15 9
20:48:14 1 50 4096 3589 7.5 3.2 15 9
20:48:15 1 57 4096 3589 4.9 3.2 15 9
20:48:16 1 57 4096 3589 4.9 3.2 15 9
20:48:17 1 57 4096 3589 4.9 3.2 15 9
20:48:18 1 50 4096 3589 7.4 3.2 15 9
20:48:19 1 52 4096 3589 6.8 3.2 15 9
20:48:20 1 52 4096 3589 6.8 3.2 15 9
20:48:21 1 52 4096 3589 6.8 3.2 15 9
20:48:22 1 52 4096 3589 6.8 3.2 15 9
20:48:23 1 52 4096 3589 6.8 3.2 15 9
20:48:24 1 52 4096 3589 6.8 3.2 15 9
20:48:25 1 52 4096 3589 6.8 3.2 15 9
20:48:26 1 52 4096 3589 6.8 3.2 15 9
20:48:28 1 52 4096 3589 6.8 3.2 15 9
20:48:29 1 52 4096 3589 6.8 3.2 15 9
20:48:30 1 52 4096 3589 6.8 3.2 15 9
20:48:31 1 52 4096 3589 6.8 3.2 15 9
20:48:32 1 52 4096 3589 6.8 3.2 15 9
20:48:33 1 52 4096 3589 6.8 3.2 15 9
20:48:34 1 52 4096 3589 6.8 3.2 15 9
20:48:35 1 52 4096 3589 6.8 3.2 15 9
20:48:36 1 52 4096 3589 6.8 3.2 15 9
20:48:37 1 52 4096 3589 6.8 3.2 15 9
20:48:38 1 52 4096 3589 6.8 3.2 15 9
20:48:39 1 52 4096 3589 6.8 3.2 15 9
20:48:40 1 52 4096 3589 6.8 3.2 15 9
20:48:41 1 52 4096 3589 6.8 3.2 15 9
20:48:42 1 52 4096 3589 6.8 3.2 15 9
20:48:43 1 52 4096 3589 6.8 3.2 15 9
20:48:44 1 52 4096 3589 6.8 3.2 15 9
20:48:46 1 52 4096 3589 6.8 3.2 15 9
20:48:47 1 52 4096 3589 6.8 3.2 15 9
20:48:48 1 52 4096 3589 6.8 3.2 15 9
20:48:49 1 52 4096 3589 6.8 3.2 15 9
20:48:50 1 52 4096 3589 6.8 3.2 15 9
20:48:51 1 52 4096 3589 6.8 3.2 15 9
20:48:52 1 52 4096 3589 6.8 3.2 15 9
20:48:53 1 50 4096 3589 7.5 3.2 15 9
20:48:54 1 58 4096 3589 4.9 3.2 15 9
20:48:55 1 57 4096 3589 4.9 3.2 15 9
20:48:56 1 57 4096 3589 4.9 3.2 15 9
20:48:57 1 50 4096 3589 7.4 3.2 15 9
20:48:58 1 52 4096 3589 6.8 3.2 15 9
20:48:59 1 52 4096 3589 6.8 3.2 15 9
20:49:00 1 52 4096 3589 6.8 3.2 15 9
20:49:01 1 52 4096 3589 6.8 3.2 15 9
20:49:03 1 52 4096 3589 6.8 3.2 15 9
20:49:04 1 52 4096 3589 6.8 3.2 15 9
20:49:05 1 52 4096 3589 6.8 3.2 15 9
20:49:06 1 52 4096 3589 6.8 3.2 15 9
20:49:07 1 52 4096 3589 6.8 3.2 15 9
20:49:08 1 52 4096 3589 6.8 3.2 15 9
20:49:09 1 52 4096 3589 6.8 3.2 15 9
20:49:10 1 52 4096 3589 6.8 3.2 15 9
20:49:11 1 52 4096 3589 6.8 3.2 15 9
20:49:12 1 52 4096 3589 6.8 3.2 15 9
20:49:13 1 52 4096 3589 6.8 3.2 15 9
20:49:14 1 52 4096 3589 6.8 3.2 15 9
20:49:15 1 52 4096 3589 6.8 3.2 15 9
20:49:16 1 52 4096 3589 6.8 3.2 15 9
20:49:17 1 52 4096 3589 6.8 3.2 15 9
20:49:18 1 52 4096 3589 6.8 3.2 15 9
20:49:20 1 52 4096 3589 6.8 3.2 15 9
20:49:21 1 52 4096 3589 6.8 3.2 15 9
20:49:22 1 52 4096 3589 6.8 3.2 15 9
20:49:23 1 52 4096 3589 6.8 3.2 15 9
20:49:24 1 52 4096 3589 6.8 3.2 15 9
20:49:25 1 52 4096 3589 6.8 3.2 15 9
20:49:26 1 52 4096 3589 6.8 3.2 15 9
20:49:27 1 52 4096 3589 6.8 3.2 15 9
20:49:28 1 52 4096 3589 6.8 3.2 15 9
20:49:29 1 52 4096 3589 6.8 3.2 15 9
20:49:30 1 52 4096 3589 6.8 3.2 15 9
20:49:31 1 50 4096 3589 7.5 3.2 15 9
20:49:32 1 58 4096 3589 4.9 3.2 15 9
20:49:33 1 58 4096 3589 4.9 3.2 15 9
20:49:34 1 58 4096 3589 4.9 3.2 15 9
20:49:35 1 51 4096 3589 7.4 3.2 15 9
20:49:37 1 52 4096 3589 6.8 3.2 15 9
20:49:38 1 52 4096 3589 6.8 3.2 15 9
20:49:39 1 52 4096 3589 6.8 3.2 15 9
20:49:40 1 52 4096 3589 6.8 3.2 15 9
20:49:41 1 52 4096 3589 6.8 3.2 15 9
20:49:42 1 52 4096 3589 6.8 3.2 15 9
20:49:43 1 52 4096 3589 6.8 3.2 15 9
20:49:44 1 52 4096 3589 6.8 3.2 15 9
20:49:45 1 52 4096 3589 6.8 3.2 15 9
20:49:46 1 52 4096 3589 6.8 3.2 15 9
20:49:47 1 52 4096 3589 6.8 3.2 15 9
20:49:48 1 52 4096 3589 6.8 3.2 15 9
20:49:49 1 52 4096 3589 6.8 3.2 15 9
20:49:50 1 52 4096 3589 6.8 3.2 15 9
20:49:51 1 52 4096 3589 6.8 3.2 15 9
20:49:52 1 52 4096 3589 6.8 3.2 15 9
20:49:54 1 52 4096 3589 6.8 3.2 15 9
20:49:55 1 52 4096 3589 6.8 3.2 15 9
20:49:56 1 52 4096 3589 6.8 3.2 15 9
20:49:57 1 52 4096 3589 6.8 3.2 15 9
20:49:58 1 52 4096 3589 6.8 3.2 15 9
20:49:59 1 52 4096 3589 6.8 3.2 15 9
20:50:00 1 51 4096 3589 7.1 3.2 15 9
20:50:01 1 52 4096 3589 6.8 3.2 15 9
20:50:02 1 52 4096 3589 6.8 3.2 15 9
20:50:03 1 52 4096 3589 6.8 3.2 15 9
20:50:04 1 52 4096 3589 6.8 3.2 15 9
20:50:05 1 52 4096 3589 6.8 3.2 15 9
20:50:06 1 52 4096 3589 6.8 3.2 15 9
20:50:07 1 52 4096 3589 6.8 3.2 15 9
20:50:08 1 52 4096 3589 6.8 3.2 15 9
20:50:09 1 50 4096 3589 7.5 3.2 15 9
20:50:10 1 57 4096 3589 4.9 3.2 15 9
20:50:12 1 57 4096 3589 4.9 3.2 15 9
20:50:13 1 58 4096 3589 4.9 3.2 15 9
20:50:14 1 50 4096 3589 7.4 3.2 15 9
20:50:15 1 52 4096 3589 6.8 3.2 15 9
20:50:16 1 52 4096 3589 6.8 3.2 15 9
20:50:17 1 52 4096 3589 6.8 3.2 15 9
20:50:18 1 52 4096 3589 6.9 3.2 15 9
20:50:19 1 51 4096 3589 6.9 3.2 15 9
20:50:20 1 51 4096 3589 6.9 3.2 15 9
20:50:21 1 51 4096 3589 6.9 3.2 15 9
20:50:22 1 51 4096 3589 6.9 3.2 15 9
20:50:23 1 49 4096 3589 7.3 3.2 15 9
20:50:24 1 50 4096 3589 6.8 3.2 15 9
20:50:25 1 50 4096 3589 6.8 3.2 15 9
20:50:26 1 50 4096 3589 6.8 3.2 15 9
20:50:27 1 50 4096 3589 6.8 3.2 15 9
20:50:29 1 50 4096 3589 6.8 3.2 15 9
20:50:30 1 50 4096 3589 6.8 3.2 15 9
20:50:31 1 50 4096 3589 6.8 3.2 15 9
20:50:32 1 50 4096 3589 6.8 3.2 15 9
20:50:33 1 50 4096 3589 6.8 3.2 15 9
20:50:34 1 50 4096 3589 6.9 3.2 15 9
20:50:35 1 50 4096 3589 6.8 3.2 15 9
20:50:36 1 50 4096 3589 6.8 3.2 15 9
20:50:37 1 50 4096 3589 6.8 3.2 15 9
20:50:38 1 50 4096 3589 6.8 3.2 15 9
20:50:39 1 50 4096 3589 6.8 3.2 15 9
20:50:40 1 50 4096 3589 6.8 3.2 15 9
20:50:41 1 50 4096 3589 6.8 3.2 15 9
20:50:42 1 50 4096 3589 6.8 3.2 15 9
20:50:43 1 50 4096 3589 6.8 3.2 15 9
20:50:44 1 50 4096 3589 6.8 3.2 15 9
20:50:46 1 50 4096 3589 6.8 3.2 15 9
20:50:47 1 50 4096 3589 6.8 3.2 15 9
20:50:48 1 51 4096 3589 6.8 3.2 15 9
20:50:49 1 48 4096 3589 7.5 3.1 15 9
20:50:50 1 56 4096 3589 4.9 3.1 15 9
20:50:51 1 56 4096 3589 4.9 3.1 15 9
20:50:52 1 56 4096 3589 6.8 3.2 15 9
20:50:53 1 51 4096 3589 6.8 3.2 15 9
20:50:54 1 51 4096 3589 6.8 3.2 15 9
20:50:55 1 51 4096 3589 6.8 3.2 15 9
20:50:56 1 51 4096 3589 6.8 3.2 15 9
20:50:57 1 50 4096 3589 6.8 3.2 15 9
20:50:58 1 50 4096 3589 6.8 3.2 15 9
20:50:59 1 50 4096 3589 6.8 3.2 15 9
20:51:00 1 50 4096 3589 6.8 3.2 15 9
20:51:01 1 50 4096 3589 6.8 3.2 15 9
20:51:03 1 50 4096 3589 6.8 3.2 15 9
20:51:04 1 50 4096 3589 6.8 3.2 15 9
20:51:05 1 50 4096 3589 6.8 3.2 15 9
20:51:06 1 50 4096 3589 6.8 3.2 15 9
20:51:07 1 50 4096 3589 6.8 3.2 15 9
20:51:08 1 50 4096 3589 6.8 3.2 15 9
20:51:09 1 50 4096 3589 6.8 3.2 15 9
20:51:10 1 51 4096 3589 6.8 3.2 15 9
20:51:11 1 51 4096 3589 6.8 3.2 15 9
20:51:12 1 51 4096 3589 6.8 3.2 15 9
20:51:13 1 51 4096 3589 6.8 3.2 15 9
20:51:14 1 51 4096 3589 6.8 3.2 15 9
20:51:15 1 51 4096 3589 6.8 3.2 15 9
20:51:16 1 51 4096 3589 6.8 3.2 15 9
20:51:17 1 50 4096 3589 6.9 3.2 15 9
20:51:18 1 50 4096 3589 6.8 3.2 15 9
20:51:19 1 50 4096 3589 6.8 3.2 15 9
20:51:21 1 51 4096 3589 6.8 3.2 15 9
20:51:22 1 51 4096 3589 6.8 3.2 15 9
20:51:23 1 51 4096 3589 6.8 3.2 15 9
20:51:24 1 51 4096 3589 6.8 3.2 15 9
20:51:25 1 51 4096 3589 6.8 3.2 15 9
20:51:26 1 51 4096 3589 6.8 3.2 15 9
20:51:27 1 49 4096 3589 7.5 3.1 15 9
20:51:28 1 57 4096 3589 4.9 3.1 15 9
20:51:29 1 57 4096 3589 4.9 3.1 15 9
20:51:30 1 57 4096 3589 4.9 3.1 15 9
20:51:31 1 50 4096 3589 7.4 3.2 15 9
20:51:32 1 52 4096 3589 6.8 3.2 15 9
20:51:33 1 52 4096 3589 6.8 3.2 15 9
20:51:34 1 52 4096 3589 6.8 3.2 15 9
20:51:35 1 51 4096 3581 6.9 3.2 15 9
20:51:36 1 51 4096 3581 6.8 3.2 15 9
20:51:38 1 51 4096 3581 6.8 3.2 15 9
20:51:39 1 51 4096 3581 6.8 3.2 15 9
20:51:40 1 51 4096 3581 6.8 3.2 15 9
20:51:41 1 51 4096 3581 6.8 3.2 15 9
20:51:42 1 52 4096 3581 6.8 3.2 15 9
20:51:43 1 52 4096 3581 6.8 3.2 15 9
20:51:44 1 52 4096 3581 6.8 3.2 15 9
20:51:45 1 52 4096 3581 6.8 3.2 15 9
20:51:46 1 52 4096 3581 6.8 3.2 15 9
20:51:47 1 52 4096 3581 6.8 3.2 15 9
20:51:48 1 52 4096 3581 6.8 3.2 15 9
20:51:49 1 52 4096 3581 6.8 3.2 15 9
20:51:50 1 52 4096 3581 6.8 3.2 15 9
20:51:51 1 52 4096 3581 6.8 3.2 15 9
20:51:52 1 52 4096 3581 6.8 3.2 15 9
20:51:53 1 52 4096 3581 6.8 3.2 15 9
20:51:55 1 52 4096 3581 6.8 3.2 15 9
20:51:56 1 52 4096 3581 6.8 3.2 15 9
20:51:57 1 52 4096 3581 6.8 3.2 15 9
20:51:58 1 52 4096 3581 6.8 3.2 15 9
20:51:59 1 52 4096 3581 6.8 3.2 15 9
20:52:00 1 52 4096 3581 6.8 3.2 15 9
20:52:01 1 52 4096 3581 6.8 3.2 15 9
20:52:02 1 52 4096 3581 6.8 3.2 15 9
20:52:03 1 52 4096 3581 6.8 3.2 15 9
20:52:04 1 52 4096 3581 6.8 3.2 15 9
20:52:05 1 50 4096 3581 7.5 3.2 15 9
20:52:06 1 57 4096 3581 4.9 3.2 15 9
20:52:07 1 57 4096 3581 4.9 3.2 15 9
20:52:08 1 57 4096 3581 4.9 3.2 15 9
20:52:09 1 50 4096 3581 7.4 3.2 15 9
20:52:10 1 52 4096 3581 6.8 3.2 15 9
20:52:11 1 52 4096 3581 6.8 3.2 15 9
20:52:13 1 52 4096 3581 6.8 3.2 15 9
20:52:14 1 52 4096 3581 6.8 3.2 15 9
20:52:15 1 52 4096 3581 6.8 3.2 15 9
20:52:16 1 52 4096 3581 6.8 3.2 15 9
20:52:17 1 52 4096 3581 6.8 3.2 15 9
20:52:18 1 52 4096 3581 6.8 3.2 15 9
20:52:19 1 52 4096 3581 6.8 3.2 15 9
20:52:20 1 52 4096 3581 6.8 3.2 15 9
20:52:21 1 52 4096 3581 6.8 3.2 15 9
20:52:22 1 52 4096 3581 6.8 3.2 15 9
20:52:23 1 52 4096 3581 6.8 3.2 15 9
20:52:24 1 52 4096 3581 6.8 3.2 15 9
20:52:25 1 52 4096 3581 6.8 3.2 15 9
20:52:26 1 52 4096 3581 6.8 3.2 15 9
20:52:27 1 52 4096 3581 6.8 3.2 15 9
20:52:29 1 52 4096 3581 6.8 3.2 15 9
20:52:30 1 52 4096 3581 6.8 3.2 15 9
20:52:31 1 52 4096 3581 6.8 3.2 15 9
20:52:32 1 52 4096 3581 6.8 3.2 15 9
20:52:33 1 52 4096 3581 6.8 3.2 15 9
20:52:34 1 52 4096 3581 6.8 3.2 15 9
20:52:35 1 52 4096 3581 6.8 3.2 15 9
20:52:36 1 52 4096 3581 6.8 3.2 15 9
20:52:37 1 52 4096 3581 6.8 3.2 15 9
20:52:38 1 52 4096 3581 6.8 3.2 15 9
20:52:39 1 52 4096 3581 6.8 3.2 15 9
20:52:40 1 52 4096 3581 6.8 3.2 15 9
20:52:41 1 52 4096 3581 6.8 3.2 15 9
20:52:42 1 52 4096 3581 6.8 3.2 15 9
20:52:43 1 52 4096 3581 6.8 3.2 15 9
20:52:44 1 50 4096 3581 7.5 3.2 15 9
20:52:45 1 57 4096 3581 4.9 3.2 15 9
20:52:47 1 57 4096 3581 4.9 3.2 15 9
20:52:48 1 57 4096 3581 4.9 3.2 15 9
20:52:49 1 50 4096 3581 7.4 3.2 15 9
20:52:50 1 52 4096 3581 6.8 3.2 15 9
20:52:51 1 52 4096 3581 6.8 3.2 15 9
20:52:52 1 52 4096 3581 6.8 3.2 15 9
20:52:53 1 52 4096 3581 6.8 3.2 15 9
20:52:54 1 52 4096 3581 6.8 3.2 15 9
20:52:55 1 52 4096 3581 6.8 3.2 15 9
20:52:56 1 52 4096 3581 6.8 3.2 15 9
20:52:57 1 52 4096 3581 6.8 3.2 15 9
20:52:58 1 52 4096 3581 6.8 3.2 15 9
20:52:59 1 52 4096 3581 6.8 3.2 15 9
20:53:00 1 52 4096 3581 6.8 3.2 15 9
20:53:01 1 52 4096 3581 6.8 3.2 15 9
20:53:02 1 52 4096 3581 6.8 3.2 15 9
20:53:03 1 52 4096 3581 6.8 3.2 15 9
20:53:05 1 52 4096 3581 6.8 3.2 15 9
20:53:06 1 52 4096 3581 6.8 3.2 15 9
20:53:07 1 52 4096 3581 6.8 3.2 15 9
20:53:08 1 52 4096 3581 6.8 3.2 15 9
20:53:09 1 52 4096 3581 6.8 3.2 15 9
20:53:10 1 52 4096 3581 6.8 3.2 15 9
20:53:11 1 52 4096 3581 6.8 3.2 15 9
20:53:12 1 52 4096 3581 6.8 3.2 15 9
20:53:13 1 52 4096 3581 6.8 3.2 15 9
20:53:14 1 52 4096 3581 6.8 3.2 15 9
20:53:15 1 52 4096 3581 6.8 3.2 15 9
20:53:16 1 52 4096 3581 6.8 3.2 15 9
20:53:17 1 52 4096 3581 6.8 3.2 15 9
20:53:18 1 52 4096 3581 6.8 3.2 15 9
20:53:19 1 52 4096 3581 6.8 3.2 15 9
20:53:20 1 52 4096 3581 6.8 3.2 15 9
20:53:22 1 51 4096 3581 6.8 3.2 15 9
20:53:23 1 50 4096 3581 7.5 3.2 15 9
20:53:24 1 57 4096 3581 4.9 3.2 15 9
20:53:25 1 57 4096 3581 4.9 3.2 15 9
20:53:26 1 57 4096 3581 4.9 3.2 15 9
20:53:27 1 50 4096 3581 7.4 3.2 15 9
20:53:28 1 50 4096 3581 6.8 3.2 15 9
20:53:29 1 52 4096 3581 6.8 3.2 15 9
20:53:30 1 52 4096 3581 6.8 3.2 15 9
20:53:31 1 52 4096 3581 6.8 3.2 15 9
20:53:32 1 52 4096 3581 6.8 3.2 15 9
20:53:33 1 52 4096 3581 6.8 3.2 15 9
20:53:34 1 52 4096 3581 6.8 3.2 15 9
20:53:35 1 52 4096 3581 6.8 3.2 15 9
20:53:36 1 52 4096 3581 6.8 3.2 15 9
20:53:37 1 52 4096 3581 6.8 3.2 15 9
20:53:39 1 52 4096 3581 6.8 3.2 15 9
20:53:40 1 52 4096 3581 6.8 3.2 15 9
20:53:41 1 52 4096 3581 6.8 3.2 15 9
20:53:42 1 52 4096 3581 6.8 3.2 15 9
20:53:43 1 52 4096 3581 6.8 3.2 15 9
20:53:44 1 52 4096 3581 6.8 3.2 15 9
20:53:45 1 52 4096 3581 6.8 3.2 15 9
20:53:46 1 52 4096 3581 6.8 3.2 15 9
20:53:47 1 52 4096 3581 6.8 3.2 15 9
20:53:48 1 52 4096 3581 6.8 3.2 15 9
20:53:49 1 52 4096 3581 6.8 3.2 15 9
20:53:50 1 52 4096 3581 6.8 3.2 15 9
20:53:51 1 52 4096 3581 6.8 3.2 15 9
20:53:52 1 52 4096 3581 6.8 3.2 15 9
20:53:53 1 52 4096 3581 6.8 3.2 15 9
20:53:55 1 52 4096 3581 6.8 3.2 15 9
20:53:56 1 52 4096 3581 6.8 3.2 15 9
20:53:57 1 52 4096 3581 6.8 3.2 15 9
20:53:58 1 52 4096 3581 6.8 3.2 15 9
20:53:59 1 52 4096 3581 6.8 3.2 15 9
20:54:00 1 52 4096 3581 6.8 3.2 15 9
20:54:01 1 52 4096 3581 6.8 3.2 15 9
20:54:02 1 50 4096 3581 7.5 3.2 15 9
20:54:03 1 57 4096 3581 4.9 3.2 15 9
20:54:04 1 57 4096 3581 4.9 3.2 15 9
20:54:05 1 57 4096 3581 4.9 3.2 15 9
20:54:06 1 50 4096 3581 7.4 3.2 15 9
20:54:07 1 52 4096 3581 6.8 3.2 15 9
20:54:08 1 52 4096 3581 6.8 3.2 15 9
20:54:09 1 51 4096 3581 7.0 3.2 15 9
20:54:10 1 50 4096 3581 7.0 3.2 15 9
20:54:11 1 50 4096 3581 7.0 3.2 15 9
20:54:13 1 50 4096 3581 7.0 3.2 15 9
20:54:14 1 50 4096 3581 7.1 3.2 15 9
20:54:15 1 50 4096 3581 7.0 3.2 15 9
20:54:16 1 50 4096 3581 7.0 3.2 15 9
20:54:17 1 50 4096 3581 7.1 3.2 15 9
20:54:18 1 50 4096 3581 7.1 3.2 15 9
20:54:19 1 50 4096 3581 7.1 3.2 15 9
20:54:20 1 50 4096 3581 7.1 3.2 15 9
20:54:21 1 50 4096 3581 7.1 3.2 15 9
20:54:22 1 50 4096 3581 7.1 3.2 15 9
20:54:23 1 50 4096 3581 7.1 3.2 15 9
20:54:24 1 50 4096 3581 7.1 3.2 15 9
20:54:25 1 50 4096 3581 7.1 3.2 15 9
20:54:26 1 50 4096 3581 7.1 3.2 15 9
20:54:27 1 50 4096 3581 7.1 3.2 15 9
20:54:28 1 50 4096 3581 6.9 3.2 15 9
20:54:30 1 51 4096 3581 6.8 3.2 15 9
20:54:31 1 51 4096 3581 6.8 3.2 15 9
20:54:32 1 51 4096 3581 6.8 3.2 15 9
20:54:33 1 51 4096 3581 6.8 3.2 15 9
20:54:34 1 51 4096 3581 6.8 3.2 15 9
20:54:35 1 51 4096 3581 6.8 3.2 15 9
20:54:36 1 51 4096 3581 6.8 3.2 15 9
20:54:37 1 51 4096 3581 6.8 3.2 15 9
20:54:38 1 51 4096 3581 6.8 3.1 15 9
20:54:39 1 50 4096 3581 6.8 3.1 15 9
20:54:40 1 48 4096 3581 7.5 3.1 15 9
20:54:41 1 56 4096 3581 4.9 3.1 15 9
20:54:42 1 56 4096 3581 4.9 3.1 15 9
20:54:43 1 56 4096 3581 4.9 3.1 15 9
20:54:44 1 48 4096 3581 7.3 3.1 15 9
20:54:45 1 50 4096 3581 6.8 3.1 15 9
20:54:47 1 50 4096 3581 6.8 3.1 15 9
20:54:48 1 50 4096 3581 6.8 3.1 15 9
20:54:49 1 50 4096 3581 6.8 3.1 15 9
20:54:50 1 50 4096 3581 6.8 3.1 15 9
20:54:51 1 50 4096 3581 6.8 3.1 15 9
20:54:52 1 50 4096 3581 6.8 3.1 15 9
20:54:53 1 50 4096 3581 6.8 3.1 15 9
20:54:54 1 50 4096 3581 6.8 3.1 15 9
20:54:55 1 50 4096 3581 6.8 3.1 15 9
20:54:56 1 50 4096 3581 6.8 3.1 15 9
20:54:57 1 50 4096 3581 6.8 3.1 15 9
20:54:58 1 50 4096 3581 6.8 3.1 15 9
20:54:59 1 50 4096 3581 6.8 3.1 15 9
20:55:00 1 50 4096 3581 6.8 3.1 15 9
20:55:01 1 50 4096 3581 6.8 3.1 15 9
20:55:02 1 50 4096 3581 6.8 3.1 15 9
20:55:03 1 50 4096 3581 6.8 3.1 15 9
20:55:05 1 50 4096 3581 6.8 3.1 15 9
20:55:06 1 50 4096 3581 6.8 3.1 15 9
20:55:07 1 50 4096 3581 6.8 3.1 15 9
20:55:08 1 50 4096 3581 6.8 3.1 15 9
20:55:09 1 50 4096 3581 6.8 3.1 15 9
20:55:10 1 50 4096 3581 6.8 3.1 15 9
20:55:11 1 50 4096 3581 6.8 3.1 15 9
20:55:12 1 50 4096 3581 6.8 3.1 15 9
20:55:13 1 50 4096 3581 6.8 3.1 15 9
20:55:14 1 50 4096 3581 6.8 3.1 15 9
20:55:15 1 50 4096 3581 6.8 3.1 15 9
20:55:16 1 50 4096 3581 6.8 3.1 15 9
20:55:17 1 50 4096 3581 6.8 3.1 15 9
20:55:18 1 50 4096 3581 6.8 3.1 15 9
20:55:19 1 48 4096 3581 7.5 3.0 15 9
20:55:20 1 55 4096 3581 4.9 3.0 15 9
20:55:22 1 55 4096 3581 4.9 3.0 15 9
20:55:23 1 55 4096 3581 4.9 3.0 15 9
20:55:24 1 48 4096 3581 7.4 3.1 15 9
20:55:25 1 50 4096 3581 6.8 3.1 15 9
20:55:26 1 50 4096 3581 6.8 3.1 15 9
20:55:27 1 50 4096 3581 6.8 3.1 15 9
20:55:28 1 50 4096 3581 6.8 3.1 15 9
20:55:29 1 50 4096 3581 6.8 3.1 15 9
20:55:30 1 50 4096 3581 6.8 3.1 15 9
20:55:31 1 50 4096 3581 6.8 3.1 15 9
20:55:32 1 50 4096 3581 6.8 3.1 15 9
20:55:33 1 50 4096 3581 6.8 3.1 15 9
20:55:34 1 50 4096 3581 6.8 3.1 15 9
20:55:35 1 50 4096 3581 6.8 3.1 15 9
20:55:36 1 50 4096 3581 6.8 3.1 15 9
20:55:37 1 50 4096 3581 6.8 3.1 15 9
20:55:38 1 50 4096 3581 6.8 3.1 15 9
20:55:40 1 50 4096 3581 6.8 3.1 15 9
20:55:41 1 49 4096 3581 6.8 3.1 15 9
20:55:42 1 49 4096 3581 6.8 2.9 15 9
20:55:43 1 49 4096 3581 6.8 2.9 15 9
20:55:44 1 49 4096 3581 6.8 2.9 15 9
20:55:45 1 49 4096 3581 6.8 2.9 15 9
20:55:46 1 49 4096 3581 6.8 2.9 15 9
20:55:47 1 49 4096 3581 6.8 2.8 15 9
20:55:48 1 49 4096 3581 6.8 2.7 15 9
20:55:49 1 49 4096 3581 6.8 2.7 15 9
20:55:50 1 49 4096 3581 6.8 2.7 15 9
20:55:51 1 49 4096 3581 6.8 2.7 15 9
20:55:52 1 49 4096 3581 6.8 2.7 15 9
20:55:53 1 49 4096 3581 6.8 2.7 15 9
20:55:54 1 49 4096 3581 6.8 2.7 15 9
20:55:55 1 49 4096 3581 6.8 2.7 15 9
20:55:57 1 49 4096 3581 6.8 2.7 15 9
20:55:58 1 47 4096 3581 7.5 2.7 15 9
20:55:59 1 54 4096 3581 4.9 2.7 15 9
20:56:00 1 55 4096 3581 4.9 2.7 15 9
20:56:01 1 55 4096 3581 4.9 2.7 15 9
20:56:02 1 55 4096 3581 4.9 2.9 15 9
