[infer] replayed node enrichment ['canonical_11', 'continuous_time_4']: -> 15 channels
[infer] training graph forward_only=True masked_backward=False, readout=prefix_forward_only
[infer] florida readout=prefix_forward_only users=21052 encoder=resln cell=TO_F0
[self-test] F2 user-alone vs in-batch: max abs 9.537e-07, max rel 2.619e-07 (bound 1e-05)
[self-test] per-window prefix internal consistency (NOT an independent reimplementation): max rel diff 0.000e+00
[infer] wrote /Volumes/Vitor's SSD/ingred_g1fl/results/integ18_repr/florida/TO_F0/win_matched.npz (1274418 windows)
     1313.43 real      1805.73 user       565.18 sys
         10344185856  maximum resident set size
                   0  average shared memory size
                   0  average unshared data size
                   0  average unshared stack size
             1068906  page reclaims
                 133  page faults
                   0  swaps
                   0  block input operations
                   0  block output operations
                   0  messages sent
                   0  messages received
                   0  signals received
                  91  voluntary context switches
           100112288  involuntary context switches
      20009144786558  instructions retired
       7155703256673  cycles elapsed
         10192003544  peak memory footprint
