time pressure_lvl free_pct swap_total_MB swap_used_MB wired_GB child_rss_GB disk_int_GB disk_ssd_GB
06:19:49 1 83 4096 2775 2.8 0.0 16 7
06:19:50 1 82 4096 2775 3.1 0.3 16 7
06:19:51 1 83 4096 2775 2.8 0.4 16 7
06:19:52 1 83 4096 2775 2.8 0.8 16 7
06:19:53 1 82 4096 2775 3.1 0.8 16 7
06:19:54 1 83 4096 2775 2.8 0.8 16 7
06:19:55 1 83 4096 2775 2.8 0.8 16 7
06:19:56 1 82 4096 2775 3.1 0.8 16 7
06:19:58 1 83 4096 2775 2.8 0.8 16 7
06:19:59 1 83 4096 2775 2.8 0.8 16 7
06:20:00 1 82 4096 2775 3.1 0.8 16 7
06:20:01 1 83 4096 2775 2.9 1.1 16 7
06:20:02 1 83 4096 2775 3.0 1.1 16 7
06:20:03 1 83 4096 2775 3.0 1.1 16 7
06:20:04 1 83 4096 2775 2.9 1.1 16 7
06:20:05 1 83 4096 2775 2.9 1.1 16 7
06:20:06 1 82 4096 2775 3.2 1.1 16 7
06:20:07 1 82 4096 2775 3.1 1.1 16 7
06:20:08 1 82 4096 2775 3.2 1.1 16 7
06:20:09 1 82 4096 2775 3.1 1.1 16 7
06:20:10 1 82 4096 2775 3.1 1.1 16 7
06:20:11 1 82 4096 2775 3.2 1.1 16 7
06:20:12 1 83 4096 2775 2.8 1.1 16 7
06:20:13 1 83 4096 2775 2.8 1.1 16 7
06:20:14 1 82 4096 2775 3.1 1.1 16 7
06:20:15 1 83 4096 2775 2.8 1.1 16 7
06:20:17 1 83 4096 2775 2.9 1.1 16 7
06:20:18 1 82 4096 2775 3.1 1.1 16 7
06:20:19 1 83 4096 2775 3.0 1.1 16 7
06:20:20 1 83 4096 2775 2.9 1.1 16 7
06:20:21 1 82 4096 2775 3.1 1.1 16 7
06:20:22 1 83 4096 2775 2.9 1.1 16 7
06:20:23 1 83 4096 2775 2.9 1.1 16 7
06:20:24 1 82 4096 2775 3.1 1.1 16 7
06:20:25 1 83 4096 2775 2.9 1.1 16 7
06:20:26 1 82 4096 2775 3.1 1.1 16 7
06:20:27 1 83 4096 2775 2.9 1.1 16 7
06:20:28 1 83 4096 2775 3.0 1.1 16 7
06:20:29 1 82 4096 2775 3.1 1.2 16 7
06:20:30 1 83 4096 2775 2.9 1.2 16 7
06:20:31 1 83 4096 2775 2.9 1.2 16 7
06:20:32 1 82 4096 2775 3.1 1.2 16 7
06:20:33 1 83 4096 2775 3.0 1.2 16 7
06:20:34 1 83 4096 2775 2.9 1.2 16 7
06:20:36 1 82 4096 2775 3.1 1.2 16 7
06:20:37 1 83 4096 2775 3.0 1.2 16 7
06:20:38 1 83 4096 2775 2.9 1.2 16 7
06:20:39 1 82 4096 2775 3.1 1.2 16 7
06:20:40 1 83 4096 2775 2.9 1.2 16 7
06:20:41 1 83 4096 2775 2.9 1.2 16 7
06:20:42 1 82 4096 2775 3.1 1.2 16 7
06:20:43 1 83 4096 2775 3.0 1.2 16 7
06:20:44 1 82 4096 2775 3.1 1.2 16 7
06:20:45 1 83 4096 2775 3.0 1.2 16 7
06:20:46 1 83 4096 2775 2.9 1.2 16 7
06:20:47 1 82 4096 2775 3.1 1.2 16 7
06:20:48 1 83 4096 2775 2.9 1.2 16 7
06:20:49 1 83 4096 2775 2.9 1.2 16 7
06:20:50 1 82 4096 2775 3.1 1.2 16 7
06:20:51 1 83 4096 2775 3.0 1.2 16 7
06:20:52 1 83 4096 2775 2.9 1.2 16 7
06:20:53 1 82 4096 2775 3.1 1.2 16 7
06:20:55 1 83 4096 2775 2.9 1.2 16 7
06:20:56 1 83 4096 2775 2.9 1.2 16 7
06:20:57 1 82 4096 2775 3.1 1.2 16 7
06:20:58 1 83 4096 2775 2.9 1.2 16 7
06:20:59 1 83 4096 2775 2.9 1.2 16 7
06:21:00 1 82 4096 2775 3.1 1.2 16 7
06:21:01 1 83 4096 2775 3.0 1.2 16 7
06:21:02 1 83 4096 2775 3.1 1.2 16 7
06:21:03 1 82 4096 2775 3.1 1.2 16 7
06:21:04 1 83 4096 2775 2.9 1.2 16 7
06:21:05 1 82 4096 2775 3.1 1.2 16 7
06:21:06 1 83 4096 2775 3.0 1.2 16 7
06:21:07 1 83 4096 2775 2.9 1.3 16 7
06:21:08 1 82 4096 2775 3.1 1.3 16 7
06:21:09 1 83 4096 2775 2.9 1.3 16 7
06:21:10 1 83 4096 2775 2.9 1.3 16 7
06:21:11 1 82 4096 2775 3.1 1.3 16 7
06:21:13 1 83 4096 2775 2.9 1.3 16 7
06:21:14 1 83 4096 2775 3.0 1.3 16 7
06:21:15 1 82 4096 2775 3.1 1.3 16 7
06:21:16 1 83 4096 2775 2.9 1.3 16 7
06:21:17 1 83 4096 2775 2.9 1.3 16 7
06:21:18 1 82 4096 2775 3.1 1.3 16 7
06:21:19 1 83 4096 2775 2.9 1.3 16 7
06:21:20 1 83 4096 2775 3.0 1.2 16 7
06:21:21 1 82 4096 2775 3.1 1.2 16 7
06:21:22 1 83 4096 2775 3.0 1.2 16 7
06:21:23 1 82 4096 2775 3.1 1.2 16 7
06:21:24 1 82 4096 2775 3.1 1.2 16 7
06:21:25 1 83 4096 2775 2.9 1.2 16 7
06:21:26 1 82 4096 2775 3.1 1.2 16 7
06:21:27 1 83 4096 2775 2.9 1.2 16 7
06:21:28 1 83 4096 2775 2.9 1.2 16 7
06:21:29 1 82 4096 2775 3.1 1.2 16 7
06:21:30 1 83 4096 2775 2.9 1.2 16 7
06:21:31 1 83 4096 2775 3.0 1.2 16 7
06:21:33 1 82 4096 2775 3.1 1.2 16 7
06:21:34 1 83 4096 2775 2.9 1.2 16 7
06:21:35 1 83 4096 2775 2.9 1.2 16 7
06:21:36 1 82 4096 2775 3.1 1.2 16 7
06:21:37 1 83 4096 2775 2.9 1.2 16 7
06:21:38 1 83 4096 2775 2.9 1.2 16 7
06:21:39 1 82 4096 2775 3.1 1.2 16 7
06:21:40 1 83 4096 2775 2.9 1.2 16 7
06:21:41 1 82 4096 2775 3.1 1.2 16 7
06:21:42 1 83 4096 2775 3.0 1.2 16 7
06:21:43 1 83 4096 2775 2.9 1.2 16 7
06:21:44 1 82 4096 2775 3.1 1.2 16 7
06:21:45 1 83 4096 2775 2.9 1.2 16 7
06:21:46 1 83 4096 2775 2.9 1.2 16 7
06:21:47 1 82 4096 2775 3.1 1.2 16 7
06:21:48 1 83 4096 2775 2.9 1.3 16 7
06:21:49 1 83 4096 2775 3.1 1.3 16 7
06:21:50 1 82 4096 2775 3.3 1.3 16 7
06:21:52 1 82 4096 2775 3.2 1.3 16 7
06:21:53 1 83 4096 2775 3.1 1.3 16 7
06:21:54 1 82 4096 2775 3.4 1.3 16 7
06:21:55 1 82 4096 2775 3.3 1.3 16 7
06:21:56 1 82 4096 2775 3.2 1.3 16 7
06:21:57 1 82 4096 2775 3.4 1.3 16 7
06:21:58 1 82 4096 2775 3.3 1.3 16 7
06:21:59 1 82 4096 2775 3.3 1.3 16 7
06:22:00 1 82 4096 2775 3.3 1.3 16 7
06:22:01 1 82 4096 2775 3.2 1.3 16 7
06:22:02 1 82 4096 2775 3.3 1.3 16 7
06:22:03 1 82 4096 2775 3.3 1.3 16 7
06:22:04 1 83 4096 2775 3.1 1.3 16 7
06:22:05 1 82 4096 2775 3.3 1.3 16 7
06:22:06 1 83 4096 2775 3.1 1.3 16 7
06:22:07 1 82 4096 2775 3.2 1.3 16 7
06:22:08 1 82 4096 2775 3.1 1.3 16 7
06:22:09 1 83 4096 2775 2.9 1.3 16 7
06:22:11 1 83 4096 2775 3.0 1.3 16 7
06:22:12 1 82 4096 2775 3.1 1.3 16 7
06:22:13 1 83 4096 2775 3.0 1.3 16 7
06:22:14 1 83 4096 2775 2.9 1.3 16 7
06:22:15 1 82 4096 2775 3.1 1.3 16 7
06:22:16 1 83 4096 2775 3.0 1.3 16 7
06:22:17 1 83 4096 2775 2.9 1.3 16 7
06:22:18 1 82 4096 2775 3.1 1.3 16 7
06:22:19 1 83 4096 2775 3.0 1.3 16 7
06:22:20 1 82 4096 2775 3.1 1.3 16 7
06:22:21 1 83 4096 2775 3.0 1.3 16 7
06:22:22 1 83 4096 2775 2.9 1.3 16 7
06:22:23 1 82 4096 2775 3.1 1.3 16 7
06:22:24 1 83 4096 2775 2.9 1.3 16 7
06:22:25 1 83 4096 2775 3.0 1.3 16 7
06:22:26 1 82 4096 2775 3.1 1.3 16 7
06:22:27 1 83 4096 2775 3.0 1.4 16 7
06:22:28 1 83 4096 2775 2.9 1.4 16 7
06:22:30 1 82 4096 2775 3.1 1.4 16 7
06:22:31 1 83 4096 2775 3.0 1.4 16 7
06:22:32 1 83 4096 2775 2.9 1.4 16 7
06:22:33 1 82 4096 2775 3.1 1.4 16 7
06:22:34 1 83 4096 2775 3.0 1.4 16 7
06:22:35 1 83 4096 2775 3.0 1.4 16 7
06:22:36 1 82 4096 2775 3.1 1.4 16 7
06:22:37 1 83 4096 2775 2.9 1.4 16 7
06:22:38 1 82 4096 2775 3.1 1.4 16 7
06:22:39 1 82 4096 2775 3.1 1.4 16 7
06:22:40 1 83 4096 2775 2.9 1.5 16 7
06:22:41 1 82 4096 2775 3.1 1.6 16 7
06:22:42 1 83 4096 2775 2.8 1.6 16 7
06:22:43 1 83 4096 2775 3.0 1.6 16 7
06:22:44 1 82 4096 2775 3.1 1.6 16 7
06:22:45 1 83 4096 2775 3.0 1.6 16 7
06:22:46 1 83 4096 2775 2.8 1.6 16 7
06:22:48 1 82 4096 2775 3.1 1.6 16 7
06:22:49 1 83 4096 2775 3.0 1.6 16 7
06:22:50 1 83 4096 2775 2.8 1.6 16 7
06:22:51 1 83 4096 2775 2.9 1.6 16 7
06:22:52 1 83 4096 2775 3.0 1.6 16 7
06:22:53 1 83 4096 2775 2.8 1.6 16 7
06:22:54 1 83 4096 2775 3.1 1.6 16 7
06:22:55 1 83 4096 2775 2.8 1.6 16 7
06:22:56 1 83 4096 2775 3.1 1.6 16 7
06:22:57 1 83 4096 2775 3.1 1.6 16 7
06:22:58 1 83 4096 2775 2.8 1.6 16 7
06:22:59 1 83 4096 2775 3.1 1.6 16 7
06:23:00 1 83 4096 2775 2.9 1.6 16 7
06:23:01 1 83 4096 2775 3.0 1.6 16 7
06:23:02 1 83 4096 2775 3.0 1.6 16 7
06:23:03 1 83 4096 2775 3.0 1.6 16 7
06:23:04 1 83 4096 2775 2.8 1.6 16 7
06:23:05 1 83 4096 2775 3.1 1.7 16 7
06:23:07 1 83 4096 2775 2.8 1.7 16 7
06:23:08 1 83 4096 2775 3.0 1.7 16 7
06:23:09 1 82 4096 2775 3.1 1.7 16 7
06:23:10 1 83 4096 2775 3.0 1.7 16 7
06:23:11 1 83 4096 2775 2.8 1.7 16 7
06:23:12 1 83 4096 2775 3.1 1.7 16 7
06:23:13 1 83 4096 2775 2.8 1.7 16 7
06:23:14 1 83 4096 2775 3.0 1.7 16 7
06:23:15 1 83 4096 2775 3.0 1.7 16 7
06:23:16 1 83 4096 2775 3.0 1.7 16 7
06:23:17 1 83 4096 2775 3.1 1.7 16 7
06:23:18 1 83 4096 2775 3.1 1.7 16 7
06:23:19 1 83 4096 2775 2.8 1.7 16 7
06:23:20 1 83 4096 2775 3.1 1.7 16 7
06:23:21 1 83 4096 2775 3.0 1.7 16 7
06:23:22 1 83 4096 2775 2.8 1.7 16 7
06:23:23 1 83 4096 2775 3.1 1.7 16 7
06:23:24 1 83 4096 2775 3.0 1.7 16 7
06:23:26 1 83 4096 2775 2.8 1.7 16 7
06:23:27 1 83 4096 2775 2.9 1.7 16 7
06:23:28 1 83 4096 2775 2.8 1.7 16 7
06:23:29 1 83 4096 2775 2.8 1.7 16 7
06:23:30 1 83 4096 2775 3.1 1.7 16 7
06:23:31 1 83 4096 2775 2.8 1.7 16 7
06:23:32 1 83 4096 2775 3.0 1.7 16 7
06:23:33 1 83 4096 2775 3.1 1.7 16 7
06:23:34 1 83 4096 2775 3.0 1.7 16 7
06:23:35 1 82 4096 2775 3.1 1.7 16 7
06:23:36 1 83 4096 2775 2.8 1.7 16 7
06:23:37 1 83 4096 2775 2.8 1.7 16 7
06:23:38 1 82 4096 2775 3.1 1.7 16 7
06:23:39 1 83 4096 2775 3.0 1.6 16 7
06:23:40 1 83 4096 2775 2.8 1.6 16 7
06:23:41 1 83 4096 2775 2.9 1.6 16 7
06:23:42 1 83 4096 2775 3.0 1.6 16 7
06:23:43 1 83 4096 2775 2.8 1.6 16 7
06:23:45 1 83 4096 2775 3.1 1.6 16 7
06:23:46 1 83 4096 2775 2.8 1.6 16 7
06:23:47 1 83 4096 2775 2.8 1.6 16 7
06:23:48 1 83 4096 2775 3.1 1.6 16 7
06:23:49 1 83 4096 2775 2.8 1.6 16 7
06:23:50 1 83 4096 2775 2.8 1.6 16 7
06:23:51 1 83 4096 2775 3.1 1.6 16 7
06:23:52 1 83 4096 2775 2.8 1.6 16 7
06:23:53 1 83 4096 2775 3.1 1.6 16 7
06:23:54 1 82 4096 2775 3.1 1.6 16 7
06:23:55 1 83 4096 2775 2.8 1.6 16 7
06:23:56 1 83 4096 2775 3.1 1.6 16 7
06:23:57 1 83 4096 2775 2.8 1.6 16 7
06:23:58 1 83 4096 2775 2.8 1.6 16 7
06:23:59 1 83 4096 2775 3.1 1.6 16 7
06:24:00 1 83 4096 2775 2.9 1.6 16 7
06:24:01 1 83 4096 2775 2.8 1.6 16 7
06:24:02 1 83 4096 2775 3.1 1.6 16 7
06:24:04 1 83 4096 2775 2.8 1.6 16 7
06:24:05 1 83 4096 2775 2.8 1.6 16 7
06:24:06 1 83 4096 2775 3.1 1.6 16 7
06:24:07 1 83 4096 2775 2.8 1.6 16 7
06:24:08 1 83 4096 2775 3.0 1.6 16 7
06:24:09 1 83 4096 2775 2.9 1.6 16 7
06:24:10 1 83 4096 2775 3.0 1.6 16 7
06:24:11 1 83 4096 2775 2.8 1.6 16 7
06:24:12 1 82 4096 2775 3.1 1.6 16 7
06:24:13 1 83 4096 2775 2.8 1.6 16 7
06:24:14 1 82 4096 2775 3.1 1.6 16 7
06:24:15 1 83 4096 2775 2.8 1.6 16 7
06:24:16 1 83 4096 2775 2.8 1.6 16 7
06:24:17 1 83 4096 2775 3.1 1.6 16 7
06:24:18 1 83 4096 2775 3.0 1.7 16 7
06:24:19 1 83 4096 2775 2.9 1.7 16 7
06:24:20 1 83 4096 2775 3.1 1.7 16 7
06:24:21 1 83 4096 2775 3.0 1.7 16 7
06:24:23 1 83 4096 2775 2.8 1.7 16 7
06:24:24 1 83 4096 2775 3.1 1.7 16 7
06:24:25 1 83 4096 2775 3.0 1.7 16 7
06:24:26 1 83 4096 2775 2.8 1.7 16 7
06:24:27 1 83 4096 2775 3.1 1.7 16 7
06:24:28 1 83 4096 2775 3.0 1.7 16 7
06:24:29 1 83 4096 2775 2.8 1.7 16 7
06:24:30 1 83 4096 2775 3.1 1.7 16 7
06:24:31 1 83 4096 2775 3.0 1.7 16 7
06:24:32 1 82 4096 2775 3.1 1.7 16 7
06:24:33 1 83 4096 2775 3.0 1.7 16 7
06:24:34 1 83 4096 2775 2.8 1.7 16 7
06:24:35 1 82 4096 2775 3.1 1.7 16 7
06:24:36 1 83 4096 2775 3.0 1.7 16 7
06:24:37 1 83 4096 2775 2.8 1.7 16 7
06:24:38 1 83 4096 2775 3.1 1.7 16 7
06:24:39 1 83 4096 2775 2.8 1.7 16 7
06:24:40 1 83 4096 2775 2.8 1.7 16 7
06:24:42 1 82 4096 2775 3.1 1.7 16 7
06:24:43 1 83 4096 2775 2.8 1.7 16 7
06:24:44 1 83 4096 2775 2.8 1.7 16 7
06:24:45 1 82 4096 2775 3.1 1.7 16 7
06:24:46 1 83 4096 2775 2.8 1.7 16 7
06:24:47 1 83 4096 2775 3.0 1.7 16 7
06:24:48 1 82 4096 2775 3.1 1.7 16 7
06:24:49 1 83 4096 2775 2.8 1.8 16 7
06:24:50 1 82 4096 2775 3.1 1.8 16 7
06:24:51 1 83 4096 2775 2.8 1.8 16 7
06:24:52 1 83 4096 2775 3.0 1.9 16 7
06:24:53 1 82 4096 2775 3.1 1.9 16 7
06:24:54 1 83 4096 2775 3.0 1.9 16 7
06:24:55 1 83 4096 2775 2.8 1.9 16 7
06:24:56 1 82 4096 2775 3.1 2.0 16 7
06:24:57 1 83 4096 2775 2.8 2.0 16 7
06:24:58 1 83 4096 2775 2.8 2.0 16 7
06:25:00 1 82 4096 2775 3.1 2.0 16 7
06:25:01 1 83 4096 2775 2.9 2.0 16 7
06:25:02 1 83 4096 2775 2.8 2.0 16 7
06:25:03 1 82 4096 2775 3.1 2.0 16 7
06:25:04 1 83 4096 2775 3.0 2.0 16 7
06:25:05 1 83 4096 2775 2.8 2.0 16 7
06:25:06 1 83 4096 2775 3.1 2.0 16 7
06:25:07 1 83 4096 2775 3.0 2.0 16 7
06:25:08 1 83 4096 2775 3.1 2.0 16 7
06:25:09 1 83 4096 2775 3.1 2.0 16 7
06:25:10 1 83 4096 2775 2.8 2.0 16 7
06:25:11 1 83 4096 2775 3.1 2.0 16 7
06:25:12 1 83 4096 2775 2.8 2.0 16 7
06:25:13 1 83 4096 2775 3.0 2.0 16 7
06:25:14 1 83 4096 2775 3.1 2.0 16 7
06:25:15 1 83 4096 2775 2.8 2.0 16 7
06:25:16 1 83 4096 2775 2.9 2.1 16 7
06:25:18 1 83 4096 2775 3.1 2.1 16 7
06:25:19 1 83 4096 2775 2.9 2.1 16 7
06:25:20 1 83 4096 2775 3.0 2.1 16 7
06:25:21 1 83 4096 2775 3.1 2.1 16 7
06:25:22 1 83 4096 2775 3.0 2.1 16 7
06:25:23 1 83 4096 2775 2.9 2.1 16 7
06:25:24 1 82 4096 2775 3.1 2.1 16 7
06:25:25 1 83 4096 2775 3.0 2.1 16 7
06:25:26 1 83 4096 2775 3.0 2.1 16 7
06:25:27 1 83 4096 2775 3.1 2.1 16 7
06:25:28 1 83 4096 2775 2.9 2.1 16 7
06:25:29 1 83 4096 2775 3.1 2.1 16 7
06:25:30 1 83 4096 2775 3.0 2.1 16 7
06:25:31 1 83 4096 2775 2.9 2.1 16 7
06:25:32 1 83 4096 2775 3.0 2.1 16 7
06:25:33 1 83 4096 2775 3.0 2.1 16 7
06:25:34 1 83 4096 2775 3.0 2.1 16 7
06:25:35 1 83 4096 2775 3.1 2.1 16 7
06:25:37 1 83 4096 2775 3.0 2.1 16 7
06:25:38 1 83 4096 2775 3.0 2.1 16 7
06:25:39 1 83 4096 2775 3.1 2.1 16 7
06:25:40 1 83 4096 2775 2.9 1.9 16 7
06:25:41 1 83 4096 2775 2.9 1.9 16 7
06:25:42 1 83 4096 2775 3.1 1.9 16 7
06:25:43 1 83 4096 2775 2.9 1.9 16 7
06:25:44 1 83 4096 2775 3.0 1.9 16 7
06:25:45 1 83 4096 2775 3.0 1.9 16 7
06:25:46 1 83 4096 2775 3.0 1.9 16 7
06:25:47 1 83 4096 2775 3.1 1.9 16 7
06:25:48 1 83 4096 2775 3.0 1.9 16 7
06:25:49 1 83 4096 2775 3.0 1.9 16 7
06:25:50 1 83 4096 2775 3.0 1.9 16 7
06:25:51 1 83 4096 2775 3.0 1.9 16 7
06:25:52 1 83 4096 2775 3.0 1.9 16 7
06:25:53 1 83 4096 2775 3.1 1.9 16 7
06:25:54 1 83 4096 2775 2.9 1.9 16 7
06:25:56 1 83 4096 2775 2.9 1.9 16 7
06:25:57 1 83 4096 2775 3.1 1.9 16 7
06:25:58 1 83 4096 2775 3.0 1.9 16 7
06:25:59 1 83 4096 2775 2.9 1.9 16 7
06:26:00 1 83 4096 2775 3.1 1.9 16 7
06:26:01 1 83 4096 2775 2.9 1.9 16 7
06:26:02 1 83 4096 2775 2.9 1.9 16 7
06:26:03 1 83 4096 2775 3.1 1.9 16 7
06:26:04 1 83 4096 2775 2.9 1.9 16 7
06:26:05 1 83 4096 2775 3.1 1.9 16 7
06:26:06 1 83 4096 2775 3.1 2.0 16 7
06:26:07 1 83 4096 2775 2.9 2.0 16 7
06:26:08 1 83 4096 2775 3.1 2.0 16 7
06:26:09 1 83 4096 2775 3.0 2.0 16 7
06:26:10 1 83 4096 2775 2.9 2.0 16 7
06:26:11 1 83 4096 2775 3.1 2.0 16 7
06:26:12 1 83 4096 2775 3.0 2.0 16 7
06:26:13 1 83 4096 2775 2.9 2.0 16 7
06:26:14 1 83 4096 2775 3.1 2.0 16 7
06:26:16 1 83 4096 2775 2.9 2.0 16 7
06:26:17 1 83 4096 2775 3.0 2.0 16 7
06:26:18 1 83 4096 2775 3.1 2.0 16 7
06:26:19 1 83 4096 2775 2.9 2.0 16 7
06:26:20 1 83 4096 2775 3.0 2.0 16 7
06:26:21 1 83 4096 2775 3.1 2.0 16 7
06:26:22 1 83 4096 2775 3.0 2.0 16 7
06:26:23 1 83 4096 2775 3.0 2.0 16 7
06:26:24 1 83 4096 2775 3.0 2.0 16 7
06:26:25 1 83 4096 2775 3.0 2.0 16 7
06:26:26 1 82 4096 2775 3.1 2.0 16 7
06:26:27 1 83 4096 2775 2.9 2.0 16 7
06:26:28 1 83 4096 2775 2.9 2.0 16 7
06:26:29 1 83 4096 2775 3.1 2.0 16 7
06:26:30 1 83 4096 2775 2.9 2.0 16 7
06:26:31 1 83 4096 2775 2.9 2.0 16 7
06:26:32 1 83 4096 2775 3.1 2.0 16 7
06:26:33 1 83 4096 2775 3.0 2.0 16 7
06:26:35 1 83 4096 2775 2.9 2.0 16 7
06:26:36 1 83 4096 2775 3.0 2.0 16 7
06:26:37 1 83 4096 2775 3.0 2.0 16 7
06:26:38 1 83 4096 2775 2.9 2.0 16 7
06:26:39 1 82 4096 2775 3.1 2.0 16 7
06:26:40 1 83 4096 2775 2.9 2.0 16 7
06:26:41 1 83 4096 2775 2.9 2.0 16 7
06:26:42 1 83 4096 2775 3.1 2.1 16 7
06:26:43 1 83 4096 2775 3.0 2.1 16 7
06:26:44 1 83 4096 2775 3.1 2.1 16 7
06:26:45 1 83 4096 2775 2.9 2.1 16 7
06:26:46 1 83 4096 2775 2.9 2.2 16 7
06:26:47 1 83 4096 2775 3.1 2.2 16 7
06:26:48 1 83 4096 2775 3.0 2.2 16 7
06:26:49 1 83 4096 2775 2.9 2.2 16 7
06:26:50 1 83 4096 2775 3.1 2.2 16 7
06:26:51 1 83 4096 2775 2.9 2.2 16 7
06:26:53 1 83 4096 2775 2.9 2.2 16 7
06:26:54 1 83 4096 2775 3.1 2.2 16 7
06:26:55 1 83 4096 2775 2.9 2.2 16 7
06:26:56 1 83 4096 2775 3.0 2.2 16 7
06:26:57 1 83 4096 2775 3.1 2.2 16 7
06:26:58 1 83 4096 2775 2.9 2.2 16 7
06:26:59 1 83 4096 2775 2.9 2.2 16 7
06:27:00 1 83 4096 2775 3.1 2.2 16 7
06:27:01 1 83 4096 2775 2.9 2.2 16 7
06:27:02 1 83 4096 2775 3.1 2.2 16 7
06:27:03 1 83 4096 2775 3.1 2.2 16 7
06:27:04 1 83 4096 2775 2.8 2.2 16 7
06:27:05 1 83 4096 2775 3.1 2.2 16 7
06:27:06 1 83 4096 2775 3.0 2.2 16 7
06:27:07 1 83 4096 2775 2.8 2.2 16 7
06:27:08 1 83 4096 2775 3.1 2.2 16 7
06:27:09 1 83 4096 2775 2.8 2.2 16 7
06:27:10 1 83 4096 2775 3.0 2.2 16 7
06:27:12 1 83 4096 2775 3.1 2.2 16 7
06:27:13 1 83 4096 2775 2.9 2.2 16 7
06:27:14 1 83 4096 2775 3.0 2.2 16 7
06:27:15 1 83 4096 2775 3.1 2.2 16 7
06:27:16 1 83 4096 2775 2.8 2.2 16 7
06:27:17 1 83 4096 2775 2.8 2.2 16 7
06:27:18 1 83 4096 2775 3.1 2.2 16 7
06:27:19 1 83 4096 2775 3.0 2.2 16 7
06:27:20 1 83 4096 2775 3.0 2.2 16 7
06:27:21 1 83 4096 2775 3.1 2.2 16 7
06:27:22 1 83 4096 2775 2.8 2.2 16 7
06:27:23 1 83 4096 2775 3.1 2.2 16 7
06:27:24 1 83 4096 2775 2.8 2.2 16 7
06:27:25 1 83 4096 2775 2.8 2.2 16 7
06:27:26 1 83 4096 2775 3.1 2.2 16 7
06:27:27 1 83 4096 2775 2.8 2.2 16 7
06:27:28 1 83 4096 2775 2.9 2.2 16 7
06:27:29 1 83 4096 2775 3.1 2.2 16 7
06:27:31 1 83 4096 2775 3.0 2.3 16 7
06:27:32 1 83 4096 2775 2.9 2.3 16 7
06:27:33 1 83 4096 2775 3.1 2.3 16 7
06:27:34 1 83 4096 2775 2.8 2.3 16 7
06:27:35 1 83 4096 2775 3.0 2.3 16 7
06:27:36 1 83 4096 2775 3.1 2.3 16 7
06:27:37 1 83 4096 2775 2.8 2.3 16 7
06:27:38 1 83 4096 2775 3.0 2.3 16 7
06:27:39 1 83 4096 2775 3.1 2.3 16 7
06:27:40 1 83 4096 2775 2.8 2.3 16 7
06:27:41 1 83 4096 2775 3.1 2.3 16 7
06:27:42 1 83 4096 2775 3.1 2.3 16 7
06:27:43 1 83 4096 2775 2.8 2.3 16 7
06:27:44 1 83 4096 2775 3.1 2.3 16 7
06:27:45 1 83 4096 2775 2.8 2.3 16 7
06:27:46 1 83 4096 2775 2.8 2.3 16 7
06:27:47 1 83 4096 2775 3.1 2.3 16 7
06:27:48 1 83 4096 2775 2.8 2.3 16 7
06:27:50 1 83 4096 2775 2.8 2.3 16 7
06:27:51 1 83 4096 2775 3.1 2.3 16 7
06:27:52 1 83 4096 2775 2.8 2.3 16 7
06:27:53 1 83 4096 2775 2.8 2.3 16 7
06:27:54 1 83 4096 2775 3.1 2.3 16 7
06:27:55 1 83 4096 2775 3.0 2.3 16 7
06:27:56 1 83 4096 2775 2.8 2.3 16 7
06:27:57 1 83 4096 2775 3.1 2.3 16 7
06:27:58 1 83 4096 2775 2.8 2.3 16 7
06:27:59 1 83 4096 2775 3.1 2.3 16 7
06:28:00 1 83 4096 2775 2.9 2.3 16 7
06:28:01 1 83 4096 2775 3.0 2.3 16 7
06:28:02 1 83 4096 2775 3.1 2.3 16 7
06:28:03 1 83 4096 2775 2.8 2.3 16 7
06:28:04 1 83 4096 2775 2.8 2.3 16 7
06:28:05 1 83 4096 2775 3.1 2.3 16 7
06:28:06 1 83 4096 2775 2.8 2.4 16 7
06:28:08 1 83 4096 2775 2.8 2.4 16 7
06:28:09 1 83 4096 2775 3.1 2.4 16 7
06:28:10 1 83 4096 2775 3.0 2.4 16 7
06:28:11 1 83 4096 2775 2.8 2.4 16 7
06:28:12 1 83 4096 2775 3.1 2.4 16 7
06:28:13 1 83 4096 2775 2.9 2.4 16 7
06:28:14 1 83 4096 2775 3.0 2.5 16 7
06:28:15 1 83 4096 2775 3.1 2.5 16 7
06:28:16 1 83 4096 2775 2.9 2.5 16 7
06:28:17 1 83 4096 2775 3.1 2.5 16 7
06:28:18 1 83 4096 2775 3.0 2.5 16 7
06:28:19 1 83 4096 2775 2.8 2.5 16 7
06:28:20 1 83 4096 2775 3.1 2.5 16 7
06:28:21 1 83 4096 2775 3.0 2.5 16 7
06:28:22 1 83 4096 2775 2.8 2.5 16 7
06:28:23 1 83 4096 2775 3.1 2.5 16 7
06:28:24 1 83 4096 2775 2.8 2.5 16 7
06:28:26 1 83 4096 2775 2.8 2.5 16 7
06:28:27 1 83 4096 2775 3.1 2.5 16 7
06:28:28 1 83 4096 2775 3.0 2.5 16 7
06:28:29 1 83 4096 2775 2.8 2.5 16 7
06:28:30 1 83 4096 2775 3.1 2.5 16 7
06:28:31 1 83 4096 2775 3.0 2.5 16 7
06:28:32 1 83 4096 2775 3.0 2.5 16 7
06:28:33 1 83 4096 2775 3.0 2.5 16 7
06:28:34 1 83 4096 2775 3.0 2.5 16 7
06:28:35 1 83 4096 2775 3.1 2.5 16 7
06:28:36 1 83 4096 2775 3.0 2.5 16 7
06:28:37 1 83 4096 2775 2.8 2.5 16 7
06:28:38 1 83 4096 2775 3.1 2.5 16 7
06:28:39 1 83 4096 2775 3.0 2.5 16 7
06:28:40 1 83 4096 2775 3.0 2.5 16 7
06:28:42 1 83 4096 2775 3.1 2.5 16 7
06:28:43 1 83 4096 2775 3.0 2.6 16 7
06:28:44 1 83 4096 2775 2.9 2.6 16 7
06:28:45 1 83 4096 2775 3.1 2.6 16 7
06:28:46 1 83 4096 2775 2.8 2.6 16 7
06:28:47 1 83 4096 2775 3.0 2.6 16 7
06:28:48 1 83 4096 2775 3.1 2.6 16 7
06:28:49 1 83 4096 2775 2.8 2.6 16 7
06:28:50 1 83 4096 2775 3.0 2.6 16 7
06:28:51 1 83 4096 2775 3.1 2.6 16 7
06:28:52 1 83 4096 2775 2.8 2.6 16 7
06:28:53 1 83 4096 2775 3.1 2.6 16 7
06:28:54 1 83 4096 2775 3.0 2.6 16 7
06:28:55 1 83 4096 2775 2.8 2.6 16 7
06:28:56 1 83 4096 2775 3.1 2.6 16 7
06:28:57 1 83 4096 2775 3.0 2.6 16 7
06:28:58 1 83 4096 2775 2.8 2.6 16 7
06:28:59 1 83 4096 2775 3.1 2.4 16 7
06:29:01 1 83 4096 2775 3.0 2.4 16 7
06:29:02 1 83 4096 2775 2.8 2.4 16 7
06:29:03 1 83 4096 2775 3.1 2.4 16 7
06:29:04 1 83 4096 2775 3.0 2.4 16 7
06:29:05 1 83 4096 2775 2.8 2.4 16 7
06:29:06 1 83 4096 2775 3.1 2.4 16 7
06:29:07 1 83 4096 2775 3.0 2.4 16 7
06:29:08 1 83 4096 2775 3.0 2.4 16 7
06:29:09 1 83 4096 2775 3.1 2.4 16 7
06:29:10 1 83 4096 2775 3.0 2.4 16 7
06:29:11 1 83 4096 2775 3.1 2.4 16 7
06:29:12 1 83 4096 2775 3.0 2.4 16 7
06:29:13 1 83 4096 2775 2.8 2.4 16 7
06:29:14 1 83 4096 2775 3.1 2.4 16 7
06:29:15 1 83 4096 2775 3.0 2.4 16 7
06:29:16 1 83 4096 2775 2.8 2.4 16 7
06:29:17 1 83 4096 2775 3.1 2.4 16 7
06:29:19 1 83 4096 2775 2.8 2.4 16 7
06:29:20 1 83 4096 2775 3.0 2.4 16 7
06:29:21 1 83 4096 2775 3.1 2.4 16 7
06:29:22 1 83 4096 2775 3.0 2.4 16 7
06:29:23 1 83 4096 2775 2.8 2.4 16 7
06:29:24 1 83 4096 2775 3.1 2.4 16 7
06:29:25 1 83 4096 2775 3.0 2.4 16 7
06:29:26 1 83 4096 2775 2.9 2.4 16 7
06:29:27 1 83 4096 2775 3.1 2.4 16 7
06:29:28 1 83 4096 2775 2.8 2.4 16 7
06:29:29 1 83 4096 2775 3.1 2.4 16 7
06:29:30 1 83 4096 2775 3.0 2.4 16 7
06:29:31 1 83 4096 2775 2.8 2.4 16 7
06:29:32 1 83 4096 2775 3.1 2.4 16 7
06:29:33 1 83 4096 2775 2.8 2.4 16 7
06:29:34 1 83 4096 2775 3.0 2.4 16 7
06:29:35 1 83 4096 2775 3.1 2.4 16 7
06:29:36 1 83 4096 2775 2.8 2.4 16 7
06:29:38 1 83 4096 2775 3.0 2.4 16 7
06:29:39 1 82 4096 2775 3.2 2.4 16 7
06:29:40 1 83 4096 2775 3.1 2.4 16 7
06:29:41 1 83 4096 2775 3.1 2.4 16 7
06:29:42 1 82 4096 2775 3.2 2.4 16 7
06:29:43 1 83 4096 2775 3.1 2.4 16 7
06:29:44 1 83 4096 2775 3.1 2.4 16 7
06:29:45 1 82 4096 2775 3.2 2.4 16 7
06:29:46 1 83 4096 2775 2.8 2.4 16 7
06:29:47 1 83 4096 2775 3.1 2.4 16 7
06:29:48 1 83 4096 2775 3.1 2.4 16 7
06:29:49 1 83 4096 2775 2.8 2.4 16 7
06:29:50 1 83 4096 2775 3.1 2.4 16 7
06:29:51 1 83 4096 2775 2.8 2.4 16 7
06:29:52 1 83 4096 2775 3.0 2.5 16 7
06:29:53 1 83 4096 2775 3.1 2.5 16 7
06:29:54 1 83 4096 2775 3.0 2.5 16 7
06:29:55 1 83 4096 2775 2.8 2.5 16 7
06:29:57 1 83 4096 2775 3.1 2.5 16 7
06:29:58 1 83 4096 2775 3.0 2.5 16 7
06:29:59 1 83 4096 2775 2.8 2.5 16 7
06:30:00 1 83 4096 2775 3.1 2.5 16 7
06:30:01 1 83 4096 2775 3.0 2.5 16 7
06:30:02 1 83 4096 2775 2.8 2.5 16 7
06:30:03 1 83 4096 2775 3.1 2.5 16 7
06:30:04 1 83 4096 2775 2.8 2.5 16 7
06:30:05 1 83 4096 2775 3.1 2.5 16 7
06:30:06 1 83 4096 2775 3.1 2.5 16 7
06:30:07 1 83 4096 2775 3.1 2.5 16 7
06:30:08 1 82 4096 2775 3.2 2.5 16 7
06:30:09 1 83 4096 2775 3.1 2.5 16 7
06:30:10 1 83 4096 2775 3.1 2.5 16 7
06:30:11 1 83 4096 2775 3.1 2.5 16 7
06:30:12 1 83 4096 2775 3.0 2.5 16 7
06:30:13 1 83 4096 2775 3.0 2.5 16 7
06:30:14 1 83 4096 2775 3.1 2.5 16 7
06:30:16 1 83 4096 2775 2.9 2.5 16 7
06:30:17 1 83 4096 2775 3.0 2.5 16 7
06:30:18 1 83 4096 2775 3.1 2.5 16 7
06:30:19 1 83 4096 2775 2.9 2.5 16 7
06:30:20 1 83 4096 2775 2.9 2.5 16 7
06:30:21 1 83 4096 2775 3.1 2.5 16 7
06:30:22 1 83 4096 2775 2.9 2.5 16 7
06:30:23 1 83 4096 2775 3.1 2.5 16 7
06:30:24 1 83 4096 2775 3.1 2.5 16 7
06:30:25 1 83 4096 2775 3.0 2.5 16 7
06:30:26 1 83 4096 2775 3.1 2.5 16 7
06:30:27 1 83 4096 2775 3.0 2.5 16 7
06:30:28 1 83 4096 2775 2.9 2.5 16 7
06:30:29 1 83 4096 2775 3.1 2.5 16 7
06:30:30 1 83 4096 2775 3.0 2.5 16 7
06:30:31 1 83 4096 2775 2.9 2.5 16 7
06:30:32 1 83 4096 2775 3.1 2.5 16 7
06:30:34 1 83 4096 2775 3.0 2.5 16 7
06:30:35 1 83 4096 2775 2.9 2.5 16 7
06:30:36 1 83 4096 2775 3.1 2.6 16 7
06:30:37 1 83 4096 2775 3.0 2.6 16 7
06:30:38 1 83 4096 2775 2.9 2.6 16 7
06:30:39 1 83 4096 2775 3.1 2.6 16 7
06:30:40 1 83 4096 2775 2.9 2.6 16 7
06:30:41 1 83 4096 2775 2.9 2.6 16 7
06:30:42 1 83 4096 2775 3.0 2.6 16 7
06:30:43 1 83 4096 2775 2.9 2.6 16 7
06:30:44 1 83 4096 2775 3.1 2.6 16 7
06:30:45 1 83 4096 2775 3.0 2.6 16 7
06:30:46 1 83 4096 2775 2.9 2.6 16 7
06:30:47 1 83 4096 2775 3.1 2.6 16 7
06:30:48 1 83 4096 2775 2.9 2.6 16 7
06:30:49 1 83 4096 2775 2.9 2.6 16 7
06:30:50 1 83 4096 2775 3.1 2.6 16 7
06:30:52 1 83 4096 2775 2.9 2.6 16 7
06:30:53 1 83 4096 2775 2.9 2.6 16 7
06:30:54 1 83 4096 2775 3.1 2.6 16 7
06:30:55 1 83 4096 2775 2.9 2.6 16 7
06:30:56 1 83 4096 2775 2.9 2.6 16 7
06:30:57 1 83 4096 2775 3.1 2.6 16 7
06:30:58 1 83 4096 2775 2.9 2.6 16 7
06:30:59 1 83 4096 2775 3.0 2.6 16 7
06:31:00 1 83 4096 2775 3.1 2.6 16 7
06:31:01 1 83 4096 2775 2.9 2.6 16 7
06:31:02 1 83 4096 2775 3.1 2.6 16 7
06:31:03 1 83 4096 2775 2.9 2.6 16 7
06:31:04 1 83 4096 2775 3.0 2.6 16 7
06:31:05 1 83 4096 2775 3.1 2.6 16 7
06:31:06 1 83 4096 2775 2.9 2.6 16 7
06:31:07 1 83 4096 2775 2.9 2.6 16 7
06:31:08 1 83 4096 2775 3.1 2.6 16 7
06:31:10 1 83 4096 2775 2.9 2.6 16 7
06:31:11 1 83 4096 2775 3.0 2.6 16 7
06:31:12 1 83 4096 2775 3.1 2.6 16 7
06:31:13 1 83 4096 2775 2.9 2.6 16 7
06:31:14 1 83 4096 2775 2.9 2.6 16 7
06:31:15 1 83 4096 2775 3.1 2.6 16 7
06:31:16 1 83 4096 2775 2.9 2.6 16 7
06:31:17 1 83 4096 2775 2.9 2.6 16 7
06:31:18 1 83 4096 2775 3.1 2.6 16 7
06:31:19 1 83 4096 2775 3.0 2.6 16 7
06:31:20 1 83 4096 2775 3.1 2.6 16 7
06:31:21 1 83 4096 2775 3.1 2.6 16 7
06:31:22 1 83 4096 2775 2.9 2.6 16 7
06:31:23 1 83 4096 2775 3.1 2.6 16 7
06:31:24 1 83 4096 2775 2.9 2.6 16 7
06:31:25 1 83 4096 2775 2.9 2.6 16 7
06:31:26 1 83 4096 2775 3.1 2.6 16 7
06:31:27 1 83 4096 2775 3.0 2.6 16 7
06:31:29 1 83 4096 2775 3.0 2.6 16 7
06:31:30 1 83 4096 2775 3.1 2.6 16 7
06:31:31 1 83 4096 2775 2.9 2.6 16 7
06:31:32 1 83 4096 2775 2.9 2.6 16 7
06:31:33 1 83 4096 2775 3.1 2.7 16 7
06:31:34 1 83 4096 2775 3.0 2.7 16 7
06:31:35 1 83 4096 2775 3.0 2.7 16 7
06:31:36 1 83 4096 2775 3.1 2.7 16 7
06:31:37 1 83 4096 2775 2.9 2.7 16 7
06:31:38 1 83 4096 2775 3.1 2.7 16 7
06:31:39 1 83 4096 2775 3.0 2.7 16 7
06:31:40 1 83 4096 2775 2.9 2.7 16 7
06:31:41 1 83 4096 2775 3.1 2.7 16 7
06:31:42 1 83 4096 2775 2.9 2.7 16 7
06:31:43 1 83 4096 2775 2.9 2.7 16 7
06:31:44 1 83 4096 2775 3.1 2.7 16 7
06:31:45 1 83 4096 2775 3.0 2.7 16 7
06:31:47 1 83 4096 2775 3.0 2.7 16 7
06:31:48 1 83 4096 2775 3.1 2.7 16 7
06:31:49 1 83 4096 2775 3.0 2.7 16 7
06:31:50 1 83 4096 2775 2.9 2.7 16 7
06:31:51 1 83 4096 2775 3.1 2.7 16 7
06:31:52 1 83 4096 2775 3.0 2.7 16 7
06:31:53 1 83 4096 2775 2.9 2.7 16 7
06:31:54 1 83 4096 2775 3.1 2.7 16 7
06:31:55 1 83 4096 2775 3.0 2.7 16 7
06:31:56 1 83 4096 2775 3.1 2.7 16 7
06:31:57 1 83 4096 2775 2.9 2.7 16 7
06:31:58 1 83 4096 2775 2.9 2.7 16 7
06:31:59 1 83 4096 2775 3.1 2.7 16 7
06:32:00 1 83 4096 2775 2.9 2.7 16 7
06:32:01 1 83 4096 2775 2.9 2.7 16 7
06:32:02 1 83 4096 2775 3.1 2.7 16 7
06:32:03 1 83 4096 2775 2.8 2.8 16 7
06:32:05 1 83 4096 2775 3.0 2.8 16 7
06:32:06 1 83 4096 2775 3.0 2.8 16 7
06:32:07 1 83 4096 2775 3.0 2.8 16 7
06:32:08 1 83 4096 2775 2.8 2.8 16 7
06:32:09 1 83 4096 2775 3.1 2.8 16 7
06:32:10 1 83 4096 2775 2.8 2.8 16 7
06:32:11 1 83 4096 2775 3.0 2.8 16 7
06:32:12 1 83 4096 2775 2.9 2.8 16 7
06:32:13 1 83 4096 2775 3.0 2.8 16 7
06:32:14 1 83 4096 2775 3.1 2.8 16 7
06:32:15 1 83 4096 2775 3.0 2.8 16 7
06:32:16 1 83 4096 2775 3.0 2.8 16 7
06:32:17 1 83 4096 2775 3.1 2.9 16 7
06:32:18 1 83 4096 2775 2.8 3.0 16 7
06:32:19 1 83 4096 2775 2.8 3.0 16 7
06:32:20 1 83 4096 2775 3.1 3.1 16 7
06:32:22 1 83 4096 2775 2.8 3.1 16 7
06:32:23 1 83 4096 2775 3.0 3.1 16 7
06:32:24 1 83 4096 2775 3.1 3.1 16 7
06:32:25 1 83 4096 2775 3.0 3.1 16 7
06:32:26 1 83 4096 2775 2.8 3.1 16 7
06:32:27 1 83 4096 2775 3.1 3.1 16 7
06:32:28 1 83 4096 2775 2.8 3.1 16 7
06:32:29 1 83 4096 2775 3.1 3.1 16 7
06:32:30 1 83 4096 2775 3.1 3.1 16 7
06:32:31 1 83 4096 2775 2.8 3.1 16 7
06:32:32 1 83 4096 2775 3.1 3.1 16 7
06:32:33 1 83 4096 2775 3.0 3.1 16 7
06:32:34 1 83 4096 2775 2.8 3.1 16 7
06:32:35 1 83 4096 2775 3.1 3.1 16 7
06:32:36 1 83 4096 2775 3.0 3.1 16 7
06:32:37 1 83 4096 2775 2.8 3.1 16 7
06:32:39 1 83 4096 2775 3.1 3.1 16 7
06:32:40 1 83 4096 2775 2.8 3.1 16 7
06:32:41 1 83 4096 2775 2.8 3.1 16 7
06:32:42 1 83 4096 2775 3.1 3.1 16 7
06:32:43 1 83 4096 2775 2.8 3.1 16 7
06:32:44 1 83 4096 2775 2.8 3.1 16 7
06:32:45 1 83 4096 2775 3.1 3.1 16 7
06:32:46 1 83 4096 2775 3.0 3.1 16 7
06:32:47 1 83 4096 2775 3.1 3.1 16 7
06:32:48 1 83 4096 2775 3.1 3.1 16 7
06:32:49 1 83 4096 2775 2.8 3.1 16 7
06:32:50 1 83 4096 2775 3.1 3.1 16 7
06:32:51 1 83 4096 2775 2.9 3.1 16 7
06:32:52 1 83 4096 2775 2.9 3.1 16 7
06:32:53 1 83 4096 2775 3.1 3.1 16 7
06:32:54 1 83 4096 2775 2.8 3.1 16 7
06:32:55 1 83 4096 2775 2.8 3.1 16 7
06:32:57 1 83 4096 2775 3.1 3.1 16 7
06:32:58 1 83 4096 2775 2.8 3.1 16 7
06:32:59 1 83 4096 2775 2.8 3.1 16 7
06:33:00 1 83 4096 2775 3.1 3.1 16 7
06:33:01 1 83 4096 2775 2.8 3.1 16 7
06:33:02 1 83 4096 2775 2.8 3.1 16 7
06:33:03 1 83 4096 2775 3.1 3.1 16 7
06:33:04 1 83 4096 2775 3.1 3.1 16 7
06:33:05 1 82 4096 2775 3.2 3.1 16 7
06:33:06 1 83 4096 2775 3.1 3.1 16 7
06:33:07 1 83 4096 2775 3.1 3.1 16 7
06:33:08 1 82 4096 2775 3.2 3.1 16 7
06:33:09 1 83 4096 2775 3.1 3.1 16 7
06:33:10 1 83 4096 2775 3.1 3.1 16 7
06:33:11 1 82 4096 2775 3.2 3.1 16 7
06:33:12 1 83 4096 2775 3.1 3.1 16 7
06:33:13 1 83 4096 2775 3.1 3.1 16 7
06:33:15 1 82 4096 2775 3.2 3.1 16 7
06:33:16 1 83 4096 2775 3.1 3.1 16 7
06:33:17 1 83 4096 2775 3.1 3.1 16 7
06:33:18 1 82 4096 2775 3.2 3.1 16 7
06:33:19 1 83 4096 2775 3.1 3.1 16 7
06:33:20 1 83 4096 2775 3.1 3.1 16 7
06:33:21 1 82 4096 2775 3.2 3.1 16 7
06:33:22 1 83 4096 2775 3.1 3.1 16 7
06:33:23 1 82 4096 2775 3.2 3.1 16 7
06:33:24 1 83 4096 2775 3.1 3.0 16 7
06:33:25 1 83 4096 2775 3.1 3.0 16 7
06:33:26 1 82 4096 2775 3.2 3.0 16 7
06:33:27 1 83 4096 2775 3.1 3.0 16 7
06:33:28 1 83 4096 2775 3.1 3.0 16 7
06:33:29 1 82 4096 2775 3.2 3.0 16 7
06:33:30 1 83 4096 2775 3.1 3.0 16 7
06:33:32 1 83 4096 2775 3.1 3.0 16 7
06:33:33 1 82 4096 2775 3.2 3.0 16 7
06:33:34 1 83 4096 2775 2.9 3.0 16 7
06:33:35 1 83 4096 2775 2.8 3.0 16 7
06:33:36 1 83 4096 2775 3.1 3.0 16 7
06:33:37 1 83 4096 2775 3.0 3.0 16 7
06:33:38 1 83 4096 2775 2.8 3.0 16 7
06:33:39 1 83 4096 2775 3.1 3.0 16 7
06:33:40 1 83 4096 2775 3.0 3.0 16 7
06:33:41 1 83 4096 2775 3.1 3.0 16 7
06:33:42 1 83 4096 2775 3.0 3.0 16 7
06:33:43 1 83 4096 2775 3.0 3.0 16 7
06:33:44 1 83 4096 2775 3.1 3.0 16 7
06:33:45 1 83 4096 2775 2.8 3.0 16 7
06:33:46 1 83 4096 2775 3.0 3.0 16 7
06:33:47 1 83 4096 2775 3.1 3.0 16 7
06:33:48 1 83 4096 2775 3.0 3.0 16 7
06:33:49 1 83 4096 2775 2.9 3.1 16 7
06:33:51 1 83 4096 2775 3.1 3.1 16 7
06:33:52 1 83 4096 2775 2.8 3.1 16 7
06:33:53 1 83 4096 2775 2.8 3.1 16 7
06:33:54 1 83 4096 2775 3.1 3.1 16 7
06:33:55 1 83 4096 2775 2.9 3.1 16 7
06:33:56 1 83 4096 2775 2.9 3.1 16 7
06:33:57 1 83 4096 2775 3.1 3.1 16 7
06:33:58 1 83 4096 2775 2.9 3.1 16 7
06:33:59 1 83 4096 2775 3.1 3.1 16 7
06:34:00 1 83 4096 2775 2.9 3.1 16 7
06:34:01 1 83 4096 2775 2.8 3.1 16 7
06:34:02 1 83 4096 2775 3.1 3.1 16 7
06:34:03 1 83 4096 2775 2.8 3.1 16 7
06:34:04 1 83 4096 2775 2.8 3.1 16 7
06:34:05 1 83 4096 2775 3.1 3.1 16 7
06:34:06 1 83 4096 2775 2.9 3.1 16 7
06:34:08 1 83 4096 2775 2.8 3.1 16 7
06:34:09 1 83 4096 2775 3.1 3.2 16 7
06:34:10 1 83 4096 2775 2.8 3.2 16 7
06:34:11 1 83 4096 2775 2.8 3.3 16 7
06:34:12 1 83 4096 2775 3.1 3.3 16 7
06:34:13 1 83 4096 2775 2.9 3.3 16 7
06:34:14 1 83 4096 2775 3.0 3.3 16 7
06:34:15 1 83 4096 2775 3.1 3.3 16 7
06:34:16 1 83 4096 2775 2.9 3.3 16 7
06:34:17 1 83 4096 2775 3.1 3.3 16 7
06:34:18 1 83 4096 2775 2.9 3.3 16 7
06:34:19 1 83 4096 2775 2.8 3.3 16 7
06:34:20 1 83 4096 2775 3.1 3.3 16 7
06:34:21 1 83 4096 2775 2.9 3.3 16 7
06:34:22 1 83 4096 2775 2.8 3.3 16 7
06:34:24 1 83 4096 2775 3.1 3.4 16 7
06:34:25 1 83 4096 2775 3.0 3.4 16 7
06:34:26 1 83 4096 2775 2.9 3.4 16 7
06:34:27 1 83 4096 2775 3.1 3.4 16 7
06:34:28 1 83 4096 2775 2.9 3.4 16 7
06:34:29 1 83 4096 2775 2.8 3.4 16 7
06:34:30 1 83 4096 2775 3.1 3.4 16 7
06:34:31 1 83 4096 2775 2.9 3.4 16 7
06:34:32 1 83 4096 2775 3.1 3.4 16 7
06:34:33 1 83 4096 2775 3.0 3.4 16 7
06:34:34 1 83 4096 2775 3.0 3.4 16 7
06:34:35 1 83 4096 2775 3.1 3.4 16 7
06:34:36 1 83 4096 2775 2.9 3.4 16 7
06:34:37 1 83 4096 2775 2.8 3.4 16 7
06:34:38 1 83 4096 2775 3.1 3.4 16 7
06:34:39 1 83 4096 2775 2.9 3.0 16 7
06:34:40 1 83 4096 2775 3.0 3.0 16 7
06:34:41 1 83 4096 2775 3.1 3.0 16 7
06:34:43 1 83 4096 2775 2.8 3.0 16 7
06:34:44 1 83 4096 2775 3.0 3.0 16 7
06:34:45 1 83 4096 2775 3.1 3.0 16 7
06:34:46 1 83 4096 2775 2.8 3.0 16 7
06:34:47 1 83 4096 2775 3.0 3.0 16 7
06:34:48 1 83 4096 2775 3.1 3.0 16 7
06:34:49 1 83 4096 2775 3.0 3.0 16 7
06:34:50 1 83 4096 2775 3.0 3.0 16 7
06:34:51 1 83 4096 2775 3.1 3.0 16 7
06:34:52 1 83 4096 2775 2.9 3.0 16 7
06:34:53 1 83 4096 2775 3.1 3.0 16 7
06:34:54 1 83 4096 2775 3.0 3.0 16 7
06:34:55 1 83 4096 2775 2.8 3.0 16 7
06:34:56 1 83 4096 2775 3.0 3.1 16 7
06:34:57 1 83 4096 2775 2.8 3.1 16 7
06:34:58 1 83 4096 2775 3.0 3.1 16 7
06:34:59 1 83 4096 2775 3.0 3.1 16 7
06:35:01 1 83 4096 2775 2.9 3.1 16 7
06:35:02 1 83 4096 2775 3.0 3.1 16 7
06:35:03 1 83 4096 2775 3.1 3.1 16 7
06:35:04 1 83 4096 2775 2.9 3.1 16 7
06:35:05 1 83 4096 2775 3.0 3.1 16 7
06:35:06 1 83 4096 2775 3.1 3.1 16 7
06:35:07 1 83 4096 2775 2.9 3.1 16 7
06:35:08 1 83 4096 2775 3.0 3.1 16 7
06:35:09 1 83 4096 2775 2.9 3.1 16 7
06:35:10 1 83 4096 2775 3.0 3.1 16 7
06:35:11 1 83 4096 2775 3.1 3.1 16 7
06:35:12 1 83 4096 2775 2.9 3.1 16 7
06:35:13 1 83 4096 2775 3.0 3.2 16 7
06:35:14 1 83 4096 2775 3.1 3.2 16 7
06:35:15 1 83 4096 2775 2.9 3.2 16 7
06:35:16 1 83 4096 2775 2.9 3.2 16 7
06:35:17 1 83 4096 2775 3.1 3.2 16 7
06:35:19 1 83 4096 2775 2.9 3.2 16 7
06:35:20 1 83 4096 2775 2.9 3.2 16 7
06:35:21 1 83 4096 2775 3.1 3.2 16 7
06:35:22 1 83 4096 2775 2.9 3.2 16 7
06:35:23 1 83 4096 2775 2.9 3.2 16 7
06:35:24 1 83 4096 2775 3.1 3.2 16 7
06:35:25 1 83 4096 2775 2.9 3.2 16 7
06:35:26 1 83 4096 2775 3.1 3.2 16 7
06:35:27 1 83 4096 2775 3.1 3.2 16 7
06:35:28 1 83 4096 2775 2.9 3.2 16 7
06:35:29 1 83 4096 2775 3.1 3.2 16 7
06:35:30 1 83 4096 2775 2.9 3.2 16 7
06:35:31 1 83 4096 2775 2.9 3.2 16 7
06:35:32 1 83 4096 2775 3.1 3.2 16 7
06:35:33 1 83 4096 2775 3.0 3.2 16 7
06:35:34 1 83 4096 2775 2.9 3.2 16 7
06:35:35 1 83 4096 2775 3.1 3.2 16 7
06:35:36 1 83 4096 2775 3.0 3.2 16 7
06:35:38 1 83 4096 2775 2.9 3.2 16 7
06:35:39 1 83 4096 2775 3.1 3.2 16 7
06:35:40 1 83 4096 2775 2.9 3.2 16 7
06:35:41 1 83 4096 2775 2.9 3.2 16 7
06:35:42 1 83 4096 2775 3.1 3.2 16 7
06:35:43 1 83 4096 2775 2.9 3.2 16 7
06:35:44 1 83 4096 2775 2.9 3.3 16 7
06:35:45 1 83 4096 2775 3.1 3.3 16 7
06:35:46 1 83 4096 2775 3.0 3.3 16 7
06:35:47 1 83 4096 2775 3.1 3.3 16 7
06:35:48 1 83 4096 2775 3.0 3.3 16 7
06:35:49 1 83 4096 2775 2.9 3.3 16 7
06:35:50 1 83 4096 2775 3.1 3.3 16 7
06:35:51 1 83 4096 2775 3.0 3.3 16 7
06:35:52 1 83 4096 2775 2.9 3.3 16 7
06:35:53 1 83 4096 2775 3.1 3.3 16 7
06:35:54 1 83 4096 2775 2.9 3.3 16 7
06:35:56 1 83 4096 2775 2.9 3.3 16 7
06:35:57 1 83 4096 2775 3.1 3.3 16 7
06:35:58 1 83 4096 2775 2.9 3.3 16 7
06:35:59 1 83 4096 2775 2.9 3.3 16 7
06:36:00 1 83 4096 2775 3.1 3.3 16 7
06:36:01 1 83 4096 2775 2.9 3.3 16 7
06:36:02 1 83 4096 2775 3.0 3.3 16 7
06:36:03 1 83 4096 2775 3.0 3.3 16 7
06:36:04 1 83 4096 2775 2.9 3.3 16 7
06:36:05 1 83 4096 2775 3.1 3.3 16 7
06:36:06 1 83 4096 2775 3.1 3.3 16 7
06:36:07 1 83 4096 2775 2.9 3.3 16 7
06:36:08 1 83 4096 2775 3.1 3.3 16 7
06:36:09 1 83 4096 2775 2.9 3.3 16 7
06:36:10 1 83 4096 2775 2.9 3.3 16 7
06:36:11 1 83 4096 2775 3.1 3.3 16 7
06:36:12 1 83 4096 2775 2.9 3.3 16 7
06:36:13 1 83 4096 2775 2.9 3.3 16 7
06:36:15 1 83 4096 2775 3.1 3.3 16 7
06:36:16 1 83 4096 2775 2.9 3.3 16 7
06:36:17 1 83 4096 2775 3.0 3.3 16 7
06:36:18 1 83 4096 2775 3.1 3.3 16 7
06:36:19 1 83 4096 2775 2.9 3.3 16 7
06:36:20 1 83 4096 2775 2.9 3.3 16 7
06:36:21 1 83 4096 2775 3.1 3.3 16 7
06:36:22 1 83 4096 2775 3.0 3.3 16 7
06:36:23 1 83 4096 2775 3.0 3.3 16 7
06:36:24 1 83 4096 2775 3.0 3.3 16 7
06:36:25 1 83 4096 2775 3.0 3.3 16 7
06:36:26 1 83 4096 2775 3.1 3.3 16 7
06:36:27 1 83 4096 2775 3.0 3.3 16 7
06:36:28 1 83 4096 2775 2.9 3.3 16 7
06:36:29 1 83 4096 2775 3.1 3.3 16 7
06:36:30 1 83 4096 2775 2.9 3.3 16 7
06:36:31 1 83 4096 2775 2.9 3.3 16 7
06:36:32 1 83 4096 2775 3.1 3.3 16 7
06:36:33 1 83 4096 2775 2.9 3.3 16 7
06:36:35 1 83 4096 2775 3.0 3.3 16 7
06:36:36 1 83 4096 2775 3.1 3.3 16 7
06:36:37 1 83 4096 2775 2.9 3.3 16 7
06:36:38 1 83 4096 2775 2.9 3.3 16 7
06:36:39 1 83 4096 2775 3.1 3.3 16 7
06:36:40 1 83 4096 2775 2.9 3.3 16 7
06:36:41 1 83 4096 2775 2.9 3.3 16 7
06:36:42 1 83 4096 2775 3.1 3.4 16 7
06:36:43 1 83 4096 2775 2.9 3.4 16 7
06:36:44 1 83 4096 2775 3.1 3.4 16 7
06:36:45 1 83 4096 2775 3.1 3.4 16 7
06:36:46 1 83 4096 2775 3.0 3.4 16 7
06:36:47 1 83 4096 2775 3.1 3.4 16 7
06:36:48 1 83 4096 2775 3.0 3.4 16 7
06:36:49 1 83 4096 2775 3.0 3.4 16 7
06:36:50 1 83 4096 2775 3.1 3.4 16 7
06:36:51 1 83 4096 2775 3.0 3.4 16 7
06:36:52 1 83 4096 2775 2.8 3.4 16 7
06:36:54 1 83 4096 2775 3.1 3.4 16 7
06:36:55 1 83 4096 2775 2.8 3.4 16 7
06:36:56 1 83 4096 2775 3.0 3.4 16 7
06:36:57 1 83 4096 2775 3.1 3.4 16 7
06:36:58 1 83 4096 2775 2.8 3.4 16 7
06:36:59 1 83 4096 2775 2.8 3.4 16 7
06:37:00 1 83 4096 2775 3.1 3.4 16 7
06:37:01 1 83 4096 2775 2.8 3.4 16 7
06:37:02 1 83 4096 2775 3.1 3.4 16 7
06:37:03 1 83 4096 2775 3.0 3.4 16 7
06:37:04 1 83 4096 2775 3.0 3.4 16 7
06:37:05 1 83 4096 2775 3.1 3.4 16 7
06:37:06 1 83 4096 2775 3.0 3.4 16 7
06:37:07 1 83 4096 2775 2.9 3.4 16 7
06:37:08 1 83 4096 2775 3.1 3.4 16 7
06:37:09 1 83 4096 2775 2.8 3.4 16 7
06:37:10 1 83 4096 2775 2.8 3.4 16 7
06:37:11 1 83 4096 2775 3.1 3.4 16 7
06:37:13 1 83 4096 2775 2.8 3.4 16 7
06:37:14 1 83 4096 2775 2.8 3.4 16 7
06:37:15 1 83 4096 2775 3.1 3.4 16 7
06:37:16 1 83 4096 2775 2.8 3.4 16 7
06:37:17 1 83 4096 2775 2.8 3.4 16 7
06:37:18 1 83 4096 2767 3.1 3.4 16 7
06:37:19 1 83 4096 2767 3.0 3.5 16 7
06:37:20 1 83 4096 2767 2.8 3.5 16 7
06:37:21 1 83 4096 2767 3.1 3.5 16 7
06:37:22 1 83 4096 2767 2.8 3.5 16 7
06:37:23 1 83 4096 2767 3.1 3.5 16 7
06:37:24 1 83 4096 2767 2.8 3.5 16 7
06:37:25 1 83 4096 2767 2.8 3.5 16 7
06:37:26 1 83 4096 2767 3.1 3.5 16 7
06:37:27 1 83 4096 2767 2.8 3.5 16 7
06:37:28 1 83 4096 2767 2.8 3.5 16 7
06:37:29 1 83 4096 2767 3.1 3.5 16 7
06:37:31 1 83 4096 2767 2.8 3.5 16 7
06:37:32 1 83 4096 2767 2.8 3.5 16 7
06:37:33 1 83 4096 2767 3.1 3.5 16 7
06:37:34 1 83 4096 2767 3.0 3.5 16 7
06:37:35 1 83 4096 2767 2.8 3.5 16 7
06:37:36 1 83 4096 2767 3.1 3.6 16 7
06:37:37 1 83 4096 2767 2.8 3.6 16 7
06:37:38 1 83 4096 2767 2.9 3.6 16 7
06:37:39 1 83 4096 2767 2.9 3.6 16 7
06:37:40 1 83 4096 2767 2.9 3.6 16 7
06:37:41 1 83 4096 2767 3.1 3.6 16 7
06:37:42 1 83 4096 2767 2.8 3.6 16 7
06:37:43 1 83 4096 2767 2.8 3.6 16 7
06:37:44 1 83 4096 2767 3.1 3.6 16 7
06:37:45 1 83 4096 2767 2.8 3.6 16 7
06:37:46 1 83 4096 2767 2.8 3.6 16 7
06:37:47 1 83 4096 2767 3.1 3.6 16 7
06:37:48 1 83 4096 2767 2.8 3.6 16 7
06:37:50 1 83 4096 2767 3.0 3.6 16 7
06:37:51 1 83 4096 2767 3.0 3.6 16 7
06:37:52 1 83 4096 2767 2.8 3.6 16 7
06:37:53 1 83 4096 2767 3.0 3.6 16 7
06:37:54 1 83 4096 2767 3.1 3.6 16 7
06:37:55 1 83 4096 2767 2.8 3.6 16 7
06:37:56 1 83 4096 2767 2.8 3.6 16 7
06:37:57 1 83 4096 2767 3.1 3.6 16 7
06:37:58 1 83 4096 2767 2.9 3.6 16 7
06:37:59 1 83 4096 2767 3.1 3.6 16 7
06:38:00 1 83 4096 2767 3.1 3.6 16 7
06:38:01 1 83 4096 2767 2.8 3.6 16 7
06:38:02 1 83 4096 2767 3.1 3.6 16 7
06:38:03 1 83 4096 2767 2.8 3.6 16 7
06:38:04 1 83 4096 2767 3.0 3.6 16 7
06:38:05 1 83 4096 2767 3.1 3.6 16 7
06:38:06 1 83 4096 2767 3.0 3.6 16 7
06:38:07 1 83 4096 2767 2.8 3.6 16 7
06:38:09 1 83 4096 2767 3.1 3.6 16 7
06:38:10 1 83 4096 2767 3.0 3.6 16 7
06:38:11 1 83 4096 2767 3.0 3.6 16 7
06:38:12 1 83 4096 2767 3.1 3.6 16 7
06:38:13 1 83 4096 2767 2.8 3.6 16 7
06:38:14 1 83 4096 2767 2.8 3.6 16 7
06:38:15 1 83 4096 2767 3.1 3.6 16 7
06:38:16 1 83 4096 2767 2.8 3.7 16 7
06:38:17 1 83 4096 2767 3.0 3.7 16 7
06:38:18 1 83 4096 2767 3.0 3.7 16 7
06:38:19 1 83 4096 2767 2.8 3.7 16 7
06:38:20 1 83 4096 2767 3.1 3.7 16 7
06:38:21 1 83 4096 2767 2.8 3.7 16 7
06:38:22 1 83 4096 2767 3.0 3.7 16 7
06:38:23 1 83 4096 2767 3.1 3.7 16 7
06:38:24 1 83 4096 2767 2.8 3.7 16 7
06:38:25 1 83 4096 2767 3.0 3.7 16 7
06:38:26 1 83 4096 2767 3.1 3.7 16 7
06:38:28 1 83 4096 2767 3.0 3.7 16 7
06:38:29 1 83 4096 2767 2.8 3.7 16 7
06:38:30 1 83 4096 2767 3.1 3.7 16 7
06:38:31 1 83 4096 2767 2.8 3.7 16 7
06:38:32 1 83 4096 2767 2.8 3.7 16 7
06:38:33 1 83 4096 2767 3.1 3.7 16 7
06:38:34 1 83 4096 2767 3.0 3.7 16 7
06:38:35 1 83 4096 2767 2.8 3.7 16 7
06:38:36 1 83 4096 2767 3.1 3.7 16 7
06:38:37 1 83 4096 2767 2.8 3.7 16 7
06:38:38 1 83 4096 2767 3.1 3.7 16 7
06:38:39 1 83 4096 2767 2.8 3.7 16 7
06:38:40 1 83 4096 2767 2.8 3.7 16 7
06:38:41 1 83 4096 2767 3.1 3.7 16 7
06:38:42 1 83 4096 2767 2.8 3.7 16 7
06:38:43 1 83 4096 2767 2.8 3.7 16 7
06:38:44 1 83 4096 2767 3.1 3.7 16 7
06:38:45 1 83 4096 2767 2.8 3.7 16 7
06:38:47 1 83 4096 2767 2.8 3.7 16 7
06:38:48 1 83 4096 2767 3.1 3.8 16 7
06:38:49 1 83 4096 2767 3.0 3.8 16 7
06:38:50 1 83 4096 2767 2.8 3.8 16 7
06:38:51 1 83 4096 2767 3.1 3.8 16 7
06:38:52 1 83 4096 2767 2.8 3.8 16 7
06:38:53 1 83 4096 2767 2.8 3.8 16 7
06:38:54 1 83 4096 2767 3.1 3.8 16 7
06:38:55 1 83 4096 2767 2.8 3.8 16 7
06:38:56 1 83 4096 2767 3.1 3.8 16 7
06:38:57 1 83 4096 2767 3.0 3.8 16 7
06:38:58 1 83 4096 2767 3.0 3.8 16 7
06:38:59 1 83 4096 2767 3.1 3.8 16 7
06:39:00 1 83 4096 2767 2.9 3.8 16 7
06:39:01 1 83 4096 2767 2.8 3.8 16 7
06:39:02 1 83 4096 2767 3.1 3.8 16 7
06:39:03 1 83 4096 2767 3.0 3.8 16 7
06:39:04 1 83 4096 2767 2.8 3.8 16 7
06:39:06 1 83 4096 2767 3.1 3.8 16 7
06:39:07 1 83 4096 2767 3.0 3.8 16 7
06:39:08 1 83 4096 2767 2.8 3.8 16 7
06:39:09 1 83 4096 2767 3.1 3.8 16 7
06:39:10 1 83 4096 2767 3.1 3.8 16 7
06:39:11 1 83 4096 2767 3.0 3.8 16 7
06:39:12 1 83 4096 2767 3.1 3.8 16 7
06:39:13 1 83 4096 2767 3.0 3.8 16 7
06:39:14 1 83 4096 2767 3.1 3.8 16 7
06:39:15 1 83 4096 2767 3.1 3.8 16 7
06:39:16 1 83 4096 2767 3.0 3.8 16 7
06:39:17 1 83 4096 2767 3.1 3.8 16 7
06:39:18 1 83 4096 2767 3.0 3.8 16 7
06:39:19 1 83 4096 2767 2.8 3.8 16 7
06:39:20 1 83 4096 2767 3.1 3.8 16 7
06:39:21 1 83 4096 2767 2.8 3.8 16 7
06:39:22 1 83 4096 2767 2.8 3.8 16 7
06:39:23 1 83 4096 2767 3.1 3.8 16 7
06:39:25 1 83 4096 2767 2.8 3.8 16 7
06:39:26 1 83 4096 2767 3.0 3.8 16 7
06:39:27 1 83 4096 2767 3.1 3.8 16 7
06:39:28 1 83 4096 2767 2.8 3.8 16 7
06:39:29 1 83 4096 2767 2.8 3.9 16 7
06:39:30 1 83 4096 2767 3.1 3.9 16 7
06:39:31 1 83 4096 2767 2.8 3.9 16 7
06:39:32 1 83 4096 2767 2.9 3.9 16 7
06:39:33 1 83 4096 2767 3.1 3.9 16 7
06:39:34 1 83 4096 2767 3.0 3.9 16 7
06:39:35 1 83 4096 2767 3.1 3.9 16 7
06:39:36 1 83 4096 2767 2.8 3.9 16 7
06:39:37 1 83 4096 2767 2.8 3.9 16 7
06:39:38 1 83 4096 2767 3.1 3.9 16 7
06:39:39 1 83 4096 2767 2.8 3.9 16 7
06:39:40 1 83 4096 2767 3.0 3.9 16 7
06:39:41 1 83 4096 2767 3.1 3.9 16 7
06:39:42 1 83 4096 2767 2.8 3.9 16 7
06:39:44 1 83 4096 2767 2.8 3.9 16 7
06:39:45 1 83 4096 2767 3.1 3.9 16 7
06:39:46 1 83 4096 2767 3.0 3.9 16 7
06:39:47 1 83 4096 2767 2.8 3.9 16 7
06:39:48 1 83 4096 2767 2.9 3.9 16 7
06:39:49 1 83 4096 2767 3.0 3.9 16 7
06:39:50 1 83 4096 2767 2.9 3.9 16 7
06:39:51 1 83 4096 2767 3.1 3.9 16 7
06:39:52 1 83 4096 2767 2.9 3.9 16 7
06:39:53 1 83 4096 2767 3.1 3.9 16 7
06:39:54 1 83 4096 2767 3.1 3.9 16 7
06:39:55 1 83 4096 2767 2.8 3.9 16 7
06:39:56 1 83 4096 2767 3.1 3.9 16 7
06:39:57 1 83 4096 2767 2.8 3.9 16 7
06:39:58 1 83 4096 2767 2.8 3.9 16 7
06:39:59 1 83 4096 2767 3.1 3.9 16 7
06:40:00 1 83 4096 2767 3.0 3.9 16 7
06:40:01 1 83 4096 2767 2.8 3.9 16 7
06:40:03 1 83 4096 2767 3.1 3.9 16 7
06:40:04 1 83 4096 2767 2.8 3.9 16 7
06:40:05 1 83 4096 2767 3.0 3.9 16 7
06:40:06 1 83 4096 2767 3.1 3.9 16 7
06:40:07 1 83 4096 2767 3.0 3.9 16 7
06:40:08 1 83 4096 2767 2.8 3.9 16 7
06:40:09 1 83 4096 2767 3.1 3.9 16 7
06:40:10 1 83 4096 2767 2.8 4.0 16 7
06:40:11 1 83 4096 2767 3.1 4.0 16 7
06:40:12 1 83 4096 2767 3.0 4.0 16 7
06:40:13 1 83 4096 2767 3.0 4.0 16 7
06:40:14 1 83 4096 2767 3.1 4.0 16 7
06:40:15 1 83 4096 2767 3.0 4.0 16 7
06:40:16 1 83 4096 2767 3.0 4.0 16 7
06:40:17 1 83 4096 2767 3.1 4.0 16 7
06:40:18 1 83 4096 2767 3.0 4.0 16 7
06:40:19 1 83 4096 2767 2.9 4.0 16 7
06:40:20 1 83 4096 2767 3.1 4.0 16 7
06:40:22 1 83 4096 2767 3.0 4.0 16 7
06:40:23 1 83 4096 2767 2.9 4.0 16 7
06:40:24 1 83 4096 2767 3.1 4.0 16 7
06:40:25 1 83 4096 2767 2.9 4.0 16 7
06:40:26 1 83 4096 2767 2.9 4.0 16 7
06:40:27 1 83 4096 2767 3.1 4.0 16 7
06:40:28 1 83 4096 2767 2.9 4.0 16 7
06:40:29 1 83 4096 2767 3.0 4.0 16 7
06:40:30 1 83 4096 2767 3.1 4.0 16 7
06:40:31 1 83 4096 2767 2.9 4.0 16 7
06:40:32 1 83 4096 2767 3.1 4.0 16 7
06:40:33 1 83 4096 2767 2.9 4.0 16 7
06:40:34 1 83 4096 2767 2.9 4.0 16 7
06:40:35 1 83 4096 2767 3.1 4.0 16 7
06:40:36 1 83 4096 2767 2.9 4.0 16 7
06:40:37 1 83 4096 2767 3.0 4.0 16 7
06:40:38 1 83 4096 2767 3.1 4.0 16 7
06:40:39 1 83 4096 2767 3.0 4.0 16 7
06:40:41 1 83 4096 2767 2.9 4.0 16 7
06:40:42 1 83 4096 2767 3.1 4.0 16 7
06:40:43 1 83 4096 2767 2.9 4.0 16 7
06:40:44 1 83 4096 2767 3.0 4.0 16 7
06:40:45 1 83 4096 2767 3.1 4.0 16 7
06:40:46 1 83 4096 2767 3.0 4.0 16 7
06:40:47 1 83 4096 2767 2.9 4.0 16 7
06:40:48 1 83 4096 2767 3.1 4.0 16 7
06:40:49 1 83 4096 2767 3.0 4.0 16 7
06:40:50 1 83 4096 2767 3.1 4.0 16 7
06:40:51 1 83 4096 2767 3.0 4.0 16 7
06:40:52 1 83 4096 2767 2.9 4.0 16 7
06:40:53 1 83 4096 2767 3.1 4.0 16 7
06:40:54 1 83 4096 2767 2.9 4.1 16 7
06:40:55 1 83 4096 2767 2.9 4.1 16 7
06:40:56 1 83 4096 2767 3.1 4.1 16 7
06:40:57 1 83 4096 2767 2.9 4.1 16 7
06:40:58 1 83 4096 2767 3.0 4.1 16 7
06:41:00 1 83 4096 2767 3.1 4.1 16 7
06:41:01 1 83 4096 2767 2.9 4.1 16 7
06:41:02 1 83 4096 2767 2.9 4.1 16 7
06:41:03 1 83 4096 2767 3.1 4.1 16 7
06:41:04 1 83 4096 2767 2.9 4.1 16 7
06:41:05 1 83 4096 2767 2.9 4.1 16 7
06:41:06 1 83 4096 2767 3.1 4.1 16 7
06:41:07 1 83 4096 2767 3.0 4.1 16 7
06:41:08 1 83 4096 2767 3.1 4.1 16 7
06:41:09 1 83 4096 2767 3.1 4.1 16 7
06:41:10 1 83 4096 2767 2.9 4.1 16 7
06:41:11 1 83 4096 2767 3.1 4.1 16 7
06:41:12 1 83 4096 2767 2.9 4.1 16 7
06:41:13 1 83 4096 2767 2.9 4.1 16 7
06:41:14 1 83 4096 2767 3.1 4.1 16 7
06:41:15 1 83 4096 2767 2.9 4.1 16 7
06:41:16 1 83 4096 2767 2.9 4.1 16 7
06:41:18 1 83 4096 2767 3.1 4.1 16 7
06:41:19 1 83 4096 2767 2.9 4.1 16 7
06:41:20 1 83 4096 2767 2.9 4.1 16 7
06:41:21 1 83 4096 2767 3.1 4.1 16 7
06:41:22 1 83 4096 2767 3.0 4.1 16 7
06:41:23 1 83 4096 2767 2.9 4.1 16 7
06:41:24 1 83 4096 2767 3.1 4.1 16 7
06:41:25 1 83 4096 2767 2.9 4.1 16 7
06:41:26 1 83 4096 2767 3.0 6.7 16 7
06:41:27 1 83 4096 2767 3.0 6.9 16 7
06:41:28 1 83 4096 2767 3.0 6.9 16 7
06:41:29 1 83 4096 2767 3.1 6.9 16 7
06:41:30 1 83 4096 2767 3.0 6.9 16 7
06:41:31 1 83 4096 2767 3.0 6.9 16 7
06:41:32 1 83 4096 2767 3.1 6.9 16 6
06:41:33 1 83 4096 2767 3.0 6.9 16 6
06:41:34 1 83 4096 2767 2.9 6.9 16 6
06:41:35 1 83 4096 2767 3.1 6.9 16 6
06:41:36 1 83 4096 2767 2.9 6.9 16 6
06:41:38 1 83 4096 2767 2.9 6.9 16 6
06:41:39 1 83 4096 2767 3.1 6.9 16 6
06:41:40 1 83 4096 2767 2.9 6.9 16 6
06:41:41 1 83 4096 2767 2.9 6.9 16 6
06:41:42 1 83 4096 2767 3.1 9.6 16 6
