time pressure_lvl free_pct swap_total_MB swap_used_MB wired_GB child_rss_GB disk_int_GB disk_ssd_GB
09:13:47 1 82 4096 2830 3.1 0.0 16 12
09:13:48 1 82 4096 2830 3.1 0.2 16 12
09:13:49 1 82 4096 2830 3.1 0.3 16 12
09:13:50 1 82 4096 2830 3.1 0.4 16 12
09:13:51 1 82 4096 2830 3.1 1.1 16 12
09:13:52 1 82 4096 2830 3.1 4.5 16 12
09:13:54 1 79 4096 2830 3.1 6.7 16 12
09:13:55 1 77 4096 2830 3.1 8.3 16 12
09:13:56 1 62 4096 2830 3.1 5.6 16 12
09:13:57 1 49 4096 2830 3.0 5.4 16 12
09:13:58 1 62 4096 2830 3.0 6.3 16 12
09:13:59 1 71 4096 2830 3.0 10.8 16 12
09:14:00 1 76 4096 2830 3.0 10.9 16 12
09:14:01 1 76 4096 2830 3.0 11.2 16 12
09:14:02 1 76 4096 2830 3.0 11.2 16 12
09:14:03 1 77 4096 2830 3.0 11.1 16 12
09:14:04 1 67 4096 2830 6.6 11.6 16 12
09:14:05 1 60 4096 2830 7.6 9.4 16 12
09:14:07 1 62 4096 2830 7.0 9.3 16 12
09:14:08 1 62 4096 2830 7.0 9.3 16 12
09:14:09 1 62 4096 2830 7.0 9.3 16 12
09:14:10 1 62 4096 2830 7.0 9.3 16 12
09:14:11 1 62 4096 2830 7.1 9.3 16 12
09:14:12 1 62 4096 2830 7.1 9.3 16 12
09:14:13 1 62 4096 2830 7.1 9.3 16 12
09:14:14 1 63 4096 2830 7.0 9.3 16 12
09:14:15 1 63 4096 2830 7.0 9.3 16 12
09:14:16 1 63 4096 2830 7.0 9.3 16 12
09:14:17 1 63 4096 2830 7.0 9.3 16 12
09:14:18 1 63 4096 2830 7.0 9.3 16 12
09:14:19 1 63 4096 2830 7.0 9.3 16 12
09:14:20 1 63 4096 2830 7.0 9.3 16 12
09:14:21 1 63 4096 2830 7.0 9.3 16 12
09:14:23 1 63 4096 2830 7.0 9.3 16 12
09:14:24 1 63 4096 2830 7.0 9.3 16 12
09:14:25 1 63 4096 2830 7.0 9.3 16 12
09:14:26 1 63 4096 2830 7.0 9.3 16 12
09:14:27 1 63 4096 2830 7.0 9.3 16 12
09:14:28 1 63 4096 2830 7.0 9.3 16 12
09:14:29 1 63 4096 2830 7.0 9.3 16 12
09:14:30 1 63 4096 2830 7.0 9.3 16 12
09:14:31 1 64 4096 2830 7.0 9.3 16 12
09:14:32 1 64 4096 2830 7.0 9.3 16 12
09:14:33 1 64 4096 2830 7.0 9.3 16 12
09:14:34 1 64 4096 2830 7.0 9.3 16 12
09:14:35 1 64 4096 2830 7.0 9.3 16 12
09:14:36 1 64 4096 2830 7.0 9.3 16 12
09:14:37 1 64 4096 2830 7.0 9.3 16 12
09:14:38 1 64 4096 2830 7.0 9.3 16 12
09:14:40 1 64 4096 2830 7.0 9.3 16 12
09:14:41 1 61 4096 2830 7.7 9.3 16 12
09:14:42 1 69 4096 2830 5.3 9.3 16 12
09:14:43 1 69 4096 2830 5.1 9.3 16 12
09:14:44 1 69 4096 2830 5.2 9.3 16 12
09:14:45 1 62 4096 2830 7.6 9.4 16 12
09:14:46 1 64 4096 2830 7.0 9.4 16 12
09:14:47 1 64 4096 2830 7.0 9.4 16 12
09:14:48 1 64 4096 2830 7.0 9.4 16 12
09:14:49 1 64 4096 2830 7.0 9.4 16 12
09:14:50 1 64 4096 2830 7.0 9.4 16 12
09:14:51 1 64 4096 2830 7.0 9.4 16 12
09:14:52 1 64 4096 2830 7.0 9.4 16 12
09:14:53 1 64 4096 2830 7.0 9.4 16 12
09:14:54 1 64 4096 2830 7.0 9.4 16 12
09:14:56 1 64 4096 2830 7.0 9.4 16 12
09:14:57 1 64 4096 2830 7.0 9.4 16 12
09:14:58 1 64 4096 2830 7.0 9.4 16 12
09:14:59 1 64 4096 2830 7.0 9.4 16 12
09:15:00 1 64 4096 2830 7.0 9.4 16 12
09:15:01 1 64 4096 2830 7.0 9.4 16 12
09:15:02 1 64 4096 2830 7.0 9.4 16 12
09:15:03 1 64 4096 2830 7.0 9.4 16 12
09:15:04 1 64 4096 2830 7.0 9.4 16 12
09:15:05 1 64 4096 2830 7.0 9.4 16 12
09:15:06 1 64 4096 2830 7.0 9.4 16 12
09:15:07 1 64 4096 2830 7.0 9.4 16 12
09:15:08 1 64 4096 2830 7.0 9.4 16 12
09:15:09 1 64 4096 2830 7.0 9.4 16 12
09:15:10 1 64 4096 2830 7.0 9.4 16 12
09:15:11 1 64 4096 2830 7.0 9.4 16 12
09:15:13 1 64 4096 2830 7.0 9.4 16 12
09:15:14 1 64 4096 2830 7.0 9.4 16 12
09:15:15 1 64 4096 2830 7.0 9.4 16 12
09:15:16 1 64 4096 2830 7.0 9.4 16 12
09:15:17 1 64 4096 2830 7.0 9.4 16 12
09:15:18 1 64 4096 2830 7.0 9.4 16 12
09:15:19 1 64 4096 2830 7.0 9.4 16 12
09:15:20 1 62 4096 2830 7.6 9.4 16 12
09:15:21 1 69 4096 2830 5.1 9.4 16 12
09:15:22 1 70 4096 2830 5.2 9.4 16 12
09:15:23 1 69 4096 2830 5.2 9.4 16 12
09:15:24 1 62 4096 2830 7.6 9.4 16 12
09:15:25 1 64 4096 2830 7.0 9.4 16 12
09:15:26 1 64 4096 2830 7.0 9.4 16 12
09:15:27 1 64 4096 2830 7.0 9.4 16 12
09:15:28 1 64 4096 2830 7.0 9.4 16 12
09:15:30 1 64 4096 2830 7.0 9.4 16 12
09:15:31 1 64 4096 2830 7.0 9.4 16 12
09:15:32 1 64 4096 2830 7.0 9.4 16 12
09:15:33 1 64 4096 2830 7.0 9.4 16 12
09:15:34 1 64 4096 2830 7.0 9.4 16 12
09:15:35 1 64 4096 2830 7.0 9.4 16 12
09:15:36 1 64 4096 2830 7.0 9.4 16 12
09:15:37 1 64 4096 2830 7.0 9.4 16 12
09:15:38 1 64 4096 2830 7.0 9.4 16 12
09:15:39 1 64 4096 2830 7.0 9.4 16 12
09:15:40 1 64 4096 2830 7.0 9.4 16 12
09:15:41 1 64 4096 2830 7.0 9.4 16 12
09:15:42 1 64 4096 2830 7.0 9.4 16 12
09:15:43 1 64 4096 2830 7.0 9.4 16 12
09:15:44 1 64 4096 2830 7.0 9.4 16 12
09:15:45 1 64 4096 2830 7.0 9.4 16 12
09:15:47 1 64 4096 2830 7.0 9.4 16 12
09:15:48 1 64 4096 2830 7.0 9.4 16 12
09:15:49 1 64 4096 2830 7.0 9.4 16 12
09:15:50 1 64 4096 2830 7.0 9.4 16 12
09:15:51 1 64 4096 2830 7.0 9.4 16 12
09:15:52 1 64 4096 2830 7.0 9.4 16 12
09:15:53 1 64 4096 2830 7.0 9.4 16 12
09:15:54 1 64 4096 2830 7.0 9.4 16 12
09:15:55 1 64 4096 2830 7.0 9.4 16 12
09:15:56 1 64 4096 2830 7.0 9.4 16 12
09:15:57 1 64 4096 2830 7.0 9.4 16 12
09:15:58 1 62 4096 2830 7.8 9.4 16 12
09:15:59 1 70 4096 2830 5.2 9.4 16 12
09:16:00 1 69 4096 2830 5.2 9.4 16 12
09:16:01 1 70 4096 2830 5.2 9.4 16 12
09:16:02 1 70 4096 2830 5.2 9.4 16 12
09:16:04 1 62 4096 2830 7.6 9.4 16 12
09:16:05 1 64 4096 2830 7.0 9.4 16 12
09:16:06 1 64 4096 2830 7.0 9.4 16 12
09:16:07 1 64 4096 2830 7.0 9.4 16 12
09:16:08 1 64 4096 2830 7.0 9.4 16 12
09:16:09 1 64 4096 2830 7.0 9.4 16 12
09:16:10 1 64 4096 2830 7.0 9.4 16 12
09:16:11 1 64 4096 2830 7.0 9.4 16 12
09:16:12 1 64 4096 2830 7.0 9.4 16 12
09:16:13 1 64 4096 2830 7.0 9.4 16 12
09:16:14 1 64 4096 2830 7.0 9.4 16 12
09:16:15 1 64 4096 2830 7.0 9.4 16 12
09:16:16 1 64 4096 2830 7.0 9.4 16 12
09:16:17 1 64 4096 2830 7.0 9.4 16 12
09:16:18 1 64 4096 2830 7.0 9.4 16 12
09:16:19 1 64 4096 2830 7.0 9.4 16 12
09:16:21 1 64 4096 2830 7.0 9.4 16 12
09:16:22 1 64 4096 2830 7.0 9.4 16 12
09:16:23 1 64 4096 2830 7.0 9.4 16 12
09:16:24 1 64 4096 2830 7.0 9.4 16 12
09:16:25 1 64 4096 2830 7.0 9.4 16 12
09:16:26 1 64 4096 2830 7.0 9.4 16 12
09:16:27 1 64 4096 2830 7.0 9.4 16 12
09:16:28 1 64 4096 2830 7.0 9.4 16 12
09:16:29 1 64 4096 2830 7.0 9.4 16 12
09:16:30 1 64 4096 2830 7.0 9.4 16 12
09:16:31 1 64 4096 2830 7.0 9.4 16 12
09:16:32 1 64 4096 2830 7.0 9.4 16 12
09:16:33 1 64 4096 2830 7.0 9.4 16 12
09:16:34 1 64 4096 2830 7.0 9.4 16 12
09:16:35 1 64 4096 2830 7.0 9.4 16 12
09:16:36 1 64 4096 2830 7.0 9.4 16 12
09:16:38 1 62 4096 2830 7.8 9.4 16 12
09:16:39 1 70 4096 2830 5.2 9.4 16 12
09:16:40 1 70 4096 2830 5.1 9.4 16 12
09:16:41 1 70 4096 2830 5.1 9.4 16 12
09:16:42 1 62 4096 2830 7.6 9.4 16 12
09:16:43 1 64 4096 2830 7.0 9.4 16 12
09:16:44 1 65 4096 2830 7.0 9.4 16 12
09:16:45 1 65 4096 2830 7.0 9.4 16 12
09:16:46 1 65 4096 2830 7.0 9.4 16 12
09:16:47 1 65 4096 2830 7.0 9.4 16 12
09:16:48 1 65 4096 2830 7.0 9.4 16 12
09:16:49 1 65 4096 2830 7.0 9.4 16 12
09:16:50 1 65 4096 2830 7.0 9.4 16 12
09:16:51 1 65 4096 2830 7.0 9.4 16 12
09:16:52 1 65 4096 2830 7.0 9.4 16 12
09:16:53 1 65 4096 2830 7.0 9.4 16 12
09:16:55 1 65 4096 2830 7.0 9.4 16 12
09:16:56 1 65 4096 2830 7.0 9.4 16 12
09:16:57 1 65 4096 2830 7.0 9.4 16 12
09:16:58 1 65 4096 2830 7.0 9.4 16 12
09:16:59 1 65 4096 2830 7.0 9.4 16 12
09:17:00 1 65 4096 2830 7.0 9.4 16 12
09:17:01 1 65 4096 2830 7.0 9.4 16 12
09:17:02 1 65 4096 2830 7.0 9.4 16 12
09:17:03 1 65 4096 2830 7.0 9.4 16 12
09:17:04 1 65 4096 2830 7.0 9.4 16 12
09:17:05 1 65 4096 2830 7.0 9.4 16 12
09:17:06 1 65 4096 2830 7.0 9.4 16 12
09:17:07 1 65 4096 2830 7.0 9.4 16 12
09:17:08 1 65 4096 2830 7.1 9.4 16 12
09:17:09 1 65 4096 2830 7.0 9.4 16 12
09:17:11 1 65 4096 2830 7.0 9.4 16 12
09:17:12 1 65 4096 2830 7.0 9.4 16 12
09:17:13 1 65 4096 2830 7.0 9.4 16 12
09:17:14 1 65 4096 2830 7.0 9.4 16 12
09:17:15 1 65 4096 2830 7.0 9.4 16 12
09:17:16 1 65 4096 2830 7.0 9.4 16 12
09:17:17 1 63 4096 2830 7.7 9.4 16 12
09:17:18 1 71 4096 2830 5.2 9.4 16 12
09:17:19 1 71 4096 2830 5.2 9.4 16 12
09:17:20 1 71 4096 2830 5.2 9.4 16 12
09:17:21 1 64 4096 2830 7.6 9.4 16 12
09:17:22 1 65 4096 2830 7.0 9.4 16 12
09:17:23 1 65 4096 2830 7.0 9.4 16 12
09:17:24 1 65 4096 2830 7.1 9.4 16 12
09:17:25 1 65 4096 2830 7.1 9.4 16 12
09:17:26 1 65 4096 2830 7.1 9.4 16 12
09:17:28 1 65 4096 2830 7.1 9.4 16 12
09:17:29 1 65 4096 2830 7.0 9.4 16 12
09:17:30 1 65 4096 2830 7.0 9.4 16 12
09:17:31 1 65 4096 2830 7.0 9.4 16 12
09:17:32 1 65 4096 2830 7.0 9.4 16 12
09:17:33 1 65 4096 2830 7.0 9.4 16 12
09:17:34 1 65 4096 2830 7.0 9.4 16 12
09:17:35 1 65 4096 2830 7.0 9.4 16 12
09:17:36 1 65 4096 2830 7.0 9.4 16 12
09:17:37 1 65 4096 2830 7.0 9.4 16 12
09:17:38 1 65 4096 2830 7.0 9.4 16 12
09:17:39 1 65 4096 2830 7.0 9.4 16 12
09:17:40 1 65 4096 2830 7.0 9.4 16 12
09:17:41 1 65 4096 2830 7.1 9.4 16 12
09:17:42 1 65 4096 2830 7.1 9.4 16 12
09:17:43 1 65 4096 2830 7.0 9.4 16 12
09:17:45 1 65 4096 2830 7.0 9.4 16 12
09:17:46 1 65 4096 2830 7.1 9.4 16 12
09:17:47 1 65 4096 2830 7.1 9.4 16 12
09:17:48 1 65 4096 2830 7.0 9.4 16 12
09:17:49 1 65 4096 2830 7.0 9.4 16 12
09:17:50 1 65 4096 2830 7.0 9.4 16 12
09:17:51 1 65 4096 2830 7.0 9.4 16 12
09:17:52 1 65 4096 2830 7.0 9.4 16 12
09:17:53 1 65 4096 2830 7.0 9.4 16 12
09:17:54 1 68 4096 2830 7.0 8.5 16 12
09:17:55 1 66 4096 2830 7.7 8.5 16 12
09:17:56 1 73 4096 2830 5.2 8.5 16 12
09:17:57 1 73 4096 2830 5.2 8.5 16 12
09:17:58 1 73 4096 2830 5.2 8.5 16 12
09:17:59 1 66 4096 2830 7.6 8.5 16 12
09:18:00 1 68 4096 2830 7.0 8.5 16 12
09:18:02 1 68 4096 2830 7.0 8.5 16 12
09:18:03 1 68 4096 2830 7.0 8.5 16 12
09:18:04 1 68 4096 2830 7.0 8.5 16 12
09:18:05 1 68 4096 2830 7.0 8.5 16 12
09:18:06 1 68 4096 2830 7.0 8.5 16 12
09:18:07 1 68 4096 2830 7.0 8.5 16 12
09:18:08 1 68 4096 2830 7.0 8.5 16 12
09:18:09 1 68 4096 2830 7.1 8.5 16 12
09:18:10 1 68 4096 2830 7.0 8.5 16 12
09:18:11 1 68 4096 2830 7.0 8.5 16 12
09:18:12 1 68 4096 2830 7.0 8.5 16 12
09:18:13 1 68 4096 2830 7.0 8.5 16 12
09:18:14 1 68 4096 2830 7.0 8.5 16 12
09:18:15 1 68 4096 2830 7.0 8.5 16 12
09:18:16 1 68 4096 2830 7.0 8.5 16 12
09:18:17 1 68 4096 2830 7.0 8.5 16 12
09:18:19 1 68 4096 2830 7.0 8.5 16 12
09:18:20 1 68 4096 2830 7.0 8.5 16 12
09:18:21 1 68 4096 2830 7.0 8.5 16 12
09:18:22 1 68 4096 2830 7.0 8.5 16 12
09:18:23 1 68 4096 2830 7.0 8.5 16 12
09:18:24 1 68 4096 2830 7.0 8.5 16 12
09:18:25 1 68 4096 2830 7.0 8.5 16 12
09:18:26 1 68 4096 2830 7.0 8.5 16 12
09:18:27 1 68 4096 2830 7.0 8.5 16 12
09:18:28 1 68 4096 2830 7.0 8.5 16 12
09:18:29 1 68 4096 2830 7.0 8.5 16 12
09:18:30 1 68 4096 2830 7.0 8.5 16 12
09:18:31 1 68 4096 2830 7.0 8.5 16 12
09:18:32 1 68 4096 2830 7.0 8.5 16 12
09:18:33 1 68 4096 2830 7.0 8.5 16 12
09:18:34 1 66 4096 2830 7.7 8.5 16 12
09:18:36 1 74 4096 2830 5.1 8.5 16 12
09:18:37 1 74 4096 2830 5.2 8.5 16 12
09:18:38 1 74 4096 2830 5.2 8.5 16 12
09:18:39 1 66 4096 2830 7.6 8.5 16 12
09:18:40 1 68 4096 2830 7.0 8.5 16 12
09:18:41 1 68 4096 2830 7.0 8.5 16 12
09:18:42 1 68 4096 2830 7.0 8.5 16 12
09:18:43 1 68 4096 2830 7.0 8.5 16 12
09:18:44 1 68 4096 2830 7.0 8.5 16 12
09:18:45 1 68 4096 2830 7.0 8.5 16 12
09:18:46 1 68 4096 2830 7.0 8.5 16 12
09:18:47 1 68 4096 2830 7.0 8.5 16 12
09:18:48 1 68 4096 2830 7.0 8.5 16 12
09:18:49 1 68 4096 2830 7.0 8.5 16 12
09:18:50 1 68 4096 2830 7.1 8.5 16 12
09:18:51 1 68 4096 2830 7.0 8.5 16 12
09:18:53 1 68 4096 2830 7.0 8.5 16 12
09:18:54 1 68 4096 2830 7.0 8.5 16 12
09:18:55 1 68 4096 2830 7.0 8.5 16 12
09:18:56 1 68 4096 2830 7.0 8.5 16 12
09:18:57 1 68 4096 2830 7.0 8.5 16 12
09:18:58 1 68 4096 2830 7.0 8.5 16 12
09:18:59 1 68 4096 2830 7.0 8.5 16 12
09:19:00 1 68 4096 2830 7.1 8.5 16 12
09:19:01 1 68 4096 2830 7.0 8.5 16 12
09:19:02 1 68 4096 2830 7.1 8.5 16 12
09:19:03 1 68 4096 2830 7.0 8.5 16 12
09:19:04 1 68 4096 2830 7.0 8.5 16 12
09:19:05 1 68 4096 2830 7.0 8.5 16 12
09:19:06 1 68 4096 2830 7.0 8.5 16 12
09:19:07 1 68 4096 2830 7.0 8.5 16 12
09:19:08 1 68 4096 2830 7.0 8.5 16 12
09:19:10 1 68 4096 2830 7.0 8.5 16 12
09:19:11 1 68 4096 2830 7.0 8.5 16 12
09:19:12 1 68 4096 2830 7.0 8.5 16 12
09:19:13 1 66 4096 2830 7.7 8.5 16 12
09:19:14 1 74 4096 2830 5.2 8.5 16 12
09:19:15 1 74 4096 2830 5.2 8.5 16 12
09:19:16 1 74 4096 2830 5.2 8.5 16 12
09:19:17 1 66 4096 2830 7.7 8.5 16 12
09:19:18 1 68 4096 2830 7.0 8.5 16 12
09:19:19 1 68 4096 2830 7.0 8.5 16 12
09:19:20 1 68 4096 2830 7.0 8.5 16 12
09:19:21 1 68 4096 2830 7.0 8.5 16 12
09:19:22 1 68 4096 2830 7.0 8.5 16 12
09:19:23 1 68 4096 2830 7.0 8.5 16 12
09:19:24 1 68 4096 2830 7.0 8.5 16 12
09:19:25 1 68 4096 2830 7.0 8.5 16 12
09:19:27 1 68 4096 2830 7.0 8.5 16 12
09:19:28 1 68 4096 2830 7.0 8.5 16 12
09:19:29 1 68 4096 2830 7.1 8.5 16 12
09:19:30 1 68 4096 2830 7.0 8.5 16 12
09:19:31 1 68 4096 2830 7.0 8.5 16 12
09:19:32 1 69 4096 2830 7.0 8.5 16 12
09:19:33 1 68 4096 2830 7.0 8.5 16 12
09:19:34 1 69 4096 2830 7.0 8.5 16 12
09:19:35 1 69 4096 2830 7.0 8.5 16 12
09:19:36 1 69 4096 2830 7.0 8.5 16 12
09:19:37 1 69 4096 2830 7.0 8.5 16 12
09:19:38 1 69 4096 2830 7.0 8.5 16 12
09:19:39 1 69 4096 2830 7.0 8.5 16 12
09:19:40 1 69 4096 2830 7.0 8.5 16 12
09:19:41 1 69 4096 2830 7.0 8.5 16 12
09:19:42 1 69 4096 2830 7.0 8.5 16 12
09:19:44 1 69 4096 2830 7.0 8.5 16 12
09:19:45 1 69 4096 2830 7.0 8.5 16 12
09:19:46 1 69 4096 2830 7.0 8.5 16 12
09:19:47 1 69 4096 2830 7.0 8.5 16 12
09:19:48 1 69 4096 2830 7.0 8.5 16 12
09:19:49 1 69 4096 2830 7.0 8.5 16 12
09:19:50 1 68 4096 2830 7.1 8.5 16 12
09:19:51 1 68 4096 2830 7.1 8.5 16 12
09:19:52 1 67 4096 2830 7.7 8.5 16 12
09:19:53 1 74 4096 2830 5.2 8.5 16 12
09:19:54 1 74 4096 2830 5.2 8.5 16 12
09:19:55 1 67 4096 2830 7.6 8.5 16 12
09:19:56 1 67 4096 2830 7.6 8.5 16 12
09:19:57 1 69 4096 2830 7.0 8.5 16 12
09:19:58 1 69 4096 2830 7.0 8.5 16 12
09:19:59 1 69 4096 2830 7.0 8.5 16 12
09:20:01 1 69 4096 2830 7.1 8.5 16 12
09:20:02 1 69 4096 2830 7.1 8.5 16 12
09:20:03 1 69 4096 2830 7.0 8.5 16 12
09:20:04 1 69 4096 2830 7.0 8.5 16 12
09:20:05 1 69 4096 2830 7.0 8.5 16 12
09:20:06 1 69 4096 2830 7.0 8.5 16 12
09:20:07 1 69 4096 2830 7.0 8.5 16 12
09:20:08 1 69 4096 2830 7.0 8.5 16 12
09:20:09 1 69 4096 2830 7.0 8.5 16 12
09:20:10 1 69 4096 2830 7.0 8.5 16 12
09:20:11 1 69 4096 2830 7.0 8.5 16 12
09:20:12 1 69 4096 2830 7.0 8.5 16 12
09:20:13 1 69 4096 2830 7.0 8.5 16 12
09:20:14 1 69 4096 2830 7.0 8.5 16 12
09:20:15 1 69 4096 2830 7.0 8.5 16 12
09:20:16 1 69 4096 2830 7.0 8.5 16 12
09:20:18 1 69 4096 2830 7.0 8.5 16 12
09:20:19 1 69 4096 2830 7.0 8.5 16 12
09:20:20 1 69 4096 2830 7.0 8.5 16 12
09:20:21 1 69 4096 2830 7.0 8.5 16 12
09:20:22 1 69 4096 2830 7.0 8.5 16 12
09:20:23 1 69 4096 2830 7.0 8.5 16 12
09:20:24 1 69 4096 2830 7.0 8.5 16 12
09:20:25 1 69 4096 2830 7.0 8.5 16 12
09:20:26 1 69 4096 2830 7.0 8.5 16 12
09:20:27 1 69 4096 2830 7.0 8.5 16 12
09:20:28 1 69 4096 2830 7.0 8.5 16 12
09:20:29 1 69 4096 2830 7.0 8.5 16 12
09:20:30 1 67 4096 2830 7.7 8.5 16 12
09:20:31 1 74 4096 2830 5.2 8.5 16 12
09:20:32 1 74 4096 2830 5.2 8.5 16 12
09:20:33 1 74 4096 2830 5.2 8.5 16 12
09:20:34 1 67 4096 2830 7.6 8.5 16 12
09:20:36 1 69 4096 2830 7.0 8.5 16 12
09:20:37 1 69 4096 2830 7.0 8.5 16 12
09:20:38 1 69 4096 2830 7.0 8.5 16 12
09:20:39 1 69 4096 2830 7.0 8.5 16 12
09:20:40 1 69 4096 2830 7.0 8.5 16 12
09:20:41 1 69 4096 2830 7.0 8.5 16 12
09:20:42 1 69 4096 2830 7.0 8.5 16 12
09:20:43 1 69 4096 2830 7.0 8.5 16 12
09:20:44 1 69 4096 2830 7.0 8.5 16 12
09:20:45 1 69 4096 2830 7.0 8.5 16 12
09:20:46 1 69 4096 2830 7.0 8.5 16 12
09:20:47 1 69 4096 2830 7.0 8.5 16 12
09:20:48 1 69 4096 2830 7.0 8.5 16 12
09:20:49 1 69 4096 2830 7.0 8.5 16 12
09:20:50 1 69 4096 2830 7.0 8.5 16 12
09:20:51 1 69 4096 2830 7.0 8.5 16 12
09:20:53 1 69 4096 2830 7.0 8.5 16 12
09:20:54 1 69 4096 2830 7.0 8.5 16 12
09:20:55 1 69 4096 2830 7.0 8.5 16 12
09:20:56 1 69 4096 2830 7.0 8.5 16 12
09:20:57 1 69 4096 2830 7.0 8.5 16 12
09:20:58 1 69 4096 2830 7.0 8.5 16 12
09:20:59 1 69 4096 2830 7.0 8.5 16 12
09:21:00 1 69 4096 2830 7.0 8.5 16 12
09:21:01 1 69 4096 2830 7.0 8.5 16 12
09:21:02 1 69 4096 2830 7.0 8.5 16 12
09:21:03 1 69 4096 2830 7.0 8.5 16 12
09:21:04 1 69 4096 2830 7.0 8.5 16 12
09:21:05 1 69 4096 2830 7.0 8.5 16 12
09:21:06 1 69 4096 2830 7.0 8.5 16 12
09:21:07 1 69 4096 2830 7.0 8.5 16 12
09:21:08 1 67 4096 2830 7.8 8.5 16 12
09:21:10 1 74 4096 2830 5.2 8.5 16 12
09:21:11 1 74 4096 2830 5.2 8.5 16 12
09:21:12 1 74 4096 2830 5.1 8.5 16 12
09:21:13 1 67 4096 2830 7.6 8.5 16 12
09:21:14 1 69 4096 2830 7.0 8.5 16 12
09:21:15 1 69 4096 2830 7.0 8.5 16 12
09:21:16 1 69 4096 2830 7.0 8.5 16 12
09:21:17 1 69 4096 2830 7.0 8.5 16 12
09:21:18 1 69 4096 2830 7.0 8.5 16 12
09:21:19 1 69 4096 2830 7.0 8.5 16 12
09:21:20 1 69 4096 2830 7.0 8.5 16 12
09:21:21 1 69 4096 2830 7.0 8.5 16 12
09:21:22 1 69 4096 2830 7.0 8.5 16 12
09:21:23 1 69 4096 2830 7.0 8.5 16 12
09:21:24 1 69 4096 2830 7.0 8.5 16 12
09:21:25 1 69 4096 2830 7.0 8.5 16 12
09:21:27 1 69 4096 2830 7.0 8.5 16 12
09:21:28 1 69 4096 2830 7.0 8.5 16 12
09:21:29 1 69 4096 2830 7.0 8.5 16 12
09:21:30 1 69 4096 2830 7.0 8.5 16 12
09:21:31 1 69 4096 2830 7.0 8.5 16 12
09:21:32 1 69 4096 2830 7.0 8.5 16 12
09:21:33 1 69 4096 2830 7.0 8.5 16 12
09:21:34 1 69 4096 2830 7.0 8.5 16 12
09:21:35 1 69 4096 2830 7.0 8.5 16 12
09:21:36 1 69 4096 2830 7.0 8.5 16 12
09:21:37 1 69 4096 2830 7.0 8.5 16 12
09:21:38 1 69 4096 2830 7.0 8.5 16 12
09:21:39 1 69 4096 2830 7.0 8.5 16 12
09:21:40 1 69 4096 2830 7.0 8.5 16 12
09:21:41 1 69 4096 2830 7.0 8.5 16 12
09:21:43 1 69 4096 2830 7.0 8.5 16 12
09:21:44 1 69 4096 2830 7.0 8.5 16 12
09:21:45 1 69 4096 2830 7.0 8.5 16 12
09:21:46 1 69 4096 2830 7.0 8.5 16 12
09:21:47 1 69 4096 2830 7.0 8.5 16 12
09:21:48 1 67 4096 2830 7.7 8.5 16 12
09:21:49 1 74 4096 2830 5.1 8.5 16 12
09:21:50 1 74 4096 2830 5.2 8.5 16 12
09:21:51 1 74 4096 2830 5.2 8.5 16 12
09:21:52 1 67 4096 2830 7.6 8.5 16 12
09:21:53 1 69 4096 2830 7.0 8.5 16 12
09:21:54 1 69 4096 2830 7.0 8.5 16 12
09:21:55 1 69 4096 2830 7.0 8.5 16 12
09:21:56 1 69 4096 2830 7.0 8.5 16 12
09:21:57 1 69 4096 2830 7.0 8.5 16 12
09:21:58 1 69 4096 2830 7.0 8.5 16 12
09:22:00 1 69 4096 2830 7.0 8.5 16 12
09:22:01 1 69 4096 2830 7.0 8.5 16 12
09:22:02 1 69 4096 2830 7.0 8.5 16 12
09:22:03 1 69 4096 2830 7.0 8.5 16 12
09:22:04 1 69 4096 2830 7.0 8.5 16 12
09:22:05 1 69 4096 2830 7.1 8.5 16 12
09:22:06 1 69 4096 2830 7.1 8.5 16 12
09:22:07 1 69 4096 2830 7.1 8.5 16 12
09:22:08 1 69 4096 2830 7.1 8.5 16 12
09:22:09 1 69 4096 2830 7.1 8.5 16 12
09:22:10 1 69 4096 2830 7.1 8.5 16 12
09:22:11 1 69 4096 2830 7.1 8.5 16 12
09:22:12 1 69 4096 2830 7.1 8.5 16 12
09:22:13 1 69 4096 2830 7.1 8.5 16 12
09:22:14 1 69 4096 2830 7.1 8.5 16 12
09:22:15 1 69 4096 2830 7.1 8.5 16 12
09:22:17 1 69 4096 2830 7.1 8.5 16 12
09:22:18 1 69 4096 2830 7.1 8.5 16 12
09:22:19 1 69 4096 2830 7.1 8.5 16 12
09:22:20 1 69 4096 2830 7.1 8.5 16 12
09:22:21 1 69 4096 2830 7.1 8.5 16 12
09:22:22 1 69 4096 2830 7.1 8.5 16 12
09:22:23 1 69 4096 2830 7.1 8.5 16 12
09:22:24 1 69 4096 2830 7.1 8.5 16 12
09:22:25 1 69 4096 2830 7.0 8.5 16 12
09:22:26 1 67 4096 2830 7.8 8.5 16 12
09:22:27 1 74 4096 2830 5.2 8.5 16 12
09:22:28 1 74 4096 2830 5.2 8.5 16 12
09:22:29 1 74 4096 2830 5.2 8.5 16 12
09:22:30 1 67 4096 2830 7.7 8.5 16 12
09:22:31 1 69 4096 2830 7.1 8.5 16 12
09:22:32 1 69 4096 2830 7.1 8.5 16 12
09:22:34 1 69 4096 2830 7.1 8.5 16 12
09:22:35 1 69 4096 2830 7.1 8.5 16 12
09:22:36 1 69 4096 2830 7.1 8.5 16 12
09:22:37 1 69 4096 2830 7.0 8.5 16 12
09:22:38 1 69 4096 2830 7.1 8.5 16 12
09:22:39 1 69 4096 2830 7.1 8.5 16 12
09:22:40 1 69 4096 2830 7.0 8.5 16 12
09:22:41 1 69 4096 2830 7.0 8.5 16 12
09:22:42 1 69 4096 2830 7.0 8.5 16 12
09:22:43 1 69 4096 2830 7.0 8.5 16 12
09:22:44 1 69 4096 2830 7.0 8.5 16 12
09:22:45 1 69 4096 2830 7.0 8.5 16 12
09:22:46 1 69 4096 2830 7.0 8.5 16 12
09:22:47 1 69 4096 2830 7.0 8.5 16 12
09:22:48 1 69 4096 2830 7.0 8.5 16 12
09:22:49 1 69 4096 2830 7.0 8.5 16 12
09:22:51 1 69 4096 2830 7.0 8.5 16 12
09:22:52 1 69 4096 2830 7.0 8.5 16 12
09:22:53 1 69 4096 2830 7.0 8.5 16 12
09:22:54 1 69 4096 2830 7.0 8.5 16 12
09:22:55 1 69 4096 2830 7.0 8.5 16 12
09:22:56 1 69 4096 2830 7.0 8.5 16 12
09:22:57 1 69 4096 2830 7.0 8.5 16 12
09:22:58 1 69 4096 2830 7.0 8.5 16 12
09:22:59 1 69 4096 2830 7.0 8.5 16 12
09:23:00 1 69 4096 2830 7.0 8.5 16 12
09:23:01 1 69 4096 2830 7.0 8.5 16 12
09:23:02 1 69 4096 2830 7.0 8.5 16 12
09:23:03 1 69 4096 2830 7.0 8.5 16 12
09:23:04 1 69 4096 2830 7.0 8.5 16 12
09:23:05 1 67 4096 2830 7.7 8.5 16 12
09:23:06 1 75 4096 2830 5.2 8.5 16 12
09:23:08 1 74 4096 2830 5.2 8.5 16 12
09:23:09 1 74 4096 2830 5.1 8.5 16 12
09:23:10 1 67 4096 2830 7.6 8.5 16 12
09:23:11 1 69 4096 2830 7.0 8.5 16 12
09:23:12 1 69 4096 2830 7.0 8.5 16 12
09:23:13 1 69 4096 2830 7.0 8.5 16 12
09:23:14 1 69 4096 2830 7.0 8.5 16 12
09:23:15 1 69 4096 2830 7.0 8.5 16 12
09:23:16 1 69 4096 2830 7.0 8.5 16 12
09:23:17 1 69 4096 2830 7.0 8.5 16 12
09:23:18 1 69 4096 2830 7.0 8.5 16 12
09:23:19 1 69 4096 2830 7.0 8.5 16 12
09:23:20 1 69 4096 2830 7.0 8.5 16 12
09:23:21 1 69 4096 2830 7.0 8.5 16 12
09:23:22 1 69 4096 2830 7.0 8.5 16 12
09:23:23 1 69 4096 2830 7.0 8.5 16 12
09:23:25 1 69 4096 2830 7.0 8.5 16 12
09:23:26 1 69 4096 2830 7.0 8.5 16 12
09:23:27 1 69 4096 2830 7.0 8.5 16 12
09:23:28 1 69 4096 2830 7.0 8.5 16 12
09:23:29 1 69 4096 2830 7.0 8.5 16 12
09:23:30 1 69 4096 2830 7.0 8.5 16 12
09:23:31 1 69 4096 2830 7.0 8.5 16 12
09:23:32 1 69 4096 2830 7.0 8.5 16 12
09:23:33 1 69 4096 2830 7.0 8.5 16 12
09:23:34 1 69 4096 2830 7.0 8.5 16 12
09:23:35 1 69 4096 2830 7.0 8.5 16 12
09:23:36 1 69 4096 2830 7.0 8.5 16 12
09:23:37 1 69 4096 2830 7.0 8.5 16 12
09:23:38 1 69 4096 2830 7.0 8.5 16 12
09:23:39 1 69 4096 2830 7.0 8.5 16 12
09:23:40 1 69 4096 2830 7.0 8.5 16 12
09:23:42 1 69 4096 2830 7.0 8.5 16 12
09:23:43 1 69 4096 2830 7.1 8.5 16 12
09:23:44 1 67 4096 2830 7.7 8.5 16 12
09:23:45 1 74 4096 2830 5.2 8.5 16 12
09:23:46 1 74 4096 2830 5.2 8.5 16 12
09:23:47 1 75 4096 2830 5.2 8.5 16 12
09:23:48 1 74 4096 2830 5.1 8.5 16 12
09:23:49 1 67 4096 2830 7.6 8.5 16 12
09:23:50 1 69 4096 2830 7.0 8.5 16 12
09:23:51 1 69 4096 2830 7.0 8.5 16 12
09:23:52 1 69 4096 2830 7.0 8.5 16 12
09:23:53 1 69 4096 2830 7.0 8.5 16 12
09:23:54 1 69 4096 2830 7.0 8.5 16 12
09:23:55 1 69 4096 2830 7.0 8.5 16 12
09:23:56 1 69 4096 2830 7.0 8.5 16 12
09:23:57 1 69 4096 2830 7.0 8.5 16 12
09:23:59 1 69 4096 2830 7.0 8.5 16 12
09:24:00 1 69 4096 2830 7.0 8.5 16 12
09:24:01 1 69 4096 2830 7.0 8.5 16 12
09:24:02 1 69 4096 2830 7.0 8.5 16 12
09:24:03 1 69 4096 2830 7.0 8.5 16 12
09:24:04 1 69 4096 2830 7.0 8.5 16 12
09:24:05 1 69 4096 2830 7.0 8.5 16 12
09:24:06 1 69 4096 2830 7.0 8.5 16 12
09:24:07 1 69 4096 2830 7.0 8.5 16 12
09:24:08 1 69 4096 2830 7.0 8.5 16 12
09:24:09 1 69 4096 2830 7.0 8.5 16 12
09:24:10 1 69 4096 2830 7.0 8.5 16 12
09:24:11 1 69 4096 2830 7.0 8.5 16 12
09:24:12 1 69 4096 2830 7.0 8.5 16 12
09:24:13 1 69 4096 2830 7.0 8.5 16 12
09:24:14 1 69 4096 2830 7.0 8.5 16 12
09:24:16 1 69 4096 2830 7.0 8.5 16 12
09:24:17 1 69 4096 2830 7.0 8.5 16 12
09:24:18 1 69 4096 2830 7.0 8.5 16 12
09:24:19 1 69 4096 2830 7.0 8.5 16 12
09:24:20 1 69 4096 2830 7.0 8.5 16 12
09:24:21 1 69 4096 2830 7.0 8.5 16 12
09:24:22 1 69 4096 2830 7.0 8.5 16 12
09:24:23 1 67 4096 2830 7.7 8.5 16 12
09:24:24 1 74 4096 2830 5.1 8.5 16 12
09:24:25 1 75 4096 2830 5.2 8.5 16 12
09:24:26 1 74 4096 2830 5.1 8.5 16 12
09:24:27 1 67 4096 2830 7.6 8.5 16 12
09:24:28 1 69 4096 2830 7.0 8.5 16 12
09:24:29 1 69 4096 2830 7.0 8.5 16 12
09:24:30 1 69 4096 2830 7.0 8.5 16 12
09:24:32 1 69 4096 2830 7.0 8.5 16 12
09:24:33 1 69 4096 2830 7.0 8.5 16 12
09:24:34 1 69 4096 2830 7.0 8.5 16 12
09:24:35 1 69 4096 2830 7.0 8.5 16 12
09:24:36 1 69 4096 2830 7.0 8.5 16 12
09:24:37 1 69 4096 2830 7.0 8.5 16 12
09:24:38 1 69 4096 2830 7.0 8.5 16 12
09:24:39 1 69 4096 2830 7.0 8.5 16 12
09:24:40 1 69 4096 2830 7.0 8.5 16 12
09:24:41 1 69 4096 2830 7.0 8.5 16 12
09:24:42 1 69 4096 2830 7.0 8.5 16 12
09:24:43 1 69 4096 2830 7.0 8.5 16 12
09:24:44 1 69 4096 2830 7.0 8.5 16 12
09:24:45 1 69 4096 2830 7.0 8.5 16 12
09:24:46 1 69 4096 2830 7.0 8.5 16 12
09:24:47 1 69 4096 2830 7.0 8.5 16 12
09:24:48 1 69 4096 2830 7.0 8.5 16 12
09:24:50 1 69 4096 2830 7.0 8.5 16 12
09:24:51 1 69 4096 2830 7.0 8.5 16 12
09:24:52 1 69 4096 2830 7.0 8.5 16 12
09:24:53 1 69 4096 2830 7.0 8.5 16 12
09:24:54 1 69 4096 2830 7.0 8.5 16 12
09:24:55 1 69 4096 2830 7.0 8.5 16 12
09:24:56 1 69 4096 2830 7.0 8.5 16 12
09:24:57 1 69 4096 2830 7.0 8.5 16 12
09:24:58 1 69 4096 2830 7.0 8.5 16 12
09:24:59 1 69 4096 2830 7.0 8.5 16 12
09:25:00 1 69 4096 2830 7.0 8.5 16 12
09:25:01 1 69 4096 2830 7.0 8.5 16 12
09:25:02 1 67 4096 2830 7.7 8.5 16 12
09:25:03 1 75 4096 2830 5.1 8.5 16 12
09:25:04 1 75 4096 2830 5.1 8.5 16 12
09:25:05 1 75 4096 2830 5.1 8.5 16 12
09:25:07 1 67 4096 2830 7.6 8.5 16 12
09:25:08 1 69 4096 2830 7.0 8.5 16 12
09:25:09 1 69 4096 2830 7.0 8.5 16 12
09:25:10 1 69 4096 2830 7.0 8.5 16 12
09:25:11 1 69 4096 2830 7.0 8.5 16 12
09:25:12 1 69 4096 2830 7.0 8.5 16 12
09:25:13 1 69 4096 2830 7.0 8.5 16 12
09:25:14 1 69 4096 2830 7.0 8.5 16 12
09:25:15 1 69 4096 2830 7.0 8.5 16 12
09:25:16 1 69 4096 2830 7.0 8.5 16 12
09:25:17 1 69 4096 2830 7.0 8.5 16 12
09:25:18 1 69 4096 2830 7.0 8.5 16 12
09:25:19 1 69 4096 2830 7.0 8.5 16 12
09:25:20 1 69 4096 2830 7.0 8.5 16 12
09:25:21 1 69 4096 2830 7.0 8.5 16 12
09:25:22 1 69 4096 2830 7.0 8.5 16 12
09:25:24 1 69 4096 2830 7.0 8.5 16 12
09:25:25 1 69 4096 2830 7.0 8.5 16 12
09:25:26 1 69 4096 2830 7.0 8.5 16 12
09:25:27 1 69 4096 2830 7.0 8.5 16 12
09:25:28 1 69 4096 2830 7.0 8.5 16 12
09:25:29 1 69 4096 2830 7.0 8.5 16 12
09:25:30 1 69 4096 2830 7.0 8.5 16 12
09:25:31 1 69 4096 2830 7.0 8.5 16 12
09:25:32 1 69 4096 2830 7.0 8.5 16 12
09:25:33 1 69 4096 2830 7.0 8.5 16 12
09:25:34 1 69 4096 2830 7.0 8.5 16 12
09:25:35 1 69 4096 2830 7.0 8.5 16 12
09:25:36 1 69 4096 2830 7.1 8.5 16 12
09:25:37 1 69 4096 2830 7.0 8.5 16 12
09:25:38 1 69 4096 2830 7.1 8.5 16 12
09:25:39 1 69 4096 2830 7.1 8.5 16 12
09:25:41 1 67 4096 2830 7.8 8.5 16 12
09:25:42 1 74 4096 2830 5.2 8.5 16 12
09:25:43 1 75 4096 2830 5.2 8.5 16 12
09:25:44 1 75 4096 2830 5.2 8.5 16 12
09:25:45 1 67 4096 2830 7.6 8.5 16 12
09:25:46 1 69 4096 2830 7.0 8.5 16 12
09:25:47 1 69 4096 2830 7.0 8.5 16 12
09:25:48 1 69 4096 2830 7.0 8.5 16 12
09:25:49 1 69 4096 2830 7.0 8.5 16 12
09:25:50 1 69 4096 2830 7.0 8.5 16 12
09:25:51 1 69 4096 2830 7.0 8.5 16 12
09:25:52 1 69 4096 2830 7.0 8.5 16 12
09:25:53 1 69 4096 2830 7.0 8.5 16 12
09:25:54 1 69 4096 2830 7.0 8.5 16 12
09:25:55 1 69 4096 2830 7.0 8.5 16 12
09:25:57 1 69 4096 2830 7.0 8.5 16 12
09:25:58 1 69 4096 2830 7.0 8.5 16 12
09:25:59 1 69 4096 2830 7.0 8.5 16 12
09:26:00 1 69 4096 2830 7.1 8.5 16 12
09:26:01 1 69 4096 2830 7.0 8.5 16 12
09:26:02 1 69 4096 2830 7.1 8.5 16 12
09:26:03 1 69 4096 2830 7.0 8.5 16 12
09:26:04 1 69 4096 2830 7.0 8.5 16 12
09:26:05 1 69 4096 2830 7.0 8.5 16 12
09:26:06 1 69 4096 2830 7.0 8.6 16 12
09:26:07 1 69 4096 2830 7.0 8.6 16 12
09:26:08 1 69 4096 2830 7.0 8.6 16 12
09:26:09 1 69 4096 2830 7.0 8.6 16 12
09:26:10 1 69 4096 2830 7.0 8.6 16 12
09:26:11 1 69 4096 2830 7.0 8.6 16 12
09:26:12 1 69 4096 2830 7.0 8.6 16 12
09:26:14 1 69 4096 2830 7.0 8.6 16 12
09:26:15 1 69 4096 2830 7.0 8.6 16 12
09:26:16 1 69 4096 2830 7.0 8.6 16 12
09:26:17 1 69 4096 2830 7.0 8.6 16 12
09:26:18 1 69 4096 2830 7.0 8.6 16 12
09:26:19 1 69 4096 2830 7.0 8.6 16 12
09:26:20 1 67 4096 2830 7.7 8.5 16 12
09:26:21 1 75 4096 2830 5.2 8.5 16 12
09:26:22 1 74 4096 2830 5.1 8.5 16 12
09:26:23 1 75 4096 2830 5.2 8.5 16 12
09:26:24 1 67 4096 2830 7.6 8.6 16 12
09:26:25 1 69 4096 2830 7.0 8.6 16 12
09:26:26 1 69 4096 2830 7.0 8.6 16 12
09:26:27 1 69 4096 2830 7.0 8.6 16 12
09:26:28 1 69 4096 2830 7.0 8.6 16 12
09:26:29 1 69 4096 2830 7.0 8.6 16 12
09:26:31 1 69 4096 2830 7.0 8.6 16 12
09:26:32 1 69 4096 2830 7.0 8.6 16 12
09:26:33 1 69 4096 2830 7.0 8.6 16 12
09:26:34 1 69 4096 2830 7.0 8.6 16 12
09:26:35 1 69 4096 2830 7.0 8.6 16 12
09:26:36 1 69 4096 2830 7.0 8.6 16 12
09:26:37 1 69 4096 2830 7.0 8.6 16 12
09:26:38 1 69 4096 2830 7.0 8.6 16 12
09:26:39 1 69 4096 2830 7.0 8.6 16 12
09:26:40 1 69 4096 2830 7.0 8.6 16 12
09:26:41 1 69 4096 2830 7.0 8.6 16 12
09:26:42 1 69 4096 2830 7.0 8.6 16 12
09:26:43 1 69 4096 2830 7.0 8.6 16 12
09:26:44 1 69 4096 2830 7.1 8.6 16 12
09:26:45 1 69 4096 2830 7.0 8.6 16 12
09:26:46 1 69 4096 2830 7.0 8.6 16 12
09:26:48 1 69 4096 2830 7.1 8.6 16 12
09:26:49 1 69 4096 2830 7.1 8.6 16 12
09:26:50 1 69 4096 2830 7.0 8.6 16 12
09:26:51 1 69 4096 2830 7.0 8.6 16 12
09:26:52 1 69 4096 2830 7.0 8.6 16 12
09:26:53 1 69 4096 2830 7.0 8.6 16 12
09:26:54 1 69 4096 2830 7.0 8.6 16 12
09:26:55 1 69 4096 2830 7.0 8.6 16 12
09:26:56 1 69 4096 2830 7.0 8.6 16 12
09:26:57 1 69 4096 2830 7.0 8.6 16 12
09:26:58 1 67 4096 2830 7.8 8.5 16 12
09:26:59 1 70 4096 2830 5.2 8.5 16 12
09:27:00 1 74 4096 2830 5.1 8.5 16 12
09:27:01 1 74 4096 2830 5.1 8.5 16 12
09:27:02 1 67 4096 2830 7.7 8.6 16 12
09:27:04 1 69 4096 2830 7.0 8.6 16 12
09:27:05 1 69 4096 2830 7.0 8.6 16 12
09:27:06 1 69 4096 2830 7.0 8.6 16 12
09:27:07 1 69 4096 2830 7.0 8.6 16 12
09:27:08 1 69 4096 2830 7.0 8.6 16 12
09:27:09 1 69 4096 2830 7.0 8.6 16 12
09:27:10 1 69 4096 2830 7.0 8.6 16 12
09:27:11 1 69 4096 2830 7.0 8.6 16 12
09:27:12 1 69 4096 2830 7.0 8.6 16 12
09:27:13 1 69 4096 2830 7.0 8.6 16 12
09:27:14 1 69 4096 2830 7.0 8.6 16 12
09:27:15 1 69 4096 2830 7.0 8.6 16 12
09:27:16 1 69 4096 2830 7.0 8.6 16 12
09:27:17 1 69 4096 2830 7.0 8.6 16 12
09:27:18 1 69 4096 2830 7.0 8.6 16 12
09:27:19 1 69 4096 2830 7.0 8.6 16 12
09:27:21 1 69 4096 2830 7.0 8.6 16 12
09:27:22 1 69 4096 2830 7.0 8.6 16 12
09:27:23 1 69 4096 2830 7.0 8.6 16 12
09:27:24 1 69 4096 2830 7.0 8.6 16 12
09:27:25 1 69 4096 2830 7.0 8.6 16 12
09:27:26 1 69 4096 2830 7.0 8.6 16 12
09:27:27 1 69 4096 2830 7.0 8.6 16 12
09:27:28 1 69 4096 2830 7.0 8.6 16 12
09:27:29 1 69 4096 2830 7.0 8.6 16 12
09:27:30 1 69 4096 2830 7.0 8.6 16 12
09:27:31 1 69 4096 2830 7.0 8.6 16 12
09:27:32 1 69 4096 2830 7.0 8.6 16 12
09:27:33 1 69 4096 2830 7.0 8.6 16 12
09:27:34 1 69 4096 2830 7.0 8.6 16 12
09:27:35 1 69 4096 2830 7.0 8.6 16 12
09:27:36 1 69 4096 2830 7.0 8.6 16 12
09:27:38 1 67 4096 2830 7.7 8.5 16 12
09:27:39 1 75 4096 2830 5.2 8.5 16 12
09:27:40 1 75 4096 2830 5.2 8.5 16 12
09:27:41 1 75 4096 2830 5.2 8.5 16 12
09:27:42 1 67 4096 2830 7.6 8.6 16 12
09:27:43 1 69 4096 2830 7.0 8.6 16 12
09:27:44 1 69 4096 2830 7.0 8.6 16 12
09:27:45 1 69 4096 2830 7.0 8.6 16 12
09:27:46 1 69 4096 2830 7.0 8.6 16 12
09:27:47 1 69 4096 2830 7.0 8.6 16 12
09:27:48 1 69 4096 2830 7.0 8.6 16 12
09:27:49 1 69 4096 2830 7.0 8.6 16 12
09:27:50 1 69 4096 2830 7.0 8.6 16 12
09:27:51 1 69 4096 2830 7.0 8.6 16 12
09:27:52 1 69 4096 2830 7.0 8.6 16 12
09:27:54 1 69 4096 2830 7.0 8.6 16 12
09:27:55 1 69 4096 2830 7.0 8.6 16 12
09:27:56 1 69 4096 2830 7.0 8.6 16 12
09:27:57 1 69 4096 2830 7.0 8.6 16 12
09:27:58 1 69 4096 2830 7.0 8.6 16 12
09:27:59 1 69 4096 2830 7.0 8.6 16 12
09:28:00 1 69 4096 2830 7.0 8.6 16 12
09:28:01 1 69 4096 2830 7.0 8.6 16 12
09:28:02 1 69 4096 2830 7.0 8.6 16 12
09:28:03 1 69 4096 2830 7.0 8.6 16 12
09:28:04 1 69 4096 2830 7.0 8.6 16 12
09:28:05 1 69 4096 2830 7.0 8.6 16 12
09:28:06 1 69 4096 2830 7.0 8.6 16 12
09:28:07 1 69 4096 2830 7.0 8.6 16 12
09:28:08 1 69 4096 2830 7.0 8.6 16 12
09:28:09 1 69 4096 2830 7.0 8.6 16 12
09:28:11 1 69 4096 2830 7.0 8.6 16 12
09:28:12 1 69 4096 2830 7.0 8.6 16 12
09:28:13 1 69 4096 2830 7.0 8.6 16 12
09:28:14 1 69 4096 2830 7.0 8.6 16 12
09:28:15 1 69 4096 2830 7.0 8.6 16 12
09:28:16 1 67 4096 2830 7.7 8.5 16 12
09:28:17 1 75 4096 2830 5.1 8.5 16 12
09:28:18 1 75 4096 2830 5.2 8.5 16 12
09:28:19 1 75 4096 2830 5.2 8.5 16 12
09:28:20 1 67 4096 2830 7.6 8.6 16 12
09:28:21 1 69 4096 2830 7.0 8.6 16 12
09:28:22 1 69 4096 2830 7.0 8.6 16 12
09:28:23 1 69 4096 2830 7.0 8.6 16 12
09:28:24 1 69 4096 2830 7.1 8.6 16 12
09:28:25 1 69 4096 2830 7.1 8.6 16 12
09:28:26 1 69 4096 2830 7.0 8.6 16 12
09:28:27 1 69 4096 2830 7.1 8.6 16 12
09:28:29 1 69 4096 2830 7.1 8.6 16 12
09:28:30 1 69 4096 2830 7.1 8.6 16 12
09:28:31 1 69 4096 2830 7.0 8.6 16 12
09:28:32 1 69 4096 2830 7.0 8.6 16 12
09:28:33 1 69 4096 2830 7.0 8.6 16 12
09:28:34 1 69 4096 2830 7.0 8.6 16 12
09:28:35 1 69 4096 2830 7.0 8.6 16 12
09:28:36 1 69 4096 2830 7.0 8.6 16 12
09:28:37 1 69 4096 2830 7.0 8.6 16 12
09:28:38 1 69 4096 2830 7.0 8.6 16 12
09:28:39 1 69 4096 2830 7.0 8.6 16 12
09:28:40 1 69 4096 2830 7.0 8.6 16 12
09:28:41 1 69 4096 2830 7.0 8.6 16 12
09:28:42 1 69 4096 2830 7.0 8.6 16 12
09:28:43 1 69 4096 2830 7.0 8.6 16 12
09:28:44 1 69 4096 2830 7.0 8.6 16 12
09:28:46 1 69 4096 2830 7.0 8.6 16 12
09:28:47 1 69 4096 2830 7.0 8.6 16 12
09:28:48 1 69 4096 2830 7.0 8.6 16 12
09:28:49 1 69 4096 2830 7.0 8.6 16 12
09:28:50 1 69 4096 2830 7.0 8.6 16 12
09:28:51 1 69 4096 2830 7.0 8.6 16 12
09:28:52 1 69 4096 2830 7.0 8.6 16 12
09:28:53 1 69 4096 2830 7.0 8.6 16 12
09:28:54 1 69 4096 2830 7.1 8.6 16 12
09:28:55 1 67 4096 2830 7.6 8.6 16 12
09:28:56 1 75 4096 2830 5.1 8.6 16 12
09:28:57 1 74 4096 2830 5.2 8.6 16 12
09:28:58 1 74 4096 2830 5.2 8.6 16 12
09:28:59 1 67 4096 2830 7.7 8.6 16 12
09:29:00 1 69 4096 2830 7.0 8.6 16 12
09:29:02 1 69 4096 2830 7.1 8.6 16 12
09:29:03 1 69 4096 2830 7.0 8.6 16 12
09:29:04 1 69 4096 2830 7.0 8.6 16 12
09:29:05 1 69 4096 2830 7.0 8.6 16 12
09:29:06 1 69 4096 2830 7.0 8.6 16 12
09:29:07 1 69 4096 2830 7.0 8.6 16 12
09:29:08 1 69 4096 2830 7.0 8.6 16 12
09:29:09 1 69 4096 2830 7.0 8.6 16 12
09:29:10 1 69 4096 2830 7.0 8.6 16 12
09:29:11 1 69 4096 2830 7.0 8.6 16 12
09:29:12 1 69 4096 2830 7.0 8.6 16 12
09:29:13 1 69 4096 2830 7.0 8.6 16 12
09:29:14 1 69 4096 2830 7.0 8.6 16 12
09:29:15 1 69 4096 2830 7.0 8.6 16 12
09:29:16 1 69 4096 2830 7.0 8.6 16 12
09:29:17 1 69 4096 2830 7.0 8.6 16 12
09:29:19 1 69 4096 2830 7.0 8.6 16 12
09:29:20 1 69 4096 2830 7.0 8.6 16 12
09:29:21 1 69 4096 2830 7.0 8.6 16 12
09:29:22 1 69 4096 2830 7.0 8.6 16 12
09:29:23 1 69 4096 2830 7.0 8.6 16 12
09:29:24 1 69 4096 2830 7.1 8.6 16 12
09:29:25 1 69 4096 2830 7.0 8.6 16 12
09:29:26 1 69 4096 2830 7.0 8.6 16 12
09:29:27 1 69 4096 2830 7.0 8.6 16 12
09:29:28 1 69 4096 2830 7.0 8.6 16 12
09:29:29 1 69 4096 2830 7.0 8.6 16 12
09:29:30 1 69 4096 2830 7.0 8.6 16 12
09:29:31 1 69 4096 2830 7.0 8.6 16 12
09:29:32 1 69 4096 2830 7.0 8.6 16 12
09:29:33 1 67 4096 2830 7.7 8.6 16 12
09:29:34 1 75 4096 2830 5.2 8.6 16 12
09:29:36 1 75 4096 2830 5.1 8.6 16 12
09:29:37 1 75 4096 2830 5.1 8.6 16 12
09:29:38 1 67 4096 2830 7.6 8.6 16 12
09:29:39 1 69 4096 2830 7.0 8.6 16 12
09:29:40 1 69 4096 2830 7.0 8.6 16 12
09:29:41 1 69 4096 2830 7.0 8.6 16 12
09:29:42 1 69 4096 2830 7.0 8.6 16 12
09:29:43 1 69 4096 2830 7.1 8.6 16 12
09:29:44 1 69 4096 2830 7.1 8.6 16 12
09:29:45 1 69 4096 2830 7.0 8.6 16 12
09:29:46 1 69 4096 2830 7.0 8.6 16 12
09:29:47 1 69 4096 2830 7.1 8.6 16 12
09:29:48 1 69 4096 2830 7.1 8.6 16 12
09:29:49 1 69 4096 2830 7.1 8.6 16 12
09:29:50 1 69 4096 2830 7.1 8.6 16 12
09:29:52 1 69 4096 2830 7.1 8.6 16 12
09:29:53 1 69 4096 2830 7.1 8.6 16 12
09:29:54 1 69 4096 2830 7.1 8.6 16 12
09:29:55 1 69 4096 2830 7.1 8.6 16 12
09:29:56 1 69 4096 2830 7.1 8.6 16 12
09:29:57 1 69 4096 2830 7.1 8.6 16 12
09:29:58 1 69 4096 2830 7.1 8.6 16 12
09:29:59 1 69 4096 2830 7.1 8.6 16 12
09:30:00 1 69 4096 2830 7.1 8.6 16 12
09:30:01 1 69 4096 2830 7.1 8.6 16 12
09:30:02 1 69 4096 2830 7.0 8.6 16 12
09:30:03 1 69 4096 2830 7.0 8.6 16 12
09:30:04 1 69 4096 2830 7.0 8.6 16 12
09:30:05 1 69 4096 2830 7.0 8.6 16 12
09:30:06 1 69 4096 2830 7.0 8.6 16 12
09:30:07 1 69 4096 2830 7.0 8.6 16 12
09:30:09 1 69 4096 2830 7.0 8.6 16 12
09:30:10 1 69 4096 2830 7.0 8.6 16 12
09:30:11 1 69 4096 2830 7.0 8.6 16 12
09:30:12 1 69 4096 2830 7.1 8.6 16 12
09:30:13 1 67 4096 2830 7.8 8.6 16 12
09:30:14 1 74 4096 2830 5.2 8.6 16 12
09:30:15 1 74 4096 2830 5.3 8.6 16 12
09:30:16 1 74 4096 2830 5.3 8.6 16 12
09:30:17 1 67 4096 2830 7.7 8.6 16 12
09:30:18 1 69 4096 2830 7.1 8.6 16 12
09:30:19 1 69 4096 2830 7.1 8.6 16 12
09:30:20 1 69 4096 2830 7.1 8.6 16 12
09:30:21 1 69 4096 2830 7.0 8.6 16 12
09:30:22 1 69 4096 2830 7.0 8.6 16 12
09:30:23 1 69 4096 2830 7.0 8.6 16 12
09:30:24 1 69 4096 2830 7.0 8.6 16 12
09:30:26 1 69 4096 2830 7.0 8.6 16 12
09:30:27 1 69 4096 2830 7.1 8.6 16 12
09:30:28 1 69 4096 2830 7.0 8.6 16 12
09:30:29 1 69 4096 2830 7.0 8.6 16 12
09:30:30 1 69 4096 2830 7.0 8.6 16 12
09:30:31 1 69 4096 2830 7.0 8.6 16 12
09:30:32 1 69 4096 2830 7.0 8.6 16 12
09:30:33 1 69 4096 2830 7.0 8.6 16 12
09:30:34 1 69 4096 2830 7.0 8.6 16 12
09:30:35 1 69 4096 2830 7.0 8.6 16 12
09:30:36 1 69 4096 2830 7.0 8.6 16 12
09:30:37 1 69 4096 2830 7.0 8.6 16 12
09:30:38 1 69 4096 2830 7.0 8.6 16 12
09:30:39 1 69 4096 2830 7.0 8.6 16 12
09:30:40 1 69 4096 2830 7.0 8.6 16 12
09:30:41 1 69 4096 2830 7.0 8.6 16 12
09:30:43 1 69 4096 2830 7.0 8.6 16 12
09:30:44 1 69 4096 2830 7.0 8.6 16 12
09:30:45 1 69 4096 2830 7.0 8.6 16 12
09:30:46 1 69 4096 2830 7.0 8.6 16 12
09:30:47 1 69 4096 2830 7.0 8.6 16 12
09:30:48 1 69 4096 2830 7.0 8.6 16 12
09:30:49 1 69 4096 2830 7.0 8.6 16 12
09:30:50 1 69 4096 2830 7.0 8.6 16 12
09:30:51 1 67 4096 2830 7.8 8.6 16 12
09:30:52 1 75 4096 2830 5.2 8.6 16 12
09:30:53 1 75 4096 2830 5.2 8.6 16 12
09:30:54 1 75 4096 2830 5.1 8.6 16 12
09:30:55 1 68 4096 2830 7.6 8.6 16 12
09:30:56 1 69 4096 2830 7.0 8.6 16 12
09:30:57 1 69 4096 2830 7.0 8.6 16 12
09:30:58 1 69 4096 2830 7.0 8.6 16 12
09:31:00 1 69 4096 2830 7.0 8.6 16 12
09:31:01 1 69 4096 2830 7.1 8.6 16 12
09:31:02 1 69 4096 2830 7.0 8.6 16 12
09:31:03 1 69 4096 2830 7.0 8.6 16 12
09:31:04 1 69 4096 2830 7.0 8.6 16 12
09:31:05 1 69 4096 2830 7.1 8.6 16 12
09:31:06 1 69 4096 2830 7.0 8.6 16 12
09:31:07 1 69 4096 2830 7.0 8.6 16 12
09:31:08 1 69 4096 2830 7.0 8.6 16 12
09:31:09 1 69 4096 2830 7.0 8.6 16 12
09:31:10 1 69 4096 2830 7.0 8.6 16 12
09:31:11 1 69 4096 2830 7.0 8.6 16 12
09:31:12 1 69 4096 2830 7.0 8.6 16 12
09:31:13 1 69 4096 2830 7.0 8.6 16 12
09:31:14 1 69 4096 2830 7.0 8.6 16 12
09:31:16 1 69 4096 2830 7.0 8.6 16 12
09:31:17 1 69 4096 2830 7.0 8.6 16 12
09:31:18 1 69 4096 2830 7.0 8.6 16 12
09:31:19 1 69 4096 2830 7.0 8.6 16 12
09:31:20 1 69 4096 2830 7.0 8.6 16 12
09:31:21 1 69 4096 2830 7.0 8.6 16 12
09:31:22 1 69 4096 2830 7.0 8.6 16 12
09:31:23 1 69 4096 2830 7.0 8.6 16 12
09:31:24 1 69 4096 2830 7.0 8.6 16 12
09:31:25 1 69 4096 2830 7.0 8.6 16 12
09:31:26 1 69 4096 2830 7.0 8.6 16 12
09:31:27 1 69 4096 2830 7.0 8.6 16 12
09:31:28 1 69 4096 2830 7.0 8.6 16 12
09:31:29 1 69 4096 2830 7.0 8.6 16 12
09:31:30 1 67 4096 2830 7.8 8.6 16 12
09:31:31 1 75 4096 2830 5.2 8.6 16 12
09:31:32 1 75 4096 2830 5.2 8.6 16 12
09:31:34 1 75 4096 2830 5.1 8.6 16 12
09:31:35 1 68 4096 2830 7.0 8.6 16 12
09:31:36 1 69 4096 2830 7.0 8.6 16 12
09:31:37 1 69 4096 2830 7.0 8.6 16 12
09:31:38 1 69 4096 2830 7.0 8.6 16 12
09:31:39 1 69 4096 2830 7.0 8.6 16 12
09:31:40 1 69 4096 2830 7.0 8.6 16 12
09:31:41 1 69 4096 2830 7.0 8.6 16 12
09:31:42 1 69 4096 2830 7.0 8.6 16 12
09:31:43 1 69 4096 2830 7.0 8.6 16 12
09:31:44 1 69 4096 2830 7.0 8.6 16 12
09:31:45 1 69 4096 2830 7.0 8.6 16 12
09:31:46 1 69 4096 2830 7.0 8.6 16 12
09:31:47 1 69 4096 2830 7.0 8.6 16 12
09:31:48 1 69 4096 2830 7.1 8.6 16 12
09:31:49 1 69 4096 2830 7.0 8.6 16 12
09:31:51 1 69 4096 2830 7.0 8.6 16 12
09:31:52 1 69 4096 2830 7.1 8.6 16 12
09:31:53 1 69 4096 2830 7.1 8.6 16 12
09:31:54 1 69 4096 2830 7.0 8.6 16 12
09:31:55 1 69 4096 2830 7.0 8.6 16 12
09:31:56 1 69 4096 2830 7.1 8.6 16 12
09:31:57 1 69 4096 2830 7.0 8.6 16 12
09:31:58 1 69 4096 2830 7.0 8.6 16 12
09:31:59 1 69 4096 2830 7.0 8.6 16 12
09:32:00 1 69 4096 2830 7.0 8.6 16 12
09:32:01 1 69 4096 2830 7.0 8.6 16 12
09:32:02 1 69 4096 2830 7.0 8.6 16 12
09:32:03 1 69 4096 2830 7.0 8.6 16 12
09:32:04 1 69 4096 2830 7.0 8.6 16 12
09:32:05 1 70 4096 2830 7.0 8.6 16 12
09:32:06 1 70 4096 2830 7.0 8.6 16 12
09:32:07 1 70 4096 2830 7.0 8.6 16 12
09:32:09 1 67 4096 2830 7.7 8.6 16 12
09:32:10 1 75 4096 2830 5.2 8.6 16 12
09:32:11 1 75 4096 2830 5.2 8.6 16 12
09:32:12 1 75 4096 2830 5.2 8.6 16 12
09:32:13 1 68 4096 2830 7.6 8.6 16 12
09:32:14 1 69 4096 2830 7.0 8.6 16 12
09:32:15 1 69 4096 2830 7.0 8.6 16 12
09:32:16 1 69 4096 2830 7.0 8.6 16 12
09:32:17 1 69 4096 2830 7.0 8.6 16 12
09:32:18 1 70 4096 2830 7.0 8.6 16 12
09:32:19 1 70 4096 2830 7.0 8.6 16 12
09:32:20 1 70 4096 2830 7.0 8.6 16 12
09:32:21 1 70 4096 2830 7.0 8.6 16 12
09:32:22 1 70 4096 2830 7.0 8.6 16 12
09:32:23 1 70 4096 2830 7.0 8.6 16 12
09:32:24 1 70 4096 2830 7.0 8.6 16 12
09:32:26 1 70 4096 2830 7.0 8.6 16 12
09:32:27 1 70 4096 2830 7.0 8.6 16 12
09:32:28 1 70 4096 2830 7.0 8.6 16 12
09:32:29 1 69 4096 2830 7.0 8.6 16 12
09:32:30 1 69 4096 2830 7.0 8.6 16 12
09:32:31 1 69 4096 2830 7.0 8.6 16 12
09:32:32 1 69 4096 2830 7.0 8.6 16 12
09:32:33 1 69 4096 2830 7.0 8.6 16 12
09:32:34 1 70 4096 2830 7.0 8.6 16 12
09:32:35 1 70 4096 2830 7.0 8.6 16 12
09:32:36 1 70 4096 2830 7.0 8.6 16 12
09:32:37 1 70 4096 2830 7.0 8.6 16 12
09:32:38 1 70 4096 2830 7.0 8.6 16 12
09:32:39 1 70 4096 2830 7.0 8.6 16 12
09:32:40 1 70 4096 2830 7.0 8.6 16 12
09:32:41 1 70 4096 2830 7.0 8.6 16 12
09:32:42 1 70 4096 2830 7.0 8.6 16 12
09:32:44 1 70 4096 2830 7.0 8.6 16 12
09:32:45 1 70 4096 2830 7.0 8.6 16 12
09:32:46 1 69 4096 2830 7.0 8.6 16 12
09:32:47 1 67 4096 2830 7.7 8.6 16 12
09:32:48 1 75 4096 2830 5.2 8.6 16 12
09:32:49 1 75 4096 2830 5.2 8.6 16 12
09:32:50 1 75 4096 2830 5.2 8.6 16 12
09:32:51 1 68 4096 2830 7.6 8.6 16 12
09:32:52 1 70 4096 2830 7.0 8.6 16 12
09:32:53 1 70 4096 2830 7.0 8.6 16 12
09:32:54 1 70 4096 2830 7.0 8.6 16 12
09:32:55 1 70 4096 2830 7.0 8.6 16 12
09:32:56 1 69 4096 2830 7.0 8.6 16 12
09:32:57 1 70 4096 2830 7.0 8.6 16 12
09:32:58 1 70 4096 2830 7.0 8.6 16 12
09:32:59 1 70 4096 2830 7.0 8.6 16 12
09:33:01 1 69 4096 2830 7.1 8.6 16 12
09:33:02 1 70 4096 2830 7.0 8.6 16 12
09:33:03 1 69 4096 2830 7.0 8.6 16 12
09:33:04 1 70 4096 2830 7.0 8.6 16 12
09:33:05 1 69 4096 2830 7.1 8.6 16 12
09:33:06 1 70 4096 2830 7.0 8.6 16 12
09:33:07 1 70 4096 2830 7.0 8.6 16 12
09:33:08 1 70 4096 2830 7.0 8.6 16 12
09:33:09 1 69 4096 2830 7.1 8.6 16 12
09:33:10 1 70 4096 2830 7.0 8.6 16 12
09:33:11 1 70 4096 2830 7.0 8.6 16 12
09:33:12 1 70 4096 2830 7.0 8.6 16 12
09:33:13 1 70 4096 2830 7.0 8.6 16 12
09:33:14 1 70 4096 2830 7.0 8.6 16 12
09:33:15 1 70 4096 2830 7.0 8.6 16 12
09:33:16 1 70 4096 2830 7.0 8.6 16 12
09:33:18 1 70 4096 2830 7.0 8.6 16 12
09:33:19 1 70 4096 2830 7.0 8.6 16 12
09:33:20 1 70 4096 2830 7.0 8.6 16 12
09:33:21 1 70 4096 2830 7.0 8.6 16 12
09:33:22 1 70 4096 2830 7.0 8.5 16 12
09:33:23 1 70 4096 2830 7.0 8.5 16 12
09:33:24 1 70 4096 2830 7.0 8.5 16 12
09:33:25 1 67 4096 2830 7.7 8.4 16 12
09:33:26 1 75 4096 2830 5.2 8.4 16 12
09:33:27 1 75 4096 2830 5.2 8.4 16 12
09:33:28 1 75 4096 2830 5.2 8.4 16 12
09:33:29 1 68 4096 2830 7.6 8.4 16 12
09:33:30 1 70 4096 2830 7.0 8.4 16 12
09:33:31 1 70 4096 2830 7.0 8.4 16 12
09:33:32 1 70 4096 2830 7.0 8.4 16 12
09:33:33 1 70 4096 2830 7.0 8.4 16 12
09:33:34 1 70 4096 2830 7.0 8.4 16 12
09:33:36 1 70 4096 2830 7.0 8.4 16 12
09:33:37 1 70 4096 2830 7.0 8.4 16 12
09:33:38 1 70 4096 2830 7.0 8.4 16 12
09:33:39 1 68 4096 2830 7.0 7.6 16 12
09:33:40 1 60 4096 2830 7.0 5.4 16 12
09:33:41 1 60 4096 2830 7.0 5.4 16 12
09:33:42 1 60 4096 2830 7.0 5.4 16 12
09:33:43 1 60 4096 2830 7.0 5.4 16 12
09:33:44 1 60 4096 2830 7.0 5.4 16 12
09:33:45 1 60 4096 2830 7.0 5.4 16 12
09:33:46 1 60 4096 2830 7.0 5.4 16 12
09:33:47 1 60 4096 2830 7.0 5.4 16 12
09:33:48 1 60 4096 2830 7.0 5.4 16 12
09:33:49 1 60 4096 2830 7.0 5.4 16 12
09:33:50 1 60 4096 2830 7.0 5.4 16 12
09:33:52 1 60 4096 2830 7.0 5.4 16 12
09:33:53 1 60 4096 2830 7.0 5.4 16 12
09:33:54 1 60 4096 2830 7.0 5.4 16 12
09:33:55 1 60 4096 2830 7.1 5.4 16 12
09:33:56 1 60 4096 2830 7.0 5.4 16 12
09:33:57 1 60 4096 2830 7.0 5.4 16 12
09:33:58 1 60 4096 2830 7.0 5.4 16 12
09:33:59 1 60 4096 2830 7.0 5.4 16 12
09:34:00 1 60 4096 2830 7.0 5.4 16 12
09:34:01 1 60 4096 2830 7.0 5.4 16 12
09:34:02 1 60 4096 2830 7.0 5.4 16 12
09:34:03 1 60 4096 2830 7.0 5.4 16 12
09:34:04 1 58 4096 2830 7.7 5.4 16 12
09:34:05 1 66 4096 2830 5.1 5.4 16 12
09:34:06 1 66 4096 2830 5.1 5.4 16 12
09:34:07 1 66 4096 2830 5.2 5.4 16 12
09:34:09 1 58 4096 2830 7.6 5.4 16 12
09:34:10 1 60 4096 2830 7.0 5.4 16 12
09:34:11 1 60 4096 2830 7.0 5.4 16 12
09:34:12 1 60 4096 2830 7.0 5.3 16 12
09:34:13 1 60 4096 2830 7.0 5.3 16 12
09:34:14 1 60 4096 2830 7.0 5.3 16 12
09:34:15 1 60 4096 2830 7.0 5.3 16 12
09:34:16 1 60 4096 2830 7.0 5.3 16 12
09:34:17 1 60 4096 2830 7.0 5.3 16 12
09:34:18 1 60 4096 2830 7.0 5.3 16 12
09:34:19 1 60 4096 2830 7.0 5.3 16 12
09:34:20 1 60 4096 2830 7.0 5.3 16 12
09:34:21 1 60 4096 2830 7.0 5.3 16 12
09:34:22 1 60 4096 2830 7.0 5.3 16 12
09:34:23 1 60 4096 2830 7.0 5.3 16 12
09:34:24 1 60 4096 2830 7.1 5.3 16 12
09:34:26 1 60 4096 2830 7.1 5.3 16 12
09:34:27 1 60 4096 2830 7.1 5.3 16 12
09:34:28 1 60 4096 2830 7.1 5.3 16 12
09:34:29 1 60 4096 2830 7.1 5.3 16 12
09:34:30 1 60 4096 2830 7.1 5.3 16 12
09:34:31 1 60 4096 2830 7.1 5.3 16 12
09:34:32 1 60 4096 2830 7.1 5.3 16 12
09:34:33 1 60 4096 2830 7.1 5.3 16 12
09:34:34 1 60 4096 2830 7.1 5.3 16 12
09:34:35 1 60 4096 2830 7.1 5.3 16 12
09:34:36 1 60 4096 2830 7.1 5.3 16 12
09:34:37 1 60 4096 2830 7.1 5.3 16 12
09:34:38 1 60 4096 2830 7.1 5.3 16 12
09:34:39 1 60 4096 2830 7.1 5.3 16 12
09:34:40 1 60 4096 2830 7.1 5.3 16 12
09:34:41 1 60 4096 2830 7.1 5.3 16 12
09:34:43 1 58 4096 2830 7.8 5.3 16 12
09:34:44 1 65 4096 2830 5.2 5.3 16 12
09:34:45 1 65 4096 2830 5.2 5.3 16 12
09:34:46 1 65 4096 2830 5.1 5.3 16 12
09:34:47 1 58 4096 2830 7.7 5.3 16 12
09:34:48 1 60 4096 2830 7.1 5.3 16 12
09:34:49 1 60 4096 2830 7.1 5.3 16 12
09:34:50 1 60 4096 2830 7.1 5.3 16 12
09:34:51 1 60 4096 2830 7.0 5.3 16 12
09:34:52 1 60 4096 2830 7.1 5.3 16 12
09:34:53 1 60 4096 2830 7.1 5.3 16 12
09:34:54 1 60 4096 2830 7.1 5.3 16 12
09:34:55 1 60 4096 2830 7.1 5.3 16 12
09:34:56 1 60 4096 2830 7.1 5.3 16 12
09:34:57 1 60 4096 2830 7.1 5.3 16 12
09:34:58 1 60 4096 2830 7.1 5.3 16 12
09:35:00 1 60 4096 2830 7.1 5.3 16 12
09:35:01 1 60 4096 2830 7.1 5.3 16 12
09:35:02 1 60 4096 2830 7.1 5.3 16 12
09:35:03 1 60 4096 2830 7.1 5.3 16 12
09:35:04 1 60 4096 2830 7.1 5.3 16 12
09:35:05 1 60 4096 2830 7.1 5.3 16 12
09:35:06 1 60 4096 2830 7.1 5.3 16 12
09:35:07 1 60 4096 2830 7.0 5.3 16 12
09:35:08 1 60 4096 2830 7.0 5.3 16 12
09:35:09 1 60 4096 2830 7.0 5.3 16 12
09:35:10 1 60 4096 2830 7.0 5.3 16 12
09:35:11 1 60 4096 2830 7.0 5.3 16 12
09:35:12 1 60 4096 2830 7.0 5.3 16 12
09:35:13 1 60 4096 2830 7.0 5.3 16 12
09:35:14 1 60 4096 2830 7.0 5.3 16 12
09:35:15 1 60 4096 2830 7.0 5.3 16 12
09:35:16 1 60 4096 2830 7.0 5.3 16 12
09:35:18 1 60 4096 2830 7.0 5.3 16 12
09:35:19 1 60 4096 2830 7.0 5.3 16 12
09:35:20 1 60 4096 2830 7.1 5.3 16 12
09:35:21 1 60 4096 2830 7.1 5.3 16 12
09:35:22 1 58 4096 2830 7.8 5.3 16 12
09:35:23 1 65 4096 2830 5.3 5.3 16 12
09:35:24 1 65 4096 2830 5.2 5.3 16 12
09:35:25 1 65 4096 2830 5.2 5.3 16 12
09:35:26 1 58 4096 2830 7.6 5.3 16 12
09:35:27 1 60 4096 2830 7.0 5.3 16 12
09:35:28 1 60 4096 2830 7.0 5.3 16 12
09:35:29 1 60 4096 2830 7.0 5.3 16 12
09:35:30 1 60 4096 2830 7.1 5.3 16 12
09:35:31 1 60 4096 2830 7.1 5.3 16 12
09:35:32 1 60 4096 2830 7.0 5.3 16 12
09:35:34 1 60 4096 2830 7.0 5.3 16 12
09:35:35 1 60 4096 2830 7.0 5.3 16 12
09:35:36 1 60 4096 2830 7.0 5.3 16 12
09:35:37 1 60 4096 2830 7.2 5.3 16 12
09:35:38 1 59 4096 2830 7.2 5.3 16 12
09:35:39 1 59 4096 2830 7.2 5.3 16 12
09:35:40 1 59 4096 2830 7.2 5.3 16 12
09:35:41 1 59 4096 2830 7.2 5.3 16 12
09:35:42 1 59 4096 2830 7.3 5.3 16 12
09:35:43 1 59 4096 2830 7.3 5.3 16 12
09:35:44 1 59 4096 2830 7.3 5.3 16 12
09:35:45 1 59 4096 2830 7.3 5.3 16 12
09:35:46 1 59 4096 2830 7.3 5.3 16 12
09:35:47 1 59 4096 2830 7.2 5.3 16 12
09:35:48 1 59 4096 2830 7.3 5.3 16 12
09:35:49 1 59 4096 2830 7.2 5.3 16 12
09:35:50 1 59 4096 2830 7.2 5.3 16 12
09:35:52 1 59 4096 2830 7.2 5.3 16 12
09:35:53 1 59 4096 2830 7.2 5.3 16 12
09:35:54 1 59 4096 2830 7.2 5.3 16 12
09:35:55 1 59 4096 2830 7.2 5.3 16 12
09:35:56 1 59 4096 2830 7.2 5.3 16 12
09:35:57 1 59 4096 2830 7.2 5.3 16 12
09:35:58 1 60 4096 2830 7.1 5.3 16 12
09:35:59 1 60 4096 2830 7.1 5.3 16 12
09:36:00 1 57 4096 2830 7.8 5.3 16 12
09:36:01 1 57 4096 2830 7.8 5.3 16 12
09:36:02 1 65 4096 2830 5.2 5.3 16 12
09:36:03 1 65 4096 2830 5.2 5.3 16 12
09:36:04 1 58 4096 2830 7.6 5.3 16 12
09:36:05 1 58 4096 2830 7.6 5.3 16 12
09:36:06 1 60 4096 2830 7.0 5.3 16 12
09:36:07 1 60 4096 2830 7.1 5.3 16 12
09:36:09 1 60 4096 2830 7.1 5.3 16 12
09:36:10 1 60 4096 2830 7.0 5.3 16 12
09:36:11 1 60 4096 2830 7.0 5.3 16 12
09:36:12 1 60 4096 2830 7.0 5.3 16 12
09:36:13 1 60 4096 2830 7.0 5.3 16 12
09:36:14 1 60 4096 2830 7.0 5.3 16 12
09:36:15 1 60 4096 2830 7.0 5.3 16 12
09:36:16 1 60 4096 2830 7.0 5.3 16 12
09:36:17 1 60 4096 2830 7.0 5.3 16 12
09:36:18 1 60 4096 2830 7.0 5.3 16 12
09:36:19 1 60 4096 2830 7.0 5.3 16 12
09:36:20 1 60 4096 2830 7.0 5.3 16 12
09:36:21 1 60 4096 2830 7.0 5.3 16 12
09:36:22 1 60 4096 2830 7.0 5.3 16 12
09:36:23 1 60 4096 2830 7.0 5.3 16 12
09:36:24 1 60 4096 2830 7.0 5.3 16 12
09:36:26 1 60 4096 2830 7.0 5.3 16 12
09:36:27 1 60 4096 2830 7.0 5.3 16 12
09:36:28 1 60 4096 2830 7.0 5.3 16 12
09:36:29 1 59 4096 2830 7.1 5.3 16 12
09:36:30 1 60 4096 2830 7.0 5.3 16 12
09:36:31 1 60 4096 2830 7.0 5.3 16 12
09:36:32 1 60 4096 2830 7.0 5.3 16 12
09:36:33 1 60 4096 2830 7.0 5.3 16 12
09:36:34 1 60 4096 2830 7.0 5.3 16 12
09:36:35 1 60 4096 2830 7.0 5.3 16 12
09:36:36 1 60 4096 2830 7.0 5.3 16 12
09:36:37 1 60 4096 2830 7.1 5.3 16 12
09:36:38 1 60 4096 2830 7.0 5.3 16 12
09:36:39 1 57 4096 2830 7.8 5.3 16 12
09:36:40 1 65 4096 2830 5.2 5.3 16 12
09:36:41 1 65 4096 2830 5.2 5.3 16 12
09:36:42 1 65 4096 2830 5.2 5.3 16 12
09:36:44 1 58 4096 2830 7.6 5.3 16 12
09:36:45 1 60 4096 2830 7.0 5.3 16 12
09:36:46 1 60 4096 2830 7.0 5.3 16 12
09:36:47 1 60 4096 2830 7.0 5.3 16 12
09:36:48 1 60 4096 2830 7.0 5.3 16 12
09:36:49 1 60 4096 2830 7.0 5.3 16 12
09:36:50 1 60 4096 2830 7.0 5.3 16 12
09:36:51 1 60 4096 2830 7.0 5.3 16 12
09:36:52 1 60 4096 2830 7.0 5.3 16 12
09:36:53 1 60 4096 2830 7.0 5.3 16 12
09:36:54 1 60 4096 2830 7.0 5.3 16 12
09:36:55 1 60 4096 2830 7.0 5.3 16 12
09:36:56 1 59 4096 2830 7.1 5.3 16 12
09:36:57 1 60 4096 2830 7.0 5.3 16 12
09:36:58 1 60 4096 2830 7.0 5.3 16 12
09:36:59 1 60 4096 2830 7.0 5.3 16 12
09:37:01 1 60 4096 2830 7.0 5.3 16 12
09:37:02 1 60 4096 2830 7.0 5.3 16 12
09:37:03 1 60 4096 2830 7.0 5.3 16 12
09:37:04 1 60 4096 2830 7.0 5.3 16 12
09:37:05 1 60 4096 2830 7.0 5.3 16 12
09:37:06 1 60 4096 2830 7.0 5.3 16 12
09:37:07 1 60 4096 2830 7.0 5.3 16 12
09:37:08 1 60 4096 2830 7.0 5.3 16 12
09:37:09 1 60 4096 2830 7.0 5.3 16 12
09:37:10 1 60 4096 2830 7.0 5.3 16 12
09:37:11 1 60 4096 2830 7.0 5.3 16 12
09:37:12 1 60 4096 2830 7.0 5.3 16 12
09:37:13 1 60 4096 2830 7.0 5.3 16 12
09:37:14 1 59 4096 2830 7.1 5.3 16 12
09:37:15 1 59 4096 2830 7.1 5.3 16 12
09:37:16 1 59 4096 2830 7.0 5.3 16 12
09:37:18 1 59 4096 2830 7.0 5.3 16 12
09:37:19 1 57 4096 2830 7.8 5.3 16 12
09:37:20 1 65 4096 2830 5.2 5.3 16 12
09:37:21 1 65 4096 2830 5.2 5.3 16 12
09:37:22 1 65 4096 2830 5.2 5.3 16 12
09:37:23 1 58 4096 2830 7.6 5.3 16 12
09:37:24 1 59 4096 2830 7.0 5.3 16 12
09:37:25 1 59 4096 2830 7.0 5.3 16 12
09:37:26 1 59 4096 2830 7.1 5.3 16 12
09:37:27 1 59 4096 2830 7.0 5.3 16 12
09:37:28 1 59 4096 2830 7.0 5.3 16 12
09:37:29 1 59 4096 2830 7.0 5.3 16 12
09:37:30 1 59 4096 2830 7.0 5.3 16 12
09:37:31 1 59 4096 2830 7.1 5.3 16 12
09:37:32 1 59 4096 2830 7.1 5.3 16 12
09:37:33 1 59 4096 2830 7.0 5.3 16 12
09:37:35 1 59 4096 2830 7.0 5.3 16 12
09:37:36 1 59 4096 2830 7.0 5.3 16 12
09:37:37 1 59 4096 2830 7.1 5.3 16 12
09:37:38 1 59 4096 2830 7.0 5.3 16 12
09:37:39 1 59 4096 2830 7.0 5.3 16 12
09:37:40 1 59 4096 2830 7.0 5.3 16 12
09:37:41 1 59 4096 2830 7.0 5.3 16 12
09:37:42 1 59 4096 2830 7.0 5.3 16 12
09:37:43 1 59 4096 2830 7.0 5.2 16 12
09:37:44 1 58 4096 2830 7.0 4.7 16 12
09:37:45 1 55 4096 2830 7.0 3.8 16 12
09:37:46 1 53 4096 2830 7.0 2.8 16 12
09:37:47 1 52 4096 2830 7.0 2.8 16 12
09:37:48 1 52 4096 2830 7.0 2.8 16 12
09:37:50 1 52 4096 2830 7.0 2.7 16 12
09:37:51 1 52 4096 2830 7.0 2.7 16 12
09:37:52 1 52 4096 2830 7.0 2.7 16 12
09:37:53 1 52 4096 2830 7.0 2.7 16 12
09:37:54 1 52 4096 2830 7.0 2.7 16 12
09:37:55 1 52 4096 2830 7.0 2.7 16 12
09:37:56 1 52 4096 2830 7.0 2.7 16 12
09:37:57 1 50 4096 2830 7.7 2.7 16 12
09:37:58 1 58 4096 2830 5.1 2.7 16 12
09:37:59 1 58 4096 2830 5.1 2.7 16 12
09:38:00 1 58 4096 2830 5.2 2.7 16 12
09:38:01 1 50 4096 2830 7.6 2.7 16 12
09:38:02 1 52 4096 2830 7.0 2.7 16 12
09:38:03 1 52 4096 2830 7.0 2.7 16 12
09:38:04 1 52 4096 2830 7.0 2.7 16 12
09:38:05 1 52 4096 2830 7.0 2.7 16 12
09:38:07 1 52 4096 2830 7.0 2.7 16 12
09:38:08 1 52 4096 2830 7.0 2.7 16 12
09:38:09 1 52 4096 2830 7.0 2.7 16 12
09:38:10 1 52 4096 2830 7.0 2.7 16 12
09:38:11 1 52 4096 2830 7.0 2.7 16 12
09:38:12 1 52 4096 2830 7.0 2.7 16 12
09:38:13 1 52 4096 2830 7.0 2.7 16 12
09:38:14 1 52 4096 2830 7.0 2.7 16 12
09:38:15 1 52 4096 2830 7.0 2.7 16 12
09:38:16 1 52 4096 2830 7.0 2.7 16 12
09:38:17 1 52 4096 2830 7.0 2.7 16 12
09:38:18 1 52 4096 2830 7.0 2.7 16 12
09:38:19 1 52 4096 2830 7.0 2.7 16 12
09:38:20 1 52 4096 2830 7.0 2.7 16 12
09:38:21 1 52 4096 2830 7.0 2.7 16 12
09:38:23 1 52 4096 2830 7.0 2.8 16 12
09:38:24 1 52 4096 2830 7.0 2.8 16 12
09:38:25 1 52 4096 2830 7.0 2.8 16 12
09:38:26 1 52 4096 2830 7.0 2.8 16 12
09:38:27 1 52 4096 2830 7.0 2.8 16 12
09:38:28 1 52 4096 2830 7.0 2.8 16 12
09:38:29 1 52 4096 2830 7.0 2.8 16 12
09:38:30 1 52 4096 2830 7.0 2.8 16 12
09:38:31 1 52 4096 2830 7.0 2.8 16 12
09:38:32 1 52 4096 2830 7.0 2.8 16 12
09:38:33 1 52 4096 2830 7.0 2.8 16 12
09:38:34 1 52 4096 2830 7.0 2.8 16 12
09:38:35 1 52 4096 2830 7.0 2.8 16 12
09:38:36 1 50 4096 2830 7.7 2.7 16 12
09:38:37 1 58 4096 2830 5.2 2.7 16 12
09:38:38 1 58 4096 2830 5.1 2.7 16 12
09:38:40 1 58 4096 2830 5.2 2.7 16 12
09:38:41 1 50 4096 2830 7.6 2.8 16 12
09:38:42 1 52 4096 2830 7.1 2.8 16 12
09:38:43 1 52 4096 2830 7.0 2.8 16 12
09:38:44 1 52 4096 2830 7.0 2.8 16 12
09:38:45 1 52 4096 2830 7.0 2.8 16 12
09:38:46 1 52 4096 2830 7.0 2.8 16 12
09:38:47 1 52 4096 2830 7.0 2.8 16 12
09:38:48 1 52 4096 2830 7.0 2.8 16 12
09:38:49 1 52 4096 2830 7.0 2.8 16 12
09:38:50 1 52 4096 2830 7.0 2.8 16 12
09:38:51 1 52 4096 2830 7.0 2.8 16 12
09:38:52 1 52 4096 2830 7.0 2.8 16 12
09:38:53 1 52 4096 2830 7.0 2.8 16 12
09:38:54 1 52 4096 2830 7.0 2.8 16 12
09:38:55 1 52 4096 2830 7.0 2.8 16 12
09:38:57 1 52 4096 2830 7.0 2.8 16 12
09:38:58 1 52 4096 2830 7.0 2.8 16 12
09:38:59 1 52 4096 2830 7.0 2.8 16 12
09:39:00 1 52 4096 2830 7.1 2.8 16 12
09:39:01 1 52 4096 2830 7.1 2.8 16 12
09:39:02 1 52 4096 2830 7.0 2.8 16 12
09:39:03 1 52 4096 2830 7.0 2.8 16 12
09:39:04 1 52 4096 2830 7.0 2.8 16 12
09:39:05 1 52 4096 2830 7.0 2.8 16 12
09:39:06 1 52 4096 2830 7.0 2.8 16 12
09:39:07 1 52 4096 2830 7.0 2.8 16 12
09:39:08 1 52 4096 2830 7.0 2.8 16 12
09:39:09 1 52 4096 2830 7.0 2.8 16 12
09:39:10 1 52 4096 2830 7.0 2.8 16 12
09:39:11 1 52 4096 2830 7.0 2.8 16 12
09:39:13 1 52 4096 2830 7.0 2.8 16 12
09:39:14 1 52 4096 2830 7.0 2.8 16 12
09:39:15 1 52 4096 2830 7.1 2.7 16 12
09:39:16 1 58 4096 2830 5.2 2.7 16 12
09:39:17 1 58 4096 2830 5.2 2.7 16 12
09:39:18 1 58 4096 2830 5.1 2.7 16 12
09:39:19 1 50 4096 2830 7.6 2.8 16 12
09:39:20 1 50 4096 2830 7.0 2.8 16 12
09:39:21 1 52 4096 2830 7.0 2.8 16 12
09:39:22 1 52 4096 2830 7.0 2.8 16 12
09:39:23 1 52 4096 2830 7.0 2.8 16 12
09:39:24 1 52 4096 2830 7.0 2.8 16 12
09:39:25 1 52 4096 2830 7.0 2.8 16 12
09:39:26 1 52 4096 2830 7.0 2.8 16 12
09:39:27 1 52 4096 2830 7.0 2.8 16 12
09:39:28 1 52 4096 2830 7.0 2.8 16 12
09:39:29 1 52 4096 2830 7.0 2.8 16 12
09:39:31 1 52 4096 2830 7.0 2.8 16 12
09:39:32 1 52 4096 2830 7.0 2.8 16 12
09:39:33 1 52 4096 2830 7.0 2.8 16 12
09:39:34 1 52 4096 2830 7.0 2.8 16 12
09:39:35 1 52 4096 2830 7.0 2.8 16 12
09:39:36 1 52 4096 2830 7.0 2.8 16 12
09:39:37 1 52 4096 2830 7.0 2.8 16 12
09:39:38 1 52 4096 2830 7.0 2.8 16 12
09:39:39 1 52 4096 2830 7.0 2.8 16 12
09:39:40 1 52 4096 2830 7.0 2.8 16 12
09:39:41 1 52 4096 2830 7.0 2.8 16 12
09:39:42 1 52 4096 2830 7.0 2.8 16 12
09:39:43 1 52 4096 2830 7.0 2.8 16 12
09:39:44 1 52 4096 2830 7.0 2.8 16 12
09:39:45 1 52 4096 2830 7.0 2.8 16 12
09:39:46 1 52 4096 2830 7.0 2.8 16 12
09:39:48 1 52 4096 2830 7.0 2.8 16 12
09:39:49 1 52 4096 2830 7.0 2.8 16 12
09:39:50 1 52 4096 2830 7.0 2.8 16 12
09:39:51 1 52 4096 2830 7.0 2.8 16 12
09:39:52 1 52 4096 2830 7.0 2.8 16 12
09:39:53 1 52 4096 2830 7.0 2.8 16 12
09:39:54 1 50 4096 2830 7.7 2.7 16 12
09:39:55 1 58 4096 2830 5.1 2.7 16 12
09:39:56 1 58 4096 2830 5.2 2.7 16 12
09:39:57 1 58 4096 2830 5.1 2.7 16 12
09:39:58 1 51 4096 2830 7.6 2.8 16 12
09:39:59 1 52 4096 2830 7.0 2.8 16 12
09:40:00 1 52 4096 2830 7.1 2.8 16 12
09:40:01 1 52 4096 2830 7.1 2.8 16 12
09:40:02 1 52 4096 2830 7.0 2.8 16 12
09:40:03 1 52 4096 2830 7.0 2.8 16 12
09:40:04 1 52 4096 2830 7.0 2.8 16 12
09:40:06 1 52 4096 2830 7.0 2.8 16 12
09:40:07 1 52 4096 2830 7.0 2.8 16 12
09:40:08 1 52 4096 2830 7.0 2.8 16 12
09:40:09 1 52 4096 2830 7.0 2.8 16 12
09:40:10 1 52 4096 2830 7.0 2.8 16 12
09:40:11 1 52 4096 2830 7.0 2.8 16 12
09:40:12 1 52 4096 2830 7.0 2.8 16 12
09:40:13 1 52 4096 2830 7.0 2.8 16 12
09:40:14 1 52 4096 2830 7.0 2.8 16 12
09:40:15 1 52 4096 2830 7.0 2.8 16 12
09:40:16 1 52 4096 2830 7.0 2.8 16 12
09:40:17 1 52 4096 2830 7.0 2.8 16 12
09:40:18 1 52 4096 2830 7.0 2.8 16 12
09:40:19 1 52 4096 2830 7.0 2.8 16 12
09:40:20 1 52 4096 2830 7.0 2.8 16 12
09:40:21 1 52 4096 2830 7.0 2.8 16 12
09:40:23 1 52 4096 2830 7.0 2.8 16 12
09:40:24 1 52 4096 2830 7.0 2.8 16 12
09:40:25 1 52 4096 2830 7.0 2.8 16 12
09:40:26 1 52 4096 2830 7.0 2.8 16 12
09:40:27 1 52 4096 2830 7.0 2.8 16 12
09:40:28 1 52 4096 2830 7.0 2.8 16 12
09:40:29 1 52 4096 2830 7.0 2.8 16 12
09:40:30 1 52 4096 2830 7.0 2.8 16 12
09:40:31 1 52 4096 2830 7.0 2.8 16 12
09:40:32 1 50 4096 2830 7.8 2.7 16 12
09:40:33 1 58 4096 2830 5.1 2.7 16 12
09:40:34 1 58 4096 2830 5.1 2.7 16 12
09:40:35 1 58 4096 2830 5.2 2.7 16 12
09:40:36 1 51 4096 2830 7.6 2.8 16 12
09:40:37 1 52 4096 2830 7.0 2.8 16 12
09:40:38 1 52 4096 2830 7.0 2.8 16 12
09:40:40 1 52 4096 2830 7.0 2.8 16 12
09:40:41 1 52 4096 2830 7.0 2.8 16 12
09:40:42 1 52 4096 2830 7.0 2.8 16 12
09:40:43 1 52 4096 2830 7.0 2.8 16 12
09:40:44 1 52 4096 2830 7.0 2.8 16 12
09:40:45 1 52 4096 2830 7.0 2.8 16 12
09:40:46 1 52 4096 2830 7.0 2.8 16 12
09:40:47 1 52 4096 2830 7.0 2.8 16 12
09:40:48 1 52 4096 2830 7.0 2.8 16 12
09:40:49 1 52 4096 2830 7.0 2.8 16 12
09:40:50 1 52 4096 2830 7.0 2.8 16 12
09:40:51 1 52 4096 2830 7.0 2.8 16 12
09:40:52 1 52 4096 2830 7.0 2.8 16 12
09:40:53 1 52 4096 2830 7.0 2.8 16 12
09:40:54 1 52 4096 2830 7.0 2.8 16 12
09:40:55 1 52 4096 2830 7.0 2.8 16 12
09:40:56 1 52 4096 2830 7.0 2.8 16 12
09:40:58 1 52 4096 2830 7.0 2.8 16 12
09:40:59 1 52 4096 2830 7.0 2.8 16 12
09:41:00 1 52 4096 2830 7.0 2.8 16 12
09:41:01 1 52 4096 2830 7.0 2.8 16 12
09:41:02 1 52 4096 2830 7.0 2.8 16 12
09:41:03 1 52 4096 2830 7.0 2.8 16 12
09:41:04 1 52 4096 2830 7.0 2.8 16 12
09:41:05 1 52 4096 2830 7.0 2.8 16 12
09:41:06 1 52 4096 2830 7.0 2.8 16 12
09:41:07 1 52 4096 2830 7.0 2.8 16 12
09:41:08 1 52 4096 2830 7.0 2.8 16 12
09:41:09 1 52 4096 2830 7.0 2.8 16 12
09:41:10 1 50 4096 2830 7.8 2.8 16 12
09:41:11 1 58 4096 2830 5.2 2.8 16 12
09:41:12 1 58 4096 2830 5.1 2.8 16 12
09:41:13 1 58 4096 2830 5.2 2.8 16 12
09:41:15 1 51 4096 2830 7.6 2.8 16 12
09:41:16 1 52 4096 2830 7.0 2.8 16 12
09:41:17 1 52 4096 2830 7.0 2.8 16 12
09:41:18 1 52 4096 2830 7.0 2.8 16 12
09:41:19 1 52 4096 2830 7.0 2.8 16 12
09:41:20 1 52 4096 2830 7.0 2.8 16 12
09:41:21 1 52 4096 2830 7.0 2.8 16 12
09:41:22 1 52 4096 2830 7.0 2.8 16 12
09:41:23 1 52 4096 2830 7.0 2.8 16 12
09:41:24 1 52 4096 2830 7.0 2.8 16 12
09:41:25 1 52 4096 2830 7.0 2.8 16 12
09:41:26 1 52 4096 2830 7.0 2.8 16 12
09:41:27 1 52 4096 2830 7.0 2.8 16 12
09:41:28 1 52 4096 2830 7.0 2.8 16 12
09:41:29 1 52 4096 2830 7.0 2.8 16 12
09:41:30 1 52 4096 2830 7.0 2.8 16 12
09:41:32 1 52 4096 2830 7.0 2.8 16 12
09:41:33 1 52 4096 2830 7.0 2.8 16 12
09:41:34 1 52 4096 2830 7.0 2.8 16 12
09:41:35 1 52 4096 2830 7.0 2.8 16 12
09:41:36 1 52 4096 2830 7.0 2.8 16 12
09:41:37 1 52 4096 2830 7.0 2.8 16 12
09:41:38 1 52 4096 2830 7.0 2.8 16 12
09:41:39 1 52 4096 2830 7.0 2.8 16 12
09:41:40 1 52 4096 2830 7.0 2.8 16 12
09:41:41 1 52 4096 2830 7.0 2.8 16 12
09:41:42 1 52 4096 2830 7.0 2.8 16 12
09:41:43 1 52 4096 2830 7.0 2.8 16 12
09:41:44 1 52 4096 2830 7.0 2.8 16 12
09:41:45 1 52 4096 2830 7.0 2.8 16 12
09:41:46 1 52 4096 2830 7.0 2.8 16 12
09:41:47 1 52 4096 2830 7.0 2.8 16 12
09:41:49 1 52 4096 2830 7.0 2.8 16 12
09:41:50 1 50 4096 2830 7.8 2.8 16 12
09:41:51 1 58 4096 2830 5.2 2.8 16 12
09:41:52 1 58 4096 2830 5.1 2.8 16 12
09:41:53 1 53 4096 2830 7.5 2.8 16 12
09:41:54 1 51 4096 2830 7.6 2.8 16 12
09:41:55 1 52 4096 2830 7.0 2.8 16 12
09:41:56 1 52 4096 2830 7.0 2.8 16 12
09:41:57 1 52 4096 2830 7.1 2.8 16 12
09:41:58 1 52 4096 2830 7.0 2.8 16 12
09:41:59 1 52 4096 2830 7.0 2.8 16 12
09:42:00 1 52 4096 2830 7.0 2.8 16 12
09:42:01 1 52 4096 2830 7.0 2.8 16 12
09:42:02 1 52 4096 2830 7.0 2.8 16 12
09:42:03 1 52 4096 2830 7.0 2.8 16 12
09:42:04 1 52 4096 2830 7.0 2.8 16 12
09:42:06 1 52 4096 2830 7.0 2.8 16 12
09:42:07 1 52 4096 2830 7.0 2.8 16 12
09:42:08 1 52 4096 2830 7.0 2.8 16 12
09:42:09 1 52 4096 2830 7.0 2.8 16 12
09:42:10 1 52 4096 2830 7.0 2.8 16 12
09:42:11 1 52 4096 2830 7.0 2.8 16 12
09:42:12 1 52 4096 2830 7.0 2.8 16 12
09:42:13 1 52 4096 2830 7.0 2.8 16 12
09:42:14 1 52 4096 2830 7.0 2.8 16 12
09:42:15 1 52 4096 2830 7.0 2.8 16 12
09:42:16 1 52 4096 2830 7.0 2.8 16 12
09:42:17 1 52 4096 2830 7.0 2.8 16 12
09:42:18 1 52 4096 2830 7.0 2.8 16 12
09:42:19 1 52 4096 2830 7.0 2.8 16 12
09:42:20 1 52 4096 2830 7.0 2.8 16 12
09:42:21 1 52 4096 2830 7.0 2.8 16 12
09:42:23 1 52 4096 2830 7.0 2.8 16 12
09:42:24 1 52 4096 2830 7.0 2.8 16 12
09:42:25 1 52 4096 2830 7.0 2.8 16 12
09:42:26 1 52 4096 2830 7.0 2.8 16 12
09:42:27 1 52 4096 2830 7.0 2.8 16 12
09:42:28 1 50 4096 2830 7.7 2.8 16 12
09:42:29 1 58 4096 2830 5.2 2.8 16 12
09:42:30 1 58 4096 2830 5.1 2.8 16 12
09:42:31 1 58 4096 2830 5.2 2.8 16 12
09:42:32 1 50 4096 2830 7.7 2.8 16 12
09:42:33 1 52 4096 2830 7.0 2.8 16 12
09:42:34 1 53 4096 2830 7.0 2.8 16 12
09:42:35 1 53 4096 2830 7.0 2.8 16 12
09:42:36 1 53 4096 2830 7.0 2.8 16 12
09:42:37 1 53 4096 2830 7.0 2.8 16 12
09:42:39 1 53 4096 2830 7.0 2.8 16 12
09:42:40 1 53 4096 2830 7.0 2.8 16 12
09:42:41 1 53 4096 2830 7.0 2.8 16 12
09:42:42 1 53 4096 2830 7.0 2.8 16 12
09:42:43 1 53 4096 2830 7.0 2.8 16 12
09:42:44 1 53 4096 2830 7.0 2.8 16 12
09:42:45 1 53 4096 2830 7.0 2.8 16 12
09:42:46 1 53 4096 2830 7.0 2.8 16 12
09:42:47 1 53 4096 2830 7.0 2.8 16 12
09:42:48 1 53 4096 2830 7.0 2.8 16 12
09:42:49 1 53 4096 2830 7.0 2.8 16 12
09:42:50 1 53 4096 2830 7.0 2.8 16 12
09:42:51 1 53 4096 2830 7.0 2.8 16 12
09:42:52 1 53 4096 2830 7.0 2.8 16 12
09:42:53 1 53 4096 2830 7.0 2.8 16 12
09:42:54 1 53 4096 2830 7.0 2.8 16 12
09:42:55 1 53 4096 2830 7.0 2.8 16 12
09:42:57 1 53 4096 2830 7.0 2.8 16 12
09:42:58 1 53 4096 2830 7.0 2.8 16 12
09:42:59 1 53 4096 2830 7.0 2.8 16 12
09:43:00 1 53 4096 2830 7.0 2.8 16 12
09:43:01 1 53 4096 2830 7.0 2.8 16 12
09:43:02 1 53 4096 2830 7.0 2.8 16 12
09:43:03 1 53 4096 2830 7.0 2.8 16 12
09:43:04 1 53 4096 2830 7.0 2.8 16 12
09:43:05 1 53 4096 2830 7.0 2.8 16 12
09:43:06 1 51 4096 2830 7.7 2.8 16 12
09:43:07 1 58 4096 2830 5.1 2.8 16 12
09:43:08 1 58 4096 2830 5.2 2.8 16 12
09:43:09 1 58 4096 2830 5.2 2.8 16 12
09:43:10 1 51 4096 2830 7.6 2.8 16 12
09:43:11 1 53 4096 2830 7.0 2.8 16 12
09:43:12 1 53 4096 2830 7.0 2.8 16 12
09:43:14 1 53 4096 2830 7.0 2.8 16 12
09:43:15 1 53 4096 2830 7.0 2.8 16 12
09:43:16 1 53 4096 2830 7.0 2.8 16 12
09:43:17 1 53 4096 2830 7.0 2.8 16 12
09:43:18 1 53 4096 2830 7.0 2.8 16 12
09:43:19 1 53 4096 2830 7.0 2.8 16 12
09:43:20 1 53 4096 2830 7.0 2.8 16 12
09:43:21 1 53 4096 2830 7.0 2.8 16 12
09:43:22 1 53 4096 2830 7.0 2.8 16 12
09:43:23 1 53 4096 2830 7.0 2.8 16 12
09:43:24 1 53 4096 2830 7.0 2.8 16 12
09:43:25 1 53 4096 2830 7.0 2.8 16 12
09:43:26 1 53 4096 2830 7.0 2.8 16 12
09:43:27 1 53 4096 2830 7.0 2.8 16 12
09:43:28 1 53 4096 2830 7.0 2.8 16 12
09:43:29 1 53 4096 2830 7.0 2.8 16 12
09:43:30 1 53 4096 2830 7.0 2.8 16 12
09:43:32 1 53 4096 2830 7.0 2.8 16 12
09:43:33 1 53 4096 2830 7.0 2.8 16 12
09:43:34 1 53 4096 2830 7.0 2.8 16 12
09:43:35 1 53 4096 2830 7.0 2.8 16 12
09:43:36 1 53 4096 2830 7.0 2.8 16 12
09:43:37 1 53 4096 2830 7.0 2.8 16 12
09:43:38 1 53 4096 2830 7.0 2.8 16 12
09:43:39 1 53 4096 2830 7.0 2.8 16 12
09:43:40 1 53 4096 2830 7.0 2.8 16 12
09:43:41 1 53 4096 2830 7.0 2.8 16 12
09:43:42 1 53 4096 2830 7.0 2.8 16 12
09:43:43 1 53 4096 2830 7.0 2.8 16 12
09:43:44 1 51 4096 2830 7.7 2.8 16 12
09:43:45 1 51 4096 2830 7.6 2.8 16 12
09:43:46 1 58 4096 2830 5.2 2.8 16 12
09:43:47 1 58 4096 2830 5.2 2.8 16 12
09:43:49 1 54 4096 2830 7.5 2.8 16 12
09:43:50 1 51 4096 2830 7.6 2.8 16 12
09:43:51 1 53 4096 2830 7.0 2.8 16 12
09:43:52 1 53 4096 2830 7.0 2.8 16 12
09:43:53 1 53 4096 2830 7.0 2.8 16 12
09:43:54 1 53 4096 2830 7.0 2.8 16 12
09:43:55 1 53 4096 2830 7.0 2.8 16 12
09:43:56 1 53 4096 2830 7.0 2.8 16 12
09:43:57 1 53 4096 2830 7.0 2.8 16 12
09:43:58 1 53 4096 2830 7.0 2.8 16 12
09:43:59 1 53 4096 2830 7.0 2.8 16 12
09:44:00 1 53 4096 2830 7.0 2.8 16 12
09:44:01 1 53 4096 2830 7.0 2.8 16 12
09:44:02 1 53 4096 2830 7.0 2.8 16 12
09:44:03 1 53 4096 2830 7.0 2.8 16 12
09:44:04 1 53 4096 2830 7.0 2.8 16 12
09:44:06 1 53 4096 2830 7.0 2.8 16 12
09:44:07 1 53 4096 2830 7.0 2.8 16 12
09:44:08 1 53 4096 2830 7.0 2.8 16 12
09:44:09 1 53 4096 2830 7.0 2.8 16 12
09:44:10 1 53 4096 2830 7.0 2.8 16 12
09:44:11 1 53 4096 2830 7.0 2.8 16 12
09:44:12 1 53 4096 2830 7.0 2.8 16 12
09:44:13 1 53 4096 2830 7.0 2.8 16 12
09:44:14 1 53 4096 2830 7.0 2.8 16 12
09:44:15 1 53 4096 2830 7.0 2.8 16 12
09:44:16 1 53 4096 2830 7.0 2.8 16 12
09:44:17 1 53 4096 2830 7.0 2.8 16 12
09:44:18 1 53 4096 2830 7.0 2.8 16 12
09:44:19 1 53 4096 2830 7.0 2.8 16 12
09:44:20 1 53 4096 2830 7.0 2.8 16 12
09:44:21 1 53 4096 2830 7.0 2.8 16 12
09:44:23 1 52 4096 2830 7.0 2.7 16 12
09:44:24 1 50 4096 2830 7.7 2.7 16 12
09:44:25 1 58 4096 2830 5.2 2.7 16 12
09:44:26 1 58 4096 2830 5.2 2.7 16 12
09:44:27 1 58 4096 2830 5.2 2.7 16 12
09:44:28 1 51 4096 2830 7.6 2.7 16 12
09:44:29 1 52 4096 2830 7.0 2.7 16 12
09:44:30 1 52 4096 2830 7.0 2.7 16 12
09:44:31 1 52 4096 2830 7.0 2.7 16 12
09:44:32 1 52 4096 2830 7.0 2.7 16 12
09:44:33 1 52 4096 2830 7.0 2.7 16 12
09:44:34 1 53 4096 2830 7.0 2.7 16 12
09:44:35 1 52 4096 2830 7.0 2.7 16 12
09:44:36 1 53 4096 2830 7.0 2.7 16 12
09:44:37 1 52 4096 2830 7.0 2.7 16 12
09:44:38 1 52 4096 2830 7.0 2.7 16 12
09:44:40 1 52 4096 2830 7.0 2.7 16 12
09:44:41 1 52 4096 2830 7.0 2.7 16 12
09:44:42 1 52 4096 2830 7.0 2.7 16 12
09:44:43 1 52 4096 2830 7.0 2.7 16 12
09:44:44 1 52 4096 2830 7.0 2.7 16 12
09:44:45 1 52 4096 2830 7.0 2.7 16 12
09:44:46 1 52 4096 2830 7.0 2.7 16 12
09:44:47 1 52 4096 2830 7.1 2.7 16 12
09:44:48 1 52 4096 2830 7.1 2.7 16 12
09:44:49 1 52 4096 2830 7.0 2.7 16 12
09:44:50 1 52 4096 2830 7.0 2.7 16 12
09:44:51 1 52 4096 2830 7.0 2.7 16 12
09:44:52 1 52 4096 2830 7.0 2.7 16 12
09:44:53 1 52 4096 2830 7.0 2.7 16 12
09:44:54 1 52 4096 2830 7.0 2.7 16 12
09:44:56 1 52 4096 2830 7.0 2.7 16 12
09:44:57 1 52 4096 2830 7.0 2.7 16 12
09:44:58 1 52 4096 2830 7.0 2.7 16 12
09:44:59 1 52 4096 2830 7.0 2.7 16 12
09:45:00 1 52 4096 2830 7.0 2.7 16 12
09:45:01 1 52 4096 2830 7.0 2.7 16 12
09:45:02 1 52 4096 2830 7.0 2.7 16 12
09:45:03 1 50 4096 2830 7.8 2.7 16 12
09:45:04 1 58 4096 2830 5.2 2.7 16 12
09:45:05 1 58 4096 2830 5.2 2.7 16 12
09:45:06 1 58 4096 2830 5.2 2.7 16 12
09:45:07 1 51 4096 2830 7.6 2.7 16 12
09:45:08 1 52 4096 2830 7.0 2.7 16 12
09:45:09 1 52 4096 2830 7.0 2.7 16 12
09:45:10 1 52 4096 2830 7.0 2.7 16 12
09:45:11 1 52 4096 2830 7.0 2.7 16 12
09:45:13 1 52 4096 2830 7.0 2.7 16 12
09:45:14 1 52 4096 2830 7.0 2.7 16 12
09:45:15 1 52 4096 2830 7.0 2.7 16 12
09:45:16 1 52 4096 2830 7.0 2.7 16 12
09:45:17 1 52 4096 2830 7.0 2.7 16 12
09:45:18 1 52 4096 2830 7.0 2.5 16 12
09:45:19 1 52 4096 2830 7.0 2.5 16 12
09:45:20 1 52 4096 2830 7.0 2.5 16 12
09:45:21 1 52 4096 2830 7.0 2.5 16 12
09:45:22 1 52 4096 2830 7.0 2.5 16 12
09:45:23 1 52 4096 2830 7.0 2.5 16 12
09:45:24 1 52 4096 2830 7.0 2.5 16 12
09:45:25 1 52 4096 2830 7.0 2.5 16 12
09:45:26 1 52 4096 2830 7.0 2.5 16 12
09:45:27 1 52 4096 2830 7.0 2.5 16 12
09:45:28 1 52 4096 2830 7.0 2.5 16 12
09:45:30 1 52 4096 2830 7.0 2.5 16 12
09:45:31 1 52 4096 2830 7.0 2.5 16 12
09:45:32 1 52 4096 2830 7.0 2.5 16 12
09:45:33 1 52 4096 2830 7.0 2.5 16 12
09:45:34 1 52 4096 2830 7.0 2.5 16 12
09:45:35 1 52 4096 2830 7.0 2.5 16 12
09:45:36 1 52 4096 2830 7.0 2.5 16 12
09:45:37 1 52 4096 2830 7.0 2.5 16 12
09:45:38 1 52 4096 2830 7.0 2.5 16 12
09:45:39 1 52 4096 2830 7.0 2.5 16 12
09:45:40 1 52 4096 2830 7.0 2.5 16 12
09:45:41 1 52 4096 2830 7.1 2.5 16 12
09:45:42 1 50 4096 2830 5.7 2.5 16 12
09:45:43 1 58 4096 2830 5.2 2.5 16 12
09:45:44 1 58 4096 2830 5.2 2.5 16 12
09:45:45 1 58 4096 2830 5.1 2.5 16 12
09:45:47 1 50 4096 2830 7.6 2.5 16 12
09:45:48 1 52 4096 2830 7.0 2.5 16 12
09:45:49 1 52 4096 2830 7.0 2.5 16 12
09:45:50 1 52 4096 2830 7.0 2.5 16 12
09:45:51 1 52 4096 2830 7.0 2.5 16 12
09:45:52 1 52 4096 2830 7.0 2.5 16 12
09:45:53 1 52 4096 2830 7.0 2.5 16 12
09:45:54 1 52 4096 2830 7.0 2.5 16 12
09:45:55 1 52 4096 2830 7.1 2.5 16 12
09:45:56 1 52 4096 2830 7.0 2.5 16 12
09:45:57 1 52 4096 2830 7.0 2.5 16 12
09:45:58 1 52 4096 2830 7.0 2.5 16 12
09:45:59 1 52 4096 2830 7.1 2.5 16 12
09:46:00 1 52 4096 2830 7.0 2.5 16 12
09:46:01 1 52 4096 2830 7.0 2.5 16 12
09:46:03 1 52 4096 2830 7.0 2.5 16 12
09:46:04 1 52 4096 2830 7.0 2.5 16 12
09:46:05 1 52 4096 2830 7.0 2.5 16 12
09:46:06 1 52 4096 2830 7.0 2.5 16 12
09:46:07 1 52 4096 2830 7.0 2.5 16 12
09:46:08 1 52 4096 2830 7.0 2.5 16 12
09:46:09 1 52 4096 2830 7.0 2.5 16 12
09:46:10 1 52 4096 2830 7.0 2.5 16 12
09:46:11 1 52 4096 2830 7.0 2.5 16 12
09:46:12 1 52 4096 2830 7.0 2.5 16 12
09:46:13 1 52 4096 2830 7.0 2.5 16 12
09:46:14 1 52 4096 2830 7.0 2.5 16 12
09:46:15 1 52 4096 2830 7.1 2.5 16 12
09:46:16 1 52 4096 2830 7.1 2.5 16 12
09:46:17 1 52 4096 2830 7.1 2.5 16 12
09:46:18 1 52 4096 2830 7.0 2.5 16 12
09:46:20 1 52 4096 2830 7.0 2.5 16 12
09:46:21 1 50 4096 2830 7.7 2.5 16 12
09:46:22 1 50 4096 2830 7.7 2.5 16 12
09:46:23 1 58 4096 2830 5.1 2.5 16 12
09:46:24 1 58 4096 2830 5.2 2.5 16 12
09:46:25 1 58 4096 2830 5.1 2.5 16 12
09:46:26 1 81 4096 2830 3.2 0 16 12
