time pressure_lvl free_pct swap_total_MB swap_used_MB wired_GB child_rss_GB disk_int_GB disk_ssd_GB
10:25:45 1 83 4096 2830 3.0 0.0 19 11
10:25:46 1 83 4096 2830 3.0 2.5 19 11
10:25:47 1 82 4096 2830 3.1 7.0 19 11
10:25:48 1 75 4096 2830 3.0 7.1 19 11
10:25:50 1 62 4096 2830 3.0 5.2 19 11
10:25:51 1 54 4096 2830 3.0 4.7 19 11
10:25:52 1 54 4096 2830 3.0 4.6 19 11
10:25:53 1 54 4096 2830 3.0 4.6 19 11
10:25:54 1 54 4096 2830 3.0 4.5 19 11
10:25:55 1 53 4096 2830 3.1 4.5 19 11
10:25:56 1 54 4096 2830 3.0 4.5 19 11
10:25:57 1 54 4096 2830 3.1 4.5 19 11
10:25:58 1 54 4096 2830 3.1 4.5 19 11
10:25:59 1 54 4096 2830 3.1 4.5 19 11
10:26:00 1 54 4096 2830 3.1 4.5 19 11
10:26:01 1 54 4096 2830 3.1 4.5 19 11
10:26:02 1 56 4096 2830 3.1 5.2 19 11
10:26:04 1 61 4096 2830 3.1 6.4 19 11
10:26:05 1 62 4096 2830 3.0 7.5 19 11
10:26:06 1 73 4096 2830 3.0 6.5 19 11
10:26:07 1 73 4096 2830 3.1 6.5 19 11
10:26:08 1 73 4096 2830 3.1 6.5 18 11
10:26:09 1 73 4096 2830 3.1 6.5 18 11
10:26:10 1 73 4096 2830 3.1 6.5 18 11
10:26:11 1 73 4096 2830 3.0 6.5 18 11
10:26:12 1 73 4096 2830 3.0 6.5 17 11
10:26:13 1 73 4096 2830 3.0 6.5 17 11
10:26:14 1 73 4096 2830 3.0 6.5 17 11
10:26:15 1 73 4096 2830 3.0 6.5 17 11
10:26:16 1 73 4096 2830 3.0 6.5 17 11
10:26:17 1 73 4096 2830 3.1 6.5 16 11
10:26:18 1 73 4096 2830 3.0 6.5 16 11
10:26:20 1 73 4096 2830 3.0 6.5 16 11
10:26:21 1 73 4096 2830 3.0 6.5 16 11
10:26:22 1 73 4096 2830 3.0 6.5 16 11
10:26:23 1 73 4096 2830 3.0 6.5 16 11
10:26:24 1 73 4096 2830 3.0 6.5 16 11
