time pressure_lvl free_pct swap_total_MB swap_used_MB wired_GB child_rss_GB disk_int_GB disk_ssd_GB
14:09:30 1 82 4096 2806 3.0 0.0 19 10
14:09:31 1 82 4096 2806 3.0 2.4 19 10
14:09:32 1 82 4096 2806 3.0 7.9 19 10
14:09:33 1 78 4096 2806 3.0 8.2 19 10
14:09:34 1 62 4096 2806 3.0 5.1 19 10
14:09:35 1 54 4096 2806 3.0 4.8 19 10
14:09:36 1 54 4096 2806 3.0 4.7 19 10
14:09:37 1 54 4096 2806 3.0 4.7 19 10
14:09:38 1 53 4096 2806 3.0 4.7 19 10
14:09:39 1 53 4096 2806 3.0 4.7 19 10
14:09:41 1 53 4096 2806 3.1 4.7 19 10
14:09:42 1 53 4096 2806 3.1 4.7 19 10
14:09:43 1 53 4096 2806 3.1 4.7 19 10
14:09:44 1 53 4096 2806 3.1 4.7 19 10
14:09:45 1 54 4096 2806 3.0 4.7 19 10
14:09:46 1 54 4096 2806 3.0 4.7 19 10
14:09:47 1 58 4096 2806 3.0 5.7 19 10
14:09:48 1 63 4096 2806 3.0 6.9 19 10
14:09:49 1 63 4096 2806 3.1 7.7 19 10
14:09:50 1 63 4096 2806 3.0 7.7 19 10
14:09:51 1 63 4096 2806 3.0 7.7 18 10
14:09:52 1 63 4096 2806 3.0 7.7 18 10
14:09:53 1 63 4096 2806 3.0 7.7 18 10
14:09:54 1 63 4096 2806 3.0 7.7 18 10
14:09:55 1 63 4096 2806 3.0 7.7 17 10
14:09:57 1 63 4096 2806 3.0 7.7 17 10
14:09:58 1 63 4096 2806 3.0 7.7 17 10
14:09:59 1 63 4096 2806 3.0 7.7 17 10
14:10:00 1 63 4096 2806 3.0 7.7 16 10
14:10:01 1 63 4096 2806 3.0 7.7 16 10
14:10:02 1 63 4096 2806 3.0 7.7 16 10
14:10:03 1 63 4096 2806 3.0 7.7 16 10
14:10:04 1 63 4096 2806 3.0 7.7 16 10
14:10:05 1 67 4096 2806 3.0 7.7 16 10
