[infer] replayed node enrichment ['canonical_11', 'continuous_time_4']: -> 15 channels
[infer] training graph forward_only=True masked_backward=False, readout=prefix_forward_only
[infer] florida readout=prefix_forward_only users=21052 encoder=resln cell=FULL_CPU
[self-test] F2 user-alone vs in-batch: max abs 9.537e-07, max rel 2.793e-07 (bound 1e-05)
[self-test] per-window prefix internal consistency (NOT an independent reimplementation): max rel diff 0.000e+00
[infer] wrote /Volumes/Vitor's SSD/ingred_g1fl/results/integ18_repr/florida/FULL_CPU/win_matched.npz (1274418 windows)
     1605.93 real      2761.76 user       607.69 sys
          5210783744  maximum resident set size
                   0  average shared memory size
                   0  average unshared data size
                   0  average unshared stack size
             1865610  page reclaims
                1041  page faults
                   0  swaps
                   0  block input operations
                   0  block output operations
                   0  messages sent
                   0  messages received
                   0  signals received
                1643  voluntary context switches
           101142225  involuntary context switches
      20050691045960  instructions retired
      10357710472096  cycles elapsed
         10241270208  peak memory footprint
