time pressure_lvl free_pct swap_total_MB swap_used_MB wired_GB child_rss_GB disk_int_GB disk_ssd_GB
05:08:26 1 82 4096 2807 2.9 0.0 16 7
05:08:27 1 82 4096 2807 3.1 0.1 16 7
05:08:28 1 82 4096 2807 2.9 0.3 16 7
05:08:29 1 82 4096 2807 3.1 0.4 16 7
05:08:30 1 81 4096 2807 3.2 1.2 16 7
05:08:31 1 82 4096 2807 3.1 1.7 16 7
05:08:32 1 81 4096 2807 3.2 1.9 16 7
05:08:33 1 81 4096 2807 3.2 2.8 16 7
05:08:34 1 82 4096 2807 3.2 2.8 16 7
05:08:35 1 81 4096 2807 3.2 2.8 16 7
05:08:36 1 82 4096 2807 3.1 2.8 16 7
05:08:37 1 82 4096 2807 3.1 2.9 16 7
05:08:38 1 81 4096 2807 3.2 2.9 16 7
05:08:39 1 82 4096 2807 3.1 2.4 16 7
05:08:40 1 82 4096 2807 3.1 2.6 16 7
05:08:41 1 81 4096 2807 3.2 2.7 16 7
05:08:42 1 82 4096 2807 3.1 2.8 16 7
05:08:43 1 82 4096 2807 3.1 2.9 16 7
05:08:45 1 81 4096 2807 3.2 2.7 16 7
05:08:46 1 82 4096 2807 3.1 1.8 15 7
05:08:47 1 82 4096 2807 3.1 1.8 15 7
05:08:48 1 81 4096 2807 3.2 1.8 15 7
05:08:49 1 82 4096 2807 3.1 1.8 15 7
05:08:50 1 82 4096 2807 3.1 1.8 15 7
05:08:51 1 81 4096 2807 3.2 1.8 15 7
05:08:52 1 82 4096 2807 3.1 1.8 15 7
05:08:53 1 81 4096 2807 3.2 1.8 15 7
05:08:54 1 81 4096 2807 3.2 1.8 15 7
05:08:55 1 82 4096 2807 3.1 1.8 15 7
05:08:56 1 81 4096 2807 3.2 1.8 15 7
05:08:57 1 82 4096 2807 3.1 1.8 15 7
05:08:58 1 82 4096 2807 3.1 1.8 15 7
05:08:59 1 81 4096 2807 3.2 1.8 15 7
05:09:01 1 82 4096 2807 3.2 1.8 15 7
05:09:02 1 82 4096 2807 3.1 1.8 15 7
05:09:03 1 81 4096 2807 3.2 1.8 15 7
05:09:04 1 82 4096 2807 3.1 1.8 15 7
05:09:05 1 82 4096 2807 3.1 1.8 15 7
05:09:06 1 81 4096 2807 3.2 1.8 15 7
05:09:07 1 82 4096 2807 3.1 1.8 15 7
05:09:08 1 81 4096 2807 3.2 1.8 15 7
05:09:09 1 82 4096 2807 3.1 1.8 15 7
05:09:10 1 82 4096 2807 3.1 1.8 15 7
05:09:11 1 81 4096 2807 3.2 1.8 15 7
05:09:12 1 82 4096 2807 3.2 1.8 15 7
05:09:14 1 82 4096 2807 3.2 1.8 15 7
05:09:15 1 82 4096 2807 3.1 1.8 15 7
05:09:16 1 82 4096 2807 2.9 1.8 15 7
05:09:17 1 82 4096 2807 2.9 1.8 15 7
05:09:18 1 82 4096 2807 3.1 1.8 15 7
05:09:19 1 82 4096 2807 2.9 1.8 15 7
05:09:20 1 82 4096 2807 3.0 1.8 15 7
05:09:21 1 82 4096 2807 2.9 1.8 15 7
05:09:22 1 82 4096 2807 3.0 1.8 15 7
05:09:23 1 82 4096 2807 3.1 1.8 15 7
05:09:24 1 82 4096 2807 3.1 1.8 15 7
05:09:25 1 82 4096 2807 2.9 1.8 15 7
05:09:27 1 82 4096 2807 3.0 1.8 15 7
05:09:28 1 82 4096 2807 2.9 1.8 15 7
05:09:29 1 82 4096 2807 3.0 1.8 15 7
05:09:30 1 82 4096 2807 3.0 1.8 15 7
05:09:31 1 82 4096 2807 2.9 1.8 15 7
05:09:32 1 82 4096 2807 3.0 1.8 15 7
05:09:33 1 82 4096 2807 2.9 1.8 15 7
05:09:34 1 82 4096 2807 2.9 1.8 15 7
05:09:35 1 82 4096 2807 3.0 1.8 15 7
05:09:36 1 82 4096 2807 3.0 1.8 15 7
05:09:37 1 82 4096 2807 2.9 1.8 15 7
05:09:38 1 82 4096 2807 3.1 1.8 15 7
05:09:39 1 82 4096 2807 2.9 1.8 15 7
05:09:41 1 82 4096 2807 2.9 1.8 15 7
05:09:42 1 82 4096 2807 3.1 1.8 15 7
05:09:43 1 83 4096 2807 2.9 1.8 15 7
05:09:44 1 83 4096 2807 2.9 1.8 15 7
05:09:45 1 82 4096 2807 3.0 1.8 15 7
05:09:46 1 83 4096 2807 2.9 1.8 15 7
05:09:47 1 82 4096 2807 3.0 1.8 15 7
05:09:48 1 82 4096 2807 3.0 1.8 15 7
05:09:49 1 83 4096 2807 2.9 1.8 15 7
05:09:50 1 82 4096 2807 3.0 1.8 15 7
05:09:51 1 82 4096 2807 2.9 1.8 15 7
05:09:52 1 82 4096 2807 2.9 1.8 15 7
05:09:53 1 82 4096 2807 3.0 1.8 15 7
05:09:54 1 83 4096 2807 2.9 1.8 15 7
05:09:56 1 83 4096 2807 2.9 1.8 15 7
05:09:57 1 82 4096 2807 3.0 1.8 15 7
05:09:58 1 83 4096 2807 2.9 1.8 15 7
05:09:59 1 83 4096 2807 2.9 1.8 15 7
05:10:00 1 82 4096 2807 3.0 1.8 15 7
05:10:01 1 83 4096 2807 2.9 1.8 15 7
05:10:02 1 82 4096 2807 3.0 1.8 15 7
05:10:03 1 82 4096 2807 2.9 1.8 15 7
05:10:04 1 82 4096 2807 2.9 1.8 15 7
05:10:05 1 82 4096 2807 3.0 1.8 15 7
05:10:06 1 82 4096 2807 2.9 1.8 15 7
05:10:07 1 82 4096 2807 2.9 1.8 15 7
05:10:08 1 82 4096 2807 3.0 1.8 15 7
05:10:09 1 82 4096 2807 2.9 1.8 15 7
05:10:11 1 82 4096 2807 2.9 1.8 15 7
05:10:12 1 82 4096 2807 3.0 1.8 15 7
05:10:13 1 82 4096 2807 2.9 1.8 15 7
05:10:14 1 82 4096 2807 2.9 1.8 15 7
05:10:15 1 82 4096 2807 3.0 1.8 15 7
05:10:16 1 82 4096 2807 2.9 1.8 15 7
05:10:17 1 82 4096 2807 3.0 1.8 15 7
05:10:18 1 82 4096 2807 3.0 1.8 15 7
05:10:19 1 82 4096 2807 2.9 1.8 15 7
05:10:20 1 82 4096 2807 3.0 1.8 15 7
05:10:21 1 82 4096 2807 2.9 1.8 15 7
05:10:22 1 82 4096 2807 3.0 1.8 15 7
05:10:23 1 82 4096 2807 3.1 1.8 15 7
05:10:25 1 82 4096 2807 2.9 1.8 15 7
05:10:26 1 82 4096 2807 2.9 1.8 15 7
05:10:27 1 82 4096 2807 3.0 1.8 15 7
05:10:28 1 82 4096 2807 2.9 1.8 15 7
05:10:29 1 82 4096 2807 2.9 1.8 15 7
05:10:30 1 82 4096 2807 3.0 1.8 15 7
05:10:31 1 82 4096 2807 2.9 1.8 15 7
05:10:32 1 82 4096 2807 3.0 1.8 15 7
05:10:33 1 82 4096 2807 2.9 1.8 15 7
05:10:34 1 82 4096 2807 2.9 1.8 15 7
05:10:35 1 82 4096 2807 3.0 1.8 15 7
05:10:36 1 82 4096 2807 2.9 1.8 15 7
05:10:37 1 82 4096 2807 2.9 1.8 15 7
05:10:38 1 82 4096 2807 3.0 1.8 15 7
05:10:40 1 82 4096 2807 2.9 1.8 15 7
05:10:41 1 82 4096 2807 2.9 1.8 15 7
05:10:42 1 82 4096 2807 3.1 1.8 15 7
05:10:43 1 82 4096 2807 2.9 1.8 15 7
05:10:44 1 82 4096 2807 2.9 1.8 15 7
05:10:45 1 82 4096 2807 3.0 1.8 15 7
05:10:46 1 82 4096 2807 2.9 1.8 15 7
05:10:47 1 82 4096 2807 3.0 1.8 15 7
05:10:48 1 82 4096 2807 2.9 1.8 15 7
05:10:49 1 82 4096 2807 2.9 1.8 15 7
05:10:50 1 82 4096 2807 3.0 1.8 15 7
05:10:51 1 82 4096 2807 2.9 1.8 15 7
05:10:52 1 82 4096 2807 2.9 1.8 15 7
05:10:54 1 82 4096 2807 3.1 1.8 15 7
05:10:55 1 82 4096 2807 2.9 1.8 15 7
05:10:56 1 82 4096 2807 3.0 1.8 15 7
05:10:57 1 82 4096 2807 3.0 1.8 15 7
05:10:58 1 82 4096 2807 2.9 1.8 15 7
05:10:59 1 82 4096 2807 3.1 1.8 15 7
05:11:00 1 82 4096 2807 3.1 1.8 15 7
05:11:01 1 82 4096 2807 2.9 1.8 15 7
05:11:02 1 82 4096 2807 3.1 1.8 15 7
05:11:03 1 82 4096 2807 2.9 1.8 15 7
05:11:04 1 82 4096 2807 2.9 1.8 15 7
05:11:05 1 82 4096 2807 3.1 1.8 15 7
05:11:07 1 82 4096 2807 2.9 1.8 15 7
05:11:08 1 82 4096 2807 2.9 1.8 15 7
05:11:09 1 82 4096 2807 3.0 1.8 15 7
05:11:10 1 82 4096 2807 2.9 1.8 15 7
05:11:11 1 82 4096 2807 2.9 1.8 15 7
05:11:12 1 82 4096 2807 3.0 1.8 15 7
05:11:13 1 82 4096 2807 2.9 1.8 15 7
05:11:14 1 82 4096 2807 3.0 1.8 15 7
05:11:15 1 82 4096 2807 2.9 1.8 15 7
05:11:16 1 82 4096 2807 2.9 1.8 15 7
05:11:17 1 82 4096 2807 3.0 1.8 15 7
05:11:18 1 82 4096 2807 2.9 1.8 15 7
05:11:19 1 82 4096 2807 2.9 1.8 15 7
05:11:21 1 82 4096 2807 3.1 1.8 15 7
05:11:22 1 83 4096 2807 2.9 1.8 15 7
05:11:23 1 82 4096 2807 2.9 1.8 15 7
05:11:24 1 82 4096 2807 3.1 1.8 15 7
05:11:25 1 82 4096 2807 2.9 1.8 15 7
05:11:26 1 82 4096 2807 3.0 1.8 15 7
05:11:27 1 82 4096 2807 3.0 1.8 15 7
05:11:28 1 82 4096 2807 2.9 1.8 15 7
05:11:29 1 82 4096 2807 3.1 1.8 15 7
05:11:30 1 83 4096 2807 2.9 1.8 15 7
05:11:31 1 83 4096 2807 2.9 1.8 15 7
05:11:32 1 82 4096 2807 3.1 1.8 15 7
05:11:34 1 83 4096 2807 2.9 1.8 15 7
05:11:35 1 83 4096 2807 2.9 1.8 15 7
05:11:36 1 82 4096 2807 3.0 1.8 15 7
05:11:37 1 83 4096 2807 2.9 1.8 15 7
05:11:38 1 83 4096 2807 2.9 1.8 15 7
05:11:39 1 82 4096 2807 3.0 1.8 15 7
05:11:40 1 83 4096 2807 2.9 1.8 15 7
05:11:41 1 82 4096 2807 3.0 1.8 15 7
05:11:42 1 83 4096 2807 2.9 1.8 15 7
05:11:43 1 83 4096 2807 2.9 1.8 15 7
05:11:44 1 82 4096 2807 3.0 1.8 15 7
05:11:45 1 83 4096 2807 2.9 1.8 15 7
05:11:46 1 82 4096 2807 3.0 1.8 15 7
05:11:48 1 82 4096 2807 3.1 1.8 15 7
05:11:49 1 83 4096 2807 2.9 1.8 15 7
05:11:50 1 83 4096 2807 2.9 1.8 15 7
05:11:51 1 82 4096 2807 3.0 1.8 15 7
05:11:52 1 83 4096 2807 2.9 1.8 15 7
05:11:53 1 82 4096 2807 3.0 1.8 15 7
05:11:54 1 82 4096 2807 3.0 1.8 15 7
05:11:55 1 83 4096 2807 2.9 1.8 15 7
05:11:56 1 82 4096 2807 3.0 1.8 15 7
05:11:57 1 83 4096 2807 2.9 1.8 15 7
05:11:58 1 83 4096 2807 2.9 1.8 15 7
05:11:59 1 82 4096 2807 3.0 1.8 15 7
05:12:00 1 83 4096 2807 2.9 1.8 15 7
05:12:02 1 83 4096 2807 2.9 1.8 15 7
05:12:03 1 82 4096 2807 3.1 1.8 15 7
05:12:04 1 83 4096 2807 2.9 1.8 15 7
05:12:05 1 83 4096 2807 2.9 1.8 15 7
05:12:06 1 82 4096 2807 3.1 1.8 15 7
05:12:07 1 83 4096 2807 2.9 1.8 15 7
05:12:08 1 82 4096 2807 3.0 1.8 15 7
05:12:09 1 83 4096 2807 2.9 1.8 15 7
05:12:10 1 83 4096 2807 2.9 1.8 15 7
05:12:11 1 82 4096 2807 3.0 1.8 15 7
05:12:12 1 83 4096 2807 2.9 1.8 15 7
05:12:13 1 83 4096 2807 2.9 1.8 15 7
05:12:15 1 82 4096 2807 3.0 1.8 15 7
05:12:16 1 83 4096 2807 2.9 1.8 15 7
05:12:17 1 83 4096 2807 2.9 1.8 15 7
05:12:18 1 82 4096 2807 3.0 1.8 15 7
05:12:19 1 83 4096 2807 2.9 1.8 15 7
05:12:20 1 82 4096 2807 3.0 1.8 15 7
05:12:21 1 82 4096 2807 3.0 1.8 15 7
05:12:22 1 83 4096 2807 2.9 1.8 15 7
05:12:23 1 82 4096 2807 3.0 1.8 15 7
05:12:24 1 83 4096 2807 2.9 1.8 15 7
05:12:25 1 83 4096 2807 2.9 1.8 15 7
05:12:26 1 82 4096 2807 3.0 1.8 15 7
05:12:27 1 83 4096 2807 2.9 1.8 15 7
05:12:29 1 83 4096 2807 2.9 1.8 15 7
05:12:30 1 82 4096 2807 3.1 1.8 15 7
05:12:31 1 83 4096 2807 2.9 1.8 15 7
05:12:32 1 83 4096 2807 2.9 1.8 15 7
05:12:33 1 82 4096 2807 3.1 1.8 15 7
05:12:34 1 83 4096 2807 2.9 1.8 15 7
05:12:35 1 82 4096 2807 3.0 1.8 15 7
05:12:36 1 82 4096 2807 3.0 1.8 15 7
05:12:37 1 83 4096 2807 2.9 1.8 15 7
05:12:38 1 82 4096 2807 3.0 1.8 15 7
05:12:39 1 83 4096 2807 2.9 1.8 15 7
05:12:40 1 83 4096 2807 2.9 1.8 15 7
05:12:41 1 82 4096 2807 3.1 1.8 15 7
05:12:43 1 83 4096 2807 2.9 1.8 15 7
05:12:44 1 83 4096 2807 2.9 1.8 15 7
05:12:45 1 82 4096 2807 3.1 1.8 15 7
05:12:46 1 83 4096 2807 2.9 1.8 15 7
05:12:47 1 82 4096 2807 3.0 1.8 15 7
05:12:48 1 82 4096 2807 3.0 1.8 15 7
05:12:49 1 83 4096 2807 2.9 1.8 15 7
05:12:50 1 82 4096 2807 3.2 1.8 15 7
05:12:51 1 82 4096 2807 2.9 1.8 15 7
05:12:52 1 82 4096 2807 2.9 1.8 15 7
05:12:53 1 82 4096 2807 3.0 1.8 15 7
05:12:55 1 82 4096 2807 2.9 1.8 15 7
05:12:56 1 83 4096 2807 2.9 1.8 15 7
05:12:57 1 82 4096 2807 3.0 1.8 15 7
05:12:58 1 82 4096 2807 2.9 1.8 15 7
05:12:59 1 83 4096 2807 3.0 1.8 15 7
05:13:00 1 82 4096 2807 3.0 1.8 15 7
05:13:01 1 83 4096 2807 2.9 1.8 15 7
05:13:02 1 82 4096 2807 3.1 1.8 15 7
05:13:03 1 83 4096 2807 2.9 1.8 15 7
05:13:04 1 82 4096 2807 2.9 1.8 15 7
05:13:05 1 82 4096 2807 3.1 1.8 15 7
05:13:06 1 83 4096 2807 2.9 1.8 15 7
05:13:07 1 83 4096 2807 2.9 1.8 15 7
05:13:09 1 82 4096 2807 3.0 1.8 15 7
05:13:10 1 82 4096 2807 2.9 1.8 15 7
05:13:11 1 83 4096 2807 2.9 1.8 15 7
05:13:12 1 82 4096 2807 3.0 1.8 15 7
05:13:13 1 83 4096 2807 2.9 1.8 15 7
05:13:14 1 82 4096 2807 3.0 1.8 15 7
05:13:15 1 82 4096 2807 3.0 1.8 15 7
05:13:16 1 82 4096 2807 2.9 1.8 15 7
05:13:17 1 82 4096 2807 3.0 1.8 15 7
05:13:18 1 83 4096 2807 2.9 1.8 15 7
05:13:19 1 83 4096 2807 2.9 1.8 15 7
05:13:20 1 82 4096 2807 3.0 1.8 15 7
05:13:22 1 83 4096 2807 2.9 1.8 15 7
05:13:23 1 83 4096 2807 2.9 1.8 15 7
05:13:24 1 82 4096 2807 3.0 1.8 15 7
05:13:25 1 82 4096 2807 3.0 1.8 15 7
05:13:26 1 82 4096 2807 2.9 1.8 15 7
05:13:27 1 82 4096 2807 3.0 1.8 15 7
05:13:28 1 82 4096 2807 2.9 1.8 15 7
05:13:29 1 82 4096 2807 3.1 1.8 15 7
05:13:30 1 82 4096 2807 2.9 1.8 15 7
05:13:31 1 83 4096 2807 2.9 1.8 15 7
05:13:32 1 82 4096 2807 3.0 1.8 15 7
05:13:33 1 83 4096 2807 2.9 1.8 15 7
05:13:35 1 83 4096 2807 2.9 1.8 15 7
05:13:36 1 82 4096 2807 3.0 1.8 15 7
05:13:37 1 83 4096 2807 2.9 1.8 15 7
05:13:38 1 82 4096 2807 2.9 1.8 15 7
05:13:39 1 82 4096 2807 3.0 1.8 15 7
05:13:40 1 83 4096 2807 2.9 1.8 15 7
05:13:41 1 82 4096 2807 3.1 1.8 15 7
05:13:42 1 82 4096 2807 3.0 1.8 15 7
05:13:43 1 83 4096 2807 2.9 1.8 15 7
05:13:44 1 82 4096 2807 3.1 1.8 15 7
05:13:45 1 82 4096 2807 2.9 1.8 15 7
05:13:46 1 83 4096 2807 2.9 1.8 15 7
05:13:47 1 82 4096 2807 3.0 1.8 15 7
05:13:49 1 83 4096 2807 2.9 1.8 15 7
05:13:50 1 83 4096 2807 2.9 1.8 15 7
05:13:51 1 82 4096 2807 3.0 1.8 15 7
05:13:52 1 83 4096 2807 2.9 1.8 15 7
05:13:53 1 82 4096 2807 3.0 1.8 15 7
05:13:54 1 82 4096 2807 3.2 1.8 15 7
05:13:55 1 82 4096 2807 3.1 1.8 15 7
05:13:56 1 82 4096 2807 3.1 1.8 15 7
05:13:57 1 82 4096 2807 2.9 1.8 15 7
05:13:58 1 82 4096 2807 3.0 1.8 15 7
05:13:59 1 82 4096 2807 3.1 1.8 15 7
05:14:00 1 82 4096 2807 2.9 1.8 15 7
05:14:02 1 83 4096 2807 2.9 1.8 15 7
05:14:03 1 82 4096 2807 3.0 1.8 15 7
05:14:04 1 83 4096 2807 2.9 1.8 15 7
05:14:05 1 83 4096 2807 2.9 1.8 15 7
05:14:06 1 82 4096 2807 3.0 1.8 15 7
05:14:07 1 83 4096 2807 2.9 1.8 15 7
05:14:08 1 82 4096 2807 3.0 1.8 15 7
05:14:09 1 82 4096 2807 3.0 1.8 15 7
05:14:10 1 83 4096 2807 2.9 1.8 15 7
05:14:11 1 82 4096 2807 3.1 1.8 15 7
05:14:12 1 83 4096 2807 2.9 1.8 15 7
05:14:13 1 83 4096 2807 2.9 1.8 15 7
05:14:14 1 82 4096 2807 3.1 1.8 15 7
05:14:16 1 83 4096 2807 2.9 1.8 15 7
05:14:17 1 83 4096 2807 2.9 1.8 15 7
05:14:18 1 82 4096 2807 3.1 1.8 15 7
05:14:19 1 83 4096 2807 2.9 1.8 15 7
05:14:20 1 83 4096 2807 3.0 1.8 15 7
05:14:21 1 82 4096 2807 3.1 1.8 15 7
05:14:22 1 83 4096 2807 2.9 1.8 15 7
05:14:23 1 82 4096 2807 3.0 1.8 15 7
05:14:24 1 83 4096 2807 2.9 1.8 15 7
05:14:25 1 83 4096 2807 2.9 1.8 15 7
05:14:26 1 82 4096 2807 3.0 1.8 15 7
05:14:28 1 83 4096 2807 2.9 1.8 15 7
05:14:29 1 83 4096 2807 2.9 1.8 15 7
05:14:30 1 82 4096 2807 3.0 1.8 15 7
05:14:31 1 83 4096 2807 2.9 1.8 15 7
05:14:32 1 83 4096 2807 3.0 1.8 15 7
05:14:33 1 82 4096 2807 3.0 1.8 15 7
05:14:34 1 83 4096 2807 2.9 1.8 15 7
05:14:35 1 82 4096 2807 3.0 1.8 15 7
05:14:36 1 83 4096 2807 2.9 1.8 15 7
05:14:37 1 83 4096 2807 2.9 1.8 15 7
05:14:38 1 82 4096 2807 3.0 1.8 15 7
05:14:39 1 82 4096 2807 2.9 1.8 15 7
05:14:41 1 83 4096 2807 2.9 1.8 15 7
05:14:42 1 82 4096 2807 3.0 1.8 15 7
05:14:43 1 83 4096 2807 2.9 1.8 15 7
05:14:44 1 83 4096 2807 2.9 1.8 15 7
05:14:45 1 82 4096 2807 3.0 1.8 15 7
05:14:46 1 83 4096 2807 2.9 1.8 15 7
05:14:47 1 82 4096 2807 3.0 1.8 15 7
05:14:48 1 82 4096 2807 2.9 1.8 15 7
05:14:49 1 83 4096 2807 2.9 1.8 15 7
05:14:50 1 82 4096 2807 3.0 1.8 15 7
05:14:51 1 82 4096 2807 2.9 1.8 15 7
05:14:52 1 83 4096 2807 2.9 1.8 15 7
05:14:54 1 82 4096 2807 3.1 1.8 15 7
05:14:55 1 83 4096 2807 2.9 1.8 15 7
05:14:56 1 83 4096 2807 2.9 1.8 15 7
05:14:57 1 82 4096 2807 3.1 1.8 15 7
05:14:58 1 82 4096 2807 3.1 1.8 15 7
05:14:59 1 82 4096 2807 3.0 1.8 15 7
05:15:00 1 82 4096 2807 2.9 1.8 15 7
05:15:01 1 83 4096 2807 2.9 1.8 15 7
05:15:02 1 82 4096 2807 3.1 1.8 15 7
05:15:03 1 83 4096 2807 2.9 1.8 15 7
05:15:04 1 83 4096 2807 2.9 1.8 15 7
05:15:05 1 82 4096 2807 3.1 1.8 15 7
05:15:07 1 83 4096 2807 2.9 1.8 15 7
05:15:08 1 83 4096 2807 2.9 1.8 15 7
05:15:09 1 82 4096 2807 3.0 1.8 15 7
05:15:10 1 83 4096 2807 2.9 1.8 15 7
05:15:11 1 82 4096 2807 3.2 1.8 15 7
05:15:12 1 82 4096 2807 3.2 1.8 15 7
05:15:13 1 82 4096 2807 3.2 1.8 15 7
05:15:14 1 82 4096 2807 3.3 1.8 15 7
05:15:15 1 82 4096 2807 3.2 1.8 15 7
05:15:16 1 82 4096 2807 3.2 1.8 15 7
05:15:17 1 82 4096 2807 3.2 1.8 15 7
05:15:18 1 82 4096 2807 3.0 1.8 15 7
05:15:19 1 83 4096 2807 2.9 1.8 15 7
05:15:21 1 82 4096 2807 3.0 1.8 15 7
05:15:22 1 83 4096 2807 2.9 1.8 15 7
05:15:23 1 83 4096 2807 2.9 1.8 15 7
05:15:24 1 82 4096 2807 3.0 1.8 15 7
05:15:25 1 83 4096 2807 2.9 1.8 15 7
05:15:26 1 82 4096 2807 3.0 1.8 15 7
05:15:27 1 82 4096 2807 3.1 1.8 15 7
05:15:28 1 82 4096 2807 2.9 1.8 15 7
05:15:29 1 82 4096 2807 3.1 1.8 15 7
05:15:30 1 82 4096 2807 2.9 1.8 15 7
05:15:31 1 83 4096 2807 2.9 1.8 15 7
05:15:33 1 82 4096 2807 3.1 1.8 15 7
05:15:34 1 82 4096 2807 2.9 1.8 15 7
05:15:35 1 83 4096 2807 2.9 1.8 15 7
05:15:36 1 82 4096 2807 3.1 1.8 15 7
05:15:37 1 83 4096 2807 2.9 1.8 15 7
05:15:38 1 83 4096 2807 3.0 1.8 15 7
05:15:39 1 82 4096 2807 3.0 1.8 15 7
05:15:40 1 83 4096 2807 2.9 1.8 15 7
05:15:41 1 82 4096 2807 3.0 1.8 15 7
05:15:42 1 83 4096 2807 2.9 1.8 15 7
05:15:43 1 83 4096 2807 2.9 1.8 15 7
05:15:44 1 82 4096 2807 3.0 1.8 15 7
05:15:46 1 83 4096 2807 2.9 1.8 15 7
05:15:47 1 83 4096 2807 2.9 1.8 15 7
05:15:48 1 82 4096 2807 3.0 1.8 15 7
05:15:49 1 83 4096 2807 2.9 1.8 15 7
05:15:50 1 82 4096 2807 3.0 1.8 15 7
05:15:51 1 82 4096 2807 3.0 1.8 15 7
05:15:52 1 83 4096 2807 2.9 1.8 15 7
05:15:53 1 82 4096 2807 3.0 1.8 15 7
05:15:54 1 83 4096 2807 2.9 1.8 15 7
05:15:55 1 83 4096 2807 2.9 1.8 15 7
05:15:56 1 82 4096 2807 3.0 1.8 15 7
05:15:57 1 82 4096 2807 2.9 1.8 15 7
05:15:59 1 83 4096 2807 2.9 1.8 15 7
05:16:00 1 82 4096 2807 3.0 1.8 15 7
05:16:01 1 83 4096 2807 2.9 1.8 15 7
05:16:02 1 82 4096 2807 3.1 1.8 15 7
05:16:03 1 82 4096 2807 3.0 1.8 15 7
05:16:04 1 82 4096 2807 2.9 1.8 15 7
05:16:05 1 82 4096 2807 3.0 1.8 15 7
05:16:06 1 83 4096 2807 2.9 1.8 15 7
05:16:07 1 82 4096 2807 3.0 1.8 15 7
05:16:08 1 82 4096 2807 3.1 1.8 15 7
05:16:09 1 82 4096 2807 2.9 1.8 15 7
05:16:10 1 83 4096 2807 2.9 1.8 15 7
05:16:12 1 82 4096 2807 3.1 1.8 15 7
05:16:13 1 83 4096 2807 2.9 1.8 15 7
05:16:14 1 83 4096 2807 2.9 1.8 15 7
05:16:15 1 82 4096 2807 3.1 1.8 15 7
05:16:16 1 83 4096 2807 2.9 1.8 15 7
05:16:17 1 82 4096 2807 3.0 1.8 15 7
05:16:18 1 82 4096 2807 3.0 1.8 15 7
05:16:19 1 83 4096 2807 2.9 1.8 15 7
05:16:20 1 82 4096 2807 3.1 1.8 15 7
05:16:21 1 83 4096 2807 2.9 1.8 15 7
05:16:22 1 83 4096 2807 2.9 1.8 15 7
05:16:23 1 82 4096 2807 3.0 1.8 15 7
05:16:25 1 83 4096 2807 2.9 1.8 15 7
05:16:26 1 83 4096 2807 2.9 1.8 15 7
05:16:27 1 82 4096 2807 3.0 1.8 15 7
05:16:28 1 83 4096 2807 2.9 1.8 15 7
05:16:29 1 82 4096 2807 3.0 1.8 15 7
05:16:30 1 82 4096 2807 3.1 1.8 15 7
05:16:31 1 82 4096 2807 2.9 1.8 15 7
05:16:32 1 82 4096 2807 3.0 1.8 15 7
05:16:33 1 82 4096 2807 3.0 1.8 15 7
05:16:34 1 83 4096 2807 2.9 1.8 15 7
05:16:35 1 82 4096 2807 3.1 1.8 15 7
05:16:36 1 83 4096 2807 2.9 1.8 15 7
05:16:37 1 82 4096 2807 3.0 1.8 15 7
05:16:38 1 82 4096 2807 3.0 1.8 15 7
05:16:40 1 82 4096 2807 2.9 1.8 15 7
05:16:41 1 83 4096 2807 2.9 1.8 15 7
05:16:42 1 82 4096 2807 3.0 1.8 15 7
05:16:43 1 83 4096 2807 2.9 1.8 15 7
05:16:44 1 82 4096 2807 2.9 1.8 15 7
05:16:45 1 82 4096 2807 3.0 1.8 15 7
05:16:46 1 83 4096 2807 2.9 1.8 15 7
05:16:47 1 82 4096 2807 3.0 1.8 15 7
05:16:48 1 82 4096 2807 3.0 1.8 15 7
05:16:49 1 83 4096 2807 2.9 1.8 15 7
05:16:50 1 82 4096 2807 3.0 1.8 15 7
05:16:51 1 83 4096 2807 2.9 1.8 15 7
05:16:52 1 83 4096 2807 2.9 1.8 15 7
05:16:53 1 82 4096 2807 3.0 1.8 15 7
05:16:55 1 83 4096 2807 2.9 1.8 15 7
05:16:56 1 82 4096 2807 2.9 1.8 15 7
05:16:57 1 82 4096 2807 3.0 1.8 15 7
05:16:58 1 82 4096 2807 2.9 1.8 15 7
05:16:59 1 83 4096 2807 2.9 1.8 15 7
05:17:00 1 82 4096 2807 3.0 1.8 15 7
05:17:01 1 83 4096 2807 2.9 1.8 15 7
05:17:02 1 82 4096 2807 3.1 1.8 15 7
05:17:03 1 83 4096 2807 2.9 1.8 15 7
05:17:04 1 83 4096 2807 2.9 1.8 15 7
05:17:05 1 82 4096 2807 3.1 1.8 15 7
05:17:06 1 82 4096 2807 3.1 1.8 15 7
05:17:07 1 82 4096 2807 2.9 1.8 15 7
05:17:08 1 82 4096 2807 3.0 1.8 15 7
05:17:10 1 82 4096 2807 2.9 1.8 15 7
05:17:11 1 83 4096 2807 2.9 1.8 15 7
05:17:12 1 82 4096 2807 3.0 1.8 15 7
05:17:13 1 83 4096 2807 2.9 1.8 15 7
05:17:14 1 83 4096 2807 2.9 1.8 15 7
05:17:15 1 82 4096 2807 3.0 1.8 15 7
05:17:16 1 83 4096 2807 2.9 1.8 15 7
05:17:17 1 82 4096 2807 3.0 1.8 15 7
05:17:18 1 82 4096 2807 2.9 1.8 15 7
05:17:19 1 83 4096 2807 2.9 1.8 15 7
05:17:20 1 82 4096 2807 3.0 1.8 15 7
05:17:21 1 83 4096 2807 2.9 1.8 15 7
05:17:22 1 83 4096 2807 2.9 1.8 15 7
05:17:24 1 82 4096 2807 3.0 1.8 15 7
05:17:25 1 83 4096 2807 2.9 1.8 15 7
05:17:26 1 83 4096 2807 2.9 1.8 15 7
05:17:27 1 82 4096 2807 3.0 1.8 15 7
05:17:28 1 83 4096 2807 2.9 1.8 15 7
05:17:29 1 82 4096 2807 3.0 1.8 15 7
05:17:30 1 82 4096 2807 3.0 1.8 15 7
05:17:31 1 83 4096 2807 2.9 1.8 15 7
05:17:32 1 82 4096 2807 3.1 1.8 15 7
05:17:33 1 83 4096 2807 2.9 1.8 15 7
05:17:34 1 83 4096 2807 2.9 1.8 15 7
05:17:35 1 82 4096 2807 3.1 1.8 15 7
05:17:36 1 83 4096 2807 2.9 1.8 15 7
05:17:38 1 83 4096 2807 2.9 1.8 15 7
05:17:39 1 82 4096 2807 3.0 1.8 15 7
05:17:40 1 83 4096 2807 2.9 1.8 15 7
05:17:41 1 83 4096 2807 2.9 1.8 15 7
05:17:42 1 82 4096 2807 3.0 1.8 15 7
05:17:43 1 83 4096 2807 2.9 1.8 15 7
05:17:44 1 82 4096 2807 3.0 1.8 15 7
05:17:45 1 82 4096 2807 3.0 1.8 15 7
05:17:46 1 83 4096 2807 2.9 1.8 15 7
05:17:47 1 82 4096 2807 3.0 1.8 15 7
05:17:48 1 83 4096 2807 2.9 1.8 15 7
05:17:49 1 83 4096 2807 2.9 1.8 15 7
05:17:50 1 82 4096 2807 3.0 1.8 15 7
05:17:52 1 83 4096 2807 2.9 1.8 15 7
05:17:53 1 83 4096 2807 2.9 1.8 15 7
05:17:54 1 82 4096 2807 3.0 1.8 15 7
05:17:55 1 83 4096 2807 2.9 1.8 15 7
05:17:56 1 82 4096 2807 3.0 1.8 15 7
05:17:57 1 82 4096 2807 3.0 1.8 15 7
05:17:58 1 83 4096 2807 2.9 1.8 15 7
05:17:59 1 82 4096 2807 3.0 1.8 15 7
05:18:00 1 83 4096 2807 2.9 1.8 15 7
05:18:01 1 83 4096 2807 2.9 1.8 15 7
05:18:02 1 82 4096 2807 3.1 1.8 15 7
05:18:03 1 83 4096 2807 2.9 1.8 15 7
05:18:04 1 83 4096 2807 2.9 1.8 15 7
05:18:06 1 82 4096 2807 3.1 1.8 15 7
05:18:07 1 83 4096 2807 2.9 1.8 15 7
05:18:08 1 83 4096 2807 2.9 1.8 15 7
05:18:09 1 82 4096 2807 3.0 1.8 15 7
05:18:10 1 82 4096 2807 3.0 1.8 15 7
05:18:11 1 83 4096 2807 2.9 1.8 15 7
05:18:12 1 82 4096 2807 3.1 1.8 15 7
05:18:13 1 83 4096 2807 2.9 1.8 15 7
05:18:14 1 82 4096 2807 3.0 1.8 15 7
05:18:15 1 83 4096 2807 2.9 1.8 15 7
05:18:16 1 83 4096 2807 2.9 1.8 15 7
05:18:17 1 82 4096 2807 3.0 1.8 15 7
05:18:18 1 83 4096 2807 2.9 1.8 15 7
05:18:19 1 83 4096 2807 2.9 1.8 15 7
05:18:21 1 82 4096 2807 3.0 1.8 15 7
05:18:22 1 83 4096 2807 2.9 1.8 15 7
05:18:23 1 83 4096 2807 2.9 1.8 15 7
05:18:24 1 82 4096 2807 3.0 1.8 15 7
05:18:25 1 83 4096 2807 2.9 1.8 15 7
05:18:26 1 82 4096 2807 3.0 1.8 15 7
05:18:27 1 82 4096 2807 3.0 1.8 15 7
05:18:28 1 83 4096 2807 2.9 1.8 15 7
05:18:29 1 82 4096 2807 3.1 1.8 15 7
05:18:30 1 83 4096 2807 2.9 1.8 15 7
05:18:31 1 83 4096 2807 2.9 1.8 15 7
05:18:32 1 82 4096 2807 3.1 1.8 15 7
05:18:33 1 83 4096 2807 2.9 1.8 15 7
05:18:35 1 83 4096 2807 2.9 1.8 15 7
05:18:36 1 82 4096 2807 3.0 1.8 15 7
05:18:37 1 83 4096 2807 2.9 1.8 15 7
05:18:38 1 83 4096 2807 2.9 1.8 15 7
05:18:39 1 82 4096 2807 3.0 1.8 15 7
05:18:40 1 83 4096 2807 2.9 1.8 15 7
05:18:41 1 82 4096 2807 3.0 1.8 15 7
05:18:42 1 82 4096 2807 3.0 1.8 15 7
05:18:43 1 83 4096 2807 2.9 1.8 15 7
05:18:44 1 82 4096 2807 3.0 1.8 15 7
05:18:45 1 83 4096 2807 2.9 1.8 15 7
05:18:46 1 83 4096 2807 2.9 1.8 15 7
05:18:47 1 82 4096 2807 3.0 1.8 15 7
05:18:49 1 83 4096 2807 2.9 1.8 15 7
05:18:50 1 83 4096 2807 2.9 1.8 15 7
05:18:51 1 82 4096 2807 3.0 1.8 15 7
05:18:52 1 83 4096 2807 2.9 1.8 15 7
05:18:53 1 83 4096 2807 2.9 1.8 15 7
05:18:54 1 82 4096 2807 3.0 1.8 15 7
05:18:55 1 83 4096 2807 2.9 1.8 15 7
05:18:56 1 82 4096 2807 3.0 1.8 15 7
05:18:57 1 82 4096 2807 3.0 1.8 15 7
05:18:58 1 83 4096 2807 2.9 1.8 15 7
05:18:59 1 82 4096 2807 3.1 1.8 15 7
05:19:00 1 82 4096 2807 3.0 1.8 15 7
05:19:01 1 83 4096 2807 2.9 1.8 15 7
05:19:03 1 82 4096 2807 3.1 1.8 15 7
05:19:04 1 82 4096 2807 3.1 1.8 15 7
05:19:05 1 82 4096 2807 2.9 1.8 15 7
05:19:06 1 82 4096 2807 3.1 1.8 15 7
05:19:07 1 83 4096 2807 2.9 1.8 15 7
05:19:08 1 82 4096 2807 3.0 1.8 15 7
05:19:09 1 82 4096 2807 3.1 1.8 15 7
05:19:10 1 83 4096 2807 2.9 1.8 15 7
05:19:11 1 82 4096 2807 3.0 1.8 15 7
05:19:12 1 83 4096 2807 2.9 1.8 15 7
05:19:13 1 83 4096 2807 2.9 1.8 15 7
05:19:14 1 82 4096 2807 3.1 1.8 15 7
05:19:15 1 83 4096 2807 2.9 1.8 15 7
05:19:16 1 83 4096 2807 2.9 1.8 15 7
05:19:18 1 82 4096 2807 3.0 1.8 15 7
05:19:19 1 83 4096 2807 2.9 1.8 15 7
05:19:20 1 83 4096 2807 2.9 1.8 15 7
05:19:21 1 82 4096 2807 3.0 1.8 15 7
05:19:22 1 83 4096 2807 2.9 1.8 15 7
05:19:23 1 82 4096 2807 3.0 1.8 15 7
05:19:24 1 82 4096 2807 3.0 1.8 15 7
05:19:25 1 83 4096 2807 2.9 1.8 15 7
05:19:26 1 82 4096 2807 3.0 1.8 15 7
05:19:27 1 83 4096 2807 2.9 1.8 15 7
05:19:28 1 83 4096 2807 2.9 1.8 15 7
05:19:29 1 82 4096 2807 3.0 1.8 15 7
05:19:30 1 83 4096 2807 2.9 1.8 15 7
05:19:31 1 83 4096 2807 2.9 1.8 15 7
05:19:33 1 82 4096 2807 3.1 1.8 15 7
05:19:34 1 83 4096 2807 2.9 1.8 15 7
05:19:35 1 83 4096 2807 2.9 1.8 15 7
05:19:36 1 82 4096 2807 3.1 1.8 15 7
05:19:37 1 83 4096 2807 2.9 1.8 15 7
05:19:38 1 82 4096 2807 3.0 1.8 15 7
05:19:39 1 82 4096 2807 3.0 1.8 15 7
05:19:40 1 83 4096 2807 2.9 1.8 15 7
05:19:41 1 82 4096 2807 3.0 1.8 15 7
05:19:42 1 83 4096 2807 2.9 1.8 15 7
05:19:43 1 83 4096 2807 2.9 1.8 15 7
05:19:44 1 82 4096 2807 3.0 1.8 15 7
05:19:45 1 83 4096 2807 2.9 1.8 15 7
05:19:46 1 83 4096 2807 2.9 1.8 15 7
05:19:48 1 82 4096 2807 3.0 1.8 15 7
05:19:49 1 83 4096 2807 2.9 1.8 15 7
05:19:50 1 83 4096 2807 2.9 1.8 15 7
05:19:51 1 82 4096 2807 3.0 1.8 15 7
05:19:52 1 83 4096 2807 2.9 1.8 15 7
05:19:53 1 82 4096 2807 3.0 1.8 15 7
05:19:54 1 82 4096 2807 3.0 1.8 15 7
05:19:55 1 83 4096 2807 2.9 1.8 15 7
05:19:56 1 82 4096 2807 3.0 1.8 15 7
05:19:57 1 83 4096 2807 2.9 1.8 15 7
05:19:58 1 83 4096 2807 2.9 1.8 15 7
05:19:59 1 82 4096 2807 3.0 1.8 15 7
05:20:00 1 83 4096 2807 2.9 1.8 15 7
05:20:02 1 83 4096 2807 2.9 1.8 15 7
05:20:03 1 82 4096 2807 3.1 1.8 15 7
05:20:04 1 83 4096 2807 2.9 1.8 15 7
05:20:05 1 83 4096 2807 2.9 1.8 15 7
05:20:06 1 82 4096 2807 3.1 1.8 15 7
05:20:07 1 83 4096 2807 2.9 1.8 15 7
05:20:08 1 82 4096 2807 3.0 1.8 15 7
05:20:09 1 82 4096 2807 3.0 1.8 15 7
05:20:10 1 83 4096 2807 2.9 1.8 15 7
05:20:11 1 82 4096 2807 3.0 1.8 15 7
05:20:12 1 83 4096 2807 2.9 1.8 15 7
05:20:13 1 83 4096 2807 2.9 1.8 15 7
05:20:14 1 82 4096 2807 3.0 1.8 15 7
05:20:15 1 83 4096 2807 2.9 1.8 15 7
05:20:17 1 83 4096 2807 2.9 1.8 15 7
05:20:18 1 82 4096 2807 3.1 1.8 15 7
05:20:19 1 83 4096 2807 2.9 1.8 15 7
05:20:20 1 83 4096 2807 2.9 1.8 15 7
05:20:21 1 82 4096 2807 3.1 1.8 15 7
05:20:22 1 83 4096 2807 2.9 1.8 15 7
05:20:23 1 82 4096 2807 3.0 1.8 15 7
05:20:24 1 82 4096 2807 3.0 1.8 15 7
05:20:25 1 83 4096 2807 2.9 1.8 15 7
05:20:26 1 82 4096 2807 3.0 1.8 15 7
05:20:27 1 83 4096 2807 2.9 1.8 15 7
05:20:28 1 83 4096 2807 2.9 1.8 15 7
05:20:29 1 82 4096 2807 3.0 1.8 15 7
05:20:31 1 82 4096 2807 3.0 1.8 15 7
05:20:32 1 83 4096 2807 2.9 1.8 15 7
05:20:33 1 82 4096 2807 3.1 1.8 15 7
05:20:34 1 83 4096 2807 2.9 1.8 15 7
05:20:35 1 83 4096 2807 2.9 1.8 15 7
05:20:36 1 82 4096 2807 3.1 1.8 15 7
05:20:37 1 83 4096 2807 2.9 1.8 15 7
05:20:38 1 82 4096 2807 3.0 1.8 15 7
05:20:39 1 82 4096 2807 3.0 1.8 15 7
05:20:40 1 83 4096 2807 2.9 1.8 15 7
05:20:41 1 82 4096 2807 3.0 1.8 15 7
05:20:42 1 83 4096 2807 2.9 1.8 15 7
05:20:43 1 83 4096 2807 2.9 1.8 15 7
05:20:45 1 82 4096 2807 3.0 1.8 15 7
05:20:46 1 83 4096 2807 2.9 1.8 15 7
05:20:47 1 83 4096 2807 2.9 1.8 15 7
05:20:48 1 82 4096 2807 3.0 1.8 15 7
05:20:49 1 83 4096 2807 2.9 1.8 15 7
05:20:50 1 83 4096 2807 2.9 1.8 15 7
05:20:51 1 82 4096 2807 3.0 1.8 15 7
05:20:52 1 83 4096 2807 2.9 1.8 15 7
05:20:53 1 82 4096 2807 3.0 1.8 15 7
05:20:54 1 82 4096 2807 3.0 1.8 15 7
05:20:55 1 82 4096 2807 3.0 1.8 15 7
05:20:56 1 82 4096 2807 3.0 1.8 15 7
05:20:57 1 82 4096 2807 3.0 1.8 15 7
05:20:58 1 83 4096 2807 2.9 1.8 15 7
05:21:00 1 82 4096 2807 3.0 1.8 15 7
05:21:01 1 82 4096 2807 3.0 1.8 15 7
05:21:02 1 82 4096 2807 3.0 1.8 15 7
05:21:03 1 82 4096 2807 3.1 1.8 15 7
05:21:04 1 82 4096 2807 3.0 1.8 15 7
05:21:05 1 82 4096 2807 3.0 1.8 15 7
05:21:06 1 82 4096 2807 3.1 1.8 15 7
05:21:07 1 83 4096 2807 2.9 1.8 15 7
05:21:08 1 82 4096 2807 3.0 1.8 15 7
05:21:09 1 82 4096 2807 3.0 1.8 15 7
05:21:10 1 82 4096 2807 3.0 1.8 15 7
05:21:11 1 82 4096 2807 3.0 1.8 15 7
05:21:12 1 82 4096 2807 3.0 1.8 15 7
05:21:13 1 82 4096 2807 3.0 1.8 15 7
05:21:15 1 82 4096 2807 3.0 1.8 15 7
05:21:16 1 83 4096 2807 2.9 1.8 15 7
05:21:17 1 83 4096 2807 2.9 1.8 15 7
05:21:18 1 82 4096 2807 3.0 1.8 15 7
05:21:19 1 83 4096 2807 2.9 1.8 15 7
05:21:20 1 82 4096 2807 3.0 1.8 15 7
05:21:21 1 82 4096 2807 3.0 1.8 15 7
05:21:22 1 82 4096 2807 3.1 1.8 15 7
05:21:23 1 82 4096 2807 3.2 1.8 15 7
05:21:24 1 82 4096 2807 3.0 1.8 15 7
05:21:25 1 83 4096 2807 2.9 1.8 15 7
05:21:26 1 82 4096 2807 3.0 1.8 15 7
05:21:27 1 83 4096 2807 2.9 1.8 15 7
05:21:29 1 83 4096 2807 2.9 1.8 15 7
05:21:30 1 82 4096 2807 3.0 1.8 15 7
05:21:31 1 83 4096 2807 2.9 1.8 15 7
05:21:32 1 82 4096 2807 3.0 1.8 15 7
05:21:33 1 82 4096 2807 3.0 1.8 15 7
05:21:34 1 83 4096 2807 2.9 1.8 15 7
05:21:35 1 82 4096 2807 3.1 1.8 15 7
05:21:36 1 82 4096 2807 2.9 1.8 15 7
05:21:37 1 82 4096 2807 3.0 1.8 15 7
05:21:38 1 82 4096 2807 3.1 1.8 15 7
05:21:39 1 83 4096 2807 2.9 1.8 15 7
05:21:40 1 83 4096 2807 2.9 1.8 15 7
05:21:41 1 82 4096 2807 3.0 1.8 15 7
05:21:43 1 83 4096 2807 2.9 1.8 15 7
05:21:44 1 83 4096 2807 2.9 1.8 15 7
05:21:45 1 82 4096 2807 3.1 1.8 15 7
05:21:46 1 83 4096 2807 2.9 1.8 15 7
05:21:47 1 83 4096 2807 3.0 1.8 15 7
05:21:48 1 82 4096 2807 3.1 1.8 15 7
05:21:49 1 82 4096 2807 3.0 1.8 15 7
05:21:50 1 82 4096 2807 3.0 1.8 15 7
05:21:51 1 83 4096 2807 2.9 1.8 15 7
05:21:52 1 83 4096 2807 2.9 1.8 15 7
05:21:53 1 82 4096 2807 3.0 1.8 15 7
05:21:54 1 83 4096 2807 2.9 1.8 15 7
05:21:56 1 83 4096 2807 2.9 1.8 15 7
05:21:57 1 82 4096 2807 3.1 1.8 15 7
05:21:58 1 83 4096 2807 2.9 1.8 15 7
05:21:59 1 83 4096 2807 2.9 1.8 15 7
05:22:00 1 82 4096 2807 3.1 1.8 15 7
05:22:01 1 82 4096 2807 3.0 1.8 15 7
05:22:02 1 82 4096 2807 3.1 1.8 15 7
05:22:03 1 83 4096 2807 2.9 1.8 15 7
05:22:04 1 83 4096 2807 2.9 1.8 15 7
05:22:05 1 82 4096 2807 3.0 1.8 15 7
05:22:06 1 83 4096 2807 2.9 1.8 15 7
05:22:08 1 83 4096 2807 2.9 1.8 15 7
05:22:09 1 82 4096 2807 3.0 1.8 15 7
05:22:10 1 83 4096 2807 2.9 1.8 15 7
05:22:11 1 82 4096 2807 3.0 1.8 15 7
05:22:12 1 82 4096 2807 3.1 1.8 15 7
05:22:13 1 83 4096 2807 2.9 1.8 15 7
05:22:14 1 82 4096 2807 3.0 1.8 15 7
05:22:15 1 82 4096 2807 3.0 1.8 15 7
05:22:16 1 83 4096 2807 2.9 1.8 15 7
05:22:17 1 82 4096 2807 3.0 1.8 15 7
05:22:18 1 83 4096 2807 2.9 1.8 15 7
05:22:19 1 83 4096 2807 2.9 1.8 15 7
05:22:21 1 82 4096 2807 3.1 1.8 15 7
05:22:22 1 82 4096 2807 3.0 1.8 15 7
05:22:23 1 82 4096 2807 3.0 1.8 15 7
05:22:24 1 82 4096 2807 3.0 1.8 15 7
05:22:25 1 83 4096 2807 2.9 1.8 15 7
05:22:26 1 82 4096 2807 3.2 1.8 15 7
05:22:27 1 83 4096 2807 2.9 1.8 15 7
05:22:28 1 83 4096 2807 2.9 1.8 15 7
05:22:29 1 82 4096 2807 3.0 1.8 15 7
05:22:30 1 83 4096 2807 2.9 1.8 15 7
05:22:31 1 83 4096 2807 2.9 1.8 15 7
05:22:32 1 82 4096 2807 3.0 1.8 15 7
05:22:34 1 83 4096 2807 2.9 1.8 15 7
05:22:35 1 83 4096 2807 2.9 1.8 15 7
05:22:36 1 82 4096 2807 3.0 1.8 15 7
05:22:37 1 83 4096 2807 2.9 1.8 15 7
05:22:38 1 83 4096 2807 2.9 1.8 15 7
05:22:39 1 82 4096 2807 3.0 1.8 15 7
05:22:40 1 83 4096 2807 2.9 1.8 15 7
05:22:41 1 82 4096 2807 3.0 1.8 15 7
05:22:42 1 82 4096 2807 3.0 1.8 15 7
05:22:43 1 83 4096 2807 2.9 1.8 15 7
05:22:44 1 82 4096 2807 3.0 1.8 15 7
05:22:45 1 83 4096 2807 2.9 1.8 15 7
05:22:46 1 83 4096 2807 2.9 1.8 15 7
05:22:48 1 82 4096 2807 3.0 1.8 15 7
05:22:49 1 83 4096 2807 2.9 1.8 15 7
05:22:50 1 83 4096 2807 2.9 1.8 15 7
05:22:51 1 82 4096 2807 3.0 1.8 15 7
05:22:52 1 83 4096 2807 2.9 1.8 15 7
05:22:53 1 82 4096 2807 3.0 1.8 15 7
05:22:54 1 82 4096 2807 3.0 1.8 15 7
05:22:55 1 83 4096 2807 2.9 1.8 15 7
05:22:56 1 82 4096 2807 3.0 1.8 15 7
05:22:57 1 83 4096 2807 2.9 1.8 15 7
05:22:59 1 83 4096 2807 2.9 1.8 15 7
05:23:00 1 82 4096 2807 3.0 1.8 15 7
05:23:01 1 83 4096 2807 2.9 1.8 15 7
05:23:02 1 83 4096 2807 2.9 1.8 15 7
05:23:03 1 82 4096 2807 3.1 1.8 15 7
05:23:04 1 83 4096 2807 2.9 1.8 15 7
05:23:05 1 82 4096 2807 3.1 1.8 15 7
05:23:06 1 83 4096 2807 2.9 1.8 15 7
05:23:07 1 83 4096 2807 2.9 1.8 15 7
05:23:08 1 82 4096 2807 3.0 1.8 15 7
05:23:09 1 83 4096 2807 2.9 1.8 15 7
05:23:10 1 83 4096 2807 2.9 1.8 15 7
05:23:12 1 82 4096 2807 3.0 1.8 15 7
05:23:13 1 83 4096 2807 2.9 1.8 15 7
05:23:14 1 83 4096 2807 2.9 1.8 15 7
05:23:15 1 82 4096 2807 3.1 1.8 15 7
05:23:16 1 83 4096 2807 2.9 1.8 15 7
05:23:17 1 82 4096 2807 3.1 1.8 15 7
05:23:18 1 82 4096 2807 3.0 1.8 15 7
05:23:19 1 83 4096 2807 2.9 1.8 15 7
05:23:20 1 82 4096 2807 3.0 1.8 15 7
05:23:21 1 83 4096 2807 2.9 1.8 15 7
05:23:22 1 83 4096 2807 2.9 1.8 15 7
05:23:24 1 82 4096 2807 3.0 1.8 15 7
05:23:25 1 83 4096 2807 2.9 1.8 15 7
05:23:26 1 83 4096 2807 2.9 1.8 15 7
05:23:27 1 82 4096 2807 3.1 1.8 15 7
05:23:28 1 83 4096 2807 2.9 1.8 15 7
05:23:29 1 82 4096 2807 3.1 1.8 15 7
05:23:30 1 82 4096 2807 3.1 1.8 15 7
05:23:31 1 82 4096 2807 2.9 1.8 15 7
05:23:32 1 82 4096 2807 3.1 1.8 15 7
05:23:33 1 82 4096 2807 3.0 1.8 15 7
05:23:34 1 83 4096 2807 2.9 1.8 15 7
05:23:35 1 82 4096 2807 3.1 1.8 15 7
05:23:37 1 83 4096 2807 2.9 1.8 15 7
05:23:38 1 83 4096 2807 2.9 1.8 15 7
05:23:39 1 82 4096 2807 3.0 1.8 15 7
05:23:40 1 83 4096 2807 2.9 1.8 15 7
05:23:41 1 82 4096 2807 3.0 1.8 15 7
05:23:42 1 82 4096 2807 3.0 1.8 15 7
05:23:43 1 83 4096 2807 2.9 1.8 15 7
05:23:44 1 82 4096 2807 3.1 1.8 15 7
05:23:45 1 83 4096 2807 2.9 1.8 15 7
05:23:46 1 83 4096 2807 2.9 1.8 15 7
05:23:47 1 82 4096 2807 3.0 1.8 15 7
05:23:48 1 83 4096 2807 2.9 1.8 15 7
05:23:50 1 83 4096 2807 2.9 1.8 15 7
05:23:51 1 82 4096 2807 3.0 1.8 15 7
05:23:52 1 83 4096 2807 2.9 1.8 15 7
05:23:53 1 83 4096 2807 2.9 1.8 15 7
05:23:54 1 82 4096 2807 3.0 1.8 15 7
05:23:55 1 83 4096 2807 2.9 1.8 15 7
05:23:56 1 82 4096 2807 3.0 1.8 15 7
05:23:57 1 82 4096 2807 3.0 1.8 15 7
05:23:58 1 83 4096 2807 2.9 1.8 15 7
05:23:59 1 82 4096 2807 3.0 1.8 15 7
05:24:00 1 83 4096 2807 2.9 1.8 15 7
05:24:01 1 83 4096 2807 2.9 1.8 15 7
05:24:02 1 82 4096 2807 3.1 1.8 15 7
05:24:04 1 83 4096 2807 2.9 1.8 15 7
05:24:05 1 83 4096 2807 2.9 1.8 15 7
05:24:06 1 82 4096 2807 3.1 1.8 15 7
05:24:07 1 83 4096 2807 2.9 1.8 15 7
05:24:08 1 83 4096 2807 2.9 1.8 15 7
05:24:09 1 82 4096 2807 3.0 1.8 15 7
05:24:10 1 83 4096 2807 2.9 1.8 15 7
05:24:11 1 82 4096 2807 3.0 1.8 15 7
05:24:12 1 83 4096 2807 2.9 1.8 15 7
05:24:13 1 83 4096 2807 2.9 1.8 15 7
05:24:14 1 82 4096 2807 3.0 1.8 15 7
05:24:15 1 83 4096 2807 2.9 1.8 15 7
05:24:17 1 83 4096 2807 2.9 1.8 15 7
05:24:18 1 82 4096 2807 3.1 1.8 15 7
05:24:19 1 82 4096 2807 3.1 1.8 15 7
05:24:20 1 82 4096 2807 2.9 1.8 15 7
05:24:21 1 82 4096 2807 3.1 1.8 15 7
05:24:22 1 82 4096 2807 2.9 1.8 15 7
05:24:23 1 82 4096 2807 3.1 1.8 15 7
05:24:24 1 82 4096 2807 3.1 1.8 15 7
05:24:25 1 82 4096 2807 2.9 1.8 15 7
05:24:26 1 82 4096 2807 3.0 1.8 15 7
05:24:27 1 82 4096 2807 2.9 1.8 15 7
05:24:29 1 82 4096 2807 2.9 1.8 15 7
05:24:30 1 82 4096 2807 3.0 1.8 15 7
05:24:31 1 82 4096 2807 2.9 1.8 15 7
05:24:32 1 82 4096 2807 2.9 1.8 15 7
05:24:33 1 82 4096 2807 3.1 1.8 15 7
05:24:34 1 82 4096 2807 3.1 1.8 15 7
05:24:35 1 82 4096 2807 3.2 1.8 15 7
05:24:36 1 82 4096 2807 3.1 1.8 15 7
05:24:37 1 83 4096 2807 2.9 1.8 15 7
05:24:38 1 82 4096 2807 3.0 1.8 15 7
05:24:39 1 83 4096 2807 2.9 1.8 15 7
05:24:40 1 83 4096 2807 2.9 1.8 15 7
05:24:42 1 82 4096 2807 3.0 1.8 15 7
05:24:43 1 83 4096 2807 2.9 1.8 15 7
05:24:44 1 83 4096 2807 2.9 1.8 15 7
05:24:45 1 82 4096 2807 3.0 1.8 15 7
05:24:46 1 83 4096 2807 2.9 1.8 15 7
05:24:47 1 82 4096 2807 3.0 1.8 15 7
05:24:48 1 82 4096 2807 2.9 1.8 15 7
05:24:49 1 83 4096 2807 2.9 1.8 15 7
05:24:50 1 82 4096 2807 3.0 1.8 15 7
05:24:51 1 83 4096 2807 2.9 1.8 15 7
05:24:53 1 83 4096 2807 2.9 1.8 15 7
05:24:54 1 82 4096 2807 3.0 1.8 15 7
05:24:55 1 83 4096 2807 2.9 1.8 15 7
05:24:56 1 83 4096 2807 2.9 1.8 15 7
05:24:57 1 82 4096 2807 3.0 1.8 15 7
05:24:58 1 83 4096 2807 2.9 1.8 15 7
05:24:59 1 82 4096 2807 3.0 1.8 15 7
05:25:00 1 82 4096 2807 2.9 1.8 15 7
05:25:01 1 83 4096 2807 2.9 1.8 15 7
05:25:02 1 82 4096 2807 3.1 1.8 15 7
05:25:03 1 83 4096 2807 2.9 1.8 15 7
05:25:04 1 82 4096 2807 3.0 1.8 15 7
05:25:06 1 82 4096 2807 3.1 1.8 15 7
05:25:07 1 82 4096 2807 3.0 1.8 15 7
05:25:08 1 83 4096 2807 2.9 1.8 15 7
05:25:09 1 82 4096 2807 3.0 1.8 15 7
05:25:10 1 83 4096 2807 2.9 1.8 15 7
05:25:11 1 82 4096 2807 3.0 1.8 15 7
05:25:12 1 82 4096 2807 3.0 1.8 15 7
05:25:13 1 83 4096 2807 2.9 1.8 15 7
05:25:14 1 82 4096 2807 3.0 1.8 15 7
05:25:15 1 83 4096 2807 2.9 1.8 15 7
05:25:16 1 83 4096 2807 2.9 1.8 15 7
05:25:17 1 82 4096 2807 3.0 1.8 15 7
05:25:19 1 83 4096 2807 2.9 1.8 15 7
05:25:20 1 83 4096 2807 2.9 1.8 15 7
05:25:21 1 82 4096 2807 3.0 1.8 15 7
05:25:22 1 83 4096 2807 2.9 1.8 15 7
05:25:23 1 83 4096 2807 3.0 1.8 15 7
05:25:24 1 82 4096 2807 3.0 1.8 15 7
05:25:25 1 83 4096 2807 2.9 1.8 15 7
05:25:26 1 82 4096 2807 3.0 1.8 15 7
05:25:27 1 80 4096 2799 4.4 1.8 15 7
05:25:28 1 82 4096 2799 3.3 1.8 15 7
05:25:29 1 82 4096 2799 3.1 1.8 15 7
05:25:31 1 81 4096 2799 3.3 1.8 15 7
05:25:32 1 81 4096 2799 3.3 1.8 15 7
05:25:33 1 82 4096 2799 3.1 1.8 15 7
05:25:34 1 82 4096 2799 3.0 1.8 15 7
05:25:35 1 82 4096 2799 3.0 1.8 15 7
05:25:36 1 82 4096 2799 3.1 1.8 15 7
05:25:37 1 82 4096 2799 3.0 1.8 15 7
05:25:38 1 82 4096 2799 3.2 1.8 15 7
05:25:39 1 82 4096 2799 3.0 1.8 15 7
05:25:40 1 82 4096 2799 3.0 1.8 15 7
05:25:41 1 82 4096 2799 3.1 1.8 15 7
05:25:42 1 82 4096 2799 2.9 1.8 15 7
05:25:44 1 82 4096 2799 3.0 1.8 15 7
05:25:45 1 82 4096 2799 3.0 1.8 15 7
05:25:46 1 82 4096 2799 3.0 1.8 15 7
05:25:47 1 82 4096 2799 2.9 1.8 15 7
05:25:48 1 82 4096 2799 3.0 1.8 15 7
05:25:49 1 82 4096 2799 2.9 1.8 15 7
05:25:50 1 82 4096 2799 3.0 1.8 15 7
05:25:51 1 82 4096 2799 3.0 1.8 15 7
05:25:52 1 82 4096 2799 2.9 1.8 15 7
05:25:53 1 82 4096 2799 3.0 1.8 15 7
05:25:54 1 82 4096 2799 3.0 1.8 15 7
05:25:55 1 82 4096 2799 2.9 1.8 15 7
05:25:57 1 82 4096 2799 3.0 1.8 15 7
05:25:58 1 82 4096 2799 2.9 1.8 15 7
05:25:59 1 82 4096 2799 2.9 1.8 15 7
05:26:00 1 82 4096 2799 3.0 1.8 15 7
05:26:01 1 82 4096 2799 3.0 1.8 15 7
05:26:02 1 82 4096 2799 3.1 1.8 15 7
05:26:03 1 82 4096 2799 2.9 1.8 15 7
05:26:04 1 82 4096 2799 3.0 1.8 15 7
05:26:05 1 82 4096 2799 3.1 1.8 15 7
05:26:06 1 82 4096 2799 3.0 1.8 15 7
05:26:07 1 82 4096 2799 3.0 1.8 15 7
05:26:09 1 82 4096 2799 3.0 1.8 15 7
05:26:10 1 82 4096 2799 2.9 1.8 15 7
05:26:11 1 82 4096 2799 3.0 1.8 15 7
05:26:12 1 82 4096 2799 3.2 1.8 15 7
05:26:13 1 82 4096 2799 2.9 1.8 15 7
05:26:14 1 82 4096 2799 3.2 1.8 15 7
05:26:15 1 82 4096 2799 2.9 1.8 15 7
05:26:16 1 82 4096 2799 2.9 1.8 15 7
05:26:17 1 82 4096 2799 3.0 1.8 15 7
05:26:18 1 82 4096 2799 2.9 1.8 15 7
05:26:19 1 82 4096 2799 2.9 1.8 15 7
05:26:21 1 82 4096 2799 3.0 1.8 15 7
05:26:22 1 82 4096 2799 2.9 1.8 15 7
05:26:23 1 82 4096 2799 2.9 1.8 15 7
05:26:24 1 82 4096 2799 3.0 1.8 15 7
05:26:25 1 82 4096 2799 2.9 1.8 15 7
05:26:26 1 82 4096 2799 3.0 1.8 15 7
05:26:27 1 82 4096 2799 3.1 1.8 15 7
05:26:28 1 82 4096 2799 2.9 1.8 15 7
05:26:29 1 82 4096 2799 3.0 1.8 15 7
05:26:30 1 82 4096 2799 2.9 1.8 15 7
05:26:32 1 82 4096 2799 2.9 1.8 15 7
05:26:33 1 82 4096 2799 3.0 1.8 15 7
05:26:34 1 82 4096 2799 2.9 1.8 15 7
05:26:35 1 82 4096 2799 3.1 1.8 15 7
05:26:36 1 82 4096 2799 3.0 1.8 15 7
05:26:37 1 82 4096 2799 2.9 1.8 15 7
05:26:38 1 82 4096 2799 3.0 1.8 15 7
05:26:39 1 82 4096 2799 3.0 1.8 15 7
05:26:40 1 82 4096 2799 2.9 1.8 15 7
05:26:41 1 82 4096 2799 3.0 1.8 15 7
05:26:42 1 82 4096 2799 3.1 1.8 15 7
05:26:43 1 82 4096 2799 2.9 1.8 15 7
05:26:45 1 82 4096 2799 3.2 1.8 15 7
05:26:46 1 82 4096 2799 2.9 1.8 15 7
05:26:47 1 82 4096 2799 2.9 1.8 15 7
05:26:48 1 82 4096 2799 3.1 1.8 15 7
05:26:49 1 82 4096 2799 2.9 1.8 15 7
05:26:50 1 82 4096 2799 3.0 1.8 15 7
05:26:51 1 82 4096 2799 3.0 1.8 15 7
05:26:52 1 82 4096 2799 2.9 1.8 15 7
05:26:53 1 82 4096 2799 3.2 1.8 15 7
05:26:54 1 82 4096 2799 2.9 1.8 15 7
05:26:55 1 82 4096 2799 2.9 1.8 15 7
05:26:56 1 82 4096 2799 3.2 1.8 15 7
05:26:58 1 82 4096 2799 2.9 1.8 15 7
05:26:59 1 82 4096 2799 2.9 1.8 15 7
05:27:00 1 82 4096 2799 3.1 1.8 15 7
05:27:01 1 82 4096 2799 2.9 1.8 15 7
05:27:02 1 82 4096 2799 3.1 1.8 15 7
05:27:03 1 82 4096 2799 3.0 1.8 15 7
05:27:04 1 82 4096 2799 2.9 1.8 15 7
05:27:05 1 82 4096 2799 3.1 1.8 15 7
05:27:06 1 82 4096 2799 2.9 1.8 15 7
05:27:07 1 82 4096 2799 3.1 1.8 15 7
05:27:08 1 82 4096 2799 3.0 1.8 15 7
05:27:10 1 82 4096 2799 2.9 1.8 15 7
05:27:11 1 82 4096 2799 2.9 1.8 15 7
05:27:12 1 82 4096 2799 3.2 1.8 15 7
05:27:13 1 82 4096 2799 3.0 1.8 15 7
05:27:14 1 83 4096 2799 2.9 1.8 15 7
05:27:15 1 82 4096 2799 3.0 1.8 15 7
05:27:16 1 83 4096 2799 2.9 1.8 15 7
05:27:17 1 82 4096 2799 3.2 1.8 15 7
05:27:18 1 83 4096 2799 2.9 1.8 15 7
05:27:19 1 83 4096 2799 2.9 1.8 15 7
05:27:20 1 82 4096 2799 3.2 1.8 15 7
05:27:22 1 83 4096 2799 2.9 1.8 15 7
05:27:23 1 83 4096 2799 2.9 1.8 15 7
05:27:24 1 82 4096 2799 3.1 1.8 15 7
05:27:25 1 83 4096 2799 2.9 1.8 15 7
05:27:26 1 82 4096 2799 3.1 1.8 15 7
05:27:27 1 82 4096 2799 3.1 1.8 15 7
05:27:28 1 83 4096 2799 2.9 1.8 15 7
05:27:29 1 82 4096 2799 3.0 1.8 15 7
05:27:30 1 83 4096 2799 2.9 1.8 15 7
05:27:31 1 82 4096 2799 3.0 1.8 15 7
05:27:32 1 82 4096 2799 3.1 1.8 15 7
05:27:34 1 83 4096 2799 2.9 1.8 15 7
05:27:35 1 83 4096 2799 2.9 1.8 15 7
05:27:36 1 82 4096 2799 3.0 1.8 15 7
05:27:37 1 83 4096 2799 2.9 1.8 15 7
05:27:38 1 82 4096 2799 3.1 1.8 15 7
05:27:39 1 82 4096 2799 3.0 1.8 15 7
05:27:40 1 83 4096 2799 2.9 1.8 15 7
05:27:41 1 82 4096 2799 3.0 1.8 15 7
05:27:42 1 83 4096 2799 2.9 1.8 15 7
05:27:43 1 83 4096 2799 2.9 1.8 15 7
05:27:44 1 82 4096 2799 3.0 1.8 15 7
05:27:45 1 83 4096 2799 2.9 1.8 15 7
05:27:47 1 82 4096 2799 3.1 1.8 15 7
05:27:48 1 82 4096 2799 3.2 1.8 15 7
05:27:49 1 82 4096 2799 3.0 1.8 15 7
05:27:50 1 83 4096 2799 2.9 1.8 15 7
05:27:51 1 82 4096 2799 3.0 1.8 15 7
05:27:52 1 83 4096 2799 2.9 1.8 15 7
05:27:53 1 82 4096 2799 3.0 1.8 15 7
05:27:54 1 83 4096 2799 2.9 1.8 15 7
05:27:55 1 83 4096 2799 2.9 1.8 15 7
05:27:56 1 82 4096 2799 3.0 1.8 15 7
05:27:58 1 83 4096 2799 2.9 1.8 15 7
05:27:59 1 83 4096 2799 2.9 1.8 15 7
05:28:00 1 82 4096 2799 3.0 1.8 15 7
05:28:01 1 83 4096 2799 2.9 1.8 15 7
05:28:02 1 83 4096 2799 2.9 1.8 15 7
05:28:03 1 82 4096 2799 3.0 1.8 15 7
05:28:04 1 83 4096 2799 2.9 1.8 15 7
05:28:05 1 82 4096 2799 3.1 1.8 15 7
05:28:06 1 82 4096 2799 3.0 1.8 15 7
05:28:07 1 83 4096 2799 2.9 1.8 15 7
05:28:08 1 82 4096 2799 3.1 1.8 15 7
05:28:09 1 82 4096 2799 3.0 1.8 15 7
05:28:10 1 83 4096 2799 2.9 1.8 15 7
05:28:12 1 82 4096 2799 3.2 1.8 15 7
05:28:13 1 83 4096 2799 2.9 1.8 15 7
05:28:14 1 83 4096 2799 2.9 1.8 15 7
05:28:15 1 82 4096 2799 3.0 1.8 15 7
05:28:16 1 83 4096 2799 2.9 1.8 15 7
05:28:17 1 82 4096 2799 3.0 1.8 15 7
05:28:18 1 82 4096 2799 3.0 1.8 15 7
05:28:19 1 83 4096 2799 2.9 1.8 15 7
05:28:20 1 82 4096 2799 3.0 1.8 15 7
05:28:21 1 83 4096 2799 2.9 1.8 15 7
05:28:22 1 83 4096 2799 2.9 1.8 15 7
05:28:23 1 82 4096 2799 3.0 1.8 15 7
05:28:25 1 83 4096 2799 2.9 1.8 15 7
05:28:26 1 83 4096 2799 2.9 1.8 15 7
05:28:27 1 82 4096 2799 3.0 1.8 15 7
05:28:28 1 83 4096 2799 2.9 1.8 15 7
05:28:29 1 82 4096 2799 3.0 1.8 15 7
05:28:30 1 82 4096 2799 3.0 1.8 15 7
05:28:31 1 83 4096 2799 2.9 1.8 15 7
05:28:32 1 82 4096 2799 3.0 1.8 15 7
05:28:33 1 83 4096 2799 2.9 1.8 15 7
05:28:34 1 83 4096 2799 2.9 1.8 15 7
05:28:35 1 82 4096 2799 3.0 1.8 15 7
05:28:36 1 82 4096 2799 3.1 1.8 15 7
05:28:38 1 83 4096 2799 2.9 1.8 15 7
05:28:39 1 82 4096 2799 3.2 1.8 15 7
05:28:40 1 83 4096 2799 2.9 1.8 15 7
05:28:41 1 83 4096 2799 2.9 1.8 15 7
05:28:42 1 82 4096 2799 3.0 1.8 15 7
05:28:43 1 83 4096 2799 2.9 1.8 15 7
05:28:44 1 82 4096 2799 3.0 1.8 15 7
05:28:45 1 82 4096 2799 3.0 1.8 15 7
05:28:46 1 83 4096 2799 2.9 1.8 15 7
05:28:47 1 82 4096 2799 3.0 1.8 15 7
05:28:48 1 83 4096 2799 2.9 1.8 15 7
05:28:49 1 83 4096 2799 2.9 1.8 15 7
05:28:51 1 82 4096 2799 3.2 1.8 15 7
05:28:52 1 83 4096 2799 2.9 1.8 15 7
05:28:53 1 83 4096 2799 3.0 1.8 15 7
05:28:54 1 82 4096 2799 3.0 1.8 15 7
05:28:55 1 83 4096 2799 2.9 1.8 15 7
05:28:56 1 82 4096 2799 3.0 1.8 15 7
05:28:57 1 82 4096 2799 3.0 1.8 15 7
05:28:58 1 83 4096 2799 2.9 1.8 15 7
05:28:59 1 82 4096 2799 3.0 1.8 15 7
05:29:00 1 83 4096 2799 2.9 1.8 15 7
05:29:01 1 83 4096 2799 2.9 1.8 15 7
05:29:02 1 82 4096 2799 3.1 1.8 15 7
05:29:03 1 83 4096 2799 2.9 1.8 15 7
05:29:05 1 83 4096 2799 2.9 1.8 15 7
05:29:06 1 82 4096 2799 3.1 1.8 15 7
05:29:07 1 83 4096 2799 2.9 1.8 15 7
05:29:08 1 83 4096 2799 2.9 2.1 15 7
05:29:09 1 83 4096 2799 3.0 1.9 16 7
