time pressure_lvl free_pct swap_total_MB swap_used_MB wired_GB child_rss_GB disk_int_GB disk_ssd_GB
06:41:43 1 83 4096 2767 2.9 0.0 16 6
06:41:44 1 83 4096 2767 3.1 2.4 16 6
06:41:46 1 82 4096 2767 2.9 7.6 16 6
06:41:47 1 75 4096 2767 2.9 7.2 16 6
06:41:48 1 61 4096 2767 3.1 5.3 16 6
06:41:49 1 59 4096 2767 2.9 6.5 16 6
06:41:50 1 58 4096 2767 2.9 6.2 16 6
06:41:51 1 56 4096 2767 3.1 5.9 16 6
06:41:52 1 56 4096 2767 2.9 5.6 16 6
06:41:53 1 56 4096 2767 3.1 5.6 16 6
06:41:54 1 56 4096 2767 3.0 5.6 16 6
06:41:55 1 56 4096 2767 2.9 5.6 16 6
06:41:56 1 56 4096 2767 3.1 5.6 16 6
06:41:57 1 56 4096 2767 2.9 5.6 16 6
06:41:58 1 56 4096 2767 3.0 5.6 16 6
06:41:59 1 57 4096 2767 3.1 5.9 16 6
06:42:01 1 63 4096 2767 2.9 7.0 16 6
06:42:02 1 64 4096 2767 2.9 8.3 16 6
06:42:03 1 63 4096 2767 3.2 8.3 15 6
06:42:04 1 63 4096 2767 3.1 8.3 15 6
06:42:05 1 63 4096 2767 3.1 8.3 15 6
06:42:06 1 64 4096 2767 3.1 8.3 15 6
06:42:07 1 64 4096 2767 2.8 8.3 15 6
06:42:08 1 64 4096 2767 3.1 8.3 14 6
06:42:09 1 64 4096 2767 3.1 8.3 14 6
06:42:10 1 64 4096 2767 2.8 8.3 14 6
06:42:11 1 64 4096 2767 3.1 8.3 14 6
06:42:12 1 64 4096 2767 2.8 8.3 14 6
06:42:13 1 64 4096 2767 3.0 8.3 14 6
06:42:14 1 64 4096 2767 3.1 8.3 14 6
06:42:15 1 64 4096 2767 3.0 8.3 13 6
06:42:16 1 64 4096 2767 2.8 8.3 13 6
06:42:17 1 58 4096 2767 3.1 6.5 13 6
06:42:19 1 58 4096 2767 2.8 6.3 13 6
06:42:20 1 57 4096 2767 3.0 6.3 13 6
06:42:21 1 54 4096 2767 3.1 5.4 13 6
06:42:22 1 54 4096 2767 3.0 5.5 12 6
06:42:23 1 54 4096 2767 3.0 5.5 12 6
06:42:24 1 55 4096 2767 3.1 5.4 12 6
