time pressure_lvl free_pct swap_total_MB swap_used_MB wired_GB child_rss_GB disk_int_GB disk_ssd_GB
20:02:44 1 80 4096 3613 2.8 0.0 15 9
20:02:45 1 80 4096 3613 2.8 0.1 15 9
20:02:46 1 80 4096 3613 2.8 0.3 15 9
20:02:47 1 80 4096 3613 2.8 0.4 15 9
20:02:48 1 79 4096 3613 2.8 0.5 15 9
20:02:49 1 79 4096 3613 2.8 1.6 15 9
20:02:50 1 79 4096 3613 2.8 1.8 15 9
20:02:51 1 79 4096 3613 2.8 2.4 15 9
20:02:52 1 79 4096 3613 2.8 2.8 15 9
20:02:54 1 79 4096 3613 2.8 2.8 15 9
20:02:55 1 79 4096 3613 2.8 2.8 15 9
20:02:56 1 79 4096 3613 2.8 2.8 15 9
20:02:57 1 79 4096 3613 2.8 2.8 15 9
20:02:58 1 79 4096 3613 2.8 2.3 15 9
20:02:59 1 79 4096 3613 2.8 2.3 15 9
20:03:00 1 79 4096 3613 2.8 2.4 15 9
20:03:01 1 79 4096 3613 2.8 2.5 15 9
20:03:02 1 79 4096 3613 2.8 2.5 15 9
20:03:03 1 79 4096 3613 2.9 2.3 15 9
20:03:04 1 79 4096 3613 2.9 2.6 15 9
20:03:05 1 79 4096 3613 2.9 2.6 15 9
20:03:06 1 79 4096 3613 3.0 2.6 15 9
20:03:07 1 79 4096 3613 2.9 2.6 15 9
20:03:08 1 80 4096 3613 2.8 2.6 15 9
20:03:09 1 79 4096 3613 2.9 2.6 15 9
20:03:10 1 80 4096 3613 2.8 2.6 15 9
20:03:12 1 80 4096 3613 2.8 2.6 15 9
20:03:13 1 80 4096 3613 2.8 2.6 15 9
20:03:14 1 79 4096 3613 2.8 2.6 15 9
20:03:15 1 79 4096 3613 2.8 2.6 15 9
20:03:16 1 80 4096 3613 2.8 2.6 15 9
20:03:17 1 80 4096 3613 2.8 2.6 15 9
20:03:18 1 80 4096 3613 2.8 2.6 15 9
20:03:19 1 80 4096 3613 2.8 2.6 15 9
20:03:20 1 80 4096 3613 2.8 2.6 15 9
20:03:21 1 80 4096 3613 2.8 2.6 15 9
20:03:22 1 80 4096 3613 2.8 2.6 15 9
20:03:23 1 80 4096 3613 2.8 2.6 15 9
20:03:24 1 80 4096 3613 2.8 2.6 15 9
20:03:25 1 80 4096 3613 2.8 2.6 15 9
20:03:27 1 80 4096 3613 2.8 2.6 15 9
20:03:28 1 80 4096 3613 2.8 2.6 15 9
20:03:29 1 80 4096 3613 2.8 2.6 15 9
20:03:30 1 80 4096 3613 2.8 2.6 15 9
20:03:31 1 80 4096 3613 2.8 2.6 15 9
20:03:32 1 80 4096 3613 2.8 2.6 15 9
20:03:33 1 80 4096 3613 2.8 2.6 15 9
20:03:34 1 80 4096 3613 2.8 2.6 15 9
20:03:35 1 80 4096 3613 2.8 2.6 15 9
20:03:36 1 80 4096 3613 2.8 2.6 15 9
20:03:37 1 80 4096 3613 2.8 2.6 15 9
20:03:38 1 80 4096 3613 2.8 2.6 15 9
20:03:39 1 80 4096 3613 2.8 2.6 15 9
20:03:40 1 80 4096 3613 2.8 2.6 15 9
20:03:42 1 80 4096 3613 2.8 2.6 15 9
20:03:43 1 80 4096 3613 2.8 2.6 15 9
20:03:44 1 80 4096 3613 2.8 2.6 15 9
20:03:45 1 80 4096 3613 2.8 2.6 15 9
20:03:46 1 80 4096 3613 2.8 2.6 15 9
20:03:47 1 80 4096 3613 2.8 2.6 15 9
20:03:48 1 80 4096 3613 2.8 2.6 15 9
20:03:49 1 80 4096 3613 2.8 2.6 15 9
20:03:50 1 80 4096 3613 2.8 2.6 15 9
20:03:51 1 80 4096 3613 2.8 2.6 15 9
20:03:52 1 80 4096 3613 2.9 2.6 15 9
20:03:53 1 80 4096 3613 2.9 2.6 15 9
20:03:54 1 80 4096 3613 2.9 2.6 15 9
20:03:55 1 80 4096 3613 2.9 2.6 15 9
20:03:56 1 80 4096 3613 2.8 2.6 15 9
20:03:58 1 80 4096 3613 2.8 2.6 15 9
20:03:59 1 80 4096 3613 2.8 2.6 15 9
20:04:00 1 80 4096 3613 2.8 2.6 15 9
20:04:01 1 80 4096 3613 2.8 2.6 15 9
20:04:02 1 80 4096 3613 2.8 2.6 15 9
20:04:03 1 80 4096 3613 2.8 2.6 15 9
20:04:04 1 80 4096 3613 2.8 2.6 15 9
20:04:05 1 80 4096 3613 2.8 2.6 15 9
20:04:06 1 80 4096 3613 2.8 2.6 15 9
20:04:07 1 80 4096 3613 2.8 2.6 15 9
20:04:08 1 80 4096 3613 2.8 2.6 15 9
20:04:09 1 80 4096 3613 2.8 2.6 15 9
20:04:10 1 80 4096 3613 2.8 2.6 15 9
20:04:11 1 80 4096 3613 2.9 2.6 15 9
20:04:13 1 80 4096 3613 2.9 2.6 15 9
20:04:14 1 80 4096 3613 2.9 2.6 15 9
20:04:15 1 80 4096 3613 2.9 2.6 15 9
20:04:16 1 80 4096 3613 2.9 2.6 15 9
20:04:17 1 80 4096 3613 2.9 2.6 15 9
20:04:18 1 80 4096 3613 2.9 2.6 15 9
20:04:19 1 80 4096 3613 2.9 2.6 15 9
20:04:20 1 80 4096 3613 2.8 2.6 15 9
20:04:21 1 80 4096 3613 2.8 2.6 15 9
20:04:22 1 80 4096 3613 2.8 2.6 15 9
20:04:23 1 80 4096 3613 2.8 2.6 15 9
20:04:24 1 80 4096 3613 2.8 2.6 15 9
20:04:25 1 80 4096 3613 2.8 2.6 15 9
20:04:27 1 80 4096 3613 2.8 2.6 15 9
20:04:28 1 80 4096 3613 2.8 2.6 15 9
20:04:29 1 80 4096 3613 2.8 2.6 15 9
20:04:30 1 80 4096 3613 2.8 2.6 15 9
20:04:31 1 80 4096 3613 2.8 2.6 15 9
20:04:32 1 80 4096 3613 2.8 2.6 15 9
20:04:33 1 80 4096 3613 2.8 2.6 15 9
20:04:34 1 80 4096 3613 2.8 2.6 15 9
20:04:35 1 80 4096 3613 2.8 2.6 15 9
20:04:36 1 80 4096 3613 2.8 2.6 15 9
20:04:37 1 80 4096 3613 2.8 2.6 15 9
20:04:38 1 80 4096 3613 2.8 2.6 15 9
20:04:39 1 80 4096 3613 2.8 2.6 15 9
20:04:40 1 80 4096 3613 2.8 2.6 15 9
20:04:41 1 80 4096 3613 2.8 2.6 15 9
20:04:43 1 80 4096 3613 2.8 2.6 15 9
20:04:44 1 80 4096 3613 2.8 2.6 15 9
20:04:45 1 80 4096 3613 2.8 2.6 15 9
20:04:46 1 80 4096 3613 2.8 2.6 15 9
20:04:47 1 80 4096 3613 2.8 2.6 15 9
20:04:48 1 80 4096 3613 2.8 2.6 15 9
20:04:49 1 80 4096 3613 2.8 2.6 15 9
20:04:50 1 80 4096 3613 2.9 2.6 15 9
20:04:51 1 80 4096 3613 2.9 2.6 15 9
20:04:52 1 80 4096 3613 2.9 2.6 15 9
20:04:53 1 80 4096 3613 2.9 2.6 15 9
20:04:54 1 80 4096 3613 2.9 2.6 15 9
20:04:55 1 80 4096 3613 2.9 2.6 15 9
20:04:57 1 80 4096 3613 2.9 2.6 15 9
20:04:58 1 80 4096 3613 2.9 2.6 15 9
20:04:59 1 80 4096 3613 2.8 2.6 15 9
20:05:00 1 80 4096 3613 2.8 2.6 15 9
20:05:01 1 80 4096 3613 2.8 2.6 15 9
20:05:02 1 80 4096 3613 2.8 2.6 15 9
20:05:03 1 80 4096 3613 2.8 2.6 15 9
20:05:04 1 80 4096 3613 2.8 2.6 15 9
20:05:05 1 79 4096 3613 2.8 2.6 15 9
20:05:06 1 79 4096 3613 2.8 2.6 15 9
20:05:07 1 79 4096 3613 2.8 2.6 15 9
20:05:08 1 79 4096 3613 2.8 2.6 15 9
20:05:09 1 79 4096 3613 2.8 2.6 15 9
20:05:11 1 79 4096 3613 2.8 2.6 15 9
20:05:12 1 81 4096 3613 2.8 2.6 15 9
20:05:13 1 81 4096 3613 2.8 2.6 15 9
20:05:14 1 81 4096 3613 2.9 2.6 15 9
20:05:15 1 81 4096 3613 2.9 2.6 15 9
20:05:16 1 81 4096 3613 2.9 2.6 15 9
20:05:17 1 81 4096 3613 2.9 2.6 15 9
20:05:18 1 81 4096 3613 2.9 2.6 15 9
20:05:19 1 81 4096 3613 2.9 2.6 15 9
20:05:20 1 81 4096 3613 2.9 2.6 15 9
20:05:21 1 81 4096 3613 2.9 2.6 15 9
20:05:22 1 81 4096 3613 2.9 2.6 15 9
20:05:23 1 81 4096 3613 2.9 2.6 15 9
20:05:25 1 81 4096 3613 2.8 2.6 15 9
20:05:26 1 81 4096 3613 2.8 2.6 15 9
20:05:27 1 81 4096 3613 2.9 2.6 15 9
20:05:28 1 81 4096 3613 2.9 2.6 15 9
20:05:29 1 81 4096 3613 2.9 2.6 15 9
20:05:30 1 81 4096 3613 2.9 2.6 15 9
20:05:31 1 81 4096 3613 2.9 2.6 15 9
20:05:32 1 81 4096 3613 2.9 2.6 15 9
20:05:33 1 81 4096 3613 2.9 2.6 15 9
20:05:34 1 81 4096 3613 2.9 2.6 15 9
20:05:35 1 81 4096 3613 2.9 2.6 15 9
20:05:36 1 81 4096 3613 2.9 2.6 15 9
20:05:38 1 81 4096 3613 2.9 2.6 15 9
20:05:39 1 80 4096 3613 2.9 2.6 15 9
20:05:40 1 80 4096 3613 2.9 2.6 15 9
20:05:41 1 80 4096 3613 2.9 2.6 15 9
20:05:42 1 80 4096 3613 2.9 2.6 15 9
20:05:43 1 80 4096 3613 2.9 2.6 15 9
20:05:44 1 80 4096 3613 2.9 2.6 15 9
20:05:45 1 80 4096 3613 2.9 2.6 15 9
20:05:46 1 80 4096 3613 2.9 2.6 15 9
20:05:47 1 80 4096 3613 2.9 2.6 15 9
20:05:48 1 80 4096 3613 2.9 2.6 15 9
20:05:49 1 80 4096 3613 2.8 2.6 15 9
20:05:50 1 80 4096 3613 2.9 2.6 15 9
20:05:52 1 80 4096 3613 2.8 2.6 15 9
20:05:53 1 80 4096 3613 2.8 2.6 15 9
20:05:54 1 80 4096 3613 2.9 2.6 15 9
20:05:55 1 80 4096 3613 2.8 2.6 15 9
20:05:56 1 80 4096 3613 2.9 2.6 15 9
20:05:57 1 80 4096 3613 2.8 2.6 15 9
20:05:58 1 80 4096 3613 2.9 2.6 15 9
20:05:59 1 80 4096 3613 2.8 2.6 15 9
20:06:00 1 80 4096 3613 2.8 2.6 15 9
20:06:01 1 80 4096 3613 2.8 2.6 15 9
20:06:02 1 80 4096 3613 2.8 2.6 15 9
20:06:03 1 80 4096 3613 2.8 2.6 15 9
20:06:04 1 80 4096 3613 2.8 2.6 15 9
20:06:05 1 80 4096 3613 2.8 2.6 15 9
20:06:07 1 80 4096 3613 2.8 2.6 15 9
20:06:08 1 80 4096 3613 2.8 2.6 15 9
20:06:09 1 80 4096 3613 2.8 2.6 15 9
20:06:10 1 80 4096 3613 2.8 2.6 15 9
20:06:11 1 80 4096 3613 2.8 2.6 15 9
20:06:12 1 80 4096 3613 2.8 2.6 15 9
20:06:13 1 80 4096 3613 2.8 2.6 15 9
20:06:14 1 80 4096 3613 2.9 2.6 15 9
20:06:15 1 80 4096 3613 2.9 2.6 15 9
20:06:16 1 80 4096 3613 2.9 2.6 15 9
20:06:17 1 80 4096 3613 2.9 2.6 15 9
20:06:18 1 80 4096 3613 2.9 2.6 15 9
20:06:19 1 80 4096 3613 2.9 2.6 15 9
20:06:20 1 80 4096 3613 2.9 2.6 15 9
20:06:22 1 80 4096 3613 2.9 2.6 15 9
20:06:23 1 80 4096 3613 2.9 2.6 15 9
20:06:24 1 80 4096 3613 2.9 2.6 15 9
20:06:25 1 80 4096 3613 2.9 2.6 15 9
20:06:26 1 80 4096 3613 2.9 2.6 15 9
20:06:27 1 80 4096 3613 2.9 2.6 15 9
20:06:28 1 80 4096 3613 2.9 2.6 15 9
20:06:29 1 80 4096 3613 2.9 2.6 15 9
20:06:30 1 80 4096 3613 2.9 2.6 15 9
20:06:31 1 80 4096 3613 2.9 2.6 15 9
20:06:32 1 80 4096 3613 2.9 2.6 15 9
20:06:33 1 80 4096 3613 2.9 2.6 15 9
20:06:34 1 80 4096 3613 2.9 2.6 15 9
20:06:36 1 80 4096 3613 2.9 2.6 15 9
20:06:37 1 80 4096 3613 2.9 2.6 15 9
20:06:38 1 80 4096 3613 2.9 2.6 15 9
20:06:39 1 80 4096 3613 2.9 2.6 15 9
20:06:40 1 80 4096 3613 2.9 2.6 15 9
20:06:41 1 80 4096 3613 2.9 2.6 15 9
20:06:42 1 80 4096 3613 2.9 2.6 15 9
20:06:43 1 80 4096 3613 2.9 2.6 15 9
20:06:44 1 80 4096 3613 2.9 2.6 15 9
20:06:45 1 80 4096 3613 2.9 2.6 15 9
20:06:46 1 80 4096 3613 2.9 2.6 15 9
20:06:47 1 80 4096 3613 2.9 2.6 15 9
20:06:48 1 80 4096 3613 2.9 2.6 15 9
20:06:49 1 80 4096 3613 2.9 2.6 15 9
20:06:51 1 80 4096 3613 2.9 2.6 15 9
20:06:52 1 80 4096 3613 2.9 2.6 15 9
20:06:53 1 80 4096 3613 2.9 2.6 15 9
20:06:54 1 80 4096 3613 2.9 2.6 15 9
20:06:55 1 80 4096 3613 2.9 2.6 15 9
20:06:56 1 80 4096 3613 2.9 2.6 15 9
20:06:57 1 80 4096 3613 2.9 2.6 15 9
20:06:58 1 80 4096 3613 2.9 2.6 15 9
20:06:59 1 80 4096 3613 2.9 2.6 15 9
20:07:00 1 80 4096 3613 2.9 2.6 15 9
20:07:01 1 80 4096 3613 2.9 2.6 15 9
20:07:02 1 80 4096 3613 2.9 2.6 15 9
20:07:03 1 80 4096 3613 2.9 2.6 15 9
20:07:05 1 80 4096 3613 2.9 2.6 15 9
20:07:06 1 80 4096 3613 2.9 2.6 15 9
20:07:07 1 80 4096 3613 2.9 2.6 15 9
20:07:08 1 80 4096 3613 2.9 2.6 15 9
20:07:09 1 80 4096 3613 2.9 2.6 15 9
20:07:10 1 80 4096 3613 2.9 2.6 15 9
20:07:11 1 80 4096 3613 2.9 2.6 15 9
20:07:12 1 80 4096 3613 2.9 2.6 15 9
20:07:13 1 80 4096 3613 2.9 2.6 15 9
20:07:14 1 80 4096 3613 2.9 2.6 15 9
20:07:15 1 80 4096 3613 2.9 2.6 15 9
20:07:16 1 80 4096 3613 2.9 2.6 15 9
20:07:17 1 80 4096 3613 2.9 2.6 15 9
20:07:19 1 80 4096 3613 2.9 2.6 15 9
20:07:20 1 80 4096 3613 2.9 2.6 15 9
20:07:21 1 80 4096 3613 2.9 2.6 15 9
20:07:22 1 80 4096 3613 2.9 2.6 15 9
20:07:23 1 80 4096 3613 2.9 2.6 15 9
20:07:24 1 80 4096 3613 2.9 2.6 15 9
20:07:25 1 80 4096 3613 2.9 2.6 15 9
20:07:26 1 80 4096 3613 2.9 2.6 15 9
20:07:27 1 80 4096 3613 2.9 2.6 15 9
20:07:28 1 80 4096 3613 2.9 2.6 15 9
20:07:29 1 80 4096 3613 2.9 2.6 15 9
20:07:30 1 80 4096 3613 2.9 2.6 15 9
20:07:32 1 80 4096 3613 2.9 2.6 15 9
20:07:33 1 80 4096 3613 2.9 2.6 15 9
20:07:34 1 80 4096 3613 2.9 2.3 15 9
20:07:35 1 80 4096 3613 2.9 2.3 15 9
20:07:36 1 80 4096 3613 2.9 2.3 15 9
20:07:37 1 80 4096 3613 3.0 2.3 15 9
20:07:38 1 80 4096 3613 2.9 2.3 15 9
20:07:39 1 80 4096 3613 2.9 2.3 15 9
20:07:40 1 80 4096 3613 2.9 2.3 15 9
20:07:41 1 80 4096 3613 2.9 2.3 15 9
20:07:42 1 80 4096 3613 2.9 2.3 15 9
20:07:43 1 80 4096 3613 2.9 2.3 15 9
20:07:45 1 80 4096 3613 2.9 2.3 15 9
20:07:46 1 81 4096 3613 2.8 2.3 15 9
20:07:47 1 80 4096 3613 2.9 2.3 15 9
20:07:48 1 80 4096 3613 3.0 2.3 15 9
20:07:49 1 81 4096 3613 2.8 2.3 15 9
20:07:50 1 80 4096 3613 2.8 2.3 15 9
20:07:51 1 80 4096 3613 2.8 2.3 15 9
20:07:52 1 80 4096 3613 2.8 2.3 15 9
20:07:53 1 81 4096 3613 2.8 2.3 15 9
20:07:54 1 81 4096 3613 2.8 2.3 15 9
20:07:55 1 81 4096 3613 2.8 2.3 15 9
20:07:56 1 80 4096 3613 2.9 1.8 15 9
20:07:58 1 80 4096 3613 2.9 1.8 15 9
20:07:59 1 80 4096 3613 2.9 1.8 15 9
20:08:00 1 80 4096 3613 2.9 1.8 15 9
20:08:01 1 80 4096 3613 2.9 1.8 15 9
20:08:02 1 81 4096 3613 2.9 1.8 15 9
20:08:03 1 81 4096 3613 2.9 1.8 15 9
20:08:04 1 81 4096 3613 2.9 1.8 15 9
20:08:05 1 81 4096 3613 2.9 1.8 15 9
20:08:06 1 81 4096 3613 2.9 1.8 15 9
20:08:07 1 81 4096 3613 2.9 1.8 15 9
20:08:08 1 81 4096 3613 2.9 1.8 15 9
20:08:09 1 80 4096 3613 3.0 1.8 15 9
20:08:10 1 81 4096 3613 2.9 1.8 15 9
20:08:12 1 81 4096 3613 2.8 1.8 15 9
20:08:13 1 81 4096 3613 2.9 1.8 15 9
20:08:14 1 80 4096 3613 2.9 1.8 15 9
20:08:15 1 81 4096 3613 2.8 1.8 15 9
20:08:16 1 81 4096 3613 2.8 1.8 15 9
20:08:17 1 81 4096 3613 2.8 1.8 15 9
20:08:18 1 81 4096 3613 2.9 1.8 15 9
20:08:19 1 81 4096 3605 2.9 1.8 15 9
20:08:20 1 81 4096 3605 2.9 1.8 15 9
20:08:21 1 81 4096 3605 2.9 1.8 15 9
20:08:22 1 81 4096 3605 2.9 1.8 15 9
20:08:23 1 81 4096 3605 2.9 1.8 15 9
20:08:24 1 81 4096 3605 2.9 1.8 15 9
20:08:26 1 81 4096 3605 2.9 1.8 15 9
20:08:27 1 81 4096 3605 2.9 1.8 15 9
20:08:28 1 81 4096 3605 2.9 1.8 15 9
20:08:29 1 81 4096 3605 2.9 1.8 15 9
20:08:30 1 81 4096 3605 2.9 1.8 15 9
20:08:31 1 81 4096 3605 2.9 1.8 15 9
20:08:32 1 81 4096 3605 2.9 1.8 15 9
20:08:33 1 81 4096 3605 2.9 1.8 15 9
20:08:34 1 81 4096 3605 2.9 1.8 15 9
20:08:35 1 81 4096 3605 2.9 1.8 15 9
20:08:36 1 81 4096 3605 2.9 1.8 15 9
20:08:37 1 81 4096 3605 2.9 1.8 15 9
20:08:38 1 81 4096 3605 2.9 1.8 15 9
20:08:39 1 81 4096 3605 2.9 1.8 15 9
20:08:41 1 81 4096 3605 2.9 1.8 15 9
20:08:42 1 81 4096 3605 2.9 1.8 15 9
20:08:43 1 81 4096 3605 2.9 1.8 15 9
20:08:44 1 81 4096 3605 2.9 1.8 15 9
20:08:45 1 81 4096 3605 2.9 1.8 15 9
20:08:46 1 81 4096 3605 2.9 1.8 15 9
20:08:47 1 81 4096 3605 2.9 1.8 15 9
20:08:48 1 81 4096 3605 2.9 1.8 15 9
20:08:49 1 81 4096 3605 2.9 1.8 15 9
20:08:50 1 81 4096 3605 2.9 1.8 15 9
20:08:51 1 81 4096 3605 2.9 1.8 15 9
20:08:52 1 81 4096 3605 2.9 1.8 15 9
20:08:53 1 81 4096 3605 2.9 1.8 15 9
20:08:54 1 81 4096 3605 2.9 1.8 15 9
20:08:56 1 81 4096 3605 2.9 1.8 15 9
20:08:57 1 81 4096 3605 2.9 1.8 15 9
20:08:58 1 81 4096 3605 2.9 1.8 15 9
20:08:59 1 81 4096 3605 2.9 1.8 15 9
20:09:00 1 81 4096 3605 2.9 1.8 15 9
20:09:01 1 81 4096 3605 2.9 1.8 15 9
20:09:02 1 81 4096 3605 2.9 1.8 15 9
20:09:03 1 81 4096 3605 2.9 1.8 15 9
20:09:04 1 81 4096 3605 2.9 1.8 15 9
20:09:05 1 81 4096 3605 2.9 1.8 15 9
20:09:06 1 81 4096 3605 2.9 1.8 15 9
20:09:07 1 81 4096 3605 2.9 1.8 15 9
20:09:08 1 81 4096 3605 2.9 1.8 15 9
20:09:10 1 81 4096 3605 2.9 1.8 15 9
20:09:11 1 81 4096 3605 2.9 1.8 15 9
20:09:12 1 81 4096 3605 2.9 1.8 15 9
20:09:13 1 81 4096 3605 2.9 1.8 15 9
20:09:14 1 81 4096 3605 2.9 1.8 15 9
20:09:15 1 81 4096 3605 2.9 1.5 15 9
20:09:16 1 81 4096 3605 2.9 1.5 15 9
20:09:17 1 81 4096 3605 2.9 1.5 15 9
20:09:18 1 81 4096 3605 2.9 1.5 15 9
20:09:19 1 81 4096 3605 2.8 1.5 15 9
20:09:20 1 81 4096 3605 2.8 1.5 15 9
20:09:21 1 81 4096 3605 2.8 1.5 15 9
20:09:22 1 81 4096 3605 2.9 1.5 15 9
20:09:23 1 81 4096 3605 2.8 1.5 15 9
20:09:25 1 81 4096 3605 2.8 1.5 15 9
20:09:26 1 81 4096 3605 2.8 1.5 15 9
20:09:27 1 81 4096 3605 2.8 1.5 15 9
20:09:28 1 81 4096 3605 2.8 1.5 15 9
20:09:29 1 81 4096 3605 2.8 1.5 15 9
20:09:30 1 81 4096 3605 2.8 1.5 15 9
20:09:31 1 81 4096 3605 2.8 1.5 15 9
20:09:32 1 81 4096 3605 2.8 1.5 15 9
20:09:33 1 81 4096 3605 2.8 1.5 15 9
20:09:34 1 81 4096 3605 2.8 1.5 15 9
20:09:35 1 81 4096 3605 2.8 1.5 15 9
20:09:36 1 81 4096 3605 2.8 1.5 15 9
20:09:37 1 81 4096 3605 2.8 1.5 15 9
20:09:38 1 81 4096 3605 2.8 1.5 15 9
20:09:39 1 81 4096 3605 2.8 1.5 15 9
20:09:41 1 81 4096 3605 2.8 1.5 15 9
20:09:42 1 81 4096 3605 2.8 1.5 15 9
20:09:43 1 81 4096 3605 2.8 1.5 15 9
20:09:44 1 81 4096 3605 2.8 1.5 15 9
20:09:45 1 81 4096 3605 2.8 1.5 15 9
20:09:46 1 81 4096 3605 2.8 1.5 15 9
20:09:47 1 81 4096 3605 2.8 1.5 15 9
20:09:48 1 81 4096 3605 2.8 1.5 15 9
20:09:49 1 81 4096 3605 2.8 1.5 15 9
20:09:50 1 81 4096 3605 2.8 1.5 15 9
20:09:51 1 81 4096 3605 2.8 1.5 15 9
20:09:52 1 81 4096 3605 2.9 1.5 15 9
20:09:53 1 81 4096 3605 2.9 1.5 15 9
20:09:54 1 81 4096 3605 2.9 1.5 15 9
20:09:56 1 81 4096 3605 2.9 1.5 15 9
20:09:57 1 81 4096 3605 2.9 1.5 15 9
20:09:58 1 81 4096 3605 2.9 1.5 15 9
20:09:59 1 81 4096 3605 2.9 1.5 15 9
20:10:00 1 81 4096 3605 2.9 1.5 15 9
20:10:01 1 81 4096 3605 2.9 1.5 15 9
20:10:02 1 81 4096 3605 2.9 1.5 15 9
20:10:03 1 81 4096 3605 2.9 1.5 15 9
20:10:04 1 81 4096 3605 2.9 1.5 15 9
20:10:05 1 81 4096 3605 2.9 1.5 15 9
20:10:06 1 81 4096 3605 2.9 1.5 15 9
20:10:07 1 81 4096 3605 2.9 1.5 15 9
20:10:08 1 81 4096 3605 2.9 1.5 15 9
20:10:10 1 81 4096 3605 2.9 1.5 15 9
20:10:11 1 81 4096 3605 2.9 1.5 15 9
20:10:12 1 81 4096 3605 2.9 1.5 15 9
20:10:13 1 81 4096 3605 2.9 1.5 15 9
20:10:14 1 81 4096 3605 2.9 1.5 15 9
20:10:15 1 81 4096 3605 2.8 1.5 15 9
20:10:16 1 81 4096 3605 2.8 1.5 15 9
20:10:17 1 81 4096 3605 2.8 1.5 15 9
20:10:18 1 81 4096 3605 2.8 1.5 15 9
20:10:19 1 81 4096 3605 2.8 1.5 15 9
20:10:20 1 81 4096 3605 2.8 1.5 15 9
20:10:21 1 81 4096 3605 2.8 1.5 15 9
20:10:22 1 81 4096 3605 2.8 1.5 15 9
20:10:23 1 81 4096 3605 2.8 1.5 15 9
20:10:25 1 81 4096 3605 2.8 1.5 15 9
20:10:26 1 81 4096 3605 2.8 1.5 15 9
20:10:27 1 81 4096 3605 2.8 1.5 15 9
20:10:28 1 81 4096 3605 2.8 1.5 15 9
20:10:29 1 81 4096 3605 2.8 1.5 15 9
20:10:30 1 81 4096 3605 2.8 1.5 15 9
20:10:31 1 81 4096 3605 2.8 1.5 15 9
20:10:32 1 81 4096 3605 2.8 1.5 15 9
20:10:33 1 81 4096 3605 2.8 1.5 15 9
20:10:34 1 81 4096 3605 2.8 1.5 15 9
20:10:35 1 81 4096 3605 2.8 1.5 15 9
20:10:36 1 81 4096 3605 2.8 1.5 15 9
20:10:37 1 81 4096 3605 2.8 1.5 15 9
20:10:39 1 81 4096 3605 2.8 1.5 15 9
20:10:40 1 81 4096 3605 2.8 1.5 15 9
20:10:41 1 81 4096 3605 2.8 1.5 15 9
20:10:42 1 81 4096 3605 2.8 1.5 15 9
20:10:43 1 81 4096 3605 2.8 1.5 15 9
20:10:44 1 81 4096 3605 2.8 1.5 15 9
20:10:45 1 81 4096 3605 2.8 1.5 15 9
20:10:46 1 81 4096 3605 2.8 1.5 15 9
20:10:47 1 81 4096 3605 2.8 1.5 15 9
20:10:48 1 81 4096 3605 2.8 1.5 15 9
20:10:49 1 81 4096 3605 2.8 1.5 15 9
20:10:50 1 81 4096 3605 2.8 1.5 15 9
20:10:51 1 81 4096 3605 2.8 1.5 15 9
20:10:52 1 81 4096 3605 2.8 1.5 15 9
20:10:54 1 81 4096 3605 2.9 1.5 15 9
20:10:55 1 81 4096 3605 2.9 1.5 15 9
20:10:56 1 81 4096 3605 2.9 1.5 15 9
20:10:57 1 81 4096 3605 2.9 1.5 15 9
20:10:58 1 81 4096 3605 2.9 1.5 15 9
20:10:59 1 81 4096 3605 2.9 1.5 15 9
20:11:00 1 81 4096 3605 2.9 1.5 15 9
20:11:01 1 81 4096 3605 2.9 1.5 15 9
20:11:02 1 81 4096 3605 2.9 1.5 15 9
20:11:03 1 81 4096 3605 2.9 1.5 15 9
20:11:04 1 81 4096 3605 2.9 1.5 15 9
20:11:05 1 81 4096 3605 2.9 1.5 15 9
20:11:06 1 81 4096 3605 2.9 1.5 15 9
20:11:07 1 81 4096 3605 2.9 1.5 15 9
20:11:08 1 81 4096 3605 2.9 1.5 15 9
20:11:10 1 81 4096 3605 2.9 1.5 15 9
20:11:11 1 81 4096 3605 2.9 1.5 15 9
20:11:12 1 81 4096 3605 2.9 1.5 15 9
20:11:13 1 81 4096 3605 2.9 1.5 15 9
20:11:14 1 81 4096 3605 2.9 1.5 15 9
20:11:15 1 81 4096 3605 2.9 1.5 15 9
20:11:16 1 81 4096 3605 2.9 1.5 15 9
20:11:17 1 81 4096 3605 2.9 1.5 15 9
20:11:18 1 81 4096 3605 2.9 1.5 15 9
20:11:19 1 81 4096 3605 2.9 1.5 15 9
20:11:20 1 81 4096 3605 2.9 1.5 15 9
20:11:21 1 81 4096 3605 2.9 1.5 15 9
20:11:22 1 81 4096 3605 2.9 1.5 15 9
20:11:23 1 81 4096 3605 2.9 1.5 15 9
20:11:25 1 81 4096 3605 2.9 1.5 15 9
20:11:26 1 81 4096 3605 2.9 1.5 15 9
20:11:27 1 81 4096 3605 2.9 1.5 15 9
20:11:28 1 81 4096 3605 2.9 1.5 15 9
20:11:29 1 81 4096 3605 2.9 1.5 15 9
20:11:30 1 81 4096 3605 2.9 1.5 15 9
20:11:31 1 82 4096 3605 2.9 1.5 15 9
20:11:32 1 82 4096 3605 2.9 1.5 15 9
20:11:33 1 82 4096 3605 2.9 1.5 15 9
20:11:34 1 82 4096 3605 2.9 1.5 15 9
20:11:35 1 82 4096 3605 2.9 1.5 15 9
20:11:36 1 82 4096 3605 2.9 1.5 15 9
20:11:37 1 82 4096 3605 2.9 1.5 15 9
20:11:39 1 82 4096 3605 2.9 1.5 15 9
20:11:40 1 82 4096 3605 2.9 1.5 15 9
20:11:41 1 82 4096 3605 2.9 1.5 15 9
20:11:42 1 82 4096 3605 2.9 1.5 15 9
20:11:43 1 82 4096 3605 2.9 1.5 15 9
20:11:44 1 82 4096 3605 2.9 1.5 15 9
20:11:45 1 82 4096 3605 2.9 1.5 15 9
20:11:46 1 82 4096 3605 2.9 1.5 15 9
20:11:47 1 82 4096 3605 2.9 1.5 15 9
20:11:48 1 82 4096 3605 2.9 1.5 15 9
20:11:49 1 82 4096 3605 2.9 1.5 15 9
20:11:50 1 82 4096 3605 2.9 1.5 15 9
20:11:51 1 82 4096 3605 2.9 1.5 15 9
20:11:52 1 82 4096 3605 2.9 1.5 15 9
20:11:54 1 82 4096 3605 2.9 1.5 15 9
20:11:55 1 82 4096 3605 2.9 1.5 15 9
20:11:56 1 82 4096 3605 2.9 1.5 15 9
20:11:57 1 82 4096 3605 2.9 1.5 15 9
20:11:58 1 82 4096 3605 2.9 1.5 15 9
20:11:59 1 82 4096 3605 2.9 1.5 15 9
20:12:00 1 82 4096 3605 2.9 1.5 15 9
20:12:01 1 82 4096 3605 2.9 1.5 15 9
20:12:02 1 82 4096 3605 2.9 1.5 15 9
20:12:03 1 82 4096 3605 2.9 1.5 15 9
20:12:04 1 82 4096 3605 2.9 1.5 15 9
20:12:05 1 82 4096 3605 2.9 1.5 15 9
20:12:06 1 82 4096 3605 2.9 1.5 15 9
20:12:07 1 82 4096 3605 2.9 1.5 15 9
20:12:09 1 82 4096 3605 2.9 1.5 15 9
20:12:10 1 82 4096 3605 2.9 1.5 15 9
20:12:11 1 82 4096 3605 2.9 1.5 15 9
20:12:12 1 82 4096 3605 2.9 1.5 15 9
20:12:13 1 82 4096 3605 2.9 1.5 15 9
20:12:14 1 82 4096 3605 2.9 1.5 15 9
20:12:15 1 82 4096 3605 2.8 1.5 15 9
20:12:16 1 82 4096 3605 2.8 1.5 15 9
20:12:17 1 82 4096 3605 2.8 1.5 15 9
20:12:18 1 82 4096 3605 2.8 1.5 15 9
20:12:19 1 82 4096 3605 2.8 1.5 15 9
20:12:20 1 82 4096 3605 2.8 1.5 15 9
20:12:21 1 82 4096 3605 2.8 1.5 15 9
20:12:22 1 82 4096 3605 2.8 1.5 15 9
20:12:24 1 82 4096 3605 2.8 1.5 15 9
20:12:25 1 82 4096 3605 2.8 1.5 15 9
20:12:26 1 82 4096 3605 2.8 1.5 15 9
20:12:27 1 82 4096 3605 2.8 1.5 15 9
20:12:28 1 82 4096 3605 2.8 1.5 15 9
20:12:29 1 82 4096 3605 2.8 1.5 15 9
20:12:30 1 82 4096 3605 2.8 1.5 15 9
20:12:31 1 82 4096 3605 2.8 1.5 15 9
20:12:32 1 82 4096 3605 2.8 1.5 15 9
20:12:33 1 82 4096 3605 2.8 1.5 15 9
20:12:34 1 82 4096 3605 2.8 1.5 15 9
20:12:35 1 82 4096 3605 2.8 1.5 15 9
20:12:36 1 82 4096 3605 2.8 1.5 15 9
20:12:38 1 82 4096 3605 2.8 1.5 15 9
20:12:39 1 82 4096 3605 2.8 1.5 15 9
20:12:40 1 82 4096 3605 2.8 1.5 15 9
20:12:41 1 82 4096 3605 2.8 1.5 15 9
20:12:42 1 82 4096 3605 2.8 1.5 15 9
20:12:43 1 82 4096 3605 2.8 1.5 15 9
20:12:44 1 82 4096 3605 2.9 1.5 15 9
20:12:45 1 82 4096 3605 2.8 1.5 15 9
20:12:46 1 82 4096 3605 2.8 1.5 15 9
20:12:47 1 82 4096 3605 2.8 1.5 15 9
20:12:48 1 82 4096 3605 2.8 1.5 15 9
20:12:49 1 82 4096 3605 2.8 1.5 15 9
20:12:50 1 82 4096 3605 2.8 1.5 15 9
20:12:52 1 82 4096 3605 2.8 1.5 15 9
20:12:53 1 82 4096 3605 2.8 1.5 15 9
20:12:54 1 82 4096 3605 2.8 1.5 15 9
20:12:55 1 82 4096 3605 2.9 1.5 15 9
20:12:56 1 82 4096 3605 2.9 1.5 15 9
20:12:57 1 82 4096 3605 2.9 1.5 15 9
20:12:58 1 82 4096 3605 2.9 1.5 15 9
20:12:59 1 82 4096 3605 2.9 1.5 15 9
20:13:00 1 82 4096 3605 2.9 1.5 15 9
20:13:01 1 82 4096 3605 2.9 1.5 15 9
20:13:02 1 82 4096 3605 2.9 1.5 15 9
20:13:03 1 82 4096 3605 2.9 1.5 15 9
20:13:04 1 82 4096 3605 2.9 1.5 15 9
20:13:05 1 82 4096 3605 2.9 1.5 15 9
20:13:06 1 82 4096 3605 2.9 1.5 15 9
20:13:08 1 82 4096 3605 2.9 1.5 15 9
20:13:09 1 82 4096 3605 2.9 1.5 15 9
20:13:10 1 82 4096 3605 2.9 1.5 15 9
20:13:11 1 82 4096 3605 2.9 1.5 15 9
20:13:12 1 82 4096 3605 2.9 1.5 15 9
20:13:13 1 82 4096 3605 2.9 1.5 15 9
20:13:14 1 82 4096 3605 2.9 1.5 15 9
20:13:15 1 82 4096 3605 2.8 1.5 15 9
20:13:16 1 82 4096 3605 2.8 1.5 15 9
20:13:17 1 82 4096 3605 2.8 1.5 15 9
20:13:18 1 82 4096 3605 2.8 1.5 15 9
20:13:19 1 82 4096 3605 2.8 1.5 15 9
20:13:20 1 82 4096 3605 2.9 1.5 15 9
20:13:22 1 82 4096 3605 2.9 1.5 15 9
20:13:23 1 82 4096 3605 2.9 1.5 15 9
20:13:24 1 82 4096 3605 2.9 1.5 15 9
20:13:25 1 82 4096 3605 2.9 1.5 15 9
20:13:26 1 82 4096 3605 2.9 1.5 15 9
20:13:27 1 82 4096 3605 2.9 1.5 15 9
20:13:28 1 82 4096 3605 2.9 1.5 15 9
20:13:29 1 82 4096 3605 2.9 1.5 15 9
20:13:30 1 82 4096 3605 2.9 1.5 15 9
20:13:31 1 82 4096 3605 2.9 1.5 15 9
20:13:32 1 82 4096 3605 2.9 1.5 15 9
20:13:33 1 82 4096 3605 2.9 1.5 15 9
20:13:34 1 82 4096 3605 2.9 1.5 15 9
20:13:35 1 82 4096 3605 2.9 1.5 15 9
20:13:37 1 82 4096 3605 2.9 1.5 15 9
20:13:38 1 82 4096 3605 2.9 1.5 15 9
20:13:39 1 82 4096 3605 2.9 1.5 15 9
20:13:40 1 82 4096 3605 2.9 1.5 15 9
20:13:41 1 82 4096 3605 2.9 1.5 15 9
20:13:42 1 82 4096 3605 2.9 1.5 15 9
20:13:43 1 82 4096 3605 2.9 1.5 15 9
20:13:44 1 82 4096 3605 2.9 1.5 15 9
20:13:45 1 82 4096 3605 2.9 1.5 15 9
20:13:46 1 82 4096 3605 2.9 1.5 15 9
20:13:47 1 82 4096 3605 2.9 1.5 15 9
20:13:48 1 82 4096 3605 2.9 1.5 15 9
20:13:50 1 82 4096 3605 2.9 1.5 15 9
20:13:51 1 82 4096 3605 2.9 1.5 15 9
20:13:52 1 82 4096 3605 2.9 1.5 15 9
20:13:53 1 82 4096 3605 2.9 1.5 15 9
20:13:54 1 82 4096 3605 2.9 1.5 15 9
20:13:55 1 82 4096 3605 2.9 1.5 15 9
20:13:56 1 82 4096 3605 2.8 1.5 15 9
20:13:57 1 82 4096 3605 2.8 1.5 15 9
20:13:58 1 82 4096 3605 2.8 1.5 15 9
20:13:59 1 82 4096 3605 2.8 1.5 15 9
20:14:00 1 82 4096 3605 2.8 1.5 15 9
20:14:01 1 82 4096 3605 2.8 1.5 15 9
20:14:02 1 82 4096 3605 2.8 1.5 15 9
20:14:03 1 82 4096 3605 2.8 1.5 15 9
20:14:05 1 82 4096 3605 2.8 1.5 15 9
20:14:06 1 82 4096 3605 2.8 1.5 15 9
20:14:07 1 82 4096 3605 2.8 1.5 15 9
20:14:08 1 82 4096 3605 2.8 1.5 15 9
20:14:09 1 82 4096 3605 2.8 1.5 15 9
20:14:10 1 82 4096 3605 2.8 1.5 15 9
20:14:11 1 82 4096 3605 2.8 1.5 15 9
20:14:12 1 82 4096 3605 2.8 1.5 15 9
20:14:13 1 82 4096 3605 2.8 1.5 15 9
20:14:14 1 82 4096 3605 2.9 1.5 15 9
20:14:15 1 82 4096 3605 2.8 1.5 15 9
20:14:16 1 82 4096 3605 2.8 1.5 15 9
20:14:17 1 82 4096 3605 2.9 1.5 15 9
20:14:19 1 82 4096 3605 2.8 1.5 15 9
20:14:20 1 82 4096 3605 2.8 1.5 15 9
20:14:21 1 82 4096 3605 2.8 1.5 15 9
20:14:22 1 82 4096 3605 2.8 1.5 15 9
20:14:23 1 82 4096 3605 2.8 1.5 15 9
20:14:24 1 82 4096 3605 2.8 1.5 15 9
20:14:25 1 82 4096 3605 2.8 1.5 15 9
20:14:26 1 82 4096 3605 2.8 1.5 15 9
20:14:27 1 82 4096 3605 2.8 1.5 15 9
20:14:28 1 82 4096 3605 2.8 1.5 15 9
20:14:29 1 82 4096 3605 2.8 1.5 15 9
20:14:30 1 82 4096 3605 2.8 1.5 15 9
20:14:31 1 82 4096 3605 2.8 1.5 15 9
20:14:32 1 82 4096 3605 2.8 1.5 15 9
20:14:34 1 82 4096 3605 2.8 1.5 15 9
20:14:35 1 82 4096 3605 2.8 1.5 15 9
20:14:36 1 82 4096 3605 2.8 1.5 15 9
20:14:37 1 82 4096 3605 2.8 1.5 15 9
20:14:38 1 82 4096 3605 2.8 1.5 15 9
20:14:39 1 82 4096 3605 2.8 1.5 15 9
20:14:40 1 82 4096 3605 2.8 1.5 15 9
20:14:41 1 82 4096 3605 2.8 1.5 15 9
20:14:42 1 82 4096 3605 2.8 1.5 15 9
20:14:43 1 82 4096 3605 2.8 1.5 15 9
20:14:44 1 82 4096 3605 2.8 1.5 15 9
20:14:45 1 82 4096 3605 2.8 1.5 15 9
20:14:46 1 82 4096 3605 2.8 1.5 15 9
20:14:47 1 82 4096 3605 2.8 1.5 15 9
20:14:48 1 82 4096 3605 2.8 1.5 15 9
20:14:50 1 82 4096 3605 2.8 1.5 15 9
20:14:51 1 82 4096 3605 2.8 1.5 15 9
20:14:52 1 82 4096 3605 2.9 1.5 15 9
20:14:53 1 82 4096 3605 2.8 1.5 15 9
20:14:54 1 82 4096 3605 2.8 1.5 15 9
20:14:55 1 82 4096 3605 2.8 1.5 15 9
20:14:56 1 82 4096 3605 2.9 1.5 15 9
20:14:57 1 82 4096 3605 2.9 1.5 15 9
20:14:58 1 82 4096 3605 2.9 1.5 15 9
20:14:59 1 82 4096 3605 2.9 1.5 15 9
20:15:00 1 82 4096 3605 2.9 1.5 15 9
20:15:01 1 82 4096 3605 2.9 1.5 15 9
20:15:02 1 82 4096 3605 2.9 1.5 15 9
20:15:04 1 82 4096 3605 2.9 1.5 15 9
20:15:05 1 82 4096 3605 2.9 1.5 15 9
20:15:06 1 82 4096 3605 2.9 1.5 15 9
20:15:07 1 82 4096 3605 2.9 1.5 15 9
20:15:08 1 82 4096 3605 2.9 1.5 15 9
20:15:09 1 82 4096 3605 2.9 1.5 15 9
20:15:10 1 82 4096 3605 2.9 1.5 15 9
20:15:11 1 82 4096 3605 2.9 1.5 15 9
20:15:12 1 82 4096 3605 2.9 1.5 15 9
20:15:13 1 82 4096 3605 2.9 1.5 15 9
20:15:14 1 82 4096 3605 2.9 1.5 15 9
20:15:15 1 82 4096 3605 2.8 1.5 15 9
20:15:17 1 82 4096 3605 2.8 1.5 15 9
20:15:18 1 82 4096 3605 2.8 1.5 15 9
20:15:19 1 82 4096 3605 2.8 1.5 15 9
20:15:20 1 82 4096 3605 2.9 1.5 15 9
20:15:21 1 82 4096 3605 2.9 1.5 15 9
20:15:22 1 82 4096 3605 2.9 1.5 15 9
20:15:23 1 82 4096 3605 2.9 1.5 15 9
20:15:24 1 82 4096 3605 2.9 1.5 15 9
20:15:25 1 82 4096 3605 2.9 1.5 15 9
20:15:26 1 82 4096 3605 2.9 1.5 15 9
20:15:27 1 82 4096 3605 2.9 1.5 15 9
20:15:28 1 82 4096 3605 2.9 1.5 15 9
20:15:29 1 82 4096 3605 2.9 1.5 15 9
20:15:31 1 82 4096 3605 2.9 1.5 15 9
20:15:32 1 82 4096 3605 2.9 1.5 15 9
20:15:33 1 82 4096 3605 2.9 1.5 15 9
20:15:34 1 82 4096 3605 2.9 1.5 15 9
20:15:35 1 82 4096 3605 2.9 1.5 15 9
20:15:36 1 82 4096 3605 2.9 1.5 15 9
20:15:37 1 82 4096 3605 2.9 1.5 15 9
20:15:38 1 82 4096 3605 2.9 1.5 15 9
20:15:39 1 82 4096 3605 2.9 1.5 15 9
20:15:40 1 82 4096 3605 2.9 1.5 15 9
20:15:41 1 82 4096 3605 2.9 1.5 15 9
20:15:42 1 82 4096 3605 2.9 1.5 15 9
20:15:43 1 82 4096 3605 2.9 1.5 15 9
20:15:45 1 82 4096 3605 2.9 1.5 15 9
20:15:46 1 82 4096 3605 2.9 1.5 15 9
20:15:47 1 82 4096 3605 2.9 1.5 15 9
20:15:48 1 82 4096 3605 2.9 1.5 15 9
20:15:49 1 82 4096 3605 2.9 1.5 15 9
20:15:50 1 82 4096 3605 2.9 1.5 15 9
20:15:51 1 82 4096 3605 2.9 1.5 15 9
20:15:52 1 82 4096 3605 2.9 1.5 15 9
20:15:53 1 82 4096 3605 2.9 1.5 15 9
20:15:54 1 82 4096 3605 2.9 1.5 15 9
20:15:55 1 82 4096 3605 2.9 1.5 15 9
20:15:56 1 82 4096 3605 2.9 1.5 15 9
20:15:57 1 82 4096 3605 2.9 1.5 15 9
20:15:58 1 82 4096 3605 2.9 1.5 15 9
20:16:00 1 82 4096 3605 2.9 1.5 15 9
20:16:01 1 82 4096 3605 2.9 1.5 15 9
20:16:02 1 82 4096 3605 2.9 1.5 15 9
20:16:03 1 82 4096 3605 2.9 1.5 15 9
20:16:04 1 82 4096 3605 2.9 1.5 15 9
20:16:05 1 82 4096 3605 2.9 1.5 15 9
20:16:06 1 82 4096 3605 2.9 1.5 15 9
20:16:07 1 82 4096 3605 2.9 1.5 15 9
20:16:08 1 82 4096 3605 2.9 1.5 15 9
20:16:09 1 82 4096 3605 2.9 1.5 15 9
20:16:10 1 82 4096 3605 2.9 1.5 15 9
20:16:11 1 82 4096 3605 2.9 1.5 15 9
20:16:13 1 82 4096 3605 2.9 1.5 15 9
20:16:14 1 82 4096 3605 2.9 1.5 15 9
20:16:15 1 82 4096 3605 2.9 1.5 15 9
20:16:16 1 82 4096 3605 2.9 1.5 15 9
20:16:17 1 82 4096 3605 2.9 1.5 15 9
20:16:18 1 82 4096 3605 2.9 1.5 15 9
20:16:19 1 82 4096 3605 2.9 1.5 15 9
20:16:20 1 82 4096 3605 2.9 1.5 15 9
20:16:21 1 82 4096 3605 2.9 1.5 15 9
20:16:22 1 82 4096 3605 2.9 1.5 15 9
20:16:23 1 82 4096 3605 2.9 1.5 15 9
20:16:24 1 82 4096 3605 2.9 1.5 15 9
20:16:25 1 82 4096 3605 2.9 1.5 15 9
20:16:26 1 82 4096 3605 2.9 1.5 15 9
20:16:28 1 82 4096 3605 2.9 1.5 15 9
20:16:29 1 82 4096 3605 2.9 1.5 15 9
20:16:30 1 82 4096 3605 2.8 1.5 15 9
20:16:31 1 82 4096 3605 2.9 1.5 15 9
20:16:32 1 82 4096 3605 2.8 1.5 15 9
20:16:33 1 82 4096 3605 2.9 1.5 15 9
20:16:34 1 82 4096 3605 2.8 1.5 15 9
20:16:35 1 82 4096 3605 2.9 1.5 15 9
20:16:36 1 82 4096 3605 2.8 1.5 15 9
20:16:37 1 82 4096 3605 2.9 1.5 15 9
20:16:38 1 82 4096 3605 2.9 1.5 15 9
20:16:39 1 82 4096 3605 2.9 1.5 15 9
20:16:40 1 82 4096 3605 2.9 1.5 15 9
20:16:41 1 82 4096 3605 2.9 1.5 15 9
20:16:43 1 82 4096 3605 2.9 1.5 15 9
20:16:44 1 82 4096 3605 2.9 1.5 15 9
20:16:45 1 82 4096 3605 2.9 1.5 15 9
20:16:46 1 82 4096 3605 2.9 1.5 15 9
20:16:47 1 82 4096 3605 2.9 1.5 15 9
20:16:48 1 82 4096 3605 2.9 1.5 15 9
20:16:49 1 82 4096 3605 2.9 1.5 15 9
20:16:50 1 82 4096 3605 2.9 1.5 15 9
20:16:51 1 82 4096 3605 2.9 1.5 15 9
20:16:52 1 82 4096 3605 2.9 1.5 15 9
20:16:53 1 82 4096 3605 2.9 1.5 15 9
20:16:54 1 82 4096 3605 2.9 1.5 15 9
20:16:55 1 82 4096 3605 2.9 1.5 15 9
20:16:57 1 82 4096 3605 2.9 1.5 15 9
20:16:58 1 82 4096 3605 2.9 1.5 15 9
20:16:59 1 82 4096 3605 2.9 1.5 15 9
20:17:00 1 82 4096 3605 2.9 1.5 15 9
20:17:01 1 82 4096 3605 2.9 1.5 15 9
20:17:02 1 82 4096 3605 2.9 1.5 15 9
20:17:03 1 82 4096 3605 2.8 1.5 15 9
20:17:04 1 82 4096 3605 2.9 1.5 15 9
20:17:05 1 82 4096 3605 2.9 1.5 15 9
20:17:06 1 82 4096 3605 2.9 1.5 15 9
20:17:07 1 82 4096 3605 2.8 1.5 15 9
20:17:08 1 82 4096 3605 2.8 1.5 15 9
20:17:09 1 82 4096 3605 2.8 1.5 15 9
20:17:11 1 82 4096 3605 2.8 1.5 15 9
20:17:12 1 82 4096 3605 2.8 1.5 15 9
20:17:13 1 82 4096 3605 2.8 1.5 15 9
20:17:14 1 82 4096 3605 2.9 1.5 15 9
20:17:15 1 82 4096 3605 2.9 1.5 15 9
20:17:16 1 82 4096 3605 2.9 1.5 15 9
20:17:17 1 82 4096 3605 2.9 1.5 15 9
20:17:18 1 82 4096 3605 2.8 1.5 15 9
20:17:19 1 82 4096 3605 2.8 1.5 15 9
20:17:20 1 82 4096 3605 2.9 1.5 15 9
20:17:21 1 82 4096 3605 2.9 1.5 15 9
20:17:22 1 82 4096 3605 2.9 1.5 15 9
20:17:23 1 82 4096 3605 2.9 1.5 15 9
20:17:25 1 82 4096 3605 2.9 1.5 15 9
20:17:26 1 82 4096 3605 2.9 1.5 15 9
20:17:27 1 82 4096 3605 2.9 1.5 15 9
20:17:28 1 82 4096 3605 2.9 1.5 15 9
20:17:29 1 82 4096 3605 2.9 1.5 15 9
20:17:30 1 82 4096 3605 2.9 1.5 15 9
20:17:31 1 82 4096 3605 2.9 1.5 15 9
20:17:32 1 82 4096 3605 2.9 1.5 15 9
20:17:33 1 82 4096 3605 2.9 1.5 15 9
20:17:34 1 82 4096 3605 2.9 1.5 15 9
20:17:35 1 82 4096 3605 2.9 1.5 15 9
20:17:36 1 82 4096 3605 2.9 1.5 15 9
20:17:37 1 82 4096 3605 2.9 1.5 15 9
20:17:38 1 82 4096 3605 2.9 1.5 15 9
20:17:40 1 82 4096 3605 2.9 1.5 15 9
20:17:41 1 82 4096 3605 2.9 1.5 15 9
20:17:42 1 82 4096 3605 2.9 1.5 15 9
20:17:43 1 82 4096 3605 2.9 1.5 15 9
20:17:44 1 82 4096 3605 2.9 1.5 15 9
20:17:45 1 82 4096 3605 2.9 1.5 15 9
20:17:46 1 82 4096 3605 2.9 1.5 15 9
20:17:47 1 82 4096 3605 2.9 1.5 15 9
20:17:48 1 82 4096 3605 2.9 1.5 15 9
20:17:49 1 82 4096 3605 2.9 1.5 15 9
20:17:50 1 82 4096 3605 2.9 1.5 15 9
20:17:51 1 82 4096 3605 2.9 1.5 15 9
20:17:53 1 82 4096 3605 2.9 1.5 15 9
20:17:54 1 82 4096 3605 2.9 1.5 15 9
20:17:55 1 82 4096 3605 2.9 1.5 15 9
20:17:56 1 82 4096 3605 2.9 1.5 15 9
20:17:57 1 82 4096 3605 2.9 1.5 15 9
20:17:58 1 82 4096 3605 2.9 1.5 15 9
20:17:59 1 82 4096 3605 2.9 1.5 15 9
20:18:00 1 82 4096 3605 2.9 1.5 15 9
20:18:01 1 82 4096 3605 2.9 1.5 15 9
20:18:02 1 82 4096 3605 2.9 1.5 15 9
20:18:03 1 82 4096 3605 2.9 1.5 15 9
20:18:04 1 82 4096 3605 2.9 1.5 15 9
20:18:05 1 82 4096 3605 2.8 1.5 15 9
20:18:06 1 82 4096 3605 2.8 1.5 15 9
20:18:08 1 82 4096 3605 2.8 1.5 15 9
20:18:09 1 82 4096 3605 2.8 1.5 15 9
20:18:10 1 82 4096 3605 2.8 1.5 15 9
20:18:11 1 82 4096 3605 2.8 1.5 15 9
20:18:12 1 82 4096 3605 2.8 1.5 15 9
20:18:13 1 82 4096 3605 2.8 1.5 15 9
20:18:14 1 82 4096 3605 2.8 1.5 15 9
20:18:15 1 82 4096 3605 2.8 1.5 15 9
20:18:16 1 82 4096 3605 2.8 1.5 15 9
20:18:17 1 82 4096 3605 2.8 1.5 15 9
20:18:18 1 82 4096 3605 2.8 1.5 15 9
20:18:19 1 82 4096 3605 2.8 1.5 15 9
20:18:21 1 82 4096 3605 2.8 1.5 15 9
20:18:22 1 82 4096 3605 2.8 1.5 15 9
20:18:23 1 82 4096 3605 2.8 1.5 15 9
20:18:24 1 82 4096 3605 2.8 1.5 15 9
20:18:25 1 82 4096 3605 2.8 1.5 15 9
20:18:26 1 82 4096 3605 2.8 1.5 15 9
20:18:27 1 82 4096 3605 2.8 1.5 15 9
20:18:28 1 82 4096 3605 2.8 1.5 15 9
20:18:29 1 82 4096 3605 2.8 1.5 15 9
20:18:30 1 82 4096 3605 2.8 1.5 15 9
20:18:31 1 82 4096 3605 2.9 1.5 15 9
20:18:32 1 82 4096 3605 2.9 1.5 15 9
20:18:33 1 82 4096 3605 2.9 1.5 15 9
20:18:34 1 82 4096 3605 2.9 1.5 15 9
20:18:35 1 82 4096 3605 2.9 1.5 15 9
20:18:37 1 82 4096 3605 2.9 1.5 15 9
20:18:38 1 82 4096 3605 2.9 1.5 15 9
20:18:39 1 82 4096 3605 2.9 1.5 15 9
20:18:40 1 82 4096 3605 2.9 1.5 15 9
20:18:41 1 82 4096 3605 2.9 1.5 15 9
20:18:42 1 82 4096 3605 2.9 1.5 15 9
20:18:43 1 82 4096 3605 2.9 1.5 15 9
20:18:44 1 82 4096 3605 2.9 1.5 15 9
20:18:45 1 82 4096 3605 2.9 1.5 15 9
20:18:46 1 82 4096 3605 2.9 1.5 15 9
20:18:47 1 82 4096 3605 2.9 1.5 15 9
20:18:48 1 82 4096 3605 2.9 1.5 15 9
20:18:49 1 82 4096 3605 2.9 1.5 15 9
20:18:51 1 82 4096 3605 2.9 1.5 15 9
20:18:52 1 82 4096 3605 2.9 1.5 15 9
20:18:53 1 82 4096 3605 2.9 1.5 15 9
20:18:54 1 82 4096 3605 2.9 1.5 15 9
20:18:55 1 82 4096 3605 2.9 1.5 15 9
20:18:56 1 82 4096 3605 2.9 1.5 15 9
20:18:57 1 82 4096 3605 2.9 1.5 15 9
20:18:58 1 82 4096 3605 2.9 1.5 15 9
20:18:59 1 82 4096 3605 2.9 1.5 15 9
20:19:00 1 82 4096 3605 2.9 1.5 15 9
20:19:01 1 82 4096 3605 2.9 1.5 15 9
20:19:02 1 82 4096 3605 2.9 1.5 15 9
20:19:03 1 82 4096 3605 2.9 1.5 15 9
20:19:04 1 82 4096 3605 2.9 1.5 15 9
20:19:06 1 82 4096 3605 2.9 1.5 15 9
20:19:07 1 82 4096 3605 2.9 1.5 15 9
20:19:08 1 82 4096 3605 2.9 1.5 15 9
20:19:09 1 82 4096 3605 3.0 1.5 15 9
20:19:10 1 82 4096 3605 2.9 1.5 15 9
20:19:11 1 82 4096 3605 2.9 1.5 15 9
20:19:12 1 82 4096 3605 2.9 1.5 15 9
20:19:13 1 82 4096 3605 2.9 1.5 15 9
20:19:14 1 82 4096 3605 2.9 1.5 15 9
20:19:15 1 82 4096 3605 2.9 1.5 15 9
20:19:16 1 82 4096 3605 2.9 1.5 15 9
20:19:17 1 82 4096 3605 2.9 1.5 15 9
20:19:18 1 82 4096 3605 2.9 1.5 15 9
20:19:19 1 82 4096 3605 2.9 1.5 15 9
20:19:21 1 82 4096 3605 2.9 1.5 15 9
20:19:22 1 82 4096 3605 2.9 1.5 15 9
20:19:23 1 82 4096 3605 2.9 1.5 15 9
20:19:24 1 82 4096 3605 2.9 1.5 15 9
20:19:25 1 82 4096 3605 2.9 1.5 15 9
20:19:26 1 82 4096 3605 2.9 1.5 15 9
20:19:27 1 82 4096 3605 2.9 1.5 15 9
20:19:28 1 82 4096 3605 2.9 1.5 15 9
20:19:29 1 82 4096 3605 2.9 1.5 15 9
20:19:30 1 82 4096 3605 2.9 1.5 15 9
20:19:31 1 82 4096 3605 2.9 1.5 15 9
20:19:32 1 82 4096 3605 2.9 1.5 15 9
20:19:33 1 82 4096 3605 2.9 1.5 15 9
20:19:34 1 82 4096 3605 2.9 1.5 15 9
20:19:36 1 82 4096 3605 2.9 1.5 15 9
20:19:37 1 82 4096 3605 2.9 1.5 15 9
20:19:38 1 82 4096 3605 2.9 1.5 15 9
20:19:39 1 82 4096 3605 2.9 1.5 15 9
20:19:40 1 82 4096 3605 2.9 1.5 15 9
20:19:41 1 82 4096 3605 2.9 1.5 15 9
20:19:42 1 82 4096 3605 2.9 1.5 15 9
20:19:43 1 82 4096 3597 2.9 1.5 15 9
20:19:44 1 82 4096 3597 2.9 1.5 15 9
20:19:45 1 82 4096 3597 2.9 1.5 15 9
20:19:46 1 82 4096 3597 2.9 1.5 15 9
20:19:47 1 82 4096 3597 2.9 1.5 15 9
20:19:49 1 82 4096 3597 3.0 1.5 15 9
20:19:50 1 82 4096 3597 2.9 1.5 15 9
20:19:51 1 82 4096 3597 2.9 1.5 15 9
20:19:52 1 82 4096 3597 2.9 1.5 15 9
20:19:53 1 82 4096 3597 2.9 1.5 15 9
20:19:54 1 82 4096 3597 2.9 1.5 15 9
20:19:55 1 82 4096 3597 2.9 1.5 15 9
20:19:56 1 82 4096 3597 2.9 1.5 15 9
20:19:57 1 82 4096 3597 2.9 1.5 15 9
20:19:58 1 82 4096 3597 2.9 1.5 15 9
20:19:59 1 82 4096 3597 2.9 1.5 15 9
20:20:00 1 82 4096 3597 2.9 1.5 15 9
20:20:01 1 82 4096 3597 2.9 1.5 15 9
20:20:02 1 82 4096 3597 2.9 1.5 15 9
20:20:04 1 82 4096 3597 2.9 1.5 15 9
20:20:05 1 82 4096 3597 2.9 1.5 15 9
20:20:06 1 82 4096 3597 2.9 1.5 15 9
20:20:07 1 82 4096 3597 2.9 1.5 15 9
20:20:08 1 82 4096 3597 2.9 1.5 15 9
20:20:09 1 82 4096 3597 2.9 1.5 15 9
20:20:10 1 82 4096 3597 2.9 1.5 15 9
20:20:11 1 82 4096 3597 2.9 1.5 15 9
20:20:12 1 82 4096 3597 2.9 1.5 15 9
20:20:13 1 82 4096 3597 2.9 1.5 15 9
20:20:14 1 82 4096 3597 2.8 1.5 15 9
20:20:15 1 82 4096 3597 2.9 1.5 15 9
20:20:16 1 82 4096 3597 2.9 1.5 15 9
20:20:18 1 82 4096 3597 2.9 1.5 15 9
20:20:19 1 82 4096 3597 2.9 1.5 15 9
20:20:20 1 82 4096 3597 2.9 1.5 15 9
20:20:21 1 82 4096 3597 2.9 1.5 15 9
20:20:22 1 82 4096 3597 2.9 1.5 15 9
20:20:23 1 82 4096 3597 2.9 1.5 15 9
20:20:24 1 82 4096 3597 2.9 1.5 15 9
20:20:25 1 82 4096 3597 2.9 1.5 15 9
20:20:26 1 82 4096 3597 2.9 1.5 15 9
20:20:27 1 82 4096 3597 2.9 1.5 15 9
20:20:28 1 82 4096 3597 2.9 1.5 15 9
20:20:29 1 82 4096 3597 2.9 1.5 15 9
20:20:31 1 82 4096 3597 2.9 1.5 15 9
20:20:32 1 82 4096 3597 2.9 1.5 15 9
20:20:33 1 82 4096 3597 2.9 1.5 15 9
20:20:34 1 82 4096 3597 2.9 1.5 15 9
20:20:35 1 82 4096 3597 2.9 1.5 15 9
20:20:36 1 82 4096 3597 2.9 1.5 15 9
20:20:37 1 82 4096 3597 2.9 1.5 15 9
20:20:38 1 82 4096 3597 2.9 1.5 15 9
20:20:39 1 82 4096 3597 2.9 1.5 15 9
20:20:40 1 82 4096 3597 2.9 1.5 15 9
20:20:41 1 82 4096 3597 2.9 1.5 15 9
20:20:42 1 82 4096 3597 2.9 1.5 15 9
20:20:43 1 82 4096 3597 2.9 1.5 15 9
20:20:45 1 82 4096 3597 2.9 1.5 15 9
20:20:46 1 82 4096 3597 2.9 1.5 15 9
20:20:47 1 82 4096 3597 2.9 1.5 15 9
20:20:48 1 82 4096 3597 2.9 1.5 15 9
20:20:49 1 82 4096 3597 2.9 1.5 15 9
20:20:50 1 82 4096 3597 2.9 1.5 15 9
20:20:51 1 82 4096 3597 2.9 1.5 15 9
20:20:52 1 82 4096 3597 2.9 1.5 15 9
20:20:53 1 82 4096 3597 2.9 1.5 15 9
20:20:54 1 82 4096 3597 2.9 1.5 15 9
20:20:55 1 82 4096 3597 2.9 1.5 15 9
20:20:56 1 82 4096 3597 2.9 1.5 15 9
20:20:57 1 82 4096 3597 2.9 1.5 15 9
20:20:58 1 82 4096 3597 2.9 1.5 15 9
20:21:00 1 82 4096 3597 2.9 1.5 15 9
20:21:01 1 82 4096 3597 2.9 1.5 15 9
20:21:02 1 82 4096 3597 2.9 1.5 15 9
20:21:03 1 82 4096 3597 2.9 1.5 15 9
20:21:04 1 82 4096 3597 2.9 1.5 15 9
20:21:05 1 82 4096 3597 2.9 1.5 15 9
20:21:06 1 82 4096 3597 2.9 1.5 15 9
20:21:07 1 82 4096 3597 2.9 1.5 15 9
20:21:08 1 82 4096 3597 2.9 1.5 15 9
20:21:09 1 82 4096 3597 2.9 1.5 15 9
20:21:10 1 82 4096 3597 2.9 1.5 15 9
20:21:11 1 82 4096 3597 2.9 1.5 15 9
20:21:12 1 82 4096 3597 2.9 1.5 15 9
20:21:13 1 82 4096 3597 2.9 1.5 15 9
20:21:14 1 82 4096 3597 2.9 1.5 15 9
20:21:16 1 82 4096 3597 2.9 1.5 15 9
20:21:17 1 82 4096 3597 2.9 1.5 15 9
20:21:18 1 82 4096 3597 2.9 1.5 15 9
20:21:19 1 82 4096 3597 2.9 1.5 15 9
20:21:20 1 82 4096 3597 2.9 1.5 15 9
20:21:21 1 82 4096 3597 2.9 1.5 15 9
20:21:22 1 82 4096 3597 2.9 1.5 15 9
20:21:23 1 82 4096 3597 2.9 1.5 15 9
20:21:24 1 82 4096 3597 2.9 1.5 15 9
20:21:25 1 82 4096 3597 2.9 1.5 15 9
20:21:26 1 82 4096 3597 2.9 1.5 15 9
20:21:27 1 82 4096 3597 2.9 1.5 15 9
20:21:28 1 82 4096 3597 2.9 1.5 15 9
20:21:30 1 82 4096 3597 2.9 1.5 15 9
20:21:31 1 82 4096 3597 2.9 1.5 15 9
20:21:32 1 82 4096 3597 2.9 1.5 15 9
20:21:33 1 82 4096 3597 2.9 1.5 15 9
20:21:34 1 82 4096 3597 2.9 1.5 15 9
20:21:35 1 82 4096 3597 2.9 1.5 15 9
20:21:36 1 82 4096 3597 2.9 1.5 15 9
20:21:37 1 82 4096 3597 2.9 1.5 15 9
20:21:38 1 82 4096 3597 2.9 1.5 15 9
20:21:39 1 82 4096 3597 2.9 1.5 15 9
20:21:40 1 82 4096 3597 2.9 1.5 15 9
20:21:41 1 82 4096 3597 2.9 1.5 15 9
20:21:42 1 82 4096 3597 2.9 1.5 15 9
20:21:43 1 82 4096 3597 2.9 1.5 15 9
20:21:45 1 82 4096 3597 2.9 1.5 15 9
20:21:46 1 82 4096 3597 2.9 1.5 15 9
20:21:47 1 82 4096 3597 2.9 1.5 15 9
20:21:48 1 82 4096 3597 2.9 1.5 15 9
20:21:49 1 82 4096 3597 2.9 1.5 15 9
20:21:50 1 82 4096 3597 2.9 1.5 15 9
20:21:51 1 82 4096 3597 2.9 1.5 15 9
20:21:52 1 82 4096 3597 2.9 1.5 15 9
20:21:53 1 82 4096 3597 2.9 1.5 15 9
20:21:54 1 82 4096 3597 2.9 1.5 15 9
20:21:55 1 82 4096 3597 2.9 1.5 15 9
20:21:56 1 82 4096 3597 2.9 1.5 15 9
20:21:57 1 82 4096 3597 2.9 1.5 15 9
20:21:59 1 82 4096 3597 2.9 1.5 15 9
20:22:00 1 82 4096 3597 2.9 1.5 15 9
20:22:01 1 82 4096 3597 2.9 1.5 15 9
20:22:02 1 82 4096 3597 2.9 1.5 15 9
20:22:03 1 82 4096 3597 2.9 1.5 15 9
20:22:04 1 82 4096 3597 2.9 1.5 15 9
20:22:05 1 82 4096 3597 2.9 1.5 15 9
20:22:06 1 82 4096 3597 2.9 1.5 15 9
20:22:07 1 82 4096 3597 2.9 1.5 15 9
20:22:08 1 82 4096 3597 2.9 1.5 15 9
20:22:09 1 82 4096 3597 2.9 1.5 15 9
20:22:10 1 82 4096 3597 2.9 1.5 15 9
20:22:11 1 82 4096 3597 2.9 1.5 15 9
20:22:12 1 82 4096 3597 2.9 1.5 15 9
20:22:14 1 82 4096 3597 2.9 1.5 15 9
20:22:15 1 82 4096 3597 2.9 1.5 15 9
20:22:16 1 82 4096 3597 2.9 1.5 15 9
20:22:17 1 82 4096 3597 2.9 1.5 15 9
20:22:18 1 82 4096 3597 2.9 1.5 15 9
20:22:19 1 82 4096 3597 2.9 1.5 15 9
20:22:20 1 82 4096 3597 2.9 1.5 15 9
20:22:21 1 82 4096 3597 2.9 1.5 15 9
20:22:22 1 82 4096 3597 2.9 1.5 15 9
20:22:23 1 82 4096 3597 2.9 1.5 15 9
20:22:24 1 82 4096 3597 2.9 1.5 15 9
20:22:25 1 82 4096 3597 2.9 1.5 15 9
20:22:26 1 82 4096 3597 2.9 1.5 15 9
20:22:28 1 82 4096 3597 2.9 1.5 15 9
20:22:29 1 82 4096 3597 2.9 1.5 15 9
20:22:30 1 82 4096 3597 2.9 1.5 15 9
20:22:31 1 82 4096 3597 2.9 1.5 15 9
20:22:32 1 82 4096 3597 2.9 1.5 15 9
20:22:33 1 82 4096 3597 2.9 1.5 15 9
20:22:34 1 82 4096 3597 2.9 1.5 15 9
20:22:35 1 82 4096 3597 2.9 1.5 15 9
20:22:36 1 82 4096 3597 2.9 1.5 15 9
20:22:37 1 82 4096 3597 2.9 1.5 15 9
20:22:38 1 82 4096 3597 2.9 1.5 15 9
20:22:39 1 82 4096 3597 2.9 1.5 15 9
20:22:41 1 82 4096 3597 2.9 1.5 15 9
20:22:42 1 82 4096 3597 2.9 1.5 15 9
20:22:43 1 82 4096 3597 2.9 1.5 15 9
20:22:44 1 82 4096 3597 2.9 1.5 15 9
20:22:45 1 82 4096 3597 2.9 1.5 15 9
20:22:46 1 82 4096 3597 2.9 1.5 15 9
20:22:47 1 82 4096 3597 2.9 1.5 15 9
20:22:48 1 82 4096 3597 2.9 1.5 15 9
20:22:49 1 82 4096 3597 2.9 1.5 15 9
20:22:50 1 82 4096 3597 2.9 1.5 15 9
20:22:51 1 82 4096 3597 2.9 1.5 15 9
20:22:52 1 82 4096 3597 2.9 1.5 15 9
20:22:53 1 82 4096 3597 2.9 1.5 15 9
20:22:55 1 82 4096 3597 2.9 1.5 15 9
20:22:56 1 82 4096 3597 2.9 1.5 15 9
20:22:57 1 82 4096 3597 2.9 1.5 15 9
20:22:58 1 82 4096 3597 2.9 1.5 15 9
20:22:59 1 82 4096 3597 2.9 1.5 15 9
20:23:00 1 82 4096 3597 2.9 1.5 15 9
20:23:01 1 82 4096 3597 2.9 1.5 15 9
20:23:02 1 82 4096 3597 2.9 1.5 15 9
20:23:03 1 82 4096 3597 2.9 1.5 15 9
20:23:04 1 82 4096 3597 2.9 1.5 15 9
20:23:05 1 82 4096 3597 2.9 1.5 15 9
20:23:06 1 82 4096 3597 2.9 1.5 15 9
20:23:07 1 82 4096 3597 2.9 1.5 15 9
20:23:08 1 82 4096 3597 2.9 1.5 15 9
20:23:10 1 82 4096 3597 2.9 1.5 15 9
20:23:11 1 82 4096 3597 2.9 1.5 15 9
20:23:12 1 82 4096 3597 2.9 1.5 15 9
20:23:13 1 82 4096 3597 2.9 1.5 15 9
20:23:14 1 82 4096 3597 2.9 1.5 15 9
20:23:15 1 82 4096 3597 2.9 1.5 15 9
20:23:16 1 82 4096 3597 2.9 1.5 15 9
20:23:17 1 82 4096 3597 2.9 1.5 15 9
20:23:18 1 82 4096 3597 2.9 1.5 15 9
20:23:19 1 82 4096 3597 2.9 1.5 15 9
20:23:20 1 82 4096 3597 2.9 1.5 15 9
20:23:21 1 82 4096 3597 2.9 1.9 14 9
