time pressure_lvl free_pct swap_total_MB swap_used_MB wired_GB child_rss_GB disk_int_GB disk_ssd_GB
12:37:03 1 82 4096 2814 3.0 0.0 16 11
12:37:04 1 82 4096 2814 3.0 0.1 16 11
12:37:06 1 82 4096 2814 3.0 0.3 16 11
12:37:07 1 82 4096 2814 3.0 0.4 16 11
12:37:08 1 82 4096 2814 3.0 1.2 16 11
12:37:09 1 82 4096 2814 3.0 1.5 16 11
12:37:10 1 82 4096 2814 3.0 1.7 15 11
12:37:11 1 82 4096 2814 3.0 2.8 15 11
12:37:12 1 82 4096 2814 3.0 2.8 15 11
12:37:13 1 82 4096 2814 3.0 2.8 15 11
12:37:14 1 82 4096 2814 3.0 2.8 15 11
12:37:15 1 82 4096 2814 3.0 2.8 15 11
12:37:16 1 82 4096 2814 3.1 2.9 15 11
12:37:17 1 82 4096 2814 3.1 2.3 15 11
12:37:18 1 82 4096 2814 3.1 2.6 15 11
12:37:19 1 82 4096 2814 3.1 2.7 15 11
12:37:20 1 81 4096 2814 3.1 2.7 15 11
12:37:21 1 82 4096 2814 3.0 2.8 15 11
12:37:22 1 82 4096 2814 3.0 2.6 15 11
12:37:23 1 82 4096 2814 3.0 1.8 15 11
12:37:24 1 82 4096 2814 3.0 1.8 15 11
12:37:25 1 82 4096 2814 3.0 1.8 15 11
12:37:27 1 82 4096 2814 3.0 1.8 15 11
12:37:28 1 82 4096 2814 3.0 1.8 15 11
12:37:29 1 82 4096 2814 3.0 1.8 15 11
12:37:30 1 82 4096 2814 3.1 1.8 15 11
12:37:31 1 82 4096 2814 3.0 1.8 15 11
12:37:32 1 82 4096 2814 3.0 1.8 15 11
12:37:33 1 82 4096 2814 3.0 1.8 15 11
12:37:34 1 82 4096 2814 3.0 1.8 15 11
12:37:35 1 82 4096 2814 3.0 1.8 15 11
12:37:36 1 82 4096 2814 3.0 1.8 15 11
12:37:37 1 82 4096 2814 3.1 1.8 15 11
12:37:38 1 82 4096 2814 3.0 1.8 15 11
12:37:39 1 82 4096 2814 3.0 1.8 15 11
12:37:40 1 82 4096 2814 3.0 1.8 15 11
12:37:42 1 82 4096 2814 3.0 1.8 15 11
12:37:43 1 82 4096 2814 3.0 1.8 15 11
12:37:44 1 82 4096 2814 3.0 1.8 15 11
12:37:45 1 82 4096 2814 3.0 1.8 15 11
12:37:46 1 82 4096 2814 3.0 1.8 15 11
12:37:47 1 82 4096 2814 3.0 1.8 15 11
12:37:48 1 82 4096 2814 3.0 1.8 15 11
12:37:49 1 82 4096 2814 3.0 1.8 15 11
12:37:50 1 82 4096 2814 3.0 1.8 15 11
12:37:51 1 82 4096 2814 3.0 1.8 15 11
12:37:52 1 82 4096 2814 3.0 1.8 15 11
12:37:53 1 82 4096 2814 3.0 1.8 15 11
12:37:54 1 82 4096 2814 3.0 1.8 15 11
12:37:55 1 82 4096 2814 3.0 1.8 15 11
12:37:57 1 82 4096 2814 3.0 1.8 15 11
12:37:58 1 82 4096 2814 3.0 1.8 15 11
12:37:59 1 82 4096 2814 3.0 1.8 15 11
12:38:00 1 82 4096 2814 3.0 1.8 15 11
12:38:01 1 82 4096 2814 3.0 1.8 15 11
12:38:02 1 82 4096 2814 3.0 1.8 15 11
12:38:03 1 82 4096 2814 3.0 1.8 15 11
12:38:04 1 82 4096 2814 3.0 1.8 15 11
12:38:05 1 82 4096 2814 3.0 1.8 15 11
12:38:06 1 82 4096 2814 3.0 1.8 15 11
12:38:07 1 82 4096 2814 3.0 1.8 15 11
12:38:08 1 82 4096 2814 3.0 1.8 15 11
12:38:09 1 82 4096 2814 3.0 1.8 15 11
12:38:11 1 82 4096 2814 3.0 1.8 15 11
12:38:12 1 82 4096 2814 3.0 1.8 15 11
12:38:13 1 82 4096 2814 3.0 1.8 15 11
12:38:14 1 82 4096 2814 3.0 1.8 15 11
12:38:15 1 82 4096 2814 3.0 1.8 15 11
12:38:16 1 82 4096 2814 3.0 1.8 15 11
12:38:17 1 82 4096 2814 3.0 1.8 15 11
12:38:18 1 82 4096 2814 3.0 1.8 15 11
12:38:19 1 82 4096 2814 3.0 1.8 15 11
12:38:20 1 82 4096 2814 3.0 1.8 15 11
12:38:21 1 82 4096 2814 3.0 1.8 15 11
12:38:22 1 82 4096 2814 3.0 1.8 15 11
12:38:23 1 82 4096 2814 3.0 1.8 15 11
12:38:24 1 82 4096 2814 3.0 1.8 15 11
12:38:26 1 82 4096 2814 3.0 1.8 15 11
12:38:27 1 82 4096 2814 3.0 1.8 15 11
12:38:28 1 82 4096 2814 3.0 1.8 15 11
12:38:29 1 82 4096 2814 3.0 1.8 15 11
12:38:30 1 82 4096 2814 3.0 1.8 15 11
12:38:31 1 82 4096 2814 3.0 1.8 15 11
12:38:32 1 82 4096 2814 3.0 1.8 15 11
12:38:33 1 82 4096 2814 3.0 1.8 15 11
12:38:34 1 82 4096 2814 3.0 1.8 15 11
12:38:35 1 82 4096 2814 3.0 1.8 15 11
12:38:36 1 82 4096 2814 3.0 1.8 15 11
12:38:37 1 82 4096 2814 3.0 1.8 15 11
12:38:38 1 82 4096 2814 3.0 1.8 15 11
12:38:40 1 82 4096 2814 3.0 1.8 15 11
12:38:41 1 82 4096 2814 3.0 1.8 15 11
12:38:42 1 82 4096 2814 3.0 1.8 15 11
12:38:43 1 82 4096 2814 3.0 1.8 15 11
12:38:44 1 82 4096 2814 3.0 1.8 15 11
12:38:45 1 82 4096 2814 3.0 1.8 15 11
12:38:46 1 82 4096 2814 3.0 1.8 15 11
12:38:47 1 82 4096 2814 3.0 1.8 15 11
12:38:48 1 82 4096 2814 3.0 1.8 15 11
12:38:49 1 82 4096 2814 3.0 1.8 15 11
12:38:50 1 82 4096 2814 3.0 1.8 15 11
12:38:51 1 82 4096 2814 3.0 1.8 15 11
12:38:52 1 82 4096 2814 3.0 1.8 15 11
12:38:53 1 82 4096 2814 3.0 1.8 15 11
12:38:55 1 82 4096 2814 3.0 1.8 15 11
12:38:56 1 82 4096 2814 3.0 1.8 15 11
12:38:57 1 82 4096 2814 3.0 1.8 15 11
12:38:58 1 82 4096 2814 3.0 1.8 15 11
12:38:59 1 82 4096 2814 3.0 1.8 15 11
12:39:00 1 82 4096 2814 3.0 1.8 15 11
12:39:01 1 82 4096 2814 3.0 1.8 15 11
12:39:02 1 82 4096 2814 3.0 1.8 15 11
12:39:03 1 82 4096 2814 3.0 1.8 15 11
12:39:04 1 82 4096 2814 3.0 1.8 15 11
12:39:05 1 82 4096 2814 3.0 1.8 15 11
12:39:06 1 81 4096 2814 3.2 1.8 15 11
12:39:07 1 82 4096 2814 3.0 1.8 15 11
12:39:08 1 82 4096 2814 3.0 1.8 15 11
12:39:10 1 82 4096 2814 3.0 1.8 15 11
12:39:11 1 82 4096 2814 3.0 1.8 15 11
12:39:12 1 82 4096 2814 3.0 1.8 15 11
12:39:13 1 82 4096 2814 3.0 1.8 15 11
12:39:14 1 82 4096 2814 3.0 1.8 15 11
12:39:15 1 82 4096 2814 3.0 1.8 15 11
12:39:16 1 82 4096 2814 3.0 1.8 15 11
12:39:17 1 82 4096 2814 3.0 1.8 15 11
12:39:18 1 82 4096 2814 3.0 1.8 15 11
12:39:19 1 82 4096 2814 3.0 1.8 15 11
12:39:20 1 82 4096 2814 3.0 1.8 15 11
12:39:21 1 82 4096 2814 3.0 1.8 15 11
12:39:22 1 82 4096 2814 3.0 1.8 15 11
12:39:23 1 82 4096 2814 3.0 1.8 15 11
12:39:25 1 82 4096 2814 3.0 1.8 15 11
12:39:26 1 82 4096 2814 3.0 1.8 15 11
12:39:27 1 82 4096 2814 3.0 1.8 15 11
12:39:28 1 82 4096 2814 3.0 1.8 15 11
12:39:29 1 82 4096 2814 3.0 1.8 15 11
12:39:30 1 82 4096 2814 3.0 1.8 15 11
12:39:31 1 82 4096 2814 3.0 1.8 15 11
12:39:32 1 82 4096 2814 3.0 1.8 15 11
12:39:33 1 82 4096 2814 3.0 1.8 15 11
12:39:34 1 82 4096 2814 3.0 1.8 15 11
12:39:35 1 82 4096 2814 3.0 1.8 15 11
12:39:36 1 82 4096 2814 3.0 1.8 15 11
12:39:37 1 82 4096 2814 3.0 1.8 15 11
12:39:38 1 82 4096 2814 3.0 1.8 15 11
12:39:40 1 82 4096 2814 3.0 1.8 15 11
12:39:41 1 82 4096 2814 3.0 1.8 15 11
12:39:42 1 82 4096 2814 3.0 1.8 15 11
12:39:43 1 82 4096 2814 3.0 1.8 15 11
12:39:44 1 82 4096 2814 3.0 1.8 15 11
12:39:45 1 82 4096 2814 3.0 1.8 15 11
12:39:46 1 82 4096 2814 3.0 1.8 15 11
12:39:47 1 82 4096 2814 3.0 1.8 15 11
12:39:48 1 82 4096 2814 3.0 1.8 15 11
12:39:49 1 82 4096 2814 3.0 1.8 15 11
12:39:50 1 82 4096 2814 3.0 1.8 15 11
12:39:51 1 82 4096 2814 3.0 1.8 15 11
12:39:52 1 82 4096 2814 3.0 1.8 15 11
12:39:53 1 82 4096 2814 3.0 1.8 15 11
12:39:55 1 82 4096 2814 3.0 1.8 15 11
12:39:56 1 82 4096 2814 3.0 1.8 15 11
12:39:57 1 82 4096 2814 3.0 1.8 15 11
12:39:58 1 82 4096 2814 3.0 1.8 15 11
12:39:59 1 82 4096 2814 3.0 1.8 15 11
12:40:00 1 82 4096 2814 3.0 1.8 15 11
12:40:01 1 82 4096 2814 3.0 1.8 15 11
12:40:02 1 82 4096 2814 3.0 1.8 15 11
12:40:03 1 82 4096 2814 3.0 1.8 15 11
12:40:04 1 82 4096 2814 3.0 1.8 15 11
12:40:05 1 82 4096 2814 3.0 1.8 15 11
12:40:06 1 82 4096 2814 3.0 1.8 15 11
12:40:07 1 82 4096 2814 3.0 1.8 15 11
12:40:08 1 82 4096 2814 3.0 1.8 15 11
12:40:10 1 82 4096 2814 3.0 1.8 15 11
12:40:11 1 82 4096 2814 3.0 1.8 15 11
12:40:12 1 82 4096 2814 3.0 1.8 15 11
12:40:13 1 82 4096 2814 3.0 1.8 15 11
12:40:14 1 82 4096 2814 3.0 1.8 15 11
12:40:15 1 82 4096 2814 3.0 1.8 15 11
12:40:16 1 82 4096 2814 3.0 1.8 15 11
12:40:17 1 82 4096 2814 3.0 1.8 15 11
12:40:18 1 82 4096 2814 3.0 1.8 15 11
12:40:19 1 82 4096 2814 3.0 1.8 15 11
12:40:20 1 82 4096 2814 3.0 1.8 15 11
12:40:21 1 82 4096 2814 3.0 1.8 15 11
12:40:22 1 82 4096 2814 3.0 1.8 15 11
12:40:23 1 82 4096 2814 3.0 1.8 15 11
12:40:24 1 82 4096 2814 3.0 1.8 15 11
12:40:26 1 82 4096 2814 3.0 1.8 15 11
12:40:27 1 82 4096 2814 3.0 1.8 15 11
12:40:28 1 82 4096 2814 3.0 1.8 15 11
12:40:29 1 82 4096 2814 3.0 1.8 15 11
12:40:30 1 82 4096 2814 3.0 1.8 15 11
12:40:31 1 82 4096 2814 3.0 1.8 15 11
12:40:32 1 82 4096 2814 3.0 1.8 15 11
12:40:33 1 82 4096 2814 3.0 1.8 15 11
12:40:34 1 82 4096 2814 3.0 1.8 15 11
12:40:35 1 82 4096 2814 3.0 1.8 15 11
12:40:36 1 82 4096 2814 3.0 1.8 15 11
12:40:37 1 82 4096 2814 3.0 1.8 15 11
12:40:38 1 82 4096 2814 3.0 1.8 15 11
12:40:39 1 82 4096 2814 3.0 1.8 15 11
12:40:41 1 82 4096 2814 3.0 1.8 15 11
12:40:42 1 82 4096 2814 3.0 1.8 15 11
12:40:43 1 82 4096 2814 3.0 1.8 15 11
12:40:44 1 82 4096 2814 3.0 1.8 15 11
12:40:45 1 82 4096 2814 3.0 1.8 15 11
12:40:46 1 82 4096 2814 3.0 1.8 15 11
12:40:47 1 82 4096 2814 3.0 1.8 15 11
12:40:48 1 82 4096 2814 3.0 1.8 15 11
12:40:49 1 82 4096 2814 3.0 1.8 15 11
12:40:50 1 82 4096 2814 3.0 1.8 15 11
12:40:51 1 82 4096 2814 3.0 1.8 15 11
12:40:52 1 82 4096 2814 3.0 1.8 15 11
12:40:53 1 82 4096 2814 3.0 1.8 15 11
12:40:54 1 82 4096 2814 3.0 1.8 15 11
12:40:56 1 82 4096 2814 3.0 1.8 15 11
12:40:57 1 82 4096 2814 3.0 1.8 15 11
12:40:58 1 82 4096 2814 3.0 1.8 15 11
12:40:59 1 82 4096 2814 3.0 1.8 15 11
12:41:00 1 82 4096 2814 3.0 1.8 15 11
12:41:01 1 82 4096 2814 3.0 1.8 15 11
12:41:02 1 82 4096 2814 3.0 1.8 15 11
12:41:03 1 82 4096 2814 3.0 1.8 15 11
12:41:04 1 82 4096 2814 3.0 1.8 15 11
12:41:05 1 82 4096 2814 3.0 1.8 15 11
12:41:06 1 82 4096 2814 3.0 1.8 15 11
12:41:07 1 82 4096 2814 3.0 1.8 15 11
12:41:08 1 82 4096 2814 3.0 1.8 15 11
12:41:09 1 82 4096 2814 3.0 1.8 15 11
12:41:11 1 82 4096 2814 3.0 1.8 15 11
12:41:12 1 82 4096 2814 3.0 1.8 15 11
12:41:13 1 82 4096 2814 3.0 1.8 15 11
12:41:14 1 82 4096 2814 3.0 1.8 15 11
12:41:15 1 82 4096 2814 3.0 1.8 15 11
12:41:16 1 82 4096 2814 3.0 1.8 15 11
12:41:17 1 82 4096 2814 3.0 1.8 15 11
12:41:18 1 82 4096 2814 3.0 1.8 15 11
12:41:19 1 82 4096 2814 3.0 1.8 15 11
12:41:20 1 82 4096 2814 3.0 1.8 15 11
12:41:21 1 82 4096 2814 3.0 1.8 15 11
12:41:22 1 82 4096 2814 3.0 1.8 15 11
12:41:23 1 82 4096 2814 3.0 1.8 15 11
12:41:25 1 82 4096 2814 3.0 1.8 15 11
12:41:26 1 82 4096 2814 3.0 1.8 15 11
12:41:27 1 82 4096 2814 3.0 1.8 15 11
12:41:28 1 82 4096 2814 3.0 1.8 15 11
12:41:29 1 82 4096 2814 3.0 1.8 15 11
12:41:30 1 82 4096 2814 3.0 1.8 15 11
12:41:31 1 82 4096 2814 3.0 1.8 15 11
12:41:32 1 82 4096 2814 3.0 1.8 15 11
12:41:33 1 82 4096 2814 3.0 1.8 15 11
12:41:34 1 82 4096 2814 3.0 1.8 15 11
12:41:35 1 82 4096 2814 3.0 1.8 15 11
12:41:36 1 82 4096 2814 3.1 1.8 15 11
12:41:37 1 82 4096 2814 3.0 1.8 15 11
12:41:38 1 82 4096 2814 3.0 1.8 15 11
12:41:40 1 82 4096 2814 3.1 1.8 15 11
12:41:41 1 82 4096 2814 3.0 1.8 15 11
12:41:42 1 82 4096 2814 3.0 1.8 15 11
12:41:43 1 82 4096 2814 3.0 1.8 15 11
12:41:44 1 82 4096 2814 3.0 1.8 15 11
12:41:45 1 82 4096 2814 3.0 1.8 15 11
12:41:46 1 82 4096 2814 3.1 1.8 15 11
12:41:47 1 82 4096 2814 3.0 1.8 15 11
12:41:48 1 82 4096 2814 3.0 1.8 15 11
12:41:49 1 82 4096 2814 3.0 1.8 15 11
12:41:50 1 82 4096 2814 3.0 1.8 15 11
12:41:51 1 82 4096 2814 3.1 1.8 15 11
12:41:52 1 82 4096 2814 3.0 1.8 15 11
12:41:53 1 82 4096 2814 3.0 1.8 15 11
12:41:55 1 82 4096 2814 3.0 1.8 15 11
12:41:56 1 82 4096 2814 3.0 1.8 15 11
12:41:57 1 82 4096 2814 3.0 1.8 15 11
12:41:58 1 82 4096 2814 3.0 1.8 15 11
12:41:59 1 82 4096 2814 3.0 1.8 15 11
12:42:00 1 82 4096 2814 3.1 1.8 15 11
12:42:01 1 82 4096 2814 3.0 1.8 15 11
12:42:02 1 82 4096 2814 3.0 1.8 15 11
12:42:03 1 82 4096 2814 3.0 1.8 15 11
12:42:04 1 83 4096 2814 3.0 1.8 15 11
12:42:05 1 82 4096 2814 3.0 1.8 15 11
12:42:06 1 83 4096 2814 3.0 1.8 15 11
12:42:07 1 83 4096 2814 3.0 1.8 15 11
12:42:08 1 82 4096 2814 3.0 1.8 15 11
12:42:09 1 83 4096 2814 3.0 1.8 15 11
12:42:11 1 83 4096 2814 3.0 1.8 15 11
12:42:12 1 83 4096 2814 3.0 1.8 15 11
12:42:13 1 83 4096 2814 3.0 1.8 15 11
12:42:14 1 83 4096 2814 3.0 1.8 15 11
12:42:15 1 83 4096 2814 3.0 1.8 15 11
12:42:16 1 83 4096 2814 3.0 1.8 15 11
12:42:17 1 83 4096 2814 3.0 1.8 15 11
12:42:18 1 83 4096 2814 3.0 1.8 15 11
12:42:19 1 83 4096 2814 3.0 1.8 15 11
12:42:20 1 83 4096 2814 3.0 1.8 15 11
12:42:21 1 83 4096 2814 3.0 1.8 15 11
12:42:22 1 82 4096 2814 3.0 1.8 15 11
12:42:23 1 83 4096 2814 3.0 1.8 15 11
12:42:24 1 83 4096 2814 3.0 1.8 15 11
12:42:26 1 83 4096 2814 3.0 1.8 15 11
12:42:27 1 83 4096 2814 3.0 1.8 15 11
12:42:28 1 83 4096 2814 3.0 1.8 15 11
12:42:29 1 83 4096 2814 3.0 1.8 15 11
12:42:30 1 83 4096 2814 3.0 1.8 15 11
12:42:31 1 83 4096 2814 3.0 1.8 15 11
12:42:32 1 83 4096 2814 3.0 1.8 15 11
12:42:33 1 83 4096 2814 3.0 1.8 15 11
12:42:34 1 83 4096 2814 3.0 1.8 15 11
12:42:35 1 83 4096 2814 3.0 1.8 15 11
12:42:36 1 83 4096 2814 3.0 1.8 15 11
12:42:37 1 83 4096 2814 3.0 1.8 15 11
12:42:38 1 83 4096 2814 3.0 1.8 15 11
12:42:39 1 83 4096 2814 3.0 1.8 15 11
12:42:41 1 83 4096 2814 3.0 1.8 15 11
12:42:42 1 83 4096 2814 3.0 1.8 15 11
12:42:43 1 83 4096 2814 3.0 1.8 15 11
12:42:44 1 83 4096 2814 3.0 1.8 15 11
12:42:45 1 83 4096 2814 3.0 1.8 15 11
12:42:46 1 82 4096 2814 3.1 1.8 15 11
12:42:47 1 83 4096 2814 3.0 1.8 15 11
12:42:48 1 83 4096 2814 3.0 1.8 15 11
12:42:49 1 82 4096 2814 3.1 1.8 15 11
12:42:50 1 83 4096 2814 3.0 1.8 15 11
12:42:51 1 83 4096 2814 3.0 1.8 15 11
12:42:52 1 83 4096 2814 3.0 1.8 15 11
12:42:53 1 83 4096 2814 3.0 1.8 15 11
12:42:54 1 83 4096 2814 3.0 1.8 15 11
12:42:56 1 83 4096 2814 3.0 1.8 15 11
12:42:57 1 83 4096 2814 3.0 1.8 15 11
12:42:58 1 83 4096 2814 3.0 1.8 15 11
12:42:59 1 83 4096 2814 3.0 1.8 15 11
12:43:00 1 83 4096 2814 3.0 1.8 15 11
12:43:01 1 83 4096 2814 3.0 1.8 15 11
12:43:02 1 83 4096 2814 3.0 1.8 15 11
12:43:03 1 83 4096 2814 3.0 1.8 15 11
12:43:04 1 83 4096 2814 3.0 1.8 15 11
12:43:05 1 83 4096 2814 3.0 1.8 15 11
12:43:06 1 83 4096 2814 3.0 1.8 15 11
12:43:07 1 83 4096 2814 3.0 1.8 15 11
12:43:08 1 83 4096 2814 3.0 1.8 15 11
12:43:10 1 83 4096 2814 3.0 1.8 15 11
12:43:11 1 83 4096 2814 3.0 1.8 15 11
12:43:12 1 83 4096 2814 3.0 1.8 15 11
12:43:13 1 83 4096 2814 3.0 1.8 15 11
12:43:14 1 83 4096 2814 3.0 1.8 15 11
12:43:15 1 83 4096 2814 3.0 1.8 15 11
12:43:16 1 83 4096 2814 3.0 1.8 15 11
12:43:17 1 83 4096 2814 3.0 1.8 15 11
12:43:18 1 83 4096 2814 3.0 1.8 15 11
12:43:19 1 83 4096 2814 3.0 1.8 15 11
12:43:20 1 83 4096 2814 3.0 1.8 15 11
12:43:21 1 83 4096 2814 3.0 1.8 15 11
12:43:22 1 83 4096 2814 3.0 1.8 15 11
12:43:23 1 83 4096 2814 3.0 1.8 15 11
12:43:25 1 83 4096 2814 3.0 1.8 15 11
12:43:26 1 83 4096 2814 3.0 1.8 15 11
12:43:27 1 83 4096 2814 3.0 1.8 15 11
12:43:28 1 83 4096 2814 3.0 1.8 15 11
12:43:29 1 83 4096 2814 3.0 1.8 15 11
12:43:30 1 83 4096 2814 3.0 1.8 15 11
12:43:31 1 83 4096 2814 3.0 1.8 15 11
12:43:32 1 83 4096 2814 3.0 1.8 15 11
12:43:33 1 83 4096 2814 3.0 1.8 15 11
12:43:34 1 83 4096 2814 3.0 1.8 15 11
12:43:35 1 83 4096 2814 3.0 1.8 15 11
12:43:36 1 83 4096 2814 3.0 1.8 15 11
12:43:38 1 83 4096 2814 3.0 1.8 15 11
12:43:39 1 83 4096 2814 3.0 1.8 15 11
12:43:40 1 83 4096 2814 3.0 1.8 15 11
12:43:41 1 83 4096 2814 3.0 1.8 15 11
12:43:42 1 83 4096 2814 3.0 1.8 15 11
12:43:43 1 83 4096 2814 3.0 1.8 15 11
12:43:44 1 83 4096 2814 3.0 1.8 15 11
12:43:45 1 83 4096 2814 3.0 1.8 15 11
12:43:46 1 83 4096 2814 3.0 1.8 15 11
12:43:47 1 83 4096 2814 3.0 1.8 15 11
12:43:48 1 83 4096 2814 3.0 1.8 15 11
12:43:50 1 83 4096 2814 3.0 1.8 15 11
12:43:51 1 83 4096 2814 3.0 1.8 15 11
12:43:52 1 83 4096 2814 3.0 1.8 15 11
12:43:53 1 82 4096 2814 3.1 1.8 15 11
12:43:54 1 83 4096 2814 3.0 1.8 15 11
12:43:55 1 83 4096 2814 3.0 1.8 15 11
12:43:56 1 83 4096 2814 3.0 1.8 15 11
12:43:57 1 83 4096 2814 3.0 1.8 15 11
12:43:58 1 83 4096 2814 3.0 1.8 15 11
12:43:59 1 83 4096 2814 3.0 1.8 15 11
12:44:00 1 83 4096 2814 3.0 1.8 15 11
12:44:01 1 83 4096 2814 3.0 1.8 15 11
12:44:02 1 83 4096 2814 3.0 1.8 15 11
12:44:04 1 83 4096 2814 3.0 1.8 15 11
12:44:05 1 83 4096 2814 3.0 1.8 15 11
12:44:06 1 83 4096 2814 3.0 1.8 15 11
12:44:07 1 83 4096 2814 3.0 1.8 15 11
12:44:08 1 83 4096 2814 3.0 1.8 15 11
12:44:09 1 83 4096 2814 3.0 1.8 15 11
12:44:10 1 83 4096 2814 3.0 1.8 15 11
12:44:11 1 83 4096 2814 3.0 1.8 15 11
12:44:12 1 83 4096 2814 3.0 1.8 15 11
12:44:13 1 83 4096 2814 3.0 1.8 15 11
12:44:14 1 83 4096 2814 3.0 1.8 15 11
12:44:15 1 83 4096 2814 3.0 1.8 15 11
12:44:17 1 82 4096 2814 3.1 1.8 15 11
12:44:18 1 83 4096 2814 3.0 1.8 15 11
12:44:19 1 83 4096 2814 3.0 1.8 15 11
12:44:20 1 83 4096 2814 3.0 1.8 15 11
12:44:21 1 83 4096 2814 3.0 1.8 15 11
12:44:22 1 83 4096 2814 3.0 1.8 15 11
12:44:23 1 82 4096 2814 3.1 1.8 15 11
12:44:24 1 83 4096 2814 3.0 1.8 15 11
12:44:25 1 83 4096 2814 3.0 1.8 15 11
12:44:26 1 82 4096 2814 3.1 1.8 15 11
12:44:27 1 83 4096 2814 3.0 1.8 15 11
12:44:28 1 83 4096 2814 3.0 1.8 15 11
12:44:29 1 83 4096 2814 3.0 1.8 15 11
12:44:30 1 83 4096 2814 3.0 1.8 15 11
12:44:32 1 83 4096 2814 3.0 1.8 15 11
12:44:33 1 83 4096 2814 3.0 1.8 15 11
12:44:34 1 83 4096 2814 3.0 1.8 15 11
12:44:35 1 82 4096 2814 3.1 1.8 15 11
12:44:36 1 83 4096 2814 3.0 1.8 15 11
12:44:37 1 83 4096 2814 3.0 1.8 15 11
12:44:38 1 83 4096 2814 3.0 1.8 15 11
12:44:39 1 83 4096 2814 3.0 1.8 15 11
12:44:40 1 83 4096 2814 3.0 1.8 15 11
12:44:41 1 83 4096 2814 3.0 1.8 15 11
12:44:42 1 83 4096 2814 3.0 1.8 15 11
12:44:43 1 83 4096 2814 3.0 1.8 15 11
12:44:45 1 83 4096 2814 3.0 1.8 15 11
12:44:46 1 83 4096 2814 3.0 1.8 15 11
12:44:47 1 83 4096 2814 3.0 1.8 15 11
12:44:48 1 83 4096 2814 3.0 1.8 15 11
12:44:49 1 83 4096 2814 3.0 1.8 15 11
12:44:50 1 83 4096 2814 3.0 1.8 15 11
12:44:51 1 83 4096 2814 3.0 1.8 15 11
12:44:52 1 83 4096 2814 3.0 1.8 15 11
12:44:53 1 83 4096 2814 3.0 1.8 15 11
12:44:54 1 83 4096 2814 3.0 1.8 15 11
12:44:55 1 83 4096 2814 3.0 1.8 15 11
12:44:56 1 83 4096 2814 3.0 1.8 15 11
12:44:58 1 82 4096 2814 3.1 1.8 15 11
12:44:59 1 83 4096 2814 3.1 1.8 15 11
12:45:00 1 83 4096 2814 3.0 1.8 15 11
12:45:01 1 83 4096 2814 3.0 1.8 15 11
12:45:02 1 83 4096 2814 3.0 1.8 15 11
12:45:03 1 83 4096 2814 3.0 1.8 15 11
12:45:04 1 83 4096 2814 3.0 1.8 15 11
12:45:05 1 83 4096 2814 3.0 1.8 15 11
12:45:06 1 83 4096 2814 3.0 1.8 15 11
12:45:07 1 83 4096 2814 3.0 1.8 15 11
12:45:08 1 83 4096 2814 3.0 1.8 15 11
12:45:09 1 83 4096 2814 3.0 1.8 15 11
12:45:11 1 83 4096 2814 3.0 1.8 15 11
12:45:12 1 83 4096 2814 3.0 1.8 15 11
12:45:13 1 83 4096 2814 3.1 1.8 15 11
12:45:14 1 83 4096 2814 3.1 1.8 15 11
12:45:15 1 83 4096 2814 3.0 1.8 15 11
12:45:16 1 83 4096 2814 3.0 1.8 15 11
12:45:17 1 83 4096 2814 3.0 1.8 15 11
12:45:18 1 83 4096 2814 3.0 1.8 15 11
12:45:19 1 83 4096 2814 3.0 1.8 15 11
12:45:20 1 83 4096 2814 3.0 1.8 15 11
12:45:21 1 83 4096 2814 3.0 1.8 15 11
12:45:22 1 83 4096 2814 3.0 1.8 15 11
12:45:24 1 83 4096 2814 3.0 1.8 15 11
12:45:25 1 83 4096 2814 3.0 1.8 15 11
12:45:26 1 83 4096 2814 3.0 1.8 15 11
12:45:27 1 83 4096 2814 3.0 1.8 15 11
12:45:28 1 83 4096 2814 3.0 1.8 15 11
12:45:29 1 83 4096 2814 3.0 1.8 15 11
12:45:30 1 83 4096 2814 3.0 1.8 15 11
12:45:31 1 83 4096 2814 3.0 1.8 15 11
12:45:32 1 83 4096 2814 3.0 1.8 15 11
12:45:33 1 83 4096 2814 3.0 1.8 15 11
12:45:34 1 83 4096 2814 3.0 1.8 15 11
12:45:35 1 82 4096 2814 3.1 1.8 15 11
12:45:37 1 83 4096 2814 3.0 1.8 15 11
12:45:38 1 83 4096 2814 3.0 1.8 15 11
12:45:39 1 83 4096 2814 3.0 1.8 15 11
12:45:40 1 82 4096 2814 3.1 1.8 15 11
12:45:41 1 83 4096 2814 3.0 1.8 15 11
12:45:42 1 83 4096 2814 3.0 1.8 15 11
12:45:43 1 83 4096 2814 3.0 1.8 15 11
12:45:44 1 83 4096 2814 3.0 1.8 15 11
12:45:45 1 83 4096 2814 3.0 1.8 15 11
12:45:46 1 83 4096 2814 3.0 1.8 15 11
12:45:47 1 83 4096 2814 3.0 1.8 15 11
12:45:48 1 83 4096 2814 3.0 1.8 15 11
12:45:50 1 83 4096 2814 3.0 1.8 15 11
12:45:51 1 82 4096 2814 3.1 1.8 15 11
12:45:52 1 83 4096 2814 3.0 1.8 15 11
12:45:53 1 83 4096 2814 3.0 1.8 15 11
12:45:54 1 83 4096 2814 3.0 1.8 15 11
12:45:55 1 83 4096 2814 3.0 1.8 15 11
12:45:56 1 82 4096 2814 3.1 1.8 15 11
12:45:57 1 83 4096 2814 3.0 1.8 15 11
12:45:58 1 83 4096 2814 3.0 1.8 15 11
12:45:59 1 83 4096 2814 3.0 1.8 15 11
12:46:00 1 82 4096 2814 3.1 1.8 15 11
12:46:01 1 82 4096 2814 3.1 1.8 15 11
12:46:02 1 83 4096 2814 3.0 1.8 15 11
12:46:03 1 83 4096 2814 3.0 1.8 15 11
12:46:05 1 83 4096 2814 3.0 1.8 15 11
12:46:06 1 83 4096 2814 3.0 1.8 15 11
12:46:07 1 83 4096 2814 3.0 1.8 15 11
12:46:08 1 83 4096 2814 3.0 1.8 15 11
12:46:09 1 83 4096 2814 3.0 1.8 15 11
12:46:10 1 83 4096 2814 3.0 1.8 15 11
12:46:11 1 83 4096 2814 3.0 1.8 15 11
12:46:12 1 83 4096 2814 3.0 1.8 15 11
12:46:13 1 83 4096 2814 3.0 1.8 15 11
12:46:14 1 83 4096 2814 3.0 1.8 15 11
12:46:15 1 83 4096 2814 3.0 1.8 15 11
12:46:16 1 83 4096 2814 3.0 1.8 15 11
12:46:17 1 83 4096 2814 3.0 1.8 15 11
12:46:18 1 83 4096 2814 3.0 1.8 15 11
12:46:20 1 83 4096 2814 3.0 1.8 15 11
12:46:21 1 83 4096 2814 3.0 1.8 15 11
12:46:22 1 83 4096 2814 3.0 1.8 15 11
12:46:23 1 83 4096 2814 3.0 1.8 15 11
12:46:24 1 83 4096 2814 3.0 1.8 15 11
12:46:25 1 83 4096 2814 3.0 1.8 15 11
12:46:26 1 83 4096 2814 3.0 1.8 15 11
12:46:27 1 83 4096 2814 3.0 1.8 15 11
12:46:28 1 83 4096 2814 3.0 1.8 15 11
12:46:29 1 83 4096 2814 3.0 1.8 15 11
12:46:30 1 83 4096 2814 3.0 1.8 15 11
12:46:31 1 83 4096 2814 3.0 1.8 15 11
12:46:32 1 83 4096 2814 3.0 1.8 15 11
12:46:33 1 83 4096 2814 3.0 1.8 15 11
12:46:35 1 83 4096 2814 3.0 1.8 15 11
12:46:36 1 83 4096 2814 3.0 1.8 15 11
12:46:37 1 83 4096 2814 3.0 1.8 15 11
12:46:38 1 83 4096 2814 3.0 1.8 15 11
12:46:39 1 83 4096 2814 3.0 1.8 15 11
12:46:40 1 83 4096 2814 3.0 1.8 15 11
12:46:41 1 83 4096 2814 3.0 1.8 15 11
12:46:42 1 83 4096 2814 3.0 1.8 15 11
12:46:43 1 83 4096 2814 3.0 1.8 15 11
12:46:44 1 83 4096 2814 3.0 1.8 15 11
12:46:45 1 83 4096 2814 3.0 1.8 15 11
12:46:46 1 83 4096 2814 3.0 1.8 15 11
12:46:47 1 83 4096 2814 3.0 1.8 15 11
12:46:49 1 83 4096 2814 3.0 1.8 15 11
12:46:50 1 83 4096 2814 3.0 1.8 15 11
12:46:51 1 83 4096 2814 3.0 1.8 15 11
12:46:52 1 83 4096 2814 3.0 1.8 15 11
12:46:53 1 83 4096 2814 3.0 1.8 15 11
12:46:54 1 83 4096 2814 3.0 1.8 15 11
12:46:55 1 83 4096 2814 3.0 1.8 15 11
12:46:56 1 83 4096 2814 3.0 1.8 15 11
12:46:57 1 83 4096 2814 3.0 1.8 15 11
12:46:58 1 83 4096 2814 3.0 1.8 15 11
12:46:59 1 83 4096 2814 3.0 1.8 15 11
12:47:01 1 83 4096 2814 3.0 1.8 15 11
12:47:02 1 83 4096 2814 3.0 1.8 15 11
12:47:03 1 83 4096 2814 3.0 1.8 15 11
12:47:04 1 83 4096 2814 3.0 1.8 15 11
12:47:05 1 83 4096 2814 3.0 1.8 15 11
12:47:06 1 83 4096 2814 3.0 1.8 15 11
12:47:07 1 83 4096 2814 3.0 1.8 15 11
12:47:08 1 83 4096 2814 3.0 1.8 15 11
12:47:09 1 83 4096 2814 3.0 1.8 15 11
12:47:10 1 83 4096 2814 3.0 1.8 15 11
12:47:11 1 83 4096 2814 3.0 1.8 15 11
12:47:12 1 83 4096 2814 3.1 1.8 15 11
12:47:13 1 83 4096 2814 3.0 1.8 15 11
12:47:15 1 83 4096 2814 3.0 1.8 15 11
12:47:16 1 83 4096 2814 3.0 1.8 15 11
12:47:17 1 83 4096 2814 3.0 1.8 15 11
12:47:18 1 83 4096 2814 3.0 1.8 15 11
12:47:19 1 83 4096 2814 3.0 1.8 15 11
12:47:20 1 83 4096 2814 3.0 1.8 15 11
12:47:21 1 83 4096 2814 3.0 1.8 15 11
12:47:22 1 83 4096 2814 3.0 1.8 15 11
12:47:23 1 83 4096 2814 3.0 1.8 15 11
12:47:24 1 83 4096 2814 3.0 1.8 15 11
12:47:25 1 83 4096 2814 3.0 1.8 15 11
12:47:26 1 83 4096 2814 3.0 1.8 15 11
12:47:27 1 83 4096 2814 3.0 1.8 15 11
12:47:29 1 83 4096 2814 3.0 1.8 15 11
12:47:30 1 83 4096 2814 3.0 1.8 15 11
12:47:31 1 83 4096 2814 3.0 1.8 15 11
12:47:32 1 83 4096 2814 3.0 1.8 15 11
12:47:33 1 83 4096 2814 3.0 1.8 15 11
12:47:34 1 83 4096 2814 3.0 1.8 15 11
12:47:35 1 83 4096 2814 3.0 1.8 15 11
12:47:36 1 83 4096 2814 3.0 1.8 15 11
12:47:37 1 83 4096 2814 3.0 1.8 15 11
12:47:38 1 83 4096 2814 3.0 1.8 15 11
12:47:39 1 83 4096 2814 3.0 1.8 15 11
12:47:40 1 83 4096 2814 3.0 1.8 15 11
12:47:42 1 83 4096 2814 3.0 1.8 15 11
12:47:43 1 83 4096 2814 3.0 1.8 15 11
12:47:44 1 83 4096 2814 3.0 1.8 15 11
12:47:45 1 83 4096 2814 3.0 1.8 15 11
12:47:46 1 83 4096 2814 3.0 1.8 15 11
12:47:47 1 83 4096 2814 3.0 1.8 15 11
12:47:48 1 83 4096 2814 3.0 1.8 15 11
12:47:49 1 83 4096 2814 3.0 1.8 15 11
12:47:50 1 83 4096 2814 3.1 1.8 15 11
12:47:51 1 83 4096 2814 3.0 1.8 15 11
12:47:52 1 83 4096 2814 3.0 1.8 15 11
12:47:53 1 83 4096 2814 3.1 1.8 15 11
12:47:54 1 83 4096 2814 3.0 1.8 15 11
12:47:56 1 83 4096 2814 3.0 1.8 15 11
12:47:57 1 83 4096 2814 3.0 1.8 15 11
12:47:58 1 83 4096 2814 3.0 1.8 15 11
12:47:59 1 83 4096 2814 3.0 1.8 15 11
12:48:00 1 83 4096 2814 3.0 1.8 15 11
12:48:01 1 83 4096 2814 3.0 1.8 15 11
12:48:02 1 83 4096 2814 3.0 1.8 15 11
12:48:03 1 83 4096 2814 3.0 1.8 15 11
12:48:04 1 83 4096 2814 3.0 1.8 15 11
12:48:05 1 83 4096 2814 3.0 1.8 15 11
12:48:06 1 83 4096 2814 3.0 1.8 15 11
12:48:07 1 83 4096 2814 3.0 1.8 15 11
12:48:08 1 83 4096 2814 3.0 1.8 15 11
12:48:09 1 83 4096 2814 3.1 1.8 15 11
12:48:11 1 83 4096 2814 3.0 1.8 15 11
12:48:12 1 83 4096 2814 3.0 1.8 15 11
12:48:13 1 83 4096 2814 3.0 1.8 15 11
12:48:14 1 83 4096 2814 3.0 1.8 15 11
12:48:15 1 83 4096 2814 3.0 1.8 15 11
12:48:16 1 83 4096 2814 3.0 1.8 15 11
12:48:17 1 83 4096 2814 3.0 1.8 15 11
12:48:18 1 83 4096 2814 3.0 1.8 15 11
12:48:19 1 83 4096 2814 3.0 1.8 15 11
12:48:20 1 83 4096 2814 3.0 1.8 15 11
12:48:21 1 83 4096 2814 3.0 1.8 15 11
12:48:22 1 83 4096 2814 3.0 1.8 15 11
12:48:23 1 83 4096 2814 3.0 1.8 15 11
12:48:25 1 83 4096 2814 3.0 1.8 15 11
12:48:26 1 83 4096 2814 3.0 1.8 15 11
12:48:27 1 83 4096 2814 3.0 1.8 15 11
12:48:28 1 83 4096 2814 3.0 1.8 15 11
12:48:29 1 83 4096 2814 3.0 1.8 15 11
12:48:30 1 83 4096 2814 3.0 1.8 15 11
12:48:31 1 83 4096 2814 3.0 1.8 15 11
12:48:32 1 83 4096 2814 3.0 1.8 15 11
12:48:33 1 83 4096 2814 3.0 1.8 15 11
12:48:34 1 83 4096 2814 3.0 1.8 15 11
12:48:35 1 83 4096 2814 3.0 1.8 15 11
12:48:36 1 83 4096 2814 3.0 1.8 15 11
12:48:37 1 83 4096 2814 3.0 1.8 15 11
12:48:38 1 83 4096 2814 3.0 1.8 15 11
12:48:40 1 83 4096 2814 3.0 1.8 15 11
12:48:41 1 83 4096 2814 3.0 1.8 15 11
12:48:42 1 83 4096 2814 3.0 1.8 15 11
12:48:43 1 83 4096 2814 3.0 1.8 15 11
12:48:44 1 83 4096 2814 3.0 1.8 15 11
12:48:45 1 83 4096 2814 3.0 1.8 15 11
12:48:46 1 83 4096 2814 3.0 1.8 15 11
12:48:47 1 83 4096 2814 3.0 1.8 15 11
12:48:48 1 83 4096 2814 3.0 1.8 15 11
12:48:49 1 83 4096 2814 3.0 1.8 15 11
12:48:50 1 83 4096 2814 3.0 1.8 15 11
12:48:51 1 83 4096 2814 3.0 1.8 15 11
12:48:52 1 83 4096 2814 3.0 1.8 15 11
12:48:53 1 83 4096 2814 3.0 1.8 15 11
12:48:55 1 83 4096 2814 3.0 1.8 15 11
12:48:56 1 83 4096 2814 3.0 1.8 15 11
12:48:57 1 83 4096 2814 3.0 1.8 15 11
12:48:58 1 83 4096 2814 3.0 1.8 15 11
12:48:59 1 83 4096 2814 3.0 1.8 15 11
12:49:00 1 83 4096 2814 3.0 1.8 15 11
12:49:01 1 83 4096 2814 3.0 1.8 15 11
12:49:02 1 83 4096 2814 3.0 1.8 15 11
12:49:03 1 83 4096 2814 3.0 1.8 15 11
12:49:04 1 83 4096 2814 3.0 1.8 15 11
12:49:05 1 83 4096 2814 3.1 1.8 15 11
12:49:06 1 83 4096 2814 3.0 1.8 15 11
12:49:07 1 83 4096 2814 3.0 1.8 15 11
12:49:08 1 83 4096 2814 3.0 1.8 15 11
12:49:10 1 83 4096 2814 3.0 1.8 15 11
12:49:11 1 83 4096 2814 3.0 1.8 15 11
12:49:12 1 83 4096 2814 3.0 1.8 15 11
12:49:13 1 83 4096 2814 3.0 1.8 15 11
12:49:14 1 83 4096 2814 3.0 1.8 15 11
12:49:15 1 83 4096 2814 3.0 1.8 15 11
12:49:16 1 83 4096 2814 3.0 1.8 15 11
12:49:17 1 83 4096 2814 3.0 1.8 15 11
12:49:18 1 83 4096 2814 3.0 1.8 15 11
12:49:19 1 83 4096 2814 3.1 1.8 15 11
12:49:20 1 83 4096 2814 3.0 1.8 15 11
12:49:21 1 83 4096 2814 3.0 1.8 15 11
12:49:22 1 83 4096 2814 3.0 1.8 15 11
12:49:23 1 83 4096 2814 3.0 1.8 15 11
12:49:25 1 83 4096 2814 3.0 1.8 15 11
12:49:26 1 83 4096 2814 3.0 1.8 15 11
12:49:27 1 83 4096 2814 3.0 1.8 15 11
12:49:28 1 83 4096 2814 3.0 1.8 15 11
12:49:29 1 83 4096 2814 3.0 1.8 15 11
12:49:30 1 83 4096 2814 3.0 1.8 15 11
12:49:31 1 83 4096 2814 3.0 1.8 15 11
12:49:32 1 83 4096 2814 3.0 1.8 15 11
12:49:33 1 83 4096 2814 3.0 1.8 15 11
12:49:34 1 83 4096 2814 3.0 1.8 15 11
12:49:35 1 83 4096 2814 3.0 1.8 15 11
12:49:36 1 83 4096 2814 3.0 1.8 15 11
12:49:37 1 83 4096 2814 3.0 1.8 15 11
12:49:38 1 83 4096 2814 3.0 1.8 15 11
12:49:40 1 83 4096 2814 3.0 1.8 15 11
12:49:41 1 83 4096 2814 3.0 1.8 15 11
12:49:42 1 83 4096 2814 3.0 1.8 15 11
12:49:43 1 83 4096 2814 3.0 1.8 15 11
12:49:44 1 83 4096 2814 3.0 1.8 15 11
12:49:45 1 83 4096 2814 3.0 1.8 15 11
12:49:46 1 83 4096 2814 3.0 1.8 15 11
12:49:47 1 83 4096 2814 3.0 1.8 15 11
12:49:48 1 83 4096 2814 3.0 1.8 15 11
12:49:49 1 83 4096 2814 3.0 1.8 15 11
12:49:50 1 83 4096 2814 3.0 1.8 15 11
12:49:51 1 83 4096 2814 3.0 1.8 15 11
12:49:52 1 83 4096 2814 3.0 1.8 15 11
12:49:53 1 83 4096 2814 3.0 1.8 15 11
12:49:55 1 83 4096 2814 3.1 1.8 15 11
12:49:56 1 83 4096 2814 3.0 1.8 15 11
12:49:57 1 83 4096 2814 3.0 1.8 15 11
12:49:58 1 83 4096 2814 3.0 1.8 15 11
12:49:59 1 83 4096 2814 3.0 1.8 15 11
12:50:00 1 83 4096 2814 3.0 1.8 15 11
12:50:01 1 83 4096 2814 3.0 1.8 15 11
12:50:02 1 83 4096 2814 3.0 1.8 15 11
12:50:03 1 83 4096 2814 3.1 1.8 15 11
12:50:04 1 83 4096 2814 3.1 1.8 15 11
12:50:05 1 83 4096 2814 3.0 1.8 15 11
12:50:06 1 83 4096 2814 3.0 1.8 15 11
12:50:07 1 83 4096 2814 3.0 1.8 15 11
12:50:09 1 83 4096 2814 3.0 1.8 15 11
12:50:10 1 83 4096 2814 3.0 1.8 15 11
12:50:11 1 83 4096 2814 3.0 1.8 15 11
12:50:12 1 83 4096 2814 3.0 1.8 15 11
12:50:13 1 83 4096 2814 3.1 1.8 15 11
12:50:14 1 83 4096 2814 3.1 1.8 15 11
12:50:15 1 83 4096 2814 3.0 1.8 15 11
12:50:16 1 83 4096 2814 3.0 1.8 15 11
12:50:17 1 83 4096 2814 3.0 1.8 15 11
12:50:18 1 83 4096 2814 3.0 1.8 15 11
12:50:19 1 83 4096 2814 3.0 1.8 15 11
12:50:20 1 83 4096 2814 3.0 1.8 15 11
12:50:21 1 83 4096 2814 3.0 1.8 15 11
12:50:22 1 83 4096 2814 3.0 1.8 15 11
12:50:23 1 83 4096 2814 3.0 1.8 15 11
12:50:25 1 83 4096 2814 3.0 1.8 15 11
12:50:26 1 83 4096 2814 3.0 1.8 15 11
12:50:27 1 83 4096 2814 3.0 1.8 15 11
12:50:28 1 83 4096 2814 3.0 1.8 15 11
12:50:29 1 83 4096 2814 3.0 1.8 15 11
12:50:30 1 83 4096 2814 3.0 1.8 15 11
12:50:31 1 83 4096 2814 3.0 1.8 15 11
12:50:32 1 83 4096 2814 3.0 1.8 15 11
12:50:33 1 83 4096 2814 3.0 1.8 15 11
12:50:34 1 83 4096 2814 3.0 1.8 15 11
12:50:35 1 83 4096 2814 3.0 1.8 15 11
12:50:36 1 83 4096 2814 3.0 1.8 15 11
12:50:37 1 83 4096 2814 3.0 1.8 15 11
12:50:38 1 83 4096 2814 3.0 1.8 15 11
12:50:40 1 83 4096 2814 3.0 1.8 15 11
12:50:41 1 83 4096 2814 3.0 1.8 15 11
12:50:42 1 83 4096 2814 3.0 1.8 15 11
12:50:43 1 83 4096 2814 3.0 1.8 15 11
12:50:44 1 83 4096 2814 3.0 1.8 15 11
12:50:45 1 83 4096 2814 3.0 1.8 15 11
12:50:46 1 83 4096 2814 3.0 1.8 15 11
12:50:47 1 83 4096 2814 3.0 1.8 15 11
12:50:48 1 83 4096 2814 3.0 1.8 15 11
12:50:49 1 83 4096 2814 3.0 1.8 15 11
12:50:50 1 83 4096 2814 3.0 1.8 15 11
12:50:51 1 83 4096 2814 3.0 1.8 15 11
12:50:52 1 83 4096 2814 3.0 1.8 15 11
12:50:53 1 83 4096 2814 3.0 1.8 15 11
12:50:55 1 83 4096 2814 3.0 1.8 15 11
12:50:56 1 83 4096 2814 3.0 1.8 15 11
12:50:57 1 83 4096 2814 3.0 1.8 15 11
12:50:58 1 83 4096 2814 3.0 1.8 15 11
12:50:59 1 83 4096 2814 3.0 1.8 15 11
12:51:00 1 83 4096 2814 3.0 1.8 15 11
12:51:01 1 83 4096 2814 3.0 1.8 15 11
12:51:02 1 83 4096 2814 3.0 1.8 15 11
12:51:03 1 83 4096 2814 3.0 1.8 15 11
12:51:04 1 83 4096 2814 3.0 1.8 15 11
12:51:05 1 83 4096 2814 3.0 1.8 15 11
12:51:06 1 83 4096 2814 3.0 1.8 15 11
12:51:07 1 83 4096 2814 3.0 1.8 15 11
12:51:08 1 83 4096 2814 3.0 1.8 15 11
12:51:09 1 83 4096 2814 3.0 1.8 15 11
12:51:11 1 83 4096 2814 3.0 1.8 15 11
12:51:12 1 83 4096 2814 3.0 1.8 15 11
12:51:13 1 83 4096 2814 3.0 1.8 15 11
12:51:14 1 83 4096 2814 3.0 1.8 15 11
12:51:15 1 83 4096 2814 3.0 1.8 15 11
12:51:16 1 83 4096 2814 3.0 1.8 15 11
12:51:17 1 82 4096 2814 3.0 1.8 15 11
12:51:18 1 83 4096 2814 3.0 1.8 15 11
12:51:19 1 83 4096 2814 3.0 1.8 15 11
12:51:20 1 83 4096 2814 3.0 1.8 15 11
12:51:21 1 83 4096 2814 3.0 1.8 15 11
12:51:23 1 83 4096 2814 3.0 1.8 15 11
12:51:24 1 82 4096 2814 3.1 1.8 15 11
12:51:25 1 82 4096 2814 3.0 1.8 15 11
12:51:26 1 82 4096 2814 3.0 1.8 15 11
12:51:27 1 82 4096 2814 3.0 1.8 15 11
12:51:28 1 82 4096 2814 3.0 1.8 15 11
12:51:29 1 83 4096 2814 3.0 1.8 15 11
12:51:30 1 83 4096 2814 3.0 1.8 15 11
12:51:31 1 83 4096 2814 3.0 1.8 15 11
12:51:32 1 83 4096 2814 3.0 1.8 15 11
12:51:33 1 83 4096 2814 3.0 1.8 15 11
12:51:34 1 83 4096 2814 3.0 1.8 15 11
12:51:36 1 83 4096 2814 3.0 1.8 15 11
12:51:37 1 83 4096 2814 3.0 1.8 15 11
12:51:38 1 83 4096 2814 3.0 1.8 15 11
12:51:39 1 83 4096 2814 3.0 1.8 15 11
12:51:40 1 83 4096 2814 3.0 1.8 15 11
12:51:41 1 83 4096 2814 3.0 1.8 15 11
12:51:42 1 83 4096 2814 3.0 1.8 15 11
12:51:43 1 83 4096 2814 3.0 1.8 15 11
12:51:44 1 83 4096 2814 3.0 1.8 15 11
12:51:45 1 83 4096 2814 3.0 1.8 15 11
12:51:46 1 83 4096 2814 3.0 1.8 15 11
12:51:47 1 83 4096 2814 3.0 1.8 15 11
12:51:49 1 83 4096 2814 3.0 1.8 15 11
12:51:50 1 83 4096 2814 3.0 1.8 15 11
12:51:51 1 83 4096 2814 3.0 1.8 15 11
12:51:52 1 83 4096 2814 3.0 1.8 15 11
12:51:53 1 83 4096 2814 3.0 1.8 15 11
12:51:54 1 83 4096 2814 3.0 1.8 15 11
12:51:55 1 83 4096 2814 3.0 1.8 15 11
12:51:56 1 83 4096 2814 3.0 1.8 15 11
12:51:57 1 83 4096 2814 3.0 1.8 15 11
12:51:58 1 83 4096 2814 3.0 1.8 15 11
12:51:59 1 83 4096 2814 3.0 1.8 15 11
12:52:00 1 82 4096 2814 3.1 1.8 15 11
12:52:02 1 83 4096 2814 3.0 1.8 15 11
12:52:03 1 83 4096 2814 3.0 1.8 15 11
12:52:04 1 83 4096 2814 3.0 1.8 15 11
12:52:05 1 83 4096 2814 3.0 1.8 15 11
12:52:06 1 83 4096 2814 3.0 1.8 15 11
12:52:07 1 83 4096 2814 3.0 1.8 15 11
12:52:08 1 83 4096 2814 3.0 1.8 15 11
12:52:09 1 83 4096 2814 3.0 1.8 15 11
12:52:10 1 83 4096 2814 3.0 1.8 15 11
12:52:11 1 83 4096 2814 3.0 1.8 15 11
12:52:12 1 83 4096 2814 3.0 1.8 15 11
12:52:14 1 83 4096 2814 3.0 1.8 15 11
12:52:15 1 83 4096 2814 3.0 1.8 15 11
12:52:16 1 83 4096 2814 3.0 1.8 15 11
12:52:17 1 83 4096 2814 3.0 1.8 15 11
12:52:18 1 83 4096 2814 3.0 1.8 15 11
12:52:19 1 83 4096 2814 3.0 1.8 15 11
12:52:20 1 83 4096 2814 3.0 1.8 15 11
12:52:21 1 83 4096 2814 3.1 1.8 15 11
12:52:22 1 83 4096 2814 3.0 1.8 15 11
12:52:23 1 83 4096 2814 3.0 1.8 15 11
12:52:24 1 83 4096 2814 3.0 1.8 15 11
12:52:25 1 83 4096 2814 3.0 1.8 15 11
12:52:26 1 83 4096 2814 3.0 1.8 15 11
12:52:28 1 83 4096 2814 3.0 1.8 15 11
12:52:29 1 83 4096 2814 3.0 1.8 15 11
12:52:30 1 83 4096 2814 3.0 1.8 15 11
12:52:31 1 83 4096 2814 3.0 1.8 15 11
12:52:32 1 83 4096 2814 3.0 1.8 15 11
12:52:33 1 83 4096 2814 3.0 1.8 15 11
12:52:34 1 83 4096 2814 3.0 1.8 15 11
12:52:35 1 83 4096 2814 3.0 1.8 15 11
12:52:36 1 83 4096 2814 3.0 1.8 15 11
12:52:37 1 83 4096 2814 3.0 1.8 15 11
12:52:38 1 83 4096 2814 3.0 1.8 15 11
12:52:39 1 83 4096 2814 3.0 1.8 15 11
12:52:40 1 83 4096 2814 3.0 1.8 15 11
12:52:42 1 83 4096 2814 3.0 1.8 15 11
12:52:43 1 83 4096 2814 3.0 1.8 15 11
12:52:44 1 83 4096 2814 3.0 1.8 15 11
12:52:45 1 83 4096 2814 3.0 1.8 15 11
12:52:46 1 83 4096 2814 3.0 1.8 15 11
12:52:47 1 83 4096 2814 3.0 1.8 15 11
12:52:48 1 83 4096 2814 3.0 1.8 15 11
12:52:49 1 83 4096 2814 3.0 1.8 15 11
12:52:50 1 83 4096 2814 3.0 1.8 15 11
12:52:51 1 83 4096 2814 3.0 1.8 15 11
12:52:52 1 83 4096 2814 3.0 1.8 15 11
12:52:54 1 83 4096 2814 3.0 1.8 15 11
12:52:55 1 83 4096 2814 3.0 1.8 15 11
12:52:56 1 83 4096 2814 3.0 1.8 15 11
12:52:57 1 83 4096 2814 3.0 1.8 15 11
12:52:58 1 83 4096 2814 3.0 1.8 15 11
12:52:59 1 83 4096 2814 3.0 1.8 15 11
12:53:00 1 83 4096 2814 3.0 1.8 15 11
12:53:01 1 83 4096 2814 3.0 1.8 15 11
12:53:02 1 83 4096 2814 3.0 1.8 15 11
12:53:03 1 83 4096 2814 3.0 1.8 15 11
12:53:04 1 83 4096 2814 3.0 1.8 15 11
12:53:05 1 83 4096 2814 3.0 1.8 15 11
12:53:07 1 83 4096 2814 3.0 1.8 15 11
12:53:08 1 83 4096 2814 3.0 1.8 15 11
12:53:09 1 83 4096 2814 3.0 1.8 15 11
12:53:10 1 83 4096 2814 3.0 1.8 15 11
12:53:11 1 83 4096 2814 3.0 1.8 15 11
12:53:12 1 83 4096 2814 3.0 1.8 15 11
12:53:13 1 83 4096 2814 3.0 1.8 15 11
12:53:14 1 83 4096 2814 3.0 1.8 15 11
12:53:15 1 83 4096 2814 3.0 1.8 15 11
12:53:16 1 83 4096 2814 3.0 1.8 15 11
12:53:17 1 83 4096 2814 3.0 1.8 15 11
12:53:18 1 83 4096 2814 3.0 1.8 15 11
12:53:20 1 83 4096 2814 3.0 1.8 15 11
12:53:21 1 83 4096 2814 3.0 1.8 15 11
12:53:22 1 83 4096 2814 3.0 1.8 15 11
12:53:23 1 83 4096 2814 3.0 1.8 15 11
12:53:24 1 83 4096 2814 3.0 1.8 15 11
12:53:25 1 83 4096 2814 3.0 1.8 15 11
12:53:26 1 83 4096 2814 3.0 1.8 15 11
12:53:27 1 83 4096 2814 3.0 1.8 15 11
12:53:28 1 83 4096 2814 3.0 1.8 15 11
12:53:29 1 83 4096 2814 3.0 1.8 15 11
12:53:30 1 83 4096 2814 3.0 1.8 15 11
12:53:31 1 83 4096 2814 3.0 1.8 15 11
12:53:33 1 83 4096 2814 3.0 1.8 15 11
12:53:34 1 83 4096 2814 3.0 1.8 15 11
12:53:35 1 83 4096 2814 3.0 1.8 15 11
12:53:36 1 83 4096 2814 3.0 1.8 15 11
12:53:37 1 83 4096 2814 3.0 1.8 15 11
12:53:38 1 83 4096 2814 3.0 1.8 15 11
12:53:39 1 83 4096 2814 3.0 1.8 15 11
12:53:40 1 83 4096 2814 3.0 1.8 15 11
12:53:41 1 83 4096 2814 3.0 1.8 15 11
12:53:42 1 83 4096 2814 3.0 1.8 15 11
12:53:43 1 83 4096 2814 3.0 1.8 15 11
12:53:45 1 83 4096 2814 3.0 1.8 15 11
12:53:46 1 83 4096 2814 3.0 1.8 15 11
12:53:47 1 83 4096 2814 3.0 1.8 15 11
12:53:48 1 83 4096 2814 3.0 1.8 15 11
12:53:49 1 83 4096 2814 3.0 1.8 15 11
12:53:50 1 83 4096 2814 3.0 1.8 15 11
12:53:51 1 83 4096 2814 3.0 1.8 15 11
12:53:52 1 83 4096 2814 3.0 1.8 15 11
12:53:53 1 83 4096 2814 3.0 1.8 15 11
12:53:54 1 83 4096 2814 3.0 1.8 15 11
12:53:55 1 83 4096 2814 3.0 1.8 15 11
12:53:56 1 83 4096 2814 3.0 1.8 15 11
12:53:58 1 83 4096 2814 3.0 1.8 15 11
12:53:59 1 83 4096 2814 3.0 1.8 15 11
12:54:00 1 83 4096 2814 3.0 1.8 15 11
12:54:01 1 83 4096 2814 3.0 1.8 15 11
12:54:02 1 83 4096 2814 3.0 1.8 15 11
12:54:03 1 83 4096 2814 3.0 1.8 15 11
12:54:04 1 83 4096 2814 3.0 1.8 15 11
12:54:05 1 83 4096 2814 3.1 1.8 15 11
12:54:06 1 83 4096 2814 3.0 1.8 15 11
12:54:07 1 82 4096 2814 3.1 1.8 15 11
12:54:08 1 83 4096 2814 3.0 1.8 15 11
12:54:09 1 83 4096 2814 3.0 1.8 15 11
12:54:10 1 83 4096 2814 3.0 1.8 15 11
12:54:12 1 83 4096 2814 3.0 1.8 15 11
12:54:13 1 83 4096 2814 3.0 1.8 15 11
12:54:14 1 83 4096 2814 3.0 1.8 15 11
12:54:15 1 83 4096 2814 3.0 1.8 15 11
12:54:16 1 83 4096 2814 3.0 1.8 15 11
12:54:17 1 83 4096 2814 3.0 1.8 15 11
12:54:18 1 83 4096 2814 3.0 1.8 15 11
12:54:19 1 83 4096 2814 3.0 1.8 15 11
12:54:20 1 83 4096 2814 3.0 1.8 15 11
12:54:21 1 83 4096 2814 3.0 1.8 15 11
12:54:22 1 83 4096 2814 3.0 1.8 15 11
12:54:23 1 83 4096 2814 3.1 1.8 15 11
12:54:24 1 83 4096 2814 3.0 1.8 15 11
12:54:26 1 83 4096 2814 3.0 1.8 15 11
12:54:27 1 83 4096 2814 3.0 1.8 15 11
12:54:28 1 83 4096 2814 3.0 1.8 15 11
12:54:29 1 82 4096 2814 3.1 1.8 15 11
12:54:30 1 83 4096 2814 3.0 1.8 15 11
12:54:31 1 83 4096 2814 3.0 1.8 15 11
12:54:32 1 83 4096 2814 3.0 1.8 15 11
12:54:33 1 83 4096 2814 3.0 1.8 15 11
12:54:34 1 83 4096 2814 3.0 1.8 15 11
12:54:35 1 83 4096 2814 3.0 1.8 15 11
12:54:36 1 83 4096 2814 3.0 1.8 15 11
12:54:37 1 83 4096 2814 3.0 1.8 15 11
12:54:39 1 83 4096 2814 3.0 1.8 15 11
12:54:40 1 83 4096 2814 3.0 1.8 15 11
12:54:41 1 83 4096 2814 3.0 1.8 15 11
12:54:42 1 83 4096 2814 3.0 1.8 15 11
12:54:43 1 83 4096 2814 3.0 1.8 15 11
12:54:44 1 83 4096 2814 3.0 1.8 15 11
12:54:45 1 83 4096 2814 3.0 1.8 15 11
12:54:46 1 83 4096 2814 3.0 1.8 15 11
12:54:47 1 83 4096 2814 3.0 1.8 15 11
12:54:48 1 83 4096 2814 3.0 1.8 15 11
12:54:49 1 83 4096 2814 3.0 1.8 15 11
12:54:51 1 83 4096 2814 3.0 1.8 15 11
12:54:52 1 82 4096 2814 3.1 1.8 15 11
12:54:53 1 83 4096 2814 3.0 1.8 15 11
12:54:54 1 83 4096 2814 3.0 1.8 15 11
12:54:55 1 82 4096 2814 3.1 1.8 15 11
12:54:56 1 82 4096 2814 3.1 1.8 15 11
12:54:57 1 83 4096 2814 3.0 1.8 15 11
12:54:58 1 83 4096 2814 3.0 1.8 15 11
12:54:59 1 83 4096 2814 3.0 1.8 15 11
12:55:00 1 83 4096 2814 3.0 1.8 15 11
12:55:01 1 83 4096 2814 3.0 1.8 15 11
12:55:02 1 83 4096 2814 3.0 1.8 15 11
12:55:03 1 83 4096 2814 3.0 1.8 15 11
12:55:05 1 83 4096 2814 3.0 1.8 15 11
12:55:06 1 82 4096 2814 3.1 1.8 15 11
12:55:07 1 83 4096 2814 3.0 1.8 15 11
12:55:08 1 83 4096 2814 3.0 1.8 15 11
12:55:09 1 83 4096 2814 3.0 1.8 15 11
12:55:10 1 83 4096 2814 3.0 1.8 15 11
12:55:11 1 83 4096 2814 3.1 1.8 15 11
12:55:12 1 83 4096 2814 3.0 1.8 15 11
12:55:13 1 83 4096 2814 3.0 1.8 15 11
12:55:14 1 83 4096 2814 3.0 1.8 15 11
12:55:15 1 83 4096 2814 3.0 1.8 15 11
12:55:16 1 83 4096 2814 3.0 1.8 15 11
12:55:18 1 83 4096 2814 3.0 1.8 15 11
12:55:19 1 83 4096 2814 3.0 1.8 15 11
12:55:20 1 83 4096 2814 3.0 1.8 15 11
12:55:21 1 83 4096 2814 3.0 1.8 15 11
12:55:22 1 83 4096 2814 3.0 1.8 15 11
12:55:23 1 83 4096 2814 3.0 1.8 15 11
12:55:24 1 83 4096 2814 3.0 1.8 15 11
12:55:25 1 83 4096 2814 3.0 1.8 15 11
12:55:26 1 82 4096 2814 3.1 1.8 15 11
12:55:27 1 83 4096 2814 3.0 1.8 15 11
12:55:28 1 83 4096 2814 3.0 1.8 15 11
12:55:29 1 83 4096 2814 3.0 1.8 15 11
12:55:30 1 83 4096 2814 3.0 1.8 15 11
12:55:31 1 83 4096 2814 3.0 1.8 15 11
12:55:33 1 83 4096 2814 3.0 1.8 15 11
12:55:34 1 83 4096 2814 3.0 1.8 15 11
12:55:35 1 83 4096 2814 3.0 1.8 15 11
12:55:36 1 83 4096 2814 3.0 1.8 15 11
12:55:37 1 82 4096 2814 3.1 1.8 15 11
12:55:38 1 83 4096 2814 3.0 1.8 15 11
12:55:39 1 83 4096 2814 3.0 1.8 15 11
12:55:40 1 83 4096 2814 3.0 1.8 15 11
12:55:41 1 83 4096 2814 3.0 1.8 15 11
12:55:42 1 83 4096 2814 3.0 1.8 15 11
12:55:43 1 83 4096 2814 3.0 1.8 15 11
12:55:44 1 83 4096 2814 3.0 1.8 15 11
12:55:46 1 83 4096 2814 3.0 1.8 15 11
12:55:47 1 83 4096 2814 3.0 1.8 15 11
12:55:48 1 83 4096 2814 3.0 1.8 15 11
12:55:49 1 83 4096 2814 3.0 1.8 15 11
12:55:50 1 83 4096 2814 3.0 1.8 15 11
12:55:51 1 83 4096 2814 3.0 1.8 15 11
12:55:52 1 83 4096 2814 3.0 1.8 15 11
12:55:53 1 83 4096 2814 3.0 1.8 15 11
12:55:54 1 83 4096 2814 3.0 1.8 15 11
12:55:55 1 83 4096 2814 3.0 1.8 15 11
12:55:56 1 83 4096 2814 3.0 1.8 15 11
12:55:57 1 83 4096 2814 3.0 1.8 15 11
12:55:58 1 83 4096 2814 3.0 1.8 15 11
12:56:00 1 83 4096 2814 3.0 1.8 15 11
12:56:01 1 83 4096 2814 3.0 1.8 15 11
12:56:02 1 83 4096 2814 3.0 1.8 15 11
12:56:03 1 83 4096 2814 3.0 1.8 15 11
12:56:04 1 82 4096 2814 3.1 1.8 15 11
12:56:05 1 83 4096 2814 3.0 1.8 15 11
12:56:06 1 83 4096 2814 3.0 1.8 15 11
12:56:07 1 83 4096 2814 3.0 1.8 15 11
12:56:08 1 83 4096 2814 3.0 1.8 15 11
12:56:09 1 83 4096 2814 3.0 1.8 15 11
12:56:10 1 83 4096 2814 3.0 1.8 15 11
12:56:11 1 83 4096 2814 3.0 1.8 15 11
12:56:12 1 83 4096 2814 3.0 1.8 15 11
12:56:14 1 83 4096 2814 3.0 1.8 15 11
12:56:15 1 83 4096 2814 3.0 1.8 15 11
12:56:16 1 83 4096 2814 3.0 1.8 15 11
12:56:17 1 83 4096 2814 3.0 1.8 15 11
12:56:18 1 83 4096 2814 3.0 1.8 15 11
12:56:19 1 83 4096 2814 3.0 1.8 15 11
12:56:20 1 83 4096 2814 3.0 1.8 15 11
12:56:21 1 83 4096 2814 3.0 1.8 15 11
12:56:22 1 83 4096 2814 3.0 1.8 15 11
12:56:23 1 83 4096 2814 3.0 1.8 15 11
12:56:24 1 83 4096 2814 3.0 1.8 15 11
12:56:25 1 83 4096 2814 3.0 1.8 15 11
12:56:26 1 83 4096 2814 3.0 1.8 15 11
12:56:27 1 83 4096 2814 3.0 1.8 15 11
12:56:29 1 83 4096 2814 3.0 1.8 15 11
12:56:30 1 83 4096 2814 3.0 1.8 15 11
12:56:31 1 83 4096 2814 3.0 1.8 15 11
12:56:32 1 83 4096 2814 3.0 1.8 15 11
12:56:33 1 83 4096 2814 3.0 1.8 15 11
12:56:34 1 83 4096 2814 3.0 1.8 15 11
12:56:35 1 83 4096 2814 3.0 1.8 15 11
12:56:36 1 83 4096 2814 3.0 1.8 15 11
12:56:37 1 83 4096 2814 3.0 1.8 15 11
12:56:38 1 82 4096 2814 3.1 1.8 15 11
12:56:39 1 83 4096 2814 3.0 1.8 15 11
12:56:40 1 83 4096 2814 3.0 1.8 15 11
12:56:42 1 83 4096 2814 3.0 1.8 15 11
12:56:43 1 83 4096 2814 3.0 1.8 15 11
12:56:44 1 83 4096 2814 3.0 1.8 15 11
12:56:45 1 83 4096 2814 3.0 1.8 15 11
12:56:46 1 83 4096 2814 3.0 1.8 15 11
12:56:47 1 83 4096 2814 3.0 1.8 15 11
12:56:48 1 83 4096 2814 3.0 1.8 15 11
12:56:49 1 83 4096 2814 3.0 1.8 15 11
12:56:50 1 83 4096 2814 3.0 1.8 15 11
12:56:51 1 83 4096 2814 3.0 1.8 15 11
12:56:52 1 83 4096 2814 3.0 1.8 15 11
12:56:53 1 82 4096 2814 3.1 1.8 15 11
12:56:55 1 83 4096 2814 3.0 1.8 15 11
12:56:56 1 83 4096 2814 3.0 1.8 15 11
12:56:57 1 83 4096 2814 3.0 1.8 15 11
12:56:58 1 83 4096 2814 3.0 1.8 15 11
12:56:59 1 83 4096 2814 3.0 1.8 15 11
12:57:00 1 82 4096 2814 3.1 1.8 15 11
12:57:01 1 83 4096 2814 3.0 1.8 15 11
12:57:02 1 83 4096 2814 3.0 1.8 15 11
12:57:03 1 83 4096 2814 3.0 1.8 15 11
12:57:04 1 82 4096 2814 3.1 1.8 15 11
12:57:05 1 83 4096 2814 3.0 1.8 15 11
12:57:06 1 83 4096 2814 3.0 1.8 15 11
12:57:07 1 83 4096 2814 3.0 1.8 15 11
12:57:09 1 83 4096 2814 3.0 1.8 15 11
12:57:10 1 83 4096 2814 3.0 1.8 15 11
12:57:11 1 83 4096 2814 3.0 1.8 15 11
12:57:12 1 83 4096 2814 3.0 1.8 15 11
12:57:13 1 83 4096 2814 3.0 1.8 15 11
12:57:14 1 83 4096 2814 3.0 1.8 15 11
12:57:15 1 83 4096 2814 3.0 1.8 15 11
12:57:16 1 83 4096 2814 3.0 1.8 15 11
12:57:17 1 83 4096 2814 3.0 1.8 15 11
12:57:18 1 83 4096 2814 3.0 1.8 15 11
12:57:19 1 83 4096 2814 3.0 1.8 15 11
12:57:20 1 83 4096 2814 3.0 1.8 15 11
12:57:21 1 83 4096 2814 3.0 1.8 15 11
12:57:23 1 83 4096 2814 3.0 1.8 15 11
12:57:24 1 83 4096 2814 3.0 1.8 15 11
12:57:25 1 83 4096 2814 3.0 1.8 15 11
12:57:26 1 83 4096 2814 3.0 1.8 15 11
12:57:27 1 83 4096 2814 3.0 1.8 15 11
12:57:28 1 83 4096 2814 3.0 1.8 15 11
12:57:29 1 83 4096 2814 3.0 1.8 15 11
12:57:30 1 83 4096 2814 3.0 1.8 15 11
12:57:31 1 83 4096 2814 3.0 1.8 15 11
12:57:32 1 83 4096 2814 3.0 1.8 15 11
12:57:33 1 83 4096 2814 3.0 1.8 15 11
12:57:34 1 83 4096 2814 3.0 1.8 15 11
12:57:35 1 83 4096 2814 3.0 1.8 15 11
12:57:36 1 83 4096 2814 3.0 1.8 15 11
12:57:38 1 83 4096 2814 3.0 1.8 15 11
12:57:39 1 83 4096 2814 3.0 1.8 15 11
12:57:40 1 83 4096 2814 3.0 1.8 15 11
12:57:41 1 82 4096 2814 3.1 1.8 15 11
12:57:42 1 83 4096 2814 3.0 2.1 15 11
