time pressure_lvl free_pct swap_total_MB swap_used_MB wired_GB child_rss_GB disk_int_GB disk_ssd_GB
08:19:50 1 80 4096 2838 3.1 0.0 15 12
08:19:51 1 80 4096 2838 3.2 0.2 15 12
08:19:52 1 80 4096 2838 3.1 0.3 15 12
08:19:53 1 80 4096 2838 3.2 0.4 15 12
08:19:54 1 80 4096 2838 3.2 3.7 15 12
08:19:55 1 80 4096 2838 3.1 7.9 15 12
08:19:56 1 71 4096 2838 2.9 9.0 15 12
08:19:57 1 50 4096 2838 3.1 4.9 15 12
08:19:59 1 71 4096 2838 3.0 7.6 15 12
08:20:00 1 77 4096 2838 3.1 12.4 15 12
08:20:01 1 80 4096 2838 3.0 11.0 15 12
08:20:02 1 80 4096 2838 2.8 11.2 15 12
08:20:03 1 79 4096 2838 3.1 11.1 15 12
08:20:04 1 80 4096 2838 2.8 11.1 15 12
08:20:05 1 62 4096 2838 7.1 9.8 15 12
08:20:06 1 44 4096 2838 7.0 4.2 15 12
08:20:07 1 44 4096 2838 7.0 4.1 15 12
08:20:08 1 43 4096 2838 7.1 3.9 15 12
08:20:09 1 44 4096 2838 7.0 3.9 15 12
08:20:10 1 44 4096 2838 7.0 3.9 15 12
08:20:11 1 43 4096 2838 7.1 4.0 15 12
08:20:12 1 44 4096 2838 6.8 4.0 15 12
08:20:13 1 44 4096 2838 6.8 4.0 15 12
08:20:15 1 43 4096 2838 7.1 4.0 15 12
08:20:16 1 44 4096 2838 6.8 4.0 15 12
08:20:17 1 44 4096 2838 6.8 4.0 15 12
08:20:18 1 43 4096 2838 7.1 4.0 15 12
08:20:19 1 44 4096 2838 6.9 4.0 15 12
08:20:20 1 44 4096 2838 6.9 4.0 15 12
08:20:21 1 43 4096 2838 7.1 4.0 15 12
08:20:22 1 44 4096 2838 6.9 4.0 15 12
08:20:23 1 44 4096 2838 7.0 4.0 15 12
08:20:24 1 43 4096 2838 7.1 4.0 15 12
08:20:25 1 44 4096 2838 6.9 4.0 15 12
08:20:26 1 43 4096 2838 7.1 4.0 15 12
08:20:27 1 44 4096 2838 6.9 4.0 15 12
08:20:28 1 44 4096 2838 7.0 4.0 15 12
08:20:29 1 43 4096 2838 7.1 4.0 15 12
08:20:30 1 44 4096 2838 7.0 4.0 15 12
08:20:32 1 44 4096 2838 6.9 4.0 15 12
08:20:33 1 43 4096 2838 7.1 4.0 15 12
08:20:34 1 44 4096 2838 6.9 4.0 15 12
08:20:35 1 44 4096 2838 7.0 4.0 15 12
08:20:36 1 44 4096 2838 7.0 4.0 15 12
08:20:37 1 44 4096 2838 7.0 4.0 15 12
08:20:38 1 44 4096 2838 6.9 4.0 15 12
08:20:39 1 44 4096 2838 7.1 4.0 15 12
08:20:40 1 45 4096 2838 6.9 4.0 15 12
08:20:41 1 43 4096 2838 7.8 4.1 15 12
08:20:42 1 50 4096 2838 5.2 4.1 15 12
08:20:43 1 51 4096 2838 5.1 4.1 15 12
08:20:44 1 50 4096 2838 5.2 4.1 15 12
08:20:45 1 44 4096 2838 7.4 4.2 15 12
08:20:46 1 45 4096 2838 6.9 4.2 15 12
08:20:47 1 45 4096 2838 7.0 4.2 15 12
08:20:48 1 45 4096 2838 7.0 4.2 15 12
08:20:50 1 45 4096 2838 6.8 4.2 15 12
08:20:51 1 45 4096 2838 7.1 4.2 15 12
08:20:52 1 45 4096 2838 6.8 4.2 15 12
08:20:53 1 45 4096 2838 6.8 4.2 15 12
08:20:54 1 45 4096 2838 7.1 4.2 15 12
08:20:55 1 45 4096 2838 6.9 4.2 15 12
08:20:56 1 45 4096 2838 6.9 4.2 15 12
08:20:57 1 45 4096 2838 7.1 4.2 15 12
08:20:58 1 45 4096 2838 6.9 4.2 15 12
08:20:59 1 45 4096 2838 7.1 4.2 15 12
08:21:00 1 45 4096 2838 7.1 4.2 15 12
08:21:01 1 45 4096 2838 6.8 4.2 15 12
08:21:02 1 45 4096 2838 7.1 4.2 15 12
08:21:03 1 45 4096 2838 6.8 4.2 15 12
08:21:04 1 45 4096 2838 7.0 4.2 15 12
08:21:05 1 45 4096 2838 7.1 4.2 15 12
08:21:07 1 45 4096 2838 7.0 4.2 15 12
08:21:08 1 45 4096 2838 6.8 4.2 15 12
08:21:09 1 45 4096 2838 7.1 4.2 15 12
08:21:10 1 45 4096 2838 6.8 4.2 15 12
08:21:11 1 45 4096 2838 6.8 4.2 15 12
08:21:12 1 45 4096 2838 7.1 4.2 15 12
08:21:13 1 45 4096 2838 7.0 4.2 15 12
08:21:14 1 45 4096 2838 6.8 4.2 15 12
08:21:15 1 45 4096 2838 7.1 4.2 15 12
08:21:16 1 45 4096 2838 7.0 4.2 15 12
08:21:17 1 45 4096 2838 7.1 4.2 15 12
08:21:18 1 45 4096 2838 7.0 4.2 15 12
08:21:19 1 45 4096 2838 7.0 4.2 15 12
08:21:20 1 43 4096 2838 7.8 4.2 15 12
08:21:21 1 51 4096 2838 4.9 4.2 15 12
08:21:22 1 51 4096 2838 5.0 4.2 15 12
08:21:23 1 50 4096 2838 5.2 4.2 15 12
08:21:25 1 43 4096 2838 7.6 4.2 15 12
08:21:26 1 45 4096 2838 6.8 4.2 15 12
08:21:27 1 45 4096 2838 7.1 4.2 15 12
08:21:28 1 45 4096 2838 7.0 4.2 15 12
08:21:29 1 45 4096 2838 6.9 4.2 15 12
08:21:30 1 45 4096 2838 7.1 4.2 15 12
08:21:31 1 45 4096 2838 6.8 4.2 15 12
08:21:32 1 45 4096 2838 6.8 4.2 15 12
08:21:33 1 45 4096 2838 7.1 4.2 15 12
08:21:34 1 45 4096 2838 7.0 4.2 15 12
08:21:35 1 45 4096 2838 7.1 4.2 15 12
08:21:36 1 45 4096 2838 6.8 4.2 15 12
08:21:37 1 45 4096 2838 7.0 4.2 15 12
08:21:38 1 45 4096 2838 7.1 4.2 15 12
08:21:39 1 45 4096 2838 7.0 4.2 15 12
08:21:40 1 45 4096 2838 7.0 4.2 15 12
08:21:42 1 45 4096 2838 7.1 4.2 15 12
08:21:43 1 45 4096 2838 7.0 4.2 15 12
08:21:44 1 45 4096 2838 6.8 4.2 15 12
08:21:45 1 45 4096 2838 7.1 4.2 15 12
08:21:46 1 45 4096 2838 6.8 4.2 15 12
08:21:47 1 45 4096 2838 6.8 4.2 15 12
08:21:48 1 45 4096 2838 7.1 4.2 15 12
08:21:49 1 45 4096 2838 6.8 4.2 15 12
08:21:50 1 45 4096 2838 6.8 4.2 15 12
08:21:51 1 45 4096 2838 7.1 4.2 15 12
08:21:52 1 45 4096 2838 6.8 4.2 15 12
08:21:53 1 45 4096 2838 7.1 4.2 15 12
08:21:54 1 45 4096 2838 7.0 4.2 15 12
08:21:55 1 45 4096 2838 6.8 4.2 15 12
08:21:56 1 45 4096 2838 7.1 4.2 15 12
08:21:57 1 45 4096 2838 6.8 4.2 15 12
08:21:58 1 45 4096 2838 6.8 4.2 15 12
08:22:00 1 43 4096 2838 7.8 4.2 15 12
08:22:01 1 51 4096 2838 5.0 4.2 15 12
08:22:02 1 51 4096 2838 5.0 4.2 15 12
08:22:03 1 50 4096 2838 5.2 4.2 15 12
08:22:04 1 44 4096 2838 7.4 4.2 15 12
08:22:05 1 45 4096 2838 6.9 4.2 15 12
08:22:06 1 45 4096 2838 7.0 4.2 15 12
08:22:07 1 46 4096 2838 6.8 4.2 15 12
08:22:08 1 45 4096 2838 6.9 4.2 15 12
08:22:09 1 45 4096 2838 7.1 4.2 15 12
08:22:10 1 46 4096 2838 6.8 4.2 15 12
08:22:11 1 45 4096 2838 7.0 4.2 15 12
08:22:12 1 46 4096 2838 6.8 4.2 15 12
08:22:13 1 45 4096 2838 6.8 4.2 15 12
08:22:14 1 45 4096 2838 7.0 4.2 15 12
08:22:15 1 45 4096 2838 6.9 4.2 15 12
08:22:17 1 46 4096 2838 6.8 4.2 15 12
08:22:18 1 45 4096 2838 6.9 4.2 15 12
08:22:19 1 45 4096 2838 6.9 4.2 15 12
08:22:20 1 46 4096 2838 6.8 4.2 15 12
08:22:21 1 45 4096 2838 7.0 4.2 15 12
08:22:22 1 46 4096 2838 6.8 4.2 15 12
08:22:23 1 45 4096 2838 6.8 4.2 15 12
08:22:24 1 45 4096 2838 7.0 4.2 15 12
08:22:25 1 46 4096 2838 6.8 4.2 15 12
08:22:26 1 45 4096 2838 6.9 4.2 15 12
08:22:27 1 45 4096 2838 7.0 4.2 15 12
08:22:28 1 46 4096 2838 6.8 4.2 15 12
08:22:29 1 45 4096 2838 7.0 4.2 15 12
08:22:30 1 45 4096 2838 7.0 4.2 15 12
08:22:31 1 45 4096 2838 7.0 4.2 15 12
08:22:32 1 45 4096 2838 7.1 4.2 15 12
08:22:33 1 45 4096 2838 6.8 4.2 15 12
08:22:35 1 46 4096 2838 6.8 4.2 15 12
08:22:36 1 45 4096 2838 7.0 4.2 15 12
08:22:37 1 46 4096 2838 6.8 4.2 15 12
08:22:38 1 43 4096 2838 7.5 4.2 15 12
08:22:39 1 43 4096 2838 7.7 4.2 15 12
08:22:40 1 51 4096 2838 4.9 4.2 15 12
08:22:41 1 51 4096 2838 5.0 4.2 15 12
08:22:42 1 50 4096 2838 5.2 4.2 15 12
08:22:43 1 43 4096 2838 7.5 4.2 15 12
08:22:44 1 46 4096 2838 6.9 4.2 15 12
08:22:45 1 45 4096 2838 7.0 4.2 15 12
08:22:46 1 45 4096 2838 6.9 4.2 15 12
08:22:47 1 45 4096 2838 7.0 4.2 15 12
08:22:48 1 46 4096 2838 6.8 4.2 15 12
08:22:49 1 46 4096 2838 6.8 4.2 15 12
08:22:50 1 45 4096 2838 7.0 4.2 15 12
08:22:51 1 45 4096 2838 6.9 4.2 15 12
08:22:53 1 46 4096 2838 6.8 4.2 15 12
08:22:54 1 45 4096 2838 7.0 4.2 15 12
08:22:55 1 46 4096 2838 6.8 4.2 15 12
08:22:56 1 46 4096 2838 6.8 4.2 15 12
08:22:57 1 45 4096 2838 7.0 4.2 15 12
08:22:58 1 45 4096 2838 6.9 4.2 15 12
08:22:59 1 46 4096 2838 6.8 4.2 15 12
08:23:00 1 45 4096 2838 7.0 4.2 15 12
08:23:01 1 46 4096 2838 6.8 4.2 15 12
08:23:02 1 45 4096 2838 7.0 4.2 15 12
08:23:03 1 45 4096 2838 7.0 4.2 15 12
08:23:04 1 45 4096 2838 6.9 4.2 15 12
08:23:05 1 45 4096 2838 7.0 4.2 15 12
08:23:06 1 46 4096 2838 6.8 4.2 15 12
08:23:07 1 46 4096 2838 6.8 4.2 15 12
08:23:08 1 45 4096 2838 7.0 4.2 15 12
08:23:10 1 45 4096 2838 6.9 4.2 15 12
08:23:11 1 46 4096 2838 6.8 4.2 15 12
08:23:12 1 45 4096 2838 7.0 4.2 15 12
08:23:13 1 46 4096 2838 6.8 4.2 15 12
08:23:14 1 46 4096 2838 6.8 4.2 15 12
08:23:15 1 45 4096 2838 7.0 4.2 15 12
08:23:16 1 46 4096 2838 6.8 4.2 15 12
08:23:17 1 43 4096 2838 7.6 4.2 15 12
08:23:18 1 51 4096 2838 5.1 4.2 15 12
08:23:19 1 51 4096 2838 4.9 4.2 15 12
08:23:20 1 51 4096 2838 5.2 4.2 15 12
08:23:21 1 44 4096 2838 7.4 4.2 15 12
08:23:22 1 45 4096 2838 6.9 4.2 15 12
08:23:23 1 45 4096 2838 7.0 4.2 15 12
08:23:24 1 46 4096 2838 6.8 4.2 15 12
08:23:25 1 46 4096 2838 6.8 4.2 15 12
08:23:26 1 45 4096 2838 7.0 4.2 15 12
08:23:28 1 45 4096 2838 6.9 4.2 15 12
08:23:29 1 43 4096 2838 6.8 3.4 15 12
08:23:30 1 42 4096 2838 7.1 3.3 15 12
08:23:31 1 43 4096 2838 6.8 3.3 15 12
08:23:32 1 43 4096 2838 6.8 3.3 15 12
08:23:33 1 42 4096 2838 7.0 3.3 15 12
08:23:34 1 43 4096 2838 6.9 3.3 15 12
08:23:35 1 43 4096 2838 6.8 3.3 15 12
08:23:36 1 42 4096 2838 7.1 3.3 15 12
08:23:37 1 43 4096 2838 6.9 3.3 15 12
08:23:38 1 42 4096 2838 7.1 3.3 15 12
08:23:39 1 42 4096 2838 7.0 3.3 15 12
08:23:40 1 43 4096 2838 6.9 3.3 15 12
08:23:41 1 42 4096 2838 7.1 3.3 15 12
08:23:42 1 42 4096 2838 7.0 3.3 15 12
08:23:44 1 43 4096 2838 6.9 3.3 15 12
08:23:45 1 42 4096 2838 7.1 3.3 15 12
08:23:46 1 42 4096 2838 7.0 3.3 15 12
08:23:47 1 43 4096 2838 6.9 3.3 15 12
08:23:48 1 42 4096 2838 7.1 3.3 15 12
08:23:49 1 43 4096 2838 6.9 3.3 15 12
08:23:50 1 43 4096 2838 6.9 3.3 15 12
08:23:51 1 42 4096 2838 7.1 3.3 15 12
08:23:52 1 43 4096 2838 6.9 3.3 15 12
08:23:53 1 42 4096 2838 7.1 3.3 15 12
08:23:54 1 42 4096 2838 7.0 3.3 15 12
08:23:55 1 43 4096 2838 6.9 3.3 15 12
08:23:56 1 40 4096 2838 7.8 3.3 15 12
08:23:57 1 48 4096 2838 5.1 3.3 15 12
08:23:58 1 48 4096 2838 5.0 3.3 15 12
08:23:59 1 47 4096 2838 5.2 3.3 15 12
08:24:01 1 40 4096 2838 7.6 3.3 15 12
08:24:02 1 43 4096 2838 6.9 3.3 15 12
08:24:03 1 42 4096 2838 7.1 3.3 15 12
08:24:04 1 43 4096 2838 6.9 3.3 15 12
08:24:05 1 43 4096 2838 6.9 3.3 15 12
08:24:06 1 42 4096 2838 7.1 3.3 15 12
08:24:07 1 43 4096 2838 6.9 3.3 15 12
08:24:08 1 42 4096 2838 7.0 3.3 15 12
08:24:09 1 42 4096 2838 7.1 3.3 15 12
08:24:10 1 42 4096 2838 7.0 3.3 15 12
08:24:11 1 42 4096 2838 7.1 3.3 15 12
08:24:12 1 43 4096 2838 6.9 3.3 15 12
08:24:13 1 43 4096 2838 6.9 3.3 15 12
08:24:14 1 42 4096 2838 7.1 3.3 15 12
08:24:15 1 42 4096 2838 6.9 3.3 15 12
08:24:16 1 42 4096 2838 6.9 3.3 15 12
08:24:18 1 42 4096 2838 7.1 3.3 15 12
08:24:19 1 42 4096 2838 7.0 3.3 15 12
08:24:20 1 42 4096 2838 7.0 3.3 15 12
08:24:21 1 42 4096 2838 7.1 3.3 15 12
08:24:22 1 42 4096 2838 6.9 3.3 15 12
08:24:23 1 42 4096 2838 6.9 3.3 15 12
08:24:24 1 42 4096 2838 7.1 3.3 15 12
08:24:25 1 42 4096 2838 6.9 3.3 15 12
08:24:26 1 42 4096 2838 7.0 3.3 15 12
08:24:27 1 42 4096 2838 7.1 3.3 15 12
08:24:28 1 42 4096 2838 6.9 3.3 15 12
08:24:29 1 42 4096 2838 7.1 3.3 15 12
08:24:30 1 42 4096 2838 6.9 3.3 15 12
08:24:31 1 42 4096 2838 6.9 3.3 15 12
08:24:32 1 42 4096 2838 7.1 3.3 15 12
08:24:33 1 42 4096 2838 6.9 3.3 15 12
08:24:35 1 42 4096 2838 6.9 3.3 15 12
08:24:36 1 40 4096 2838 7.7 3.3 15 12
08:24:37 1 48 4096 2838 5.0 3.3 15 12
08:24:38 1 48 4096 2838 5.0 3.3 15 12
08:24:39 1 40 4096 2838 7.6 3.3 15 12
08:24:40 1 40 4096 2838 7.6 3.3 15 12
08:24:41 1 42 4096 2838 6.9 3.3 15 12
08:24:42 1 42 4096 2838 7.1 3.3 15 12
08:24:43 1 42 4096 2838 7.0 3.3 15 12
08:24:44 1 42 4096 2838 7.1 3.3 15 12
08:24:45 1 42 4096 2838 6.9 3.3 15 12
08:24:46 1 42 4096 2838 7.0 3.3 15 12
08:24:47 1 42 4096 2838 7.0 3.3 15 12
08:24:48 1 42 4096 2838 6.9 3.3 15 12
08:24:49 1 42 4096 2838 7.0 3.3 15 12
08:24:50 1 41 4096 2838 7.1 3.3 15 12
08:24:52 1 42 4096 2838 6.9 3.3 15 12
08:24:53 1 42 4096 2838 6.9 3.3 15 12
08:24:54 1 41 4096 2838 7.1 3.3 15 12
08:24:55 1 42 4096 2838 6.9 3.3 15 12
08:24:56 1 42 4096 2838 6.9 3.3 15 12
08:24:57 1 41 4096 2838 7.1 3.3 15 12
08:24:58 1 42 4096 2838 6.9 3.3 15 12
08:24:59 1 42 4096 2838 6.9 3.3 15 12
08:25:00 1 41 4096 2838 7.1 3.3 15 12
08:25:01 1 42 4096 2838 7.0 3.3 15 12
08:25:02 1 41 4096 2838 7.1 3.3 15 12
08:25:03 1 41 4096 2838 6.9 3.3 15 12
08:25:04 1 41 4096 2838 7.0 3.3 15 12
08:25:05 1 41 4096 2838 7.1 3.3 15 12
08:25:06 1 41 4096 2838 7.0 3.3 15 12
08:25:08 1 41 4096 2838 6.9 3.3 15 12
08:25:09 1 41 4096 2838 7.1 3.3 15 12
08:25:10 1 41 4096 2838 6.9 3.3 15 12
08:25:11 1 41 4096 2838 6.9 3.3 15 12
08:25:12 1 41 4096 2838 7.1 3.3 15 12
08:25:13 1 41 4096 2838 7.0 3.3 15 12
08:25:14 1 39 4096 2838 7.6 3.3 15 12
08:25:15 1 46 4096 2838 5.2 3.3 15 12
08:25:16 1 46 4096 2838 5.1 3.3 15 12
08:25:17 1 46 4096 2838 5.2 3.2 15 12
08:25:18 2 38 4096 2838 7.6 3.1 15 12
08:25:19 2 40 4096 2838 7.0 3.1 15 12
08:25:20 2 40 4096 2838 7.1 3.1 15 12
08:25:21 2 42 4096 2838 7.0 3.0 15 12
08:25:22 2 43 4096 2838 6.9 3.0 15 12
08:25:23 2 45 4096 2838 7.1 2.9 15 12
08:25:24 2 46 4096 2838 6.9 2.9 15 12
08:25:26 2 46 4096 2838 6.9 2.9 15 12
08:25:27 2 45 4096 2838 7.1 2.9 15 12
08:25:28 2 45 4096 2838 6.9 2.9 15 12
08:25:29 2 46 4096 2838 6.9 2.9 15 12
08:25:30 2 45 4096 2838 7.1 2.9 15 12
08:25:31 2 46 4096 2838 6.9 2.9 15 12
08:25:32 2 46 4096 2838 6.9 2.9 15 12
08:25:33 2 45 4096 2838 7.1 2.9 15 12
08:25:34 2 46 4096 2838 6.9 2.9 15 12
08:25:35 2 45 4096 2838 7.1 2.9 15 12
08:25:36 2 45 4096 2838 7.0 2.9 15 12
08:25:37 2 45 4096 2838 7.0 2.9 15 12
08:25:38 2 45 4096 2838 7.1 2.9 15 12
08:25:39 2 45 4096 2838 7.0 2.9 15 12
08:25:40 2 46 4096 2838 6.9 2.9 15 12
08:25:41 2 45 4096 2838 7.1 2.9 15 12
08:25:43 2 45 4096 2838 7.0 2.9 15 12
08:25:44 2 45 4096 2838 7.0 2.9 15 12
08:25:45 2 45 4096 2838 7.0 2.9 15 12
08:25:46 2 46 4096 2838 6.9 2.9 15 12
08:25:47 2 45 4096 2838 7.0 2.9 15 12
08:25:48 2 45 4096 2838 7.1 2.9 15 12
08:25:49 2 46 4096 2838 6.9 2.9 15 12
08:25:50 2 45 4096 2838 7.0 2.9 15 12
08:25:51 2 45 4096 2838 7.1 2.9 15 12
08:25:52 2 45 4096 2838 7.0 2.9 15 12
08:25:53 2 43 4096 2838 7.7 2.9 15 12
08:25:54 1 51 4096 2838 5.1 2.9 15 12
08:25:55 1 51 4096 2838 5.0 2.9 15 12
08:25:56 1 51 4096 2838 5.2 2.9 15 12
08:25:57 1 44 4096 2838 7.6 3.0 15 12
08:25:58 1 46 4096 2838 7.0 3.0 15 12
08:25:59 1 45 4096 2838 7.1 3.0 15 12
08:26:01 1 46 4096 2838 6.9 3.0 15 12
08:26:02 1 46 4096 2838 7.0 3.0 15 12
08:26:03 1 45 4096 2838 7.1 3.0 15 12
08:26:04 1 46 4096 2838 7.0 3.0 15 12
08:26:05 1 46 4096 2838 6.9 3.0 15 12
08:26:06 1 45 4096 2838 7.1 3.0 15 12
08:26:07 1 46 4096 2838 6.9 3.0 15 12
08:26:08 1 46 4096 2838 6.9 3.0 15 12
08:26:09 1 45 4096 2838 7.1 3.0 15 12
08:26:10 1 46 4096 2838 6.9 3.0 15 12
08:26:11 1 45 4096 2838 7.1 3.0 15 12
08:26:12 1 46 4096 2838 6.9 3.0 15 12
08:26:13 1 46 4096 2838 7.0 3.0 15 12
08:26:14 1 45 4096 2838 7.1 3.0 15 12
08:26:15 1 46 4096 2838 6.9 3.0 15 12
08:26:16 1 46 4096 2838 6.9 3.0 15 12
08:26:18 1 45 4096 2838 7.1 3.0 15 12
08:26:19 1 46 4096 2838 7.0 3.0 15 12
08:26:20 1 46 4096 2838 7.0 3.0 15 12
08:26:21 1 45 4096 2838 7.1 3.0 15 12
08:26:22 1 46 4096 2838 7.0 3.0 15 12
08:26:23 1 45 4096 2838 7.0 3.0 15 12
08:26:24 1 45 4096 2838 7.1 3.0 15 12
08:26:25 1 46 4096 2838 6.9 3.0 15 12
08:26:26 1 46 4096 2838 7.0 3.0 15 12
08:26:27 1 45 4096 2838 7.1 3.0 15 12
08:26:28 1 46 4096 2838 7.0 3.0 15 12
08:26:29 1 45 4096 2838 7.1 3.0 15 12
08:26:30 1 46 4096 2838 6.9 3.0 15 12
08:26:31 1 46 4096 2838 7.0 2.9 15 12
08:26:32 1 43 4096 2838 7.7 2.9 15 12
08:26:33 1 51 4096 2838 5.1 2.9 15 12
08:26:35 1 51 4096 2838 5.0 2.9 15 12
08:26:36 1 51 4096 2838 5.2 2.9 15 12
08:26:37 1 44 4096 2838 7.6 3.0 15 12
08:26:38 1 46 4096 2838 6.9 3.0 15 12
08:26:39 1 45 4096 2838 7.1 3.0 15 12
08:26:40 1 46 4096 2838 6.9 3.0 15 12
08:26:41 1 46 4096 2838 6.9 3.0 15 12
08:26:42 1 45 4096 2838 7.1 3.0 15 12
08:26:43 1 46 4096 2838 7.0 3.0 15 12
08:26:44 1 46 4096 2838 7.0 3.0 15 12
08:26:45 1 46 4096 2838 7.0 3.0 15 12
08:26:46 1 46 4096 2838 7.0 3.0 15 12
08:26:47 1 45 4096 2838 7.1 3.0 15 12
08:26:48 1 46 4096 2838 7.0 3.0 15 12
08:26:49 1 46 4096 2838 7.0 3.0 15 12
08:26:50 1 45 4096 2838 7.1 3.0 15 12
08:26:51 1 46 4096 2838 6.9 3.0 15 12
08:26:53 1 46 4096 2838 6.9 3.0 15 12
08:26:54 1 45 4096 2838 7.1 3.0 15 12
08:26:55 1 46 4096 2838 6.9 3.0 15 12
08:26:56 1 46 4096 2838 7.0 3.0 15 12
08:26:57 1 45 4096 2838 7.1 3.0 15 12
08:26:58 1 46 4096 2838 7.0 3.0 15 12
08:26:59 1 46 4096 2838 6.9 3.0 15 12
08:27:00 1 45 4096 2838 7.1 3.0 15 12
08:27:01 1 46 4096 2838 7.0 3.0 15 12
08:27:02 1 45 4096 2838 7.1 3.0 15 12
08:27:03 1 45 4096 2838 7.1 3.0 15 12
08:27:04 1 46 4096 2838 6.9 3.0 15 12
08:27:05 1 45 4096 2838 7.1 3.0 15 12
08:27:06 1 46 4096 2838 7.0 3.0 15 12
08:27:07 1 46 4096 2838 6.9 3.0 15 12
08:27:08 1 45 4096 2838 7.1 3.0 15 12
08:27:10 1 46 4096 2838 6.9 3.0 15 12
08:27:11 1 46 4096 2838 6.9 3.0 15 12
08:27:12 1 43 4096 2838 7.8 2.9 15 12
08:27:13 1 51 4096 2838 5.1 2.9 15 12
08:27:14 1 51 4096 2838 5.1 2.9 15 12
08:27:15 1 51 4096 2838 5.2 2.9 15 12
08:27:16 1 44 4096 2838 7.4 3.0 15 12
08:27:17 1 46 4096 2838 7.0 3.0 15 12
08:27:18 1 45 4096 2838 7.1 3.0 15 12
08:27:19 1 46 4096 2838 7.0 3.0 15 12
08:27:20 1 45 4096 2838 7.1 3.0 15 12
08:27:21 1 46 4096 2838 7.0 3.0 15 12
08:27:22 1 46 4096 2838 7.0 3.0 15 12
08:27:23 1 45 4096 2838 7.1 3.0 15 12
08:27:24 1 46 4096 2838 6.9 3.0 15 12
08:27:25 1 46 4096 2838 7.0 3.0 15 12
08:27:27 1 45 4096 2838 7.1 3.0 15 12
08:27:28 1 46 4096 2838 7.0 3.0 15 12
08:27:29 1 46 4096 2838 6.9 3.0 15 12
08:27:30 1 45 4096 2838 7.1 3.0 15 12
08:27:31 1 46 4096 2838 7.0 3.0 15 12
08:27:32 1 46 4096 2838 6.9 3.0 15 12
08:27:33 1 45 4096 2838 7.1 3.0 15 12
08:27:34 1 46 4096 2838 6.9 3.0 15 12
08:27:35 1 46 4096 2838 7.0 3.0 15 12
08:27:36 1 45 4096 2838 7.1 3.0 15 12
08:27:37 1 46 4096 2838 7.0 3.0 15 12
08:27:38 1 45 4096 2838 7.1 3.0 15 12
08:27:39 1 46 4096 2838 6.9 3.0 15 12
08:27:40 1 46 4096 2838 6.9 3.0 15 12
08:27:41 1 45 4096 2838 7.1 3.0 15 12
08:27:42 1 46 4096 2838 6.9 3.0 15 12
08:27:43 1 46 4096 2838 7.0 3.0 15 12
08:27:45 1 45 4096 2838 7.1 3.0 15 12
08:27:46 1 46 4096 2838 6.9 3.0 15 12
08:27:47 1 46 4096 2838 6.9 3.0 15 12
08:27:48 1 45 4096 2838 7.1 3.0 15 12
08:27:49 1 46 4096 2838 7.0 3.0 15 12
08:27:50 1 46 4096 2838 6.9 3.0 15 12
08:27:51 1 43 4096 2838 7.8 3.0 15 12
08:27:52 1 51 4096 2838 5.1 3.0 15 12
08:27:53 1 51 4096 2838 5.1 3.0 15 12
08:27:54 1 51 4096 2838 5.2 3.0 15 12
08:27:55 1 44 4096 2838 7.6 3.0 15 12
08:27:56 1 45 4096 2838 7.1 3.0 15 12
08:27:57 1 46 4096 2838 7.0 3.0 15 12
08:27:58 1 46 4096 2838 6.9 3.0 15 12
08:27:59 1 45 4096 2838 7.1 3.0 15 12
08:28:00 1 46 4096 2838 7.0 3.0 15 12
08:28:02 1 46 4096 2838 6.9 3.0 15 12
08:28:03 1 45 4096 2838 7.1 3.0 15 12
08:28:04 1 46 4096 2838 7.0 3.0 15 12
08:28:05 1 46 4096 2838 6.9 3.0 15 12
08:28:06 1 46 4096 2838 7.0 3.0 15 12
08:28:07 1 46 4096 2838 6.9 3.0 15 12
08:28:08 1 46 4096 2838 6.9 3.0 15 12
08:28:09 1 45 4096 2838 7.1 3.0 15 12
08:28:10 1 46 4096 2838 6.9 3.0 15 12
08:28:11 1 46 4096 2838 7.0 3.0 15 12
08:28:12 1 45 4096 2838 7.1 3.0 15 12
08:28:13 1 46 4096 2838 6.9 3.0 15 12
08:28:14 1 45 4096 2838 7.1 3.0 15 12
08:28:15 1 46 4096 2838 6.9 3.0 15 12
08:28:16 1 46 4096 2838 6.9 3.0 15 12
08:28:17 1 45 4096 2838 7.1 3.0 15 12
08:28:18 1 46 4096 2838 6.9 3.0 15 12
08:28:20 1 46 4096 2838 6.9 3.0 15 12
08:28:21 1 45 4096 2838 7.1 3.0 15 12
08:28:22 1 46 4096 2838 6.9 3.0 15 12
08:28:23 1 46 4096 2838 6.9 3.0 15 12
08:28:24 1 45 4096 2838 7.1 3.0 15 12
08:28:25 1 46 4096 2838 6.9 3.0 15 12
08:28:26 1 46 4096 2838 6.9 3.0 15 12
08:28:27 1 45 4096 2838 7.1 3.0 15 12
08:28:28 1 46 4096 2838 6.9 3.0 15 12
08:28:29 1 45 4096 2838 7.1 3.0 15 12
08:28:30 1 43 4096 2838 7.8 3.0 15 12
08:28:31 1 51 4096 2838 5.1 3.0 15 12
08:28:32 1 51 4096 2838 5.2 3.0 15 12
08:28:33 1 51 4096 2838 5.1 3.0 15 12
08:28:34 1 44 4096 2838 7.6 3.0 15 12
08:28:35 1 45 4096 2838 7.1 3.0 15 12
08:28:37 1 46 4096 2838 7.0 3.0 15 12
08:28:38 1 46 4096 2838 7.0 3.0 15 12
08:28:39 1 45 4096 2838 7.1 3.0 15 12
08:28:40 1 46 4096 2838 7.0 3.0 15 12
08:28:41 1 46 4096 2838 6.9 3.0 15 12
08:28:42 1 45 4096 2838 7.1 3.0 15 12
08:28:43 1 46 4096 2838 6.9 3.0 15 12
08:28:44 1 46 4096 2838 6.9 3.0 15 12
08:28:45 1 45 4096 2838 7.1 3.0 15 12
08:28:46 1 46 4096 2838 7.0 3.0 15 12
08:28:47 1 45 4096 2838 7.1 3.0 15 12
08:28:48 1 46 4096 2838 7.0 3.0 15 12
08:28:49 1 46 4096 2838 6.9 3.0 15 12
08:28:50 1 45 4096 2838 7.1 3.0 15 12
08:28:51 1 46 4096 2838 6.9 3.0 15 12
08:28:52 1 46 4096 2838 7.0 3.0 15 12
08:28:54 1 45 4096 2838 7.1 3.0 15 12
08:28:55 1 46 4096 2838 6.9 3.0 15 12
08:28:56 1 46 4096 2838 7.0 3.0 15 12
08:28:57 1 46 4096 2838 7.0 3.0 15 12
08:28:58 1 46 4096 2838 7.0 3.0 15 12
08:28:59 1 46 4096 2838 6.9 3.0 15 12
08:29:00 1 46 4096 2838 7.1 3.0 15 12
08:29:01 1 46 4096 2838 7.0 3.0 15 12
08:29:02 1 46 4096 2838 7.0 3.0 15 12
08:29:03 1 45 4096 2838 7.1 3.0 15 12
08:29:04 1 46 4096 2838 7.0 3.0 15 12
08:29:05 1 45 4096 2838 7.1 3.0 15 12
08:29:06 1 46 4096 2838 7.0 3.0 15 12
08:29:07 1 46 4096 2838 7.1 3.0 15 12
08:29:08 1 45 4096 2838 7.1 3.0 15 12
08:29:09 1 44 4096 2838 7.6 3.0 15 12
08:29:11 1 51 4096 2838 5.1 3.0 15 12
08:29:12 1 51 4096 2838 5.2 3.0 15 12
08:29:13 1 51 4096 2838 5.2 3.0 15 12
08:29:14 1 44 4096 2838 7.5 3.0 15 12
08:29:15 1 46 4096 2838 7.1 3.0 15 12
08:29:16 1 46 4096 2838 7.1 3.0 15 12
08:29:17 1 46 4096 2838 6.9 3.0 15 12
08:29:18 1 46 4096 2838 7.1 3.0 15 12
08:29:19 1 46 4096 2838 7.0 3.0 15 12
08:29:20 1 46 4096 2838 7.0 3.0 15 12
08:29:21 1 46 4096 2838 7.0 3.0 15 12
08:29:22 1 46 4096 2838 6.9 3.0 15 12
08:29:23 1 46 4096 2838 7.1 3.0 15 12
08:29:24 1 46 4096 2838 7.1 3.0 15 12
08:29:25 1 46 4096 2838 6.9 3.0 15 12
08:29:26 1 46 4096 2838 7.1 3.0 15 12
08:29:27 1 46 4096 2838 6.9 3.0 15 12
08:29:29 1 46 4096 2838 7.0 3.0 15 12
08:29:30 1 46 4096 2838 7.1 3.0 15 12
08:29:31 1 46 4096 2838 7.1 3.0 15 12
08:29:32 1 46 4096 2838 6.9 3.0 15 12
08:29:33 1 46 4096 2838 7.1 3.0 15 12
08:29:34 1 46 4096 2838 7.1 3.0 15 12
08:29:35 1 46 4096 2838 6.9 3.0 15 12
08:29:36 1 46 4096 2838 7.1 3.0 15 12
08:29:37 1 46 4096 2838 6.9 3.0 15 12
08:29:38 1 46 4096 2838 7.1 3.0 15 12
08:29:39 1 46 4096 2838 7.0 3.0 15 12
08:29:40 1 46 4096 2838 6.9 3.0 15 12
08:29:41 1 46 4096 2838 7.1 3.0 15 12
08:29:42 1 46 4096 2838 7.1 3.0 15 12
08:29:43 1 46 4096 2838 6.9 3.0 15 12
08:29:44 1 46 4096 2838 7.1 3.0 15 12
08:29:46 1 46 4096 2838 6.9 3.0 15 12
08:29:47 1 46 4096 2838 6.9 3.0 15 12
08:29:48 1 46 4096 2838 7.1 3.0 15 12
08:29:49 1 44 4096 2838 7.6 3.0 15 12
08:29:50 1 52 4096 2838 5.0 3.0 15 12
08:29:51 1 51 4096 2838 5.2 3.0 15 12
08:29:52 1 52 4096 2838 5.0 3.0 15 12
08:29:53 1 45 4096 2838 7.4 3.0 15 12
08:29:54 1 46 4096 2838 7.1 3.0 15 12
08:29:55 1 46 4096 2838 7.0 3.0 15 12
08:29:56 1 46 4096 2838 7.1 3.0 15 12
08:29:57 1 46 4096 2838 7.1 3.0 15 12
08:29:58 1 46 4096 2838 6.9 3.0 15 12
08:29:59 1 46 4096 2838 7.1 3.0 15 12
08:30:00 1 46 4096 2838 7.0 3.0 15 12
08:30:01 1 46 4096 2838 6.9 3.0 15 12
08:30:03 1 46 4096 2838 7.2 3.0 15 12
08:30:04 1 46 4096 2838 7.1 3.0 15 12
08:30:05 1 46 4096 2838 7.1 3.0 15 12
08:30:06 1 46 4096 2838 7.2 3.0 15 12
08:30:07 1 46 4096 2838 7.1 3.0 15 12
08:30:08 1 46 4096 2838 7.1 3.0 15 12
08:30:09 1 46 4096 2838 7.1 3.0 15 12
08:30:10 1 46 4096 2838 7.0 3.0 15 12
08:30:11 1 47 4096 2838 6.9 3.0 15 12
08:30:12 1 46 4096 2838 7.1 3.0 15 12
08:30:13 1 46 4096 2838 7.0 3.0 15 12
08:30:14 1 46 4096 2838 7.1 3.0 15 12
08:30:15 1 46 4096 2838 7.0 3.0 15 12
08:30:16 1 47 4096 2838 6.9 3.0 15 12
08:30:17 1 46 4096 2838 7.1 3.0 15 12
08:30:18 1 46 4096 2838 7.0 3.0 15 12
08:30:19 1 47 4096 2838 6.9 3.0 15 12
08:30:21 1 46 4096 2838 7.1 3.0 15 12
08:30:22 1 47 4096 2838 6.9 3.0 15 12
08:30:23 1 47 4096 2838 6.9 3.0 15 12
08:30:24 1 46 4096 2838 7.1 3.0 15 12
08:30:25 1 47 4096 2838 6.9 2.9 15 12
08:30:26 1 46 4096 2838 7.0 2.8 15 12
08:30:27 1 43 4096 2838 7.8 2.8 15 12
08:30:28 1 51 4096 2838 5.1 2.8 15 12
08:30:29 1 52 4096 2838 5.0 2.8 15 12
08:30:30 1 51 4096 2838 5.2 2.8 15 12
08:30:31 1 44 4096 2838 7.5 2.8 15 12
08:30:32 1 45 4096 2838 7.1 2.8 15 12
08:30:33 1 45 4096 2838 7.1 2.8 15 12
08:30:34 1 46 4096 2838 6.9 2.8 15 12
08:30:35 1 45 4096 2838 7.1 2.8 15 12
08:30:36 1 46 4096 2838 6.9 2.8 15 12
08:30:38 1 46 4096 2838 6.9 2.8 15 12
08:30:39 1 46 4096 2838 7.0 2.8 15 12
08:30:40 1 46 4096 2838 6.9 2.8 15 12
08:30:41 1 46 4096 2838 7.0 2.8 15 12
08:30:42 1 45 4096 2838 7.1 2.8 15 12
08:30:43 1 46 4096 2838 7.0 2.8 15 12
08:30:44 1 46 4096 2838 7.0 2.8 15 12
08:30:45 1 45 4096 2838 7.1 2.8 15 12
08:30:46 1 46 4096 2838 6.9 2.8 15 12
08:30:47 1 46 4096 2838 7.0 2.8 15 12
08:30:48 1 45 4096 2838 6.9 2.8 15 12
08:30:49 1 46 4096 2838 7.0 2.8 15 12
08:30:50 1 45 4096 2838 7.1 2.8 15 12
08:30:51 1 46 4096 2838 6.9 2.8 15 12
08:30:52 1 46 4096 2838 6.9 2.8 15 12
08:30:53 1 45 4096 2838 7.1 2.8 15 12
08:30:54 1 46 4096 2838 7.0 2.8 15 12
08:30:56 1 46 4096 2838 6.9 2.8 15 12
08:30:57 1 45 4096 2838 7.1 2.8 15 12
08:30:58 1 46 4096 2838 7.0 2.8 15 12
08:30:59 1 46 4096 2838 6.9 2.8 15 12
08:31:00 1 45 4096 2838 7.1 2.8 15 12
08:31:01 1 46 4096 2838 6.9 2.8 15 12
08:31:02 1 46 4096 2838 6.9 2.8 15 12
08:31:03 1 46 4096 2838 7.0 2.8 15 12
08:31:04 1 46 4096 2838 7.0 2.8 15 12
08:31:05 1 46 4096 2838 7.0 2.8 15 12
08:31:06 1 43 4096 2838 7.8 2.8 15 12
08:31:07 1 52 4096 2838 5.0 2.8 15 12
08:31:08 1 51 4096 2838 5.3 2.8 15 12
08:31:09 1 52 4096 2838 5.0 2.8 15 12
08:31:10 1 44 4096 2838 7.6 2.8 15 12
08:31:11 1 45 4096 2838 7.1 2.8 15 12
08:31:12 1 46 4096 2838 6.9 2.8 15 12
08:31:14 1 46 4096 2838 7.0 2.8 15 12
08:31:15 1 45 4096 2838 7.1 2.8 15 12
08:31:16 1 46 4096 2838 6.9 2.8 15 12
08:31:17 1 46 4096 2838 6.9 2.8 15 12
08:31:18 1 45 4096 2838 7.1 2.8 15 12
08:31:19 1 46 4096 2838 6.9 2.8 15 12
08:31:20 1 46 4096 2838 6.9 2.8 15 12
08:31:21 1 45 4096 2838 7.2 2.8 15 12
08:31:22 1 46 4096 2838 6.9 2.8 15 12
08:31:23 1 46 4096 2838 7.0 2.8 15 12
08:31:24 1 46 4096 2838 7.0 2.8 15 12
08:31:25 1 46 4096 2838 6.9 2.8 15 12
08:31:26 1 45 4096 2838 7.1 2.8 15 12
08:31:27 1 46 4096 2838 7.0 2.8 15 12
08:31:28 1 46 4096 2838 6.9 2.8 15 12
08:31:29 1 45 4096 2838 7.1 2.8 15 12
08:31:30 1 46 4096 2838 7.0 2.8 15 12
08:31:32 1 46 4096 2838 7.0 2.8 15 12
08:31:33 1 45 4096 2838 7.1 2.8 15 12
08:31:34 1 46 4096 2838 6.9 2.8 15 12
08:31:35 1 46 4096 2838 7.0 2.8 15 12
08:31:36 1 45 4096 2838 7.1 2.8 15 12
08:31:37 1 46 4096 2838 7.0 2.8 15 12
08:31:38 1 46 4096 2838 7.0 2.8 15 12
08:31:39 1 45 4096 2838 7.1 2.8 15 12
08:31:40 1 46 4096 2838 7.0 2.8 15 12
08:31:41 1 45 4096 2838 7.1 2.8 15 12
08:31:42 1 45 4096 2838 7.1 2.8 15 12
08:31:43 1 46 4096 2838 7.0 2.8 15 12
08:31:44 1 45 4096 2838 7.1 2.8 15 12
08:31:45 1 44 4096 2838 7.6 2.8 15 12
08:31:46 1 52 4096 2838 5.0 2.8 15 12
08:31:47 1 51 4096 2838 5.3 2.8 15 12
08:31:49 1 52 4096 2838 5.0 2.8 15 12
08:31:50 1 44 4096 2838 7.5 2.8 15 12
08:31:51 1 45 4096 2838 7.1 2.8 15 12
08:31:52 1 46 4096 2838 7.0 2.8 15 12
08:31:53 1 46 4096 2838 6.9 2.8 15 12
08:31:54 1 46 4096 2838 7.0 2.8 15 12
08:31:55 1 46 4096 2838 6.9 2.8 15 12
08:31:56 1 46 4096 2838 6.9 2.8 15 12
08:31:57 1 45 4096 2838 7.1 2.8 15 12
08:31:58 1 46 4096 2838 6.9 2.8 15 12
08:31:59 1 45 4096 2838 7.1 2.8 15 12
08:32:00 1 46 4096 2838 7.0 2.8 15 12
08:32:01 1 46 4096 2838 7.0 2.8 15 12
08:32:02 1 46 4096 2838 7.0 2.8 15 12
08:32:03 1 46 4096 2838 7.0 2.8 15 12
08:32:04 1 46 4096 2838 6.9 2.8 15 12
08:32:05 1 45 4096 2838 7.1 2.8 15 12
08:32:07 1 46 4096 2838 7.0 2.8 15 12
08:32:08 1 46 4096 2838 7.0 2.8 15 12
08:32:09 1 46 4096 2838 7.0 2.8 15 12
08:32:10 1 46 4096 2838 6.9 2.8 15 12
08:32:11 1 46 4096 2838 6.9 2.8 15 12
08:32:12 1 45 4096 2838 7.1 2.8 15 12
08:32:13 1 46 4096 2838 7.0 2.8 15 12
08:32:14 1 46 4096 2838 7.0 2.8 15 12
08:32:15 1 45 4096 2838 7.1 2.8 15 12
08:32:16 1 46 4096 2838 7.0 2.8 15 12
08:32:17 1 45 4096 2838 7.1 2.8 15 12
08:32:18 1 45 4096 2838 7.1 2.8 15 12
08:32:19 1 46 4096 2838 7.0 2.8 15 12
08:32:20 1 45 4096 2838 7.1 2.8 15 12
08:32:21 1 46 4096 2838 7.0 2.8 15 12
08:32:22 1 46 4096 2838 6.9 2.8 15 12
08:32:23 1 45 4096 2838 7.1 2.8 15 12
08:32:25 1 44 4096 2838 7.6 2.8 15 12
08:32:26 1 51 4096 2838 5.1 2.8 15 12
08:32:27 1 51 4096 2838 5.2 2.8 15 12
08:32:28 1 52 4096 2838 5.0 2.8 15 12
08:32:29 1 44 4096 2838 7.5 2.8 15 12
08:32:30 1 45 4096 2838 7.1 2.8 15 12
08:32:31 1 46 4096 2838 7.0 2.8 15 12
08:32:32 1 46 4096 2838 6.9 2.8 15 12
08:32:33 1 45 4096 2838 7.1 2.8 15 12
08:32:34 1 46 4096 2838 6.9 2.8 15 12
08:32:35 1 45 4096 2838 7.1 2.8 15 12
08:32:36 1 45 4096 2838 7.1 2.8 15 12
08:32:37 1 46 4096 2838 7.0 2.8 15 12
08:32:38 1 45 4096 2838 7.1 2.8 15 12
08:32:39 1 46 4096 2838 6.9 2.8 15 12
08:32:40 1 46 4096 2838 6.9 2.8 15 12
08:32:42 1 45 4096 2838 7.1 2.8 15 12
08:32:43 1 46 4096 2838 6.9 2.8 15 12
08:32:44 1 46 4096 2838 6.9 2.8 15 12
08:32:45 1 45 4096 2838 7.1 2.8 15 12
08:32:46 1 46 4096 2838 6.9 2.8 15 12
08:32:47 1 46 4096 2838 6.9 2.8 15 12
08:32:48 1 45 4096 2838 7.1 2.8 15 12
08:32:49 1 46 4096 2838 7.0 2.8 15 12
08:32:50 1 46 4096 2838 6.9 2.8 15 12
08:32:51 1 45 4096 2838 7.1 2.8 15 12
08:32:52 1 46 4096 2838 6.9 2.8 15 12
08:32:53 1 45 4096 2838 7.1 2.8 15 12
08:32:54 1 46 4096 2838 6.9 2.8 15 12
08:32:55 1 46 4096 2838 6.9 2.8 15 12
08:32:56 1 45 4096 2838 7.1 2.8 15 12
08:32:57 1 46 4096 2838 6.9 2.8 15 12
08:32:58 1 46 4096 2838 6.9 2.8 15 12
08:33:00 1 45 4096 2838 7.1 2.8 15 12
08:33:01 1 46 4096 2838 6.9 2.8 15 12
08:33:02 1 46 4096 2838 6.9 2.8 15 12
08:33:03 1 45 4096 2838 7.1 2.8 15 12
08:33:04 1 44 4096 2838 7.7 2.8 15 12
08:33:05 1 52 4096 2838 5.0 2.8 15 12
08:33:06 1 51 4096 2838 5.2 2.8 15 12
08:33:07 1 51 4096 2838 5.1 2.8 15 12
08:33:08 1 44 4096 2838 7.5 2.8 15 12
08:33:09 1 45 4096 2838 7.1 2.8 15 12
08:33:10 1 46 4096 2838 6.9 2.8 15 12
08:33:11 1 45 4096 2838 7.1 2.8 15 12
08:33:12 1 45 4096 2838 7.1 2.8 15 12
08:33:13 1 46 4096 2838 7.0 2.8 15 12
08:33:14 1 45 4096 2838 7.1 2.8 15 12
08:33:15 1 46 4096 2838 7.0 2.8 15 12
08:33:16 1 46 4096 2838 6.9 2.8 15 12
08:33:18 1 45 4096 2838 7.1 2.8 15 12
08:33:19 1 46 4096 2838 7.0 2.8 15 12
08:33:20 1 46 4096 2838 6.9 2.8 15 12
08:33:21 1 45 4096 2838 7.1 2.8 15 12
08:33:22 1 46 4096 2838 6.9 2.8 15 12
08:33:23 1 46 4096 2838 6.9 2.8 15 12
08:33:24 1 45 4096 2838 7.1 2.8 15 12
08:33:25 1 46 4096 2838 7.0 2.8 15 12
08:33:26 1 46 4096 2838 6.9 2.8 15 12
08:33:27 1 45 4096 2838 7.1 2.8 15 12
08:33:28 1 46 4096 2838 6.9 2.8 15 12
08:33:29 1 45 4096 2838 7.1 2.8 15 12
08:33:30 1 46 4096 2838 6.9 2.8 15 12
08:33:31 1 46 4096 2838 6.9 2.8 15 12
08:33:32 1 45 4096 2838 7.1 2.8 15 12
08:33:33 1 46 4096 2838 6.9 2.8 15 12
08:33:34 1 46 4096 2838 7.0 2.8 15 12
08:33:36 1 46 4096 2838 7.1 2.8 15 12
08:33:37 1 46 4096 2838 7.0 2.8 15 12
08:33:38 1 46 4096 2838 7.0 2.8 15 12
08:33:39 1 46 4096 2838 7.1 2.8 15 12
08:33:40 1 46 4096 2838 7.0 2.8 15 12
08:33:41 1 46 4096 2838 6.9 2.8 15 12
08:33:42 1 43 4096 2838 7.8 2.8 15 12
08:33:43 1 52 4096 2838 5.0 2.8 15 12
08:33:44 1 51 4096 2838 5.1 2.8 15 12
08:33:45 1 51 4096 2838 5.2 2.8 15 12
08:33:46 1 44 4096 2838 7.5 2.8 15 12
08:33:47 1 46 4096 2838 7.1 2.8 15 12
08:33:48 1 46 4096 2838 6.9 2.8 15 12
08:33:49 1 46 4096 2838 6.9 2.8 15 12
08:33:50 1 46 4096 2838 7.1 2.8 15 12
08:33:51 1 46 4096 2838 7.0 2.8 15 12
08:33:53 1 46 4096 2838 6.9 2.8 15 12
08:33:54 1 46 4096 2838 7.1 2.8 15 12
08:33:55 1 46 4096 2838 6.9 2.8 15 12
08:33:56 1 46 4096 2838 7.0 2.8 15 12
08:33:57 1 45 4096 2838 7.2 2.8 15 12
08:33:58 1 45 4096 2838 7.1 2.8 15 12
08:33:59 1 46 4096 2838 7.1 2.8 15 12
08:34:00 1 46 4096 2838 7.2 2.8 15 12
08:34:01 1 46 4096 2838 7.1 2.8 15 12
08:34:02 1 46 4096 2838 7.2 2.8 15 12
08:34:03 1 46 4096 2838 7.1 2.8 15 12
08:34:04 1 46 4096 2838 7.1 2.8 15 12
08:34:05 1 46 4096 2838 7.2 2.8 15 12
08:34:06 1 46 4096 2838 7.1 2.8 15 12
08:34:07 1 46 4096 2838 7.1 2.8 15 12
08:34:08 1 46 4096 2838 7.2 2.8 15 12
08:34:09 1 46 4096 2838 7.1 2.8 15 12
08:34:11 1 46 4096 2838 7.1 2.8 15 12
08:34:12 1 46 4096 2838 7.2 2.8 15 12
08:34:13 1 46 4096 2838 7.1 2.8 15 12
08:34:14 1 46 4096 2838 7.1 2.8 15 12
08:34:15 1 46 4096 2838 7.2 2.8 15 12
08:34:16 1 46 4096 2838 7.1 2.8 15 12
08:34:17 1 46 4096 2838 7.1 2.8 15 12
08:34:18 1 46 4096 2838 7.2 2.8 15 12
08:34:19 1 46 4096 2838 7.1 2.8 15 12
08:34:20 1 46 4096 2838 7.2 2.8 15 12
08:34:21 1 43 4096 2838 7.9 2.8 15 12
08:34:22 1 52 4096 2838 5.3 2.8 15 12
08:34:23 1 51 4096 2838 5.3 2.8 15 12
08:34:24 1 51 4096 2838 5.2 2.8 15 12
08:34:25 1 44 4096 2838 7.7 2.8 15 12
08:34:26 1 46 4096 2838 7.1 2.8 15 12
08:34:27 1 46 4096 2838 7.0 2.8 15 12
08:34:29 1 46 4096 2838 7.0 2.8 15 12
08:34:30 1 46 4096 2838 7.1 2.8 15 12
08:34:31 1 46 4096 2838 7.0 2.8 15 12
08:34:32 1 47 4096 2838 6.9 2.8 15 12
08:34:33 1 46 4096 2838 7.1 2.8 15 12
08:34:34 1 47 4096 2838 6.9 2.8 15 12
08:34:35 1 47 4096 2838 6.9 2.8 15 12
08:34:36 1 46 4096 2838 7.1 2.8 15 12
08:34:37 1 47 4096 2838 6.9 2.8 15 12
08:34:38 1 46 4096 2838 7.0 2.8 15 12
08:34:39 1 47 4096 2838 6.9 2.8 15 12
08:34:40 1 46 4096 2838 7.0 2.8 15 12
08:34:41 1 46 4096 2838 7.1 2.8 15 12
08:34:42 1 46 4096 2838 6.9 2.8 15 12
08:34:43 1 47 4096 2838 6.9 2.8 15 12
08:34:44 1 46 4096 2838 7.1 2.8 15 12
08:34:46 1 47 4096 2838 6.9 2.8 15 12
08:34:47 1 46 4096 2838 7.0 2.8 15 12
08:34:48 1 46 4096 2838 7.1 2.8 15 12
08:34:49 1 47 4096 2838 6.9 2.8 15 12
08:34:50 1 47 4096 2838 6.9 2.8 15 12
08:34:51 1 46 4096 2838 7.1 2.8 15 12
08:34:52 1 46 4096 2838 7.0 2.8 15 12
08:34:53 1 46 4096 2838 7.0 2.8 15 12
08:34:54 1 46 4096 2838 7.1 2.8 15 12
08:34:55 1 47 4096 2838 6.9 2.8 15 12
08:34:56 1 46 4096 2838 7.1 2.8 15 12
08:34:57 1 46 4096 2838 7.0 2.8 15 12
08:34:58 1 47 4096 2838 6.9 2.8 15 12
08:34:59 1 44 4096 2838 7.8 2.8 15 12
08:35:00 1 52 4096 2838 5.1 2.8 15 12
08:35:01 1 52 4096 2838 5.2 2.8 15 12
08:35:02 1 52 4096 2838 5.1 2.8 15 12
08:35:04 1 45 4096 2838 7.5 2.8 15 12
08:35:05 1 46 4096 2838 7.0 2.8 15 12
08:35:06 1 46 4096 2838 7.1 2.8 15 12
08:35:07 1 47 4096 2838 6.9 2.8 15 12
08:35:08 1 47 4096 2838 6.9 2.8 15 12
08:35:09 1 46 4096 2838 7.1 2.8 15 12
08:35:10 1 47 4096 2838 6.9 2.8 15 12
08:35:11 1 47 4096 2838 6.9 2.8 15 12
08:35:12 1 46 4096 2838 7.1 2.8 15 12
08:35:13 1 47 4096 2838 6.9 2.8 15 12
08:35:14 1 46 4096 2838 7.1 2.8 15 12
08:35:15 1 46 4096 2838 7.1 2.8 15 12
08:35:16 1 47 4096 2838 6.9 2.8 15 12
08:35:17 1 46 4096 2838 7.1 2.8 15 12
08:35:18 1 47 4096 2838 6.9 2.8 15 12
08:35:19 1 46 4096 2838 7.0 2.8 15 12
08:35:20 1 46 4096 2838 7.1 2.8 15 12
08:35:22 1 47 4096 2838 6.9 2.8 15 12
08:35:23 1 46 4096 2838 7.0 2.8 15 12
08:35:24 1 46 4096 2838 7.1 2.8 15 12
08:35:25 1 47 4096 2838 6.9 2.8 15 12
08:35:26 1 47 4096 2838 6.9 2.8 15 12
08:35:27 1 46 4096 2838 7.1 2.8 15 12
08:35:28 1 47 4096 2838 6.9 2.8 15 12
08:35:29 1 47 4096 2838 6.9 2.8 15 12
08:35:30 1 46 4096 2838 7.1 2.8 15 12
08:35:31 1 46 4096 2838 7.0 2.7 15 12
08:35:32 1 45 4096 2838 7.1 2.5 15 12
08:35:33 1 45 4096 2838 7.0 2.4 15 12
08:35:34 1 45 4096 2838 7.0 2.4 15 12
08:35:35 1 45 4096 2838 7.1 2.4 15 12
08:35:36 1 46 4096 2838 6.9 2.4 15 12
08:35:38 1 45 4096 2838 7.0 2.4 15 12
08:35:39 1 43 4096 2838 7.8 2.4 15 12
08:35:40 1 51 4096 2838 5.1 2.4 15 12
08:35:41 1 51 4096 2838 5.1 2.4 15 12
08:35:42 1 51 4096 2838 5.2 2.4 15 12
08:35:43 1 43 4096 2838 7.6 2.4 15 12
08:35:44 1 46 4096 2838 6.9 2.4 15 12
08:35:45 1 45 4096 2838 7.1 2.4 15 12
08:35:46 1 46 4096 2838 6.9 2.4 15 12
08:35:47 1 45 4096 2838 7.1 2.4 15 12
08:35:48 1 45 4096 2838 7.1 2.4 15 12
08:35:49 1 45 4096 2838 7.0 2.4 15 12
08:35:50 1 45 4096 2838 7.1 2.4 15 12
08:35:51 1 45 4096 2838 7.0 2.4 15 12
08:35:52 1 46 4096 2838 6.9 2.4 15 12
08:35:53 1 45 4096 2838 7.1 2.4 15 12
08:35:55 1 46 4096 2838 6.9 2.3 15 12
08:35:56 1 44 4096 2838 6.9 2.0 15 12
08:35:57 1 44 4096 2838 7.1 2.0 15 12
08:35:58 1 44 4096 2838 7.0 2.0 15 12
08:35:59 1 44 4096 2838 6.9 2.0 15 12
08:36:00 1 44 4096 2838 7.1 2.0 15 12
08:36:01 1 44 4096 2838 6.9 2.0 15 12
08:36:02 1 44 4096 2838 6.9 2.0 15 12
08:36:03 1 44 4096 2838 7.1 2.0 15 12
08:36:04 1 44 4096 2838 6.9 2.0 15 12
08:36:05 1 44 4096 2838 7.1 2.0 15 12
08:36:06 1 44 4096 2838 7.0 2.0 15 12
08:36:07 1 44 4096 2838 6.9 2.0 15 12
08:36:08 1 44 4096 2838 7.1 2.0 15 12
08:36:09 1 44 4096 2838 6.9 2.0 15 12
08:36:10 1 44 4096 2838 6.9 2.0 15 12
08:36:12 1 44 4096 2838 7.1 2.0 15 12
08:36:13 1 44 4096 2838 6.9 2.0 15 12
08:36:14 1 44 4096 2838 6.9 2.0 15 12
08:36:15 1 44 4096 2838 7.1 2.0 15 12
08:36:16 1 44 4096 2838 7.0 2.0 15 12
08:36:17 1 44 4096 2838 6.9 2.0 15 12
08:36:18 1 42 4096 2838 7.8 2.0 15 12
08:36:19 1 50 4096 2838 5.0 2.0 15 12
08:36:20 1 50 4096 2838 5.1 2.0 15 12
08:36:21 1 49 4096 2838 5.2 2.0 15 12
08:36:22 1 43 4096 2838 7.5 2.0 15 12
08:36:23 1 44 4096 2838 7.1 2.0 15 12
08:36:24 1 44 4096 2838 7.0 2.0 15 12
08:36:25 1 44 4096 2838 6.9 2.0 15 12
08:36:26 1 44 4096 2838 7.1 2.0 15 12
08:36:27 1 44 4096 2838 6.9 2.0 15 12
08:36:28 1 44 4096 2838 6.9 2.0 15 12
08:36:30 1 44 4096 2838 7.1 2.0 15 12
08:36:31 1 44 4096 2838 6.9 2.0 15 12
08:36:32 1 44 4096 2838 6.9 2.0 15 12
08:36:33 1 44 4096 2838 7.1 2.0 15 12
08:36:34 1 44 4096 2838 7.0 2.0 15 12
08:36:35 1 44 4096 2838 7.0 2.0 15 12
08:36:36 1 44 4096 2838 7.1 2.0 15 12
08:36:37 1 44 4096 2838 7.0 2.0 15 12
08:36:38 1 44 4096 2838 7.0 2.0 15 12
08:36:39 1 44 4096 2838 7.0 2.0 15 12
08:36:40 1 44 4096 2838 6.9 2.0 15 12
08:36:41 1 44 4096 2838 7.1 2.0 15 12
08:36:42 1 44 4096 2838 7.0 2.0 15 12
08:36:43 1 44 4096 2838 6.9 2.0 15 12
08:36:44 1 44 4096 2838 7.1 2.0 15 12
08:36:45 1 44 4096 2838 6.9 2.0 15 12
08:36:47 1 44 4096 2838 6.9 2.0 15 12
08:36:48 1 44 4096 2838 7.1 2.0 15 12
08:36:49 1 44 4096 2838 6.9 2.0 15 12
08:36:50 1 44 4096 2838 6.9 2.0 15 12
08:36:51 1 44 4096 2838 7.1 2.0 15 12
08:36:52 1 44 4096 2838 6.9 2.0 15 12
08:36:53 1 44 4096 2838 7.0 2.0 15 12
08:36:54 1 44 4096 2838 7.1 2.0 15 12
08:36:55 1 44 4096 2838 6.9 2.0 15 12
08:36:56 1 42 4096 2838 7.8 2.0 15 12
08:36:57 1 42 4096 2838 7.7 2.0 15 12
08:36:58 1 50 4096 2838 5.0 2.0 15 12
08:36:59 1 49 4096 2838 5.2 2.0 15 12
08:37:00 1 42 4096 2838 7.6 2.0 15 12
08:37:01 1 44 4096 2838 6.9 2.0 15 12
08:37:02 1 44 4096 2838 7.0 2.0 15 12
08:37:04 1 44 4096 2838 6.9 2.0 15 12
08:37:05 1 44 4096 2838 6.9 2.0 15 12
08:37:06 1 44 4096 2838 7.1 2.0 15 12
08:37:07 1 44 4096 2838 6.9 2.0 15 12
08:37:08 1 44 4096 2838 6.9 2.0 15 12
08:37:09 1 44 4096 2838 7.1 2.0 15 12
08:37:10 1 44 4096 2838 6.9 2.0 15 12
08:37:11 1 44 4096 2838 6.9 2.0 15 12
08:37:12 1 44 4096 2838 7.1 2.0 15 12
08:37:13 1 44 4096 2838 7.0 2.0 15 12
08:37:14 1 44 4096 2838 7.1 2.0 15 12
08:37:15 1 44 4096 2838 7.1 2.0 15 12
08:37:16 1 44 4096 2838 6.9 2.0 15 12
08:37:17 1 44 4096 2838 7.1 2.0 15 12
08:37:18 1 44 4096 2838 7.0 2.0 15 12
08:37:19 1 44 4096 2838 7.0 2.0 15 12
08:37:21 1 44 4096 2838 7.1 2.0 15 12
08:37:22 1 44 4096 2838 7.0 2.0 15 12
08:37:23 1 44 4096 2838 7.0 2.0 15 12
08:37:24 1 44 4096 2838 7.1 2.0 15 12
08:37:25 1 44 4096 2838 6.9 2.0 15 12
08:37:26 1 44 4096 2838 6.9 2.0 15 12
08:37:27 1 44 4096 2838 7.0 2.0 15 12
08:37:28 1 44 4096 2838 7.0 2.0 15 12
08:37:29 1 44 4096 2838 6.9 2.0 15 12
08:37:30 1 44 4096 2838 7.1 2.0 15 12
08:37:31 1 44 4096 2838 7.0 2.0 15 12
08:37:32 1 44 4096 2838 7.1 2.0 15 12
08:37:33 1 44 4096 2838 7.0 2.0 15 12
08:37:34 1 44 4096 2838 6.9 2.0 15 12
08:37:35 1 42 4096 2838 7.7 2.0 15 12
08:37:36 1 50 4096 2838 5.1 2.0 15 12
08:37:38 1 50 4096 2838 5.1 2.0 15 12
08:37:39 1 50 4096 2838 5.1 2.0 15 12
08:37:40 1 43 4096 2838 7.4 2.0 15 12
08:37:41 1 44 4096 2838 6.9 2.0 15 12
08:37:42 1 44 4096 2838 7.1 2.0 15 12
08:37:43 1 44 4096 2838 6.9 2.0 15 12
08:37:44 1 44 4096 2838 6.9 2.0 15 12
08:37:45 1 44 4096 2838 7.1 2.0 15 12
08:37:46 1 44 4096 2838 6.9 2.0 15 12
08:37:47 1 44 4096 2838 7.1 2.0 15 12
08:37:48 1 44 4096 2838 7.1 2.0 15 12
08:37:49 1 44 4096 2838 7.0 2.0 15 12
08:37:50 1 44 4096 2838 7.0 2.0 15 12
08:37:51 1 44 4096 2838 6.9 2.0 15 12
08:37:52 1 44 4096 2838 6.9 2.0 15 12
08:37:53 1 44 4096 2838 7.1 2.0 15 12
08:37:55 1 44 4096 2838 6.9 2.0 15 12
08:37:56 1 44 4096 2838 6.9 2.0 15 12
08:37:57 1 44 4096 2838 7.1 2.0 15 12
08:37:58 1 44 4096 2838 7.0 2.0 15 12
08:37:59 1 44 4096 2838 6.9 2.0 15 12
08:38:00 1 44 4096 2838 7.1 2.0 15 12
08:38:01 1 44 4096 2838 6.9 2.0 15 12
08:38:02 1 44 4096 2838 7.0 2.0 15 12
08:38:03 1 44 4096 2838 7.0 2.0 15 12
08:38:04 1 44 4096 2838 6.9 2.0 15 12
08:38:05 1 44 4096 2838 7.1 2.0 15 12
08:38:06 1 44 4096 2838 7.0 2.0 15 12
08:38:07 1 44 4096 2838 7.0 2.0 15 12
08:38:08 1 44 4096 2838 7.1 2.0 15 12
08:38:09 1 44 4096 2838 7.0 2.0 15 12
08:38:10 1 44 4096 2838 6.9 2.0 15 12
08:38:12 1 44 4096 2838 7.1 2.0 15 12
08:38:13 1 44 4096 2838 6.9 2.0 15 12
08:38:14 1 44 4096 2838 7.0 2.0 15 12
08:38:15 1 42 4096 2838 7.7 2.0 15 12
08:38:16 1 50 4096 2838 5.1 2.0 15 12
08:38:17 1 50 4096 2838 5.0 2.0 15 12
08:38:18 1 49 4096 2838 5.2 2.0 15 12
08:38:19 1 42 4096 2838 7.6 2.0 15 12
08:38:20 1 44 4096 2838 6.9 2.0 15 12
08:38:21 1 44 4096 2838 7.1 2.0 15 12
08:38:22 1 44 4096 2838 7.0 2.0 15 12
08:38:23 1 44 4096 2838 7.1 2.0 15 12
08:38:24 1 44 4096 2838 6.9 2.0 15 12
08:38:25 1 44 4096 2838 7.0 2.0 15 12
08:38:26 1 44 4096 2838 7.1 2.0 15 12
08:38:27 1 44 4096 2838 6.9 2.0 15 12
08:38:28 1 44 4096 2838 6.9 2.0 15 12
08:38:30 1 44 4096 2838 7.1 2.0 15 12
08:38:31 1 44 4096 2838 6.9 2.0 15 12
08:38:32 1 44 4096 2838 7.0 2.0 15 12
08:38:33 1 44 4096 2838 7.0 2.0 15 12
08:38:34 1 44 4096 2838 6.9 2.0 15 12
08:38:35 1 45 4096 2838 6.9 2.0 15 12
08:38:36 1 44 4096 2838 7.1 2.0 15 12
08:38:37 1 44 4096 2838 7.0 2.0 15 12
08:38:38 1 45 4096 2838 7.0 2.0 15 12
08:38:39 1 44 4096 2838 7.1 2.0 15 12
08:38:40 1 44 4096 2838 7.0 2.0 15 12
08:38:41 1 44 4096 2838 7.1 2.0 15 12
08:38:42 1 44 4096 2838 7.0 2.0 15 12
08:38:43 1 45 4096 2838 6.9 2.0 15 12
08:38:44 1 44 4096 2838 7.1 2.0 15 12
08:38:45 1 45 4096 2838 6.9 2.0 15 12
08:38:47 1 44 4096 2838 7.0 2.0 15 12
08:38:48 1 44 4096 2838 7.1 2.0 15 12
08:38:49 1 44 4096 2838 7.0 2.0 15 12
08:38:50 1 45 4096 2838 6.9 2.0 15 12
08:38:51 1 44 4096 2838 7.1 2.0 15 12
08:38:52 1 45 4096 2838 6.9 2.0 15 12
08:38:53 1 43 4096 2838 7.6 2.0 15 12
08:38:54 1 50 4096 2838 5.2 2.0 15 12
08:38:55 1 50 4096 2838 5.0 2.0 15 12
08:38:56 1 49 4096 2838 5.2 2.0 15 12
08:38:57 1 50 4096 2838 6.4 2.0 15 12
08:38:58 1 44 4096 2838 7.0 2.0 15 12
08:38:59 1 44 4096 2838 7.1 2.0 15 12
08:39:00 1 45 4096 2838 6.9 2.0 15 12
08:39:01 1 45 4096 2838 6.9 2.0 15 12
08:39:03 1 44 4096 2838 7.1 2.0 15 12
08:39:04 1 45 4096 2838 6.9 2.0 15 12
08:39:05 1 44 4096 2838 7.0 2.0 15 12
08:39:06 1 44 4096 2838 7.1 2.0 15 12
08:39:07 1 44 4096 2838 7.1 2.0 15 12
08:39:08 1 44 4096 2838 7.0 2.0 15 12
08:39:09 1 44 4096 2838 7.1 2.0 15 12
08:39:10 1 44 4096 2838 7.0 2.0 15 12
08:39:11 1 44 4096 2838 7.0 2.0 15 12
08:39:12 1 44 4096 2838 7.0 2.0 15 12
08:39:13 1 45 4096 2838 6.9 2.0 15 12
08:39:14 1 44 4096 2838 7.1 2.0 15 12
08:39:15 1 45 4096 2838 6.9 2.0 15 12
08:39:16 1 45 4096 2838 6.9 2.0 15 12
08:39:17 1 44 4096 2838 7.1 2.0 15 12
08:39:18 1 44 4096 2838 7.0 2.0 15 12
08:39:20 1 44 4096 2838 7.0 2.0 15 12
08:39:21 1 44 4096 2838 7.1 2.0 15 12
08:39:22 1 44 4096 2838 7.0 2.0 15 12
08:39:23 1 44 4096 2838 7.0 2.0 15 12
08:39:24 1 44 4096 2838 7.0 2.0 15 12
08:39:25 1 44 4096 2838 7.0 2.0 15 12
08:39:26 1 45 4096 2838 6.9 2.0 15 12
08:39:27 1 44 4096 2838 7.1 2.0 15 12
08:39:28 1 45 4096 2838 6.9 2.0 15 12
08:39:29 1 44 4096 2838 7.1 2.0 15 12
08:39:30 1 45 4096 2838 6.9 2.0 15 12
08:39:31 1 45 4096 2838 6.9 2.0 15 12
08:39:32 1 42 4096 2838 7.8 2.0 15 12
08:39:33 1 50 4096 2838 5.0 2.0 15 12
08:39:34 1 50 4096 2838 5.0 2.0 15 12
08:39:35 1 50 4096 2838 5.3 2.0 15 12
08:39:37 1 43 4096 2838 7.5 2.0 15 12
08:39:38 1 45 4096 2838 6.9 2.0 15 12
08:39:39 1 44 4096 2838 7.1 2.0 15 12
08:39:40 1 45 4096 2838 6.9 2.0 15 12
08:39:41 1 44 4096 2838 7.0 2.0 15 12
08:39:42 1 44 4096 2838 7.1 2.0 15 12
08:39:43 1 45 4096 2838 6.9 2.0 15 12
08:39:44 1 44 4096 2838 7.0 2.0 15 12
08:39:45 1 44 4096 2838 7.1 2.0 15 12
08:39:46 1 44 4096 2838 7.0 2.0 15 12
08:39:47 1 44 4096 2838 7.1 2.0 15 12
08:39:48 1 44 4096 2838 7.0 2.0 15 12
08:39:49 1 45 4096 2838 6.9 2.0 15 12
08:39:50 1 44 4096 2838 7.1 2.0 15 12
08:39:51 1 44 4096 2838 7.0 2.0 15 12
08:39:52 1 44 4096 2838 7.0 2.0 15 12
08:39:54 1 44 4096 2838 7.1 2.0 15 12
08:39:55 1 44 4096 2838 6.9 2.0 15 12
08:39:56 1 44 4096 2838 6.9 2.0 15 12
08:39:57 1 44 4096 2838 7.1 2.0 15 12
08:39:58 1 44 4096 2838 6.9 2.0 15 12
08:39:59 1 44 4096 2838 6.9 2.0 15 12
08:40:00 1 44 4096 2838 7.1 2.0 15 12
08:40:01 1 44 4096 2838 7.0 2.0 15 12
08:40:02 1 44 4096 2838 7.0 2.0 15 12
08:40:03 1 44 4096 2838 7.0 2.0 15 12
08:40:04 1 44 4096 2838 6.9 2.0 15 12
08:40:05 1 44 4096 2838 7.1 2.0 15 12
08:40:06 1 44 4096 2838 7.0 2.0 15 12
08:40:07 1 44 4096 2838 6.9 2.0 15 12
08:40:08 1 44 4096 2838 7.1 2.0 15 12
08:40:09 1 44 4096 2838 7.0 2.0 15 12
08:40:11 1 44 4096 2838 6.9 2.0 15 12
08:40:12 1 42 4096 2838 7.8 2.0 15 12
08:40:13 1 50 4096 2838 5.0 2.0 15 12
08:40:14 1 49 4096 2838 5.1 2.0 15 12
08:40:15 1 50 4096 2838 5.1 2.0 15 12
08:40:16 1 42 4096 2838 7.6 2.0 15 12
08:40:17 1 44 4096 2838 6.9 2.0 15 12
08:40:18 1 43 4096 2838 7.1 1.8 15 12
08:40:19 1 43 4096 2838 7.0 1.7 15 12
08:40:20 1 42 4096 2838 7.1 1.7 15 12
08:40:21 1 43 4096 2838 7.0 1.7 15 12
08:40:22 1 43 4096 2838 6.9 1.7 15 12
08:40:23 1 43 4096 2838 7.1 1.7 15 12
08:40:24 1 43 4096 2838 7.0 1.7 15 12
08:40:25 1 43 4096 2838 7.0 1.7 15 12
08:40:27 1 43 4096 2838 7.1 1.7 15 12
08:40:28 1 43 4096 2838 6.9 1.7 15 12
08:40:29 1 43 4096 2838 6.9 1.7 15 12
08:40:30 1 43 4096 2838 7.1 1.7 15 12
08:40:31 1 43 4096 2838 7.0 1.7 15 12
08:40:32 1 43 4096 2838 7.0 1.7 15 12
08:40:33 1 43 4096 2838 7.1 1.7 15 12
08:40:34 1 43 4096 2838 7.0 1.7 15 12
08:40:35 1 43 4096 2838 7.0 1.7 15 12
08:40:36 1 43 4096 2838 7.1 1.7 15 12
08:40:37 1 43 4096 2838 6.9 1.7 15 12
08:40:38 1 43 4096 2838 7.1 1.7 15 12
08:40:39 1 43 4096 2838 7.1 1.7 15 12
08:40:40 1 43 4096 2838 7.0 1.7 15 12
08:40:41 1 43 4096 2838 7.1 1.7 15 12
08:40:42 1 43 4096 2838 7.0 1.7 15 12
08:40:43 1 43 4096 2838 7.0 1.7 15 12
08:40:45 1 43 4096 2838 7.1 1.7 15 12
08:40:46 1 43 4096 2838 6.9 1.7 15 12
08:40:47 1 43 4096 2838 6.9 1.7 15 12
08:40:48 1 43 4096 2838 7.1 1.7 15 12
08:40:49 1 43 4096 2838 6.9 1.7 15 12
08:40:50 1 43 4096 2838 6.9 1.7 15 12
08:40:51 1 41 4096 2838 7.8 1.6 15 12
08:40:52 1 49 4096 2838 5.0 1.6 15 12
08:40:53 1 48 4096 2838 5.2 1.6 15 12
08:40:54 1 48 4096 2838 5.2 1.6 15 12
08:40:55 1 41 4096 2838 7.6 1.7 15 12
08:40:56 1 43 4096 2838 7.1 1.7 15 12
08:40:57 1 43 4096 2838 6.9 1.7 15 12
08:40:58 1 43 4096 2838 7.0 1.7 15 12
08:40:59 1 43 4096 2838 7.0 1.7 15 12
08:41:01 1 43 4096 2838 7.0 1.7 15 12
08:41:02 1 43 4096 2838 7.0 1.7 15 12
08:41:03 1 43 4096 2838 7.1 1.7 15 12
08:41:04 1 43 4096 2838 7.0 1.7 15 12
08:41:05 1 43 4096 2838 6.9 1.7 15 12
08:41:06 1 43 4096 2838 7.1 1.7 15 12
08:41:07 1 43 4096 2838 6.9 1.7 15 12
08:41:08 1 43 4096 2838 7.0 1.7 15 12
08:41:09 1 43 4096 2838 7.1 1.7 15 12
08:41:10 1 43 4096 2838 6.9 1.7 15 12
08:41:11 1 43 4096 2838 7.1 1.7 15 12
08:41:12 1 43 4096 2838 7.1 1.7 15 12
08:41:13 1 43 4096 2838 6.9 1.7 15 12
08:41:14 1 43 4096 2838 7.1 1.7 15 12
08:41:15 1 43 4096 2838 7.0 1.7 15 12
08:41:16 1 43 4096 2838 7.0 1.7 15 12
08:41:18 1 43 4096 2838 7.1 1.7 15 12
08:41:19 1 43 4096 2838 7.0 1.7 15 12
08:41:20 1 43 4096 2838 7.0 1.7 15 12
08:41:21 1 43 4096 2838 7.1 1.7 15 12
08:41:22 1 43 4096 2838 7.0 1.7 15 12
08:41:23 1 43 4096 2838 6.9 1.7 15 12
08:41:24 1 43 4096 2838 7.1 1.7 15 12
08:41:25 1 43 4096 2838 6.9 1.7 15 12
08:41:26 1 43 4096 2838 7.0 1.7 15 12
08:41:27 1 43 4096 2838 7.1 1.7 15 12
08:41:28 1 43 4096 2838 6.9 1.7 15 12
08:41:29 1 43 4096 2838 7.1 1.7 15 12
08:41:30 1 41 4096 2838 7.7 1.6 15 12
08:41:31 1 49 4096 2838 5.1 1.6 15 12
08:41:32 1 48 4096 2838 5.3 1.6 15 12
08:41:33 1 49 4096 2838 5.0 1.6 15 12
08:41:34 1 41 4096 2838 7.6 1.7 15 12
08:41:36 1 43 4096 2838 7.1 1.7 15 12
08:41:37 1 43 4096 2838 7.0 1.7 15 12
08:41:38 1 43 4096 2838 7.0 1.7 15 12
08:41:39 1 43 4096 2838 7.1 1.7 15 12
08:41:40 1 43 4096 2838 6.9 1.7 15 12
08:41:41 1 43 4096 2838 7.0 1.7 15 12
08:41:42 1 43 4096 2838 7.1 1.7 15 12
08:41:43 1 43 4096 2838 7.0 1.7 15 12
08:41:44 1 43 4096 2838 7.0 1.7 15 12
08:41:45 1 43 4096 2838 7.0 1.7 15 12
08:41:46 1 43 4096 2838 6.9 1.7 15 12
08:41:47 1 43 4096 2838 7.1 1.7 15 12
08:41:48 1 43 4096 2838 7.0 1.7 15 12
08:41:49 1 43 4096 2838 7.0 1.7 15 12
08:41:50 1 43 4096 2838 7.1 1.7 15 12
08:41:51 1 43 4096 2838 7.0 1.7 15 12
08:41:53 1 43 4096 2838 6.9 1.7 15 12
08:41:54 1 43 4096 2838 7.1 1.7 15 12
08:41:55 1 43 4096 2838 6.9 1.7 15 12
08:41:56 1 43 4096 2838 6.9 1.7 15 12
08:41:57 1 43 4096 2838 7.1 1.7 15 12
08:41:58 1 43 4096 2838 6.9 1.7 15 12
08:41:59 1 43 4096 2838 6.9 1.7 15 12
08:42:00 1 43 4096 2838 7.1 1.7 15 12
08:42:01 1 43 4096 2838 6.9 1.7 15 12
08:42:02 1 43 4096 2838 7.0 1.7 15 12
08:42:03 1 43 4096 2838 7.1 1.7 15 12
08:42:04 1 43 4096 2838 7.0 1.7 15 12
08:42:05 1 43 4096 2838 7.1 1.7 15 12
08:42:06 1 43 4096 2838 7.0 1.7 15 12
08:42:07 1 43 4096 2838 6.9 1.7 15 12
08:42:08 1 41 4096 2838 7.8 1.7 15 12
08:42:10 1 49 4096 2838 5.1 1.7 15 12
08:42:11 1 49 4096 2838 5.0 1.7 15 12
08:42:12 1 48 4096 2838 5.2 1.7 15 12
08:42:13 1 41 4096 2838 7.6 1.7 15 12
08:42:14 1 43 4096 2838 7.0 1.7 15 12
08:42:15 1 43 4096 2838 7.1 1.7 15 12
08:42:16 1 43 4096 2838 6.9 1.7 15 12
08:42:17 1 43 4096 2838 6.9 1.7 15 12
08:42:18 1 43 4096 2838 7.1 1.7 15 12
08:42:19 1 43 4096 2838 7.0 1.7 15 12
08:42:20 1 43 4096 2838 7.1 1.7 15 12
08:42:21 1 43 4096 2838 6.9 1.7 15 12
08:42:22 1 43 4096 2838 6.9 1.7 15 12
08:42:23 1 43 4096 2838 7.1 1.7 15 12
08:42:24 1 43 4096 2838 7.0 1.7 15 12
08:42:25 1 43 4096 2838 7.0 1.7 15 12
08:42:27 1 43 4096 2838 7.1 1.7 15 12
08:42:28 1 43 4096 2838 6.9 1.7 15 12
08:42:29 1 43 4096 2838 7.0 1.7 15 12
08:42:30 1 43 4096 2838 7.1 1.7 15 12
08:42:31 1 43 4096 2838 7.1 1.7 15 12
08:42:32 1 43 4096 2838 6.9 1.7 15 12
08:42:33 1 43 4096 2838 7.1 1.7 15 12
08:42:34 1 43 4096 2838 7.1 1.7 15 12
08:42:35 1 43 4096 2838 6.9 1.7 15 12
08:42:36 1 43 4096 2838 7.1 1.7 15 12
08:42:37 1 43 4096 2838 7.1 1.7 15 12
08:42:38 1 43 4096 2838 7.1 1.7 15 12
08:42:39 1 43 4096 2838 7.0 1.7 15 12
08:42:40 1 43 4096 2838 7.0 1.7 15 12
08:42:41 1 43 4096 2838 7.1 1.7 15 12
08:42:42 1 43 4096 2838 7.0 1.7 15 12
08:42:44 1 43 4096 2838 6.9 1.7 15 12
08:42:45 1 43 4096 2838 7.1 1.7 15 12
08:42:46 1 43 4096 2838 7.0 1.7 15 12
08:42:47 1 43 4096 2838 7.1 1.7 15 12
08:42:48 1 41 4096 2838 7.8 1.7 15 12
08:42:49 1 49 4096 2838 5.0 1.7 15 12
08:42:50 1 49 4096 2838 5.1 1.7 15 12
08:42:51 1 49 4096 2838 5.1 1.7 15 12
08:42:52 1 42 4096 2838 7.4 1.7 15 12
08:42:53 1 43 4096 2838 7.1 1.7 15 12
08:42:54 1 43 4096 2838 7.1 1.7 15 12
08:42:55 1 43 4096 2838 6.9 1.7 15 12
08:42:56 1 43 4096 2838 7.1 1.7 15 12
08:42:57 1 43 4096 2838 7.1 1.7 15 12
08:42:58 1 43 4096 2838 6.9 1.7 15 12
08:42:59 1 43 4096 2838 7.1 1.7 15 12
08:43:00 1 43 4096 2838 7.1 1.7 15 12
08:43:02 1 43 4096 2838 7.0 1.7 15 12
08:43:03 1 43 4096 2838 7.1 1.7 15 12
08:43:04 1 43 4096 2838 6.9 1.7 15 12
08:43:05 1 43 4096 2838 7.1 1.7 15 12
08:43:06 1 43 4096 2838 7.1 1.7 15 12
08:43:07 1 43 4096 2838 7.0 1.7 15 12
08:43:08 1 43 4096 2838 6.9 1.7 15 12
08:43:09 1 43 4096 2838 7.1 1.7 15 12
08:43:10 1 44 4096 2838 6.9 1.7 15 12
08:43:11 1 43 4096 2838 7.1 1.7 15 12
08:43:12 1 43 4096 2838 7.1 1.7 15 12
08:43:13 1 44 4096 2838 6.9 1.7 15 12
08:43:14 1 43 4096 2838 7.1 1.7 15 12
08:43:15 1 43 4096 2838 7.0 1.7 15 12
08:43:16 1 43 4096 2838 7.0 1.7 15 12
08:43:17 1 43 4096 2838 7.1 1.7 15 12
08:43:19 1 44 4096 2838 6.9 1.7 15 12
08:43:20 1 44 4096 2838 6.9 1.7 15 12
08:43:21 1 43 4096 2838 7.1 1.7 15 12
08:43:22 1 43 4096 2838 6.9 1.7 15 12
08:43:23 1 42 4096 2838 7.2 1.7 15 12
08:43:24 1 42 4096 2838 7.3 1.6 15 12
08:43:25 1 42 4096 2838 7.2 1.5 15 12
08:43:26 1 39 4096 2838 7.9 1.4 15 12
08:43:27 1 39 4096 2838 8.0 1.3 15 12
08:43:28 1 47 4096 2838 5.3 1.2 15 12
08:43:29 1 46 4096 2838 5.4 1.1 15 12
08:43:30 1 38 4096 2838 7.9 1.1 15 12
08:43:31 1 39 4096 2838 7.6 1.0 15 12
08:43:32 1 40 4096 2838 7.2 1.0 15 12
08:43:33 1 41 4096 2838 7.0 1.0 15 12
08:43:34 1 41 4096 2838 6.9 1.0 15 12
08:43:36 1 41 4096 2838 7.1 1.0 15 12
08:43:37 1 41 4096 2838 7.0 1.0 15 12
08:43:38 1 41 4096 2838 7.1 1.0 15 12
08:43:39 1 41 4096 2838 7.1 1.0 15 12
08:43:40 1 41 4096 2838 6.9 1.0 15 12
08:43:41 1 41 4096 2838 6.9 1.0 15 12
08:43:42 1 41 4096 2838 7.1 1.0 15 12
08:43:43 1 41 4096 2838 6.9 1.0 15 12
08:43:44 1 41 4096 2838 6.9 1.0 15 12
08:43:45 1 41 4096 2838 7.1 1.0 15 12
08:43:46 1 41 4096 2838 7.0 1.0 15 12
08:43:47 1 41 4096 2838 7.1 1.0 15 12
08:43:48 1 41 4096 2838 6.9 1.0 15 12
08:43:49 1 41 4096 2838 6.9 1.0 15 12
08:43:50 1 41 4096 2838 7.1 1.0 15 12
08:43:51 1 41 4096 2838 7.0 1.0 15 12
08:43:53 1 41 4096 2838 6.9 1.0 15 12
08:43:54 1 41 4096 2838 7.1 1.0 15 12
08:43:55 1 41 4096 2838 6.9 1.0 15 12
08:43:56 1 41 4096 2838 7.0 1.0 15 12
08:43:57 1 41 4096 2838 7.1 1.0 15 12
08:43:58 1 41 4096 2838 7.0 1.0 15 12
08:43:59 1 41 4096 2838 6.9 1.0 15 12
08:44:00 1 41 4096 2838 7.1 1.0 15 12
08:44:01 1 41 4096 2838 6.9 1.0 15 12
08:44:02 1 41 4096 2838 7.1 1.0 15 12
08:44:03 1 41 4096 2838 7.1 1.0 15 12
08:44:04 1 41 4096 2838 7.0 1.0 15 12
08:44:05 1 38 4096 2838 7.8 1.0 15 12
08:44:06 1 47 4096 2838 5.0 1.0 15 12
08:44:07 1 47 4096 2838 5.0 1.0 15 12
08:44:08 1 46 4096 2838 5.2 1.0 15 12
08:44:10 1 39 4096 2838 7.6 1.0 15 12
08:44:11 1 41 4096 2838 7.0 1.0 15 12
08:44:12 1 41 4096 2838 7.1 1.0 15 12
08:44:13 1 41 4096 2838 6.9 1.0 15 12
08:44:14 1 41 4096 2838 6.9 1.0 15 12
08:44:15 1 41 4096 2838 7.1 1.0 15 12
08:44:16 1 41 4096 2838 7.0 1.0 15 12
08:44:17 1 41 4096 2838 7.0 1.0 15 12
08:44:18 1 41 4096 2838 7.1 1.0 15 12
08:44:19 1 41 4096 2838 6.9 1.0 15 12
08:44:20 1 41 4096 2838 7.1 1.0 15 12
08:44:21 1 41 4096 2838 7.0 1.0 15 12
08:44:22 1 41 4096 2838 6.9 1.0 15 12
08:44:23 1 41 4096 2838 7.1 1.0 15 12
08:44:24 1 41 4096 2838 6.9 1.0 15 12
08:44:25 1 41 4096 2838 6.9 1.0 15 12
08:44:27 1 41 4096 2838 7.1 1.0 15 12
08:44:28 1 41 4096 2838 6.9 1.0 15 12
08:44:29 1 41 4096 2838 6.9 1.0 15 12
08:44:30 1 41 4096 2838 7.1 1.0 15 12
08:44:31 1 41 4096 2838 7.0 1.0 15 12
08:44:32 1 41 4096 2838 6.9 1.0 15 12
08:44:33 1 41 4096 2838 7.1 1.0 15 12
08:44:34 1 41 4096 2838 6.9 1.0 15 12
08:44:35 1 41 4096 2838 6.9 1.0 15 12
08:44:36 1 41 4096 2838 7.1 1.0 15 12
08:44:37 1 41 4096 2838 7.0 1.0 15 12
08:44:38 1 41 4096 2838 7.1 1.0 15 12
08:44:39 1 41 4096 2838 7.0 1.0 15 12
08:44:40 1 41 4096 2838 6.9 1.0 15 12
08:44:41 1 41 4096 2838 7.0 1.0 15 12
08:44:42 1 41 4096 2838 6.9 1.0 15 12
08:44:43 1 41 4096 2838 6.9 1.0 15 12
08:44:45 1 38 4096 2838 7.8 1.0 15 12
08:44:46 1 46 4096 2838 5.1 1.0 15 12
08:44:47 1 47 4096 2838 5.0 1.0 15 12
08:44:48 1 46 4096 2838 5.2 1.0 15 12
08:44:49 1 40 4096 2838 7.4 1.0 15 12
08:44:50 1 41 4096 2838 6.9 1.0 15 12
08:44:51 1 41 4096 2838 7.1 1.0 15 12
08:44:52 1 41 4096 2838 6.9 1.0 15 12
08:44:53 1 41 4096 2838 7.0 1.0 15 12
08:44:54 1 41 4096 2838 7.0 1.0 15 12
08:44:55 1 41 4096 2838 7.0 1.0 15 12
08:44:56 1 41 4096 2838 7.1 1.0 15 12
08:44:57 1 41 4096 2838 7.0 1.0 15 12
08:44:58 1 41 4096 2838 6.9 1.0 15 12
08:44:59 1 41 4096 2838 7.1 1.0 15 12
08:45:00 1 41 4096 2838 6.9 1.0 15 12
08:45:02 1 41 4096 2838 6.9 1.0 15 12
08:45:03 1 41 4096 2838 7.1 1.0 15 12
08:45:04 1 41 4096 2838 6.9 1.0 15 12
08:45:05 1 41 4096 2838 6.9 0.9 15 12
08:45:06 1 40 4096 2838 7.1 0.9 15 12
08:45:07 1 41 4096 2838 7.0 0.9 15 12
08:45:08 1 41 4096 2838 7.0 0.9 15 12
08:45:09 1 40 4096 2838 7.1 0.9 15 12
08:45:10 1 41 4096 2838 6.9 0.9 15 12
08:45:11 1 40 4096 2838 7.1 0.9 15 12
08:45:12 1 40 4096 2838 7.0 0.9 15 12
08:45:13 1 41 4096 2838 6.9 0.9 15 12
08:45:14 1 40 4096 2838 7.1 0.9 15 12
08:45:15 1 41 4096 2838 7.0 0.9 15 12
08:45:16 1 41 4096 2838 7.0 0.9 15 12
08:45:17 1 40 4096 2838 7.1 0.8 15 12
08:45:19 1 40 4096 2838 7.0 0.7 15 12
08:45:20 1 40 4096 2838 7.0 0.7 15 12
08:45:21 1 40 4096 2838 7.1 0.7 15 12
08:45:22 1 40 4096 2838 6.9 0.7 15 12
08:45:23 1 40 4096 2838 6.9 0.7 15 12
08:45:24 2 38 4096 2838 7.8 0.7 15 12
08:45:25 2 39 4096 2838 7.5 0.7 15 12
08:45:26 2 46 4096 2838 5.0 0.7 15 12
08:45:27 2 45 4096 2838 5.3 0.7 15 12
08:45:28 2 38 4096 2838 7.6 0.7 15 12
08:45:29 2 40 4096 2838 7.1 0.7 15 12
08:45:30 2 40 4096 2838 7.1 0.7 15 12
08:45:31 2 40 4096 2838 7.0 0.7 15 12
08:45:32 2 40 4096 2838 7.1 0.7 15 12
08:45:33 2 41 4096 2838 6.9 0.7 15 12
08:45:34 2 41 4096 2838 6.9 0.7 15 12
08:45:36 2 40 4096 2838 7.1 0.7 15 12
08:45:37 2 41 4096 2838 6.9 0.7 15 12
08:45:38 2 40 4096 2838 6.9 0.7 15 12
08:45:39 2 40 4096 2838 7.1 0.7 15 12
08:45:40 2 41 4096 2838 6.9 0.7 15 12
08:45:41 2 41 4096 2838 6.9 0.7 15 12
08:45:42 2 40 4096 2838 7.1 0.7 15 12
08:45:43 2 40 4096 2838 7.0 0.7 15 12
08:45:44 2 41 4096 2838 7.0 0.7 15 12
08:45:45 2 40 4096 2838 6.9 0.7 15 12
08:45:46 2 41 4096 2838 6.9 0.7 15 12
08:45:47 2 40 4096 2838 7.1 0.7 15 12
08:45:48 2 41 4096 2838 6.9 0.7 15 12
08:45:49 2 40 4096 2838 7.0 0.7 15 12
08:45:50 2 40 4096 2838 7.1 0.7 15 12
08:45:51 2 41 4096 2838 6.9 0.7 15 12
08:45:53 2 41 4096 2838 6.9 0.7 15 12
08:45:54 2 40 4096 2838 7.1 0.7 15 12
08:45:55 2 40 4096 2838 7.0 0.7 15 12
08:45:56 2 41 4096 2838 6.9 0.7 15 12
08:45:57 2 40 4096 2838 7.1 0.7 15 12
08:45:58 2 40 4096 2838 7.0 0.7 15 12
08:45:59 2 41 4096 2838 6.9 0.7 15 12
08:46:00 2 40 4096 2838 7.1 0.7 15 12
08:46:01 2 40 4096 2838 7.0 0.7 15 12
08:46:02 2 40 4096 2838 7.1 0.7 15 12
08:46:03 2 38 4096 2838 7.8 0.7 15 12
08:46:04 2 46 4096 2838 5.1 0.7 15 12
08:46:05 2 46 4096 2838 5.2 0.7 15 12
08:46:06 2 46 4096 2838 5.0 0.7 15 12
08:46:07 2 39 4096 2838 7.4 0.7 15 12
08:46:08 2 40 4096 2838 7.1 0.7 15 12
08:46:10 2 40 4096 2838 7.0 0.7 15 12
08:46:11 2 41 4096 2838 6.9 0.7 15 12
08:46:12 2 40 4096 2838 7.1 0.7 15 12
08:46:13 2 40 4096 2838 7.0 0.7 15 12
08:46:14 2 41 4096 2838 6.9 0.7 15 12
08:46:15 2 40 4096 2838 7.1 0.7 15 12
08:46:16 2 41 4096 2838 6.9 0.7 15 12
08:46:17 2 40 4096 2838 7.0 0.7 15 12
08:46:18 2 40 4096 2838 7.0 0.7 15 12
08:46:19 2 41 4096 2838 6.9 0.7 15 12
08:46:20 2 40 4096 2838 7.1 0.7 15 12
08:46:21 2 40 4096 2838 7.0 0.7 15 12
08:46:22 2 40 4096 2838 7.0 0.7 15 12
08:46:23 2 40 4096 2838 7.1 0.7 15 12
08:46:24 2 41 4096 2838 6.9 0.7 15 12
08:46:25 2 40 4096 2838 7.0 0.7 15 12
08:46:27 2 40 4096 2838 7.1 0.7 15 12
08:46:28 2 40 4096 2838 7.0 0.7 15 12
08:46:29 2 41 4096 2838 6.9 0.7 15 12
08:46:30 2 40 4096 2838 7.1 0.7 15 12
08:46:31 2 40 4096 2838 7.0 0.7 15 12
08:46:32 2 41 4096 2838 6.8 0.7 15 12
08:46:33 2 40 4096 2838 7.1 0.7 15 12
08:46:34 2 41 4096 2838 7.0 0.7 15 12
08:46:35 2 41 4096 2838 6.8 0.7 15 12
08:46:36 2 40 4096 2838 7.1 0.7 15 12
08:46:37 2 41 4096 2838 7.0 0.7 15 12
08:46:38 2 40 4096 2838 7.1 0.7 15 12
08:46:39 2 41 4096 2838 6.8 0.7 15 12
08:46:40 2 41 4096 2838 7.0 0.7 15 12
08:46:41 2 40 4096 2838 7.1 0.7 15 12
08:46:42 2 39 4096 2838 7.5 0.7 15 12
08:46:43 2 46 4096 2838 5.1 0.7 15 12
08:46:45 2 46 4096 2838 5.2 0.7 15 12
08:46:46 2 46 4096 2838 4.9 0.7 15 12
08:46:47 2 39 4096 2838 7.4 0.7 15 12
08:46:48 2 40 4096 2838 7.1 0.7 15 12
08:46:49 2 41 4096 2838 6.8 0.7 15 12
08:46:50 2 41 4096 2838 7.0 0.7 15 12
08:46:51 2 40 4096 2838 7.1 0.7 15 12
08:46:52 2 41 4096 2838 6.8 0.7 15 12
08:46:53 2 41 4096 2838 6.8 0.7 15 12
08:46:54 2 40 4096 2838 7.1 0.7 15 12
08:46:55 2 41 4096 2838 7.0 0.7 15 12
08:46:56 2 40 4096 2838 7.1 0.7 15 12
08:46:57 2 41 4096 2838 7.0 0.7 15 12
08:46:58 2 41 4096 2838 7.0 0.7 16 12
08:46:59 2 40 4096 2838 7.1 0.7 16 12
08:47:00 2 41 4096 2838 7.0 0.7 16 12
08:47:02 2 41 4096 2838 7.0 0.7 16 12
08:47:03 2 41 4096 2838 7.1 0.7 16 12
08:47:04 2 41 4096 2838 7.0 0.7 16 12
08:47:05 2 41 4096 2838 6.9 0.7 16 12
08:47:06 2 41 4096 2838 7.1 0.7 16 12
08:47:07 2 39 4096 2838 7.4 0.5 16 12
08:47:08 2 41 4096 2838 6.8 0.5 16 12
08:47:09 2 40 4096 2838 7.1 0.5 16 12
08:47:10 2 40 4096 2838 7.1 0.5 16 12
08:47:11 2 41 4096 2838 7.0 0.5 16 12
08:47:12 2 41 4096 2838 6.9 0.5 16 12
08:47:13 2 41 4096 2838 6.9 0.5 16 12
08:47:14 2 41 4096 2838 6.9 0.5 16 12
08:47:15 2 41 4096 2838 6.9 0.5 16 12
08:47:16 2 41 4096 2838 6.9 0.5 16 12
08:47:17 2 41 4096 2838 7.0 0.5 16 12
08:47:18 2 38 4096 2838 7.4 0.5 16 12
08:47:20 2 39 4096 2838 7.1 0.5 16 12
08:47:21 2 39 4096 2838 7.1 0.5 16 12
08:47:22 2 38 4096 2838 7.1 0.5 16 12
08:47:23 2 38 4096 2838 7.3 0.5 16 12
08:47:24 2 38 4096 2838 7.1 0.5 16 12
08:47:25 2 38 4096 2838 7.8 0.5 16 12
08:47:26 2 45 4096 2838 5.2 0.5 16 12
08:47:27 2 45 4096 2838 5.3 0.5 16 12
08:47:28 2 46 4096 2838 5.3 0.5 16 12
08:47:29 2 38 4096 2838 7.7 0.5 16 12
08:47:30 2 40 4096 2838 7.1 0.5 16 12
08:47:31 2 40 4096 2838 7.1 0.5 16 12
08:47:32 2 40 4096 2838 7.1 0.5 16 12
08:47:33 2 40 4096 2838 7.0 0.5 16 12
08:47:34 2 40 4096 2838 7.1 0.5 16 12
08:47:35 2 40 4096 2838 7.1 0.5 16 12
08:47:37 2 40 4096 2838 7.1 0.5 16 12
08:47:38 2 40 4096 2838 7.1 0.5 16 12
08:47:39 2 40 4096 2838 7.1 0.5 16 12
08:47:40 2 40 4096 2838 7.1 0.5 16 12
08:47:41 2 40 4096 2838 7.1 0.5 16 12
08:47:42 2 40 4096 2838 7.1 0.5 16 12
08:47:43 2 40 4096 2838 7.1 0.5 16 12
08:47:44 2 40 4096 2838 7.1 0.5 16 12
08:47:45 2 40 4096 2838 7.1 0.5 16 12
08:47:46 2 40 4096 2838 7.1 0.5 16 12
08:47:47 2 40 4096 2838 7.1 0.5 16 12
08:47:48 2 40 4096 2838 7.1 0.5 16 12
08:47:49 2 40 4096 2838 7.1 0.5 16 12
08:47:50 2 40 4096 2838 7.1 0.5 16 12
08:47:51 2 40 4096 2838 7.1 0.5 16 12
08:47:52 2 40 4096 2838 7.0 0.5 16 12
08:47:53 2 40 4096 2838 7.1 0.5 16 12
08:47:55 2 40 4096 2838 7.2 0.5 16 12
08:47:56 2 40 4096 2838 7.2 0.5 16 12
08:47:57 2 39 4096 2838 7.4 0.5 16 12
08:47:58 2 40 4096 2838 7.2 0.5 16 12
08:47:59 2 40 4096 2838 7.2 0.5 16 12
08:48:00 2 40 4096 2838 7.3 0.5 16 12
08:48:01 2 40 4096 2838 7.3 0.5 16 12
08:48:02 2 39 4096 2838 7.3 0.5 16 12
08:48:03 2 40 4096 2838 7.0 0.5 16 12
08:48:04 2 41 4096 2838 7.0 0.5 16 12
08:48:05 2 41 4096 2838 7.0 0.5 16 12
08:48:06 2 38 4096 2838 7.7 0.5 16 12
08:48:07 2 46 4096 2838 5.1 0.5 16 12
08:48:08 2 46 4096 2838 5.2 0.5 16 12
08:48:09 2 46 4096 2838 5.1 0.5 16 12
08:48:10 2 46 4096 2838 5.1 0.5 16 12
08:48:11 2 38 4096 2838 7.9 0.5 16 12
08:48:12 2 40 4096 2838 7.2 0.5 16 12
08:48:14 2 40 4096 2838 7.2 0.5 16 12
08:48:15 2 40 4096 2838 7.1 0.5 16 12
08:48:16 2 40 4096 2838 7.0 0.5 16 12
08:48:17 2 41 4096 2838 6.9 0.5 16 12
08:48:18 2 42 4096 2838 6.6 0.5 16 12
08:48:19 2 41 4096 2838 6.9 0.5 16 12
08:48:20 2 41 4096 2838 6.9 0.5 16 12
08:48:21 2 41 4096 2838 6.9 0.5 16 12
08:48:22 2 40 4096 2838 7.0 0.5 16 12
08:48:23 2 40 4096 2838 7.0 0.5 16 12
08:48:24 2 40 4096 2838 7.0 0.5 16 12
08:48:25 2 40 4096 2838 7.0 0.5 16 12
08:48:26 2 40 4096 2838 7.0 0.5 16 12
08:48:27 2 40 4096 2838 7.0 0.5 16 12
08:48:28 2 40 4096 2838 7.0 0.5 16 12
08:48:29 2 40 4096 2838 7.0 0.5 16 12
08:48:30 2 39 4096 2838 7.0 0.5 16 12
08:48:32 2 39 4096 2838 7.0 0.5 16 12
08:48:33 2 39 4096 2838 7.0 0.5 16 12
08:48:34 2 39 4096 2838 7.0 0.5 16 12
08:48:35 2 39 4096 2838 6.9 0.5 16 12
08:48:36 2 39 4096 2838 6.9 0.5 16 12
08:48:37 2 39 4096 2838 6.9 0.5 16 12
08:48:38 2 39 4096 2838 6.9 0.5 16 12
08:48:39 2 39 4096 2838 6.9 0.5 16 12
08:48:40 2 39 4096 2838 6.9 0.5 16 12
08:48:41 2 39 4096 2838 6.9 0.5 16 12
08:48:42 2 39 4096 2838 6.7 0.5 16 12
08:48:43 2 39 4096 2838 6.7 0.5 16 12
08:48:44 2 39 4096 2838 6.7 0.5 16 12
08:48:45 2 39 4096 2838 7.0 0.5 16 12
08:48:46 2 39 4096 2838 7.0 0.5 16 12
08:48:47 2 38 4096 2838 7.7 0.5 16 12
08:48:48 2 45 4096 2838 5.1 0.5 16 12
08:48:50 2 45 4096 2838 5.1 0.5 16 12
08:48:51 2 46 4096 2838 5.1 0.5 16 12
08:48:52 2 38 4096 2838 7.5 0.5 16 12
08:48:53 2 40 4096 2838 6.9 0.5 16 12
08:48:54 2 40 4096 2838 6.9 0.5 16 12
08:48:55 2 40 4096 2838 6.9 0.5 16 12
08:48:56 2 40 4096 2838 6.9 0.5 16 12
08:48:57 2 40 4096 2838 6.9 0.5 16 12
08:48:58 2 40 4096 2838 6.9 0.5 16 12
08:48:59 2 40 4096 2838 6.9 0.5 16 12
08:49:00 2 40 4096 2838 6.9 0.5 16 12
08:49:01 2 40 4096 2838 6.9 0.5 16 12
08:49:02 2 40 4096 2838 6.9 0.5 16 12
08:49:03 2 40 4096 2838 6.9 0.5 16 12
08:49:04 2 40 4096 2838 6.9 0.5 16 12
08:49:05 2 40 4096 2838 6.9 0.5 16 12
08:49:06 2 40 4096 2838 6.9 0.5 16 12
08:49:08 2 40 4096 2838 6.9 0.5 16 12
08:49:09 2 40 4096 2838 6.8 0.5 16 12
08:49:10 2 40 4096 2838 7.0 0.5 16 12
08:49:11 2 40 4096 2838 7.0 0.5 16 12
08:49:12 2 39 4096 2838 7.4 0.5 16 12
08:49:13 2 40 4096 2838 7.0 0.5 16 12
08:49:14 2 40 4096 2838 7.0 0.5 16 12
08:49:15 2 39 4096 2838 7.3 0.5 16 12
08:49:16 2 40 4096 2838 7.1 0.5 16 12
08:49:17 2 40 4096 2838 7.1 0.5 16 12
08:49:18 2 40 4096 2838 7.1 0.5 16 12
08:49:19 2 41 4096 2838 7.1 0.5 16 12
08:49:20 2 41 4096 2838 7.1 0.5 16 12
08:49:21 2 41 4096 2838 7.1 0.5 16 12
08:49:22 2 39 4096 2838 7.6 0.5 16 12
08:49:23 2 40 4096 2838 7.3 0.5 16 12
08:49:24 2 40 4096 2838 7.2 0.5 16 12
08:49:26 2 41 4096 2838 7.1 0.5 16 12
08:49:27 2 41 4096 2838 7.1 0.5 16 12
08:49:28 2 39 4096 2838 7.8 0.5 16 12
08:49:29 2 46 4096 2838 5.3 0.5 16 12
08:49:30 2 46 4096 2838 5.2 0.5 16 12
08:49:31 2 46 4096 2838 5.2 0.5 16 12
08:49:32 2 46 4096 2838 5.6 0.5 16 12
08:49:33 2 39 4096 2838 7.7 0.5 16 12
08:49:34 2 41 4096 2838 7.1 0.5 16 12
08:49:35 2 41 4096 2838 7.0 0.5 16 12
08:49:36 2 41 4096 2838 7.1 0.5 16 12
08:49:37 2 41 4096 2838 7.1 0.5 16 12
08:49:38 2 41 4096 2838 7.1 0.5 16 12
08:49:39 2 41 4096 2838 7.1 0.5 16 12
08:49:40 2 41 4096 2838 7.1 0.5 16 12
08:49:41 2 41 4096 2838 7.1 0.5 16 12
08:49:42 2 41 4096 2838 7.1 0.5 16 12
08:49:43 2 41 4096 2838 7.1 0.5 16 12
08:49:45 2 41 4096 2838 7.1 0.5 16 12
08:49:46 2 41 4096 2838 7.1 0.5 16 12
08:49:47 2 41 4096 2838 7.0 0.5 16 12
08:49:48 2 41 4096 2838 7.1 0.5 16 12
08:49:49 2 41 4096 2838 7.1 0.5 16 12
08:49:50 2 41 4096 2838 7.1 0.5 16 12
08:49:51 2 41 4096 2838 7.1 0.5 16 12
08:49:52 2 41 4096 2838 7.1 0.5 16 12
08:49:53 2 41 4096 2838 7.1 0.5 16 12
08:49:54 2 41 4096 2838 7.1 0.5 16 12
08:49:55 2 41 4096 2838 7.1 0.5 16 12
08:49:56 2 41 4096 2838 7.1 0.5 16 12
08:49:57 2 41 4096 2838 7.1 0.5 16 12
08:49:58 2 39 4096 2838 7.4 0.5 16 12
08:49:59 2 37 4096 2838 8.0 0.4 16 12
08:50:00 2 37 4096 2838 8.1 0.4 16 12
08:50:01 2 36 4096 2838 8.2 0.4 16 12
08:50:03 2 35 4096 2838 8.6 0.4 16 12
08:50:04 2 35 4096 2838 8.6 0.4 16 12
08:50:05 2 35 4096 2838 8.6 0.4 16 12
08:50:06 2 33 4096 2838 9.0 0.4 16 12
08:50:07 2 33 4096 2838 9.1 0.4 16 12
08:50:08 2 33 4096 2838 9.8 0.4 16 12
08:50:09 2 40 4096 2838 7.2 0.4 16 12
08:50:10 2 40 4096 2838 7.1 0.4 16 12
08:50:11 2 45 4096 2838 5.7 0.4 16 12
08:50:12 2 39 4096 2838 7.7 0.4 16 12
08:50:13 2 39 4096 2838 7.1 0.4 16 12
08:50:14 2 41 4096 2838 7.1 0.4 16 12
08:50:15 2 41 4096 2838 7.1 0.4 16 12
08:50:16 2 41 4096 2838 7.2 0.4 16 12
08:50:17 2 40 4096 2838 7.2 0.4 16 12
08:50:18 2 41 4096 2838 7.2 0.4 16 12
08:50:19 2 41 4096 2838 7.1 0.4 16 12
08:50:21 2 41 4096 2838 7.1 0.4 16 12
08:50:22 2 41 4096 2838 7.1 0.4 16 12
08:50:23 2 41 4096 2838 7.2 0.4 16 12
08:50:24 2 41 4096 2838 7.1 0.4 16 12
08:50:25 2 41 4096 2838 7.1 0.4 16 12
08:50:26 2 41 4096 2838 7.1 0.4 16 12
08:50:27 2 41 4096 2838 7.0 0.4 16 12
08:50:28 2 41 4096 2838 7.1 0.4 16 12
08:50:29 2 41 4096 2838 7.2 0.4 16 12
08:50:30 2 41 4096 2838 7.1 0.4 16 12
08:50:31 2 41 4096 2838 7.1 0.4 16 12
08:50:32 2 41 4096 2838 7.2 0.4 16 12
08:50:33 2 41 4096 2838 7.1 0.4 16 12
08:50:34 2 41 4096 2838 7.2 0.4 16 12
08:50:35 2 41 4096 2838 7.1 0.4 16 12
08:50:36 2 41 4096 2838 7.1 0.4 16 12
08:50:37 2 41 4096 2838 7.1 0.4 16 12
08:50:38 2 41 4096 2838 7.1 0.4 16 12
08:50:40 2 41 4096 2838 7.1 0.4 16 12
08:50:41 2 41 4096 2838 7.1 0.4 16 12
08:50:42 2 41 4096 2838 7.1 0.4 16 12
08:50:43 2 41 4096 2838 7.1 0.4 16 12
08:50:44 2 41 4096 2838 7.1 0.4 16 12
08:50:45 2 41 4096 2838 7.1 0.4 16 12
08:50:46 2 41 4096 2838 7.1 0.4 16 12
08:50:47 2 39 4096 2838 7.8 0.4 16 12
08:50:48 2 46 4096 2838 5.3 0.4 16 12
08:50:49 2 46 4096 2838 5.3 0.4 16 12
08:50:50 2 46 4096 2838 5.2 0.4 16 12
08:50:51 2 39 4096 2838 7.7 0.4 16 12
08:50:52 2 41 4096 2838 7.1 0.4 16 12
08:50:53 2 41 4096 2838 7.1 0.4 16 12
08:50:54 2 41 4096 2838 7.0 0.4 16 12
08:50:55 2 41 4096 2838 7.1 0.4 16 12
08:50:56 2 41 4096 2838 7.0 0.4 16 12
08:50:58 2 41 4096 2838 7.1 0.4 16 12
08:50:59 2 41 4096 2838 7.0 0.4 16 12
08:51:00 2 41 4096 2838 7.0 0.4 16 12
08:51:01 2 41 4096 2838 7.1 0.4 16 12
08:51:02 2 41 4096 2838 7.0 0.4 16 12
08:51:03 2 41 4096 2838 7.0 0.4 16 12
08:51:04 2 41 4096 2838 7.0 0.4 16 12
08:51:05 2 41 4096 2838 7.0 0.4 16 12
08:51:06 2 41 4096 2838 7.0 0.4 16 12
08:51:07 2 41 4096 2838 7.0 0.4 16 12
08:51:08 2 41 4096 2838 7.0 0.4 16 12
08:51:09 2 41 4096 2838 7.0 0.4 16 12
08:51:10 2 41 4096 2838 7.0 0.4 16 12
08:51:11 2 41 4096 2838 7.0 0.4 16 12
08:51:12 2 41 4096 2838 7.0 0.4 16 12
08:51:13 2 41 4096 2838 7.0 0.4 16 12
08:51:14 2 41 4096 2838 7.0 0.4 16 12
08:51:16 2 41 4096 2838 7.0 0.4 16 12
08:51:17 2 41 4096 2838 7.0 0.4 16 12
08:51:18 2 41 4096 2838 7.0 0.4 16 12
08:51:19 2 41 4096 2838 7.1 0.4 16 12
08:51:20 2 41 4096 2838 7.1 0.4 16 12
08:51:21 2 41 4096 2838 7.1 0.4 16 12
08:51:22 2 41 4096 2838 7.0 0.4 16 12
08:51:23 2 41 4096 2838 7.1 0.4 16 12
08:51:24 2 41 4096 2838 7.1 0.4 16 12
08:51:25 2 39 4096 2838 7.7 0.4 16 12
08:51:26 2 39 4096 2838 7.7 0.4 16 12
08:51:27 2 47 4096 2838 5.1 0.4 16 12
08:51:28 2 47 4096 2838 5.2 0.4 16 12
08:51:29 2 39 4096 2838 7.6 0.4 16 12
08:51:30 2 39 4096 2838 7.6 0.4 16 12
08:51:31 2 41 4096 2838 7.0 0.4 16 12
08:51:32 2 41 4096 2838 7.0 0.4 16 12
08:51:34 2 41 4096 2838 7.1 0.4 16 12
08:51:35 2 41 4096 2838 7.0 0.4 16 12
08:51:36 2 41 4096 2838 7.0 0.4 16 12
08:51:37 2 41 4096 2838 7.0 0.4 16 12
08:51:38 2 41 4096 2838 7.0 0.4 16 12
08:51:39 2 41 4096 2838 7.1 0.4 16 12
08:51:40 2 41 4096 2838 7.0 0.4 16 12
08:51:41 2 41 4096 2838 7.0 0.4 16 12
08:51:42 2 41 4096 2838 7.0 0.4 16 12
08:51:43 2 41 4096 2838 7.1 0.4 16 12
08:51:44 2 41 4096 2838 7.1 0.4 16 12
08:51:45 2 41 4096 2838 7.1 0.4 16 12
08:51:46 2 41 4096 2838 7.1 0.4 16 12
08:51:47 2 41 4096 2838 7.0 0.4 16 12
08:51:48 2 41 4096 2838 7.0 0.4 16 12
08:51:49 2 41 4096 2838 7.1 0.4 16 12
08:51:50 2 41 4096 2838 7.1 0.4 16 12
08:51:52 2 41 4096 2838 7.0 0.4 16 12
08:51:53 2 41 4096 2838 7.0 0.4 16 12
08:51:54 2 41 4096 2838 7.0 0.4 16 12
08:51:55 2 41 4096 2838 7.1 0.4 16 12
08:51:56 2 41 4096 2838 7.1 0.4 16 12
08:51:57 2 41 4096 2838 7.0 0.4 16 12
08:51:58 2 41 4096 2838 7.0 0.4 16 12
08:51:59 2 41 4096 2838 7.0 0.4 16 12
08:52:00 2 41 4096 2830 7.0 0.4 16 12
08:52:01 2 41 4096 2830 7.1 0.4 16 12
08:52:02 2 41 4096 2830 7.0 0.4 16 12
08:52:03 2 41 4096 2830 7.1 0.4 16 12
08:52:04 2 39 4096 2830 7.7 0.4 16 12
08:52:05 2 47 4096 2830 5.3 0.4 16 12
08:52:06 2 47 4096 2830 5.2 0.4 16 12
08:52:07 2 47 4096 2830 5.2 0.4 16 12
08:52:08 2 40 4096 2830 7.6 0.4 16 12
08:52:09 2 41 4096 2830 7.0 0.4 16 12
08:52:11 2 41 4096 2830 7.1 0.4 16 12
08:52:12 2 41 4096 2830 7.0 0.4 16 12
08:52:13 2 41 4096 2830 7.0 0.4 16 12
08:52:14 2 41 4096 2830 7.0 0.4 16 12
08:52:15 2 41 4096 2830 7.0 0.4 16 12
08:52:16 2 41 4096 2830 7.0 0.4 16 12
08:52:17 2 41 4096 2830 7.0 0.4 16 12
08:52:18 2 41 4096 2830 7.0 0.4 16 12
08:52:19 2 41 4096 2830 7.1 0.4 16 12
08:52:20 2 41 4096 2830 7.1 0.4 16 12
08:52:21 2 41 4096 2830 7.0 0.4 16 12
08:52:22 2 41 4096 2830 7.0 0.4 16 12
08:52:23 2 41 4096 2830 7.0 0.4 16 12
08:52:24 2 41 4096 2830 7.0 0.4 16 12
08:52:25 2 41 4096 2830 7.0 0.4 16 12
08:52:26 2 41 4096 2830 7.1 0.4 16 12
08:52:27 2 41 4096 2830 7.0 0.4 16 12
08:52:29 2 41 4096 2830 7.0 0.4 16 12
08:52:30 2 41 4096 2830 7.0 0.4 16 12
08:52:31 2 41 4096 2830 7.0 0.4 16 12
08:52:32 2 41 4096 2830 7.0 0.4 16 12
08:52:33 2 41 4096 2830 7.0 0.4 16 12
08:52:34 2 41 4096 2830 7.0 0.4 16 12
08:52:35 2 41 4096 2830 7.0 0.4 16 12
08:52:36 2 41 4096 2830 7.1 0.4 16 12
08:52:37 2 41 4096 2830 7.1 0.4 16 12
08:52:38 2 41 4096 2830 7.0 0.4 16 12
08:52:39 2 41 4096 2830 7.0 0.4 16 12
08:52:40 2 41 4096 2830 7.0 0.4 16 12
08:52:41 2 41 4096 2830 7.0 0.4 16 12
08:52:42 2 41 4096 2830 7.0 0.4 16 12
08:52:43 2 39 4096 2830 7.7 0.4 16 12
08:52:44 2 47 4096 2830 5.1 0.4 16 12
08:52:45 2 47 4096 2830 5.1 0.4 16 12
08:52:47 2 47 4096 2830 5.1 0.4 16 12
08:52:48 1 62 4096 2830 3.4 0.9 16 12
