time pressure_lvl free_pct swap_total_MB swap_used_MB wired_GB child_rss_GB disk_int_GB disk_ssd_GB
08:52:49 1 83 4096 2830 3.0 0.0 16 12
08:52:50 1 83 4096 2830 3.1 0.1 16 12
08:52:51 1 83 4096 2830 3.0 0.3 16 12
08:52:52 1 83 4096 2830 3.0 0.4 16 12
08:52:53 1 83 4096 2830 3.0 1.2 16 12
08:52:54 1 83 4096 2830 3.0 1.6 16 12
08:52:55 1 83 4096 2830 3.0 1.9 16 12
08:52:56 1 83 4096 2830 3.0 2.8 16 12
08:52:57 1 83 4096 2830 3.0 2.8 16 12
08:52:58 1 83 4096 2830 3.1 2.8 16 12
08:53:00 1 83 4096 2830 3.1 2.8 16 12
08:53:01 1 83 4096 2830 3.1 2.9 16 12
08:53:02 1 83 4096 2830 3.1 2.9 16 12
08:53:03 1 83 4096 2830 3.1 2.4 16 12
08:53:04 1 83 4096 2830 3.1 2.6 16 12
08:53:05 1 83 4096 2830 3.1 2.7 16 12
08:53:06 1 83 4096 2830 3.1 2.8 16 12
08:53:07 1 83 4096 2830 3.1 2.8 16 12
08:53:08 1 83 4096 2830 3.1 2.6 16 12
08:53:09 1 83 4096 2830 3.1 1.8 16 12
08:53:10 1 83 4096 2830 3.1 1.8 16 12
08:53:11 1 83 4096 2830 3.1 1.8 16 12
08:53:12 1 83 4096 2830 3.1 1.8 16 12
08:53:13 1 83 4096 2830 3.1 1.8 16 12
08:53:14 1 83 4096 2830 3.1 1.8 16 12
08:53:15 1 83 4096 2830 3.1 1.8 16 12
08:53:16 1 83 4096 2830 3.1 1.8 16 12
08:53:17 1 83 4096 2830 3.1 1.8 16 12
08:53:19 1 83 4096 2830 3.1 1.8 16 12
08:53:20 1 83 4096 2830 3.1 1.8 16 12
08:53:21 1 83 4096 2830 3.1 1.8 16 12
08:53:22 1 83 4096 2830 3.1 1.8 16 12
08:53:23 1 83 4096 2830 3.1 1.8 16 12
08:53:24 1 83 4096 2830 3.1 1.8 16 12
08:53:25 1 83 4096 2830 3.1 1.8 16 12
08:53:26 1 83 4096 2830 3.0 1.8 16 12
08:53:27 1 83 4096 2830 3.1 1.8 16 12
08:53:28 1 83 4096 2830 3.1 1.8 16 12
08:53:29 1 83 4096 2830 3.1 1.8 16 12
08:53:30 1 83 4096 2830 3.1 1.8 16 12
08:53:31 1 83 4096 2830 3.1 1.8 16 12
08:53:32 1 83 4096 2830 3.1 1.8 16 12
08:53:34 1 83 4096 2830 3.0 1.8 16 12
08:53:35 1 83 4096 2830 3.1 1.8 16 12
08:53:36 1 83 4096 2830 3.1 1.8 16 12
08:53:37 1 83 4096 2830 3.1 1.8 16 12
08:53:38 1 83 4096 2830 3.1 1.8 16 12
08:53:39 1 83 4096 2830 3.1 1.8 16 12
08:53:40 1 83 4096 2830 3.1 1.8 16 12
08:53:41 1 83 4096 2830 3.1 1.8 16 12
08:53:42 1 83 4096 2830 3.1 1.8 16 12
08:53:43 1 83 4096 2830 3.1 1.8 16 12
08:53:44 1 83 4096 2830 3.1 1.8 16 12
08:53:45 1 83 4096 2830 3.1 1.8 16 12
08:53:46 1 83 4096 2830 3.1 1.8 16 12
08:53:47 1 83 4096 2830 3.1 1.8 16 12
08:53:49 1 83 4096 2830 3.1 1.8 16 12
08:53:50 1 83 4096 2830 3.0 1.8 16 12
08:53:51 1 83 4096 2830 3.0 1.8 16 12
08:53:52 1 83 4096 2830 3.0 1.8 16 12
08:53:53 1 83 4096 2830 3.0 1.8 16 12
08:53:54 1 83 4096 2830 3.0 1.8 16 12
08:53:55 1 83 4096 2830 3.0 1.8 16 12
08:53:56 1 83 4096 2830 3.0 1.8 16 12
08:53:57 1 83 4096 2830 3.0 1.8 16 12
08:53:58 1 83 4096 2830 3.0 1.8 16 12
08:53:59 1 83 4096 2830 3.0 1.8 16 12
08:54:00 1 83 4096 2830 3.0 1.8 16 12
08:54:02 1 83 4096 2830 3.0 1.8 16 12
08:54:03 1 83 4096 2830 3.0 1.8 16 12
08:54:04 1 83 4096 2830 3.0 1.8 16 12
08:54:05 1 83 4096 2830 3.0 1.8 16 12
08:54:06 1 83 4096 2830 3.0 1.8 16 12
08:54:07 1 83 4096 2830 3.0 1.8 16 12
08:54:08 1 83 4096 2830 3.0 1.8 16 12
08:54:09 1 83 4096 2830 3.0 1.8 16 12
08:54:10 1 83 4096 2830 3.0 1.8 16 12
08:54:11 1 83 4096 2830 3.0 1.8 16 12
08:54:12 1 83 4096 2830 3.0 1.8 16 12
08:54:13 1 83 4096 2830 3.0 1.8 16 12
08:54:14 1 83 4096 2830 3.0 1.8 16 12
08:54:15 1 83 4096 2830 3.0 1.8 16 12
08:54:17 1 83 4096 2830 3.0 1.8 16 12
08:54:18 1 83 4096 2830 3.1 1.8 16 12
08:54:19 1 83 4096 2830 3.1 1.8 16 12
08:54:20 1 83 4096 2830 3.0 1.8 16 12
08:54:21 1 83 4096 2830 3.1 1.8 16 12
08:54:22 1 83 4096 2830 3.1 1.8 16 12
08:54:23 1 83 4096 2830 3.0 1.8 16 12
08:54:24 1 83 4096 2830 3.0 1.8 16 12
08:54:25 1 83 4096 2830 3.1 1.8 16 12
08:54:26 1 83 4096 2830 3.0 1.8 16 12
08:54:27 1 83 4096 2830 3.0 1.8 16 12
08:54:28 1 83 4096 2830 3.0 1.8 16 12
08:54:29 1 83 4096 2830 3.1 1.8 16 12
08:54:30 1 83 4096 2830 3.1 1.8 16 12
08:54:31 1 83 4096 2830 3.0 1.8 16 12
08:54:33 1 83 4096 2830 3.1 1.8 16 12
08:54:34 1 83 4096 2830 3.0 1.8 16 12
08:54:35 1 83 4096 2830 3.0 1.8 16 12
08:54:36 1 83 4096 2830 3.0 1.8 16 12
08:54:37 1 83 4096 2830 3.0 1.8 16 12
08:54:38 1 83 4096 2830 3.0 1.8 16 12
08:54:39 1 83 4096 2830 3.0 1.8 16 12
08:54:40 1 83 4096 2830 3.0 1.8 16 12
08:54:41 1 83 4096 2830 3.0 1.8 16 12
08:54:42 1 83 4096 2830 3.0 1.8 16 12
08:54:43 1 83 4096 2830 3.0 1.8 16 12
08:54:44 1 83 4096 2830 3.0 1.8 16 12
08:54:45 1 83 4096 2830 3.0 1.8 16 12
08:54:46 1 83 4096 2830 3.0 1.8 16 12
08:54:48 1 83 4096 2830 3.0 1.8 16 12
08:54:49 1 83 4096 2830 3.0 1.8 16 12
08:54:50 1 83 4096 2830 3.0 1.8 16 12
08:54:51 1 83 4096 2830 3.1 1.8 16 12
08:54:52 1 83 4096 2830 3.0 1.8 16 12
08:54:53 1 83 4096 2830 3.0 1.8 16 12
08:54:54 1 83 4096 2830 3.0 1.8 16 12
08:54:55 1 83 4096 2830 3.0 1.8 16 12
08:54:56 1 83 4096 2830 3.0 1.8 16 12
08:54:57 1 83 4096 2830 3.0 1.8 16 12
08:54:58 1 83 4096 2830 3.0 1.8 16 12
08:54:59 1 83 4096 2830 3.0 1.8 16 12
08:55:00 1 83 4096 2830 3.0 1.8 16 12
08:55:01 1 83 4096 2830 3.0 1.8 16 12
08:55:03 1 83 4096 2830 3.0 1.8 16 12
08:55:04 1 83 4096 2830 3.0 1.8 16 12
08:55:05 1 83 4096 2830 3.0 1.8 16 12
08:55:06 1 83 4096 2830 3.0 1.8 16 12
08:55:07 1 83 4096 2830 3.0 1.8 16 12
08:55:08 1 83 4096 2830 3.0 1.8 16 12
08:55:09 1 83 4096 2830 3.0 1.8 16 12
08:55:10 1 83 4096 2830 3.0 1.8 16 12
08:55:11 1 83 4096 2830 3.0 1.8 16 12
08:55:12 1 83 4096 2830 3.0 1.8 16 12
08:55:13 1 83 4096 2830 3.0 1.8 16 12
08:55:14 1 83 4096 2830 3.0 1.8 16 12
08:55:15 1 83 4096 2830 3.0 1.8 16 12
08:55:17 1 83 4096 2830 3.0 1.8 16 12
08:55:18 1 83 4096 2830 3.0 1.8 16 12
08:55:19 1 83 4096 2830 3.0 1.8 16 12
08:55:20 1 83 4096 2830 3.0 1.8 16 12
08:55:21 1 83 4096 2830 3.0 1.8 16 12
08:55:22 1 83 4096 2830 3.0 1.8 16 12
08:55:23 1 83 4096 2830 3.1 1.8 16 12
08:55:24 1 83 4096 2830 3.0 1.8 16 12
08:55:25 1 83 4096 2830 3.0 1.8 16 12
08:55:26 1 83 4096 2830 3.0 1.8 16 12
08:55:27 1 83 4096 2830 3.1 1.8 16 12
08:55:28 1 83 4096 2830 3.0 1.8 16 12
08:55:29 1 83 4096 2830 3.0 1.8 16 12
08:55:30 1 83 4096 2830 3.0 1.8 16 12
08:55:31 1 83 4096 2830 3.0 1.8 16 12
08:55:33 1 83 4096 2830 3.1 1.8 16 12
08:55:34 1 83 4096 2830 3.0 1.8 16 12
08:55:35 1 83 4096 2830 3.0 1.8 16 12
08:55:36 1 83 4096 2830 3.0 1.8 16 12
08:55:37 1 83 4096 2830 3.1 1.8 16 12
08:55:38 1 83 4096 2830 3.0 1.8 16 12
08:55:39 1 83 4096 2830 3.0 1.8 16 12
08:55:40 1 83 4096 2830 3.0 1.8 16 12
08:55:41 1 83 4096 2830 3.0 1.8 16 12
08:55:42 1 83 4096 2830 3.0 1.8 16 12
08:55:43 1 83 4096 2830 3.0 1.8 16 12
08:55:44 1 83 4096 2830 3.0 1.8 16 12
08:55:45 1 83 4096 2830 3.0 1.8 16 12
08:55:46 1 83 4096 2830 3.0 1.8 16 12
08:55:48 1 83 4096 2830 3.1 1.8 16 12
08:55:49 1 83 4096 2830 3.1 1.8 16 12
08:55:50 1 83 4096 2830 3.0 1.8 16 12
08:55:51 1 83 4096 2830 3.0 1.8 16 12
08:55:52 1 83 4096 2830 3.1 1.8 16 12
08:55:53 1 83 4096 2830 3.0 1.8 16 12
08:55:54 1 83 4096 2830 3.0 1.8 16 12
08:55:55 1 83 4096 2830 3.0 1.8 16 12
08:55:56 1 83 4096 2830 3.0 1.8 16 12
08:55:57 1 83 4096 2830 3.0 1.8 16 12
08:55:58 1 83 4096 2830 3.0 1.8 16 12
08:55:59 1 83 4096 2830 3.0 1.8 16 12
08:56:00 1 83 4096 2830 3.1 1.8 16 12
08:56:01 1 83 4096 2830 3.1 1.8 16 12
08:56:03 1 83 4096 2830 3.0 1.8 16 12
08:56:04 1 83 4096 2830 3.0 1.8 16 12
08:56:05 1 83 4096 2830 3.0 1.8 16 12
08:56:06 1 83 4096 2830 3.0 1.8 16 12
08:56:07 1 83 4096 2830 3.0 1.8 16 12
08:56:08 1 83 4096 2830 3.0 1.8 16 12
08:56:09 1 83 4096 2830 3.0 1.8 16 12
08:56:10 1 83 4096 2830 3.0 1.8 16 12
08:56:11 1 83 4096 2830 3.0 1.8 16 12
08:56:12 1 83 4096 2830 3.0 1.8 16 12
08:56:13 1 83 4096 2830 3.0 1.8 16 12
08:56:14 1 83 4096 2830 3.0 1.8 16 12
08:56:15 1 83 4096 2830 3.0 1.8 16 12
08:56:16 1 83 4096 2830 3.0 1.8 16 12
08:56:17 1 83 4096 2830 3.0 1.8 16 12
08:56:19 1 83 4096 2830 3.0 1.8 16 12
08:56:20 1 83 4096 2830 3.0 1.8 16 12
08:56:21 1 83 4096 2830 3.0 1.8 16 12
08:56:22 1 83 4096 2830 3.1 1.8 16 12
08:56:23 1 83 4096 2830 3.1 1.8 16 12
08:56:24 1 83 4096 2830 3.1 1.8 16 12
08:56:25 1 83 4096 2830 3.0 1.8 16 12
08:56:26 1 83 4096 2830 3.1 1.8 16 12
08:56:27 1 83 4096 2830 3.0 1.8 16 12
08:56:28 1 83 4096 2830 3.0 1.8 16 12
08:56:29 1 84 4096 2830 3.0 1.8 16 12
08:56:30 1 84 4096 2830 3.0 1.8 16 12
08:56:31 1 84 4096 2830 3.0 1.8 16 12
08:56:33 1 84 4096 2830 3.0 1.8 16 12
08:56:34 1 84 4096 2830 3.0 1.8 16 12
08:56:35 1 83 4096 2830 3.1 1.8 16 12
08:56:36 1 83 4096 2830 3.0 1.8 16 12
08:56:37 1 84 4096 2830 3.0 1.8 16 12
08:56:38 1 84 4096 2830 3.0 1.8 16 12
08:56:39 1 84 4096 2830 3.0 1.8 16 12
08:56:40 1 83 4096 2830 3.0 1.8 16 12
08:56:41 1 84 4096 2830 3.0 1.8 16 12
08:56:42 1 84 4096 2830 3.0 1.8 16 12
08:56:43 1 84 4096 2830 3.0 1.8 16 12
08:56:44 1 84 4096 2830 3.0 1.8 16 12
08:56:45 1 84 4096 2830 3.0 1.8 16 12
08:56:47 1 84 4096 2830 3.0 1.8 16 12
08:56:48 1 84 4096 2830 3.0 1.8 16 12
08:56:49 1 84 4096 2830 3.0 1.8 16 12
08:56:50 1 84 4096 2830 3.0 1.8 16 12
08:56:51 1 84 4096 2830 3.0 1.8 16 12
08:56:52 1 84 4096 2830 3.0 1.8 16 12
08:56:53 1 84 4096 2830 3.0 1.8 16 12
08:56:54 1 84 4096 2830 3.0 1.8 16 12
08:56:55 1 84 4096 2830 3.0 1.8 16 12
08:56:56 1 84 4096 2830 3.0 1.8 16 12
08:56:57 1 84 4096 2830 3.0 1.8 16 12
08:56:58 1 84 4096 2830 3.0 1.8 16 12
08:56:59 1 84 4096 2830 3.0 1.8 16 12
08:57:00 1 83 4096 2830 3.1 1.8 16 12
08:57:02 1 84 4096 2830 3.0 1.8 16 12
08:57:03 1 84 4096 2830 3.0 1.8 16 12
08:57:04 1 84 4096 2830 3.0 1.8 16 12
08:57:05 1 84 4096 2830 3.0 1.8 16 12
08:57:06 1 83 4096 2830 3.0 1.8 16 12
08:57:07 1 84 4096 2830 3.0 1.8 16 12
08:57:08 1 84 4096 2830 3.0 1.8 16 12
08:57:09 1 84 4096 2830 3.0 1.8 16 12
08:57:10 1 84 4096 2830 3.0 1.8 16 12
08:57:11 1 84 4096 2830 3.0 1.8 16 12
08:57:12 1 84 4096 2830 3.0 1.8 16 12
08:57:13 1 84 4096 2830 3.0 1.8 16 12
08:57:14 1 84 4096 2830 3.0 1.8 16 12
08:57:16 1 84 4096 2830 3.0 1.8 16 12
08:57:17 1 84 4096 2830 3.0 1.8 16 12
08:57:18 1 84 4096 2830 3.0 1.8 16 12
08:57:19 1 84 4096 2830 3.0 1.8 16 12
08:57:20 1 84 4096 2830 3.0 1.8 16 12
08:57:21 1 84 4096 2830 3.0 1.8 16 12
08:57:22 1 84 4096 2830 3.0 1.8 16 12
08:57:23 1 84 4096 2830 3.0 1.8 16 12
08:57:24 1 84 4096 2830 3.0 1.8 16 12
08:57:25 1 84 4096 2830 3.0 1.8 16 12
08:57:26 1 84 4096 2830 3.0 1.8 16 12
08:57:27 1 84 4096 2830 3.0 1.8 16 12
08:57:28 1 84 4096 2830 3.0 1.8 16 12
08:57:29 1 84 4096 2830 3.0 1.8 16 12
08:57:30 1 84 4096 2830 3.0 1.8 16 12
08:57:32 1 84 4096 2830 3.0 1.8 16 12
08:57:33 1 84 4096 2830 3.0 1.8 16 12
08:57:34 1 84 4096 2830 3.0 1.8 16 12
08:57:35 1 84 4096 2830 3.0 1.8 16 12
08:57:36 1 84 4096 2830 3.0 1.8 16 12
08:57:37 1 84 4096 2830 3.0 1.8 16 12
08:57:38 1 84 4096 2830 3.0 1.8 16 12
08:57:39 1 84 4096 2830 3.0 1.8 16 12
08:57:40 1 84 4096 2830 3.0 1.8 16 12
08:57:41 1 84 4096 2830 3.0 1.8 16 12
08:57:42 1 84 4096 2830 3.0 1.8 16 12
08:57:43 1 84 4096 2830 3.0 1.8 16 12
08:57:44 1 84 4096 2830 3.0 1.8 16 12
08:57:46 1 84 4096 2830 3.0 1.8 16 12
08:57:47 1 84 4096 2830 3.0 1.8 16 12
08:57:48 1 84 4096 2830 3.0 1.8 16 12
08:57:49 1 84 4096 2830 3.0 1.8 16 12
08:57:50 1 84 4096 2830 3.0 1.8 16 12
08:57:51 1 84 4096 2830 3.0 1.8 16 12
08:57:52 1 84 4096 2830 3.0 1.8 16 12
08:57:53 1 83 4096 2830 3.1 1.8 16 12
08:57:54 1 83 4096 2830 3.1 1.8 16 12
08:57:55 1 84 4096 2830 3.0 1.8 16 12
08:57:56 1 84 4096 2830 3.0 1.8 16 12
08:57:57 1 84 4096 2830 3.0 1.8 16 12
08:57:58 1 84 4096 2830 3.0 1.8 16 12
08:57:59 1 84 4096 2830 3.0 1.8 16 12
08:58:01 1 84 4096 2830 3.0 1.8 16 12
08:58:02 1 84 4096 2830 3.0 1.8 16 12
08:58:03 1 84 4096 2830 3.0 1.8 16 12
08:58:04 1 84 4096 2830 3.0 1.8 16 12
08:58:05 1 84 4096 2830 3.0 1.8 16 12
08:58:06 1 84 4096 2830 3.0 1.8 16 12
08:58:07 1 84 4096 2830 3.0 1.8 16 12
08:58:08 1 84 4096 2830 3.0 1.8 16 12
08:58:09 1 84 4096 2830 3.0 1.8 16 12
08:58:10 1 84 4096 2830 3.0 1.8 16 12
08:58:11 1 83 4096 2830 3.1 1.8 16 12
08:58:12 1 84 4096 2830 3.0 1.8 16 12
08:58:13 1 84 4096 2830 3.0 1.8 16 12
08:58:14 1 84 4096 2830 3.0 1.8 16 12
08:58:16 1 84 4096 2830 3.0 1.8 16 12
08:58:17 1 84 4096 2830 3.0 1.8 16 12
08:58:18 1 84 4096 2830 3.0 1.8 16 12
08:58:19 1 83 4096 2830 3.1 1.8 16 12
08:58:20 1 84 4096 2830 3.0 1.8 16 12
08:58:21 1 84 4096 2830 3.0 1.8 16 12
08:58:22 1 84 4096 2830 3.0 1.8 16 12
08:58:23 1 84 4096 2830 3.0 1.8 16 12
08:58:24 1 84 4096 2830 3.0 1.8 16 12
08:58:25 1 84 4096 2830 3.0 1.8 16 12
08:58:26 1 84 4096 2830 3.0 1.8 16 12
08:58:27 1 84 4096 2830 3.0 1.8 16 12
08:58:28 1 84 4096 2830 3.0 1.8 16 12
08:58:29 1 84 4096 2830 3.0 1.8 16 12
08:58:30 1 84 4096 2830 3.0 1.8 16 12
08:58:32 1 84 4096 2830 3.0 1.8 16 12
08:58:33 1 84 4096 2830 3.0 1.8 16 12
08:58:34 1 84 4096 2830 3.0 1.8 16 12
08:58:35 1 84 4096 2830 3.0 1.8 16 12
08:58:36 1 84 4096 2830 3.0 1.8 16 12
08:58:37 1 84 4096 2830 3.0 1.8 16 12
08:58:38 1 84 4096 2830 3.0 1.8 16 12
08:58:39 1 84 4096 2830 3.0 1.8 16 12
08:58:40 1 84 4096 2830 3.0 1.8 16 12
08:58:41 1 84 4096 2830 3.0 1.8 16 12
08:58:42 1 84 4096 2830 3.0 1.8 16 12
08:58:43 1 84 4096 2830 3.0 1.8 16 12
08:58:44 1 84 4096 2830 3.0 1.8 16 12
08:58:46 1 83 4096 2830 3.2 1.8 16 12
08:58:47 1 83 4096 2830 3.2 1.8 16 12
08:58:48 1 83 4096 2830 3.2 1.8 16 12
08:58:49 1 83 4096 2830 3.2 1.8 16 12
08:58:50 1 83 4096 2830 3.2 1.8 16 12
08:58:51 1 83 4096 2830 3.3 1.8 16 12
08:58:52 1 83 4096 2830 3.3 1.8 16 12
08:58:53 1 82 4096 2830 3.3 1.8 16 12
08:58:54 1 83 4096 2830 3.3 1.8 16 12
08:58:55 1 83 4096 2830 3.3 1.8 16 12
08:58:56 1 83 4096 2830 3.2 1.8 16 12
08:58:57 1 83 4096 2830 3.2 1.8 16 12
08:58:58 1 83 4096 2830 3.2 1.8 16 12
08:58:59 1 83 4096 2830 3.2 1.8 16 12
08:59:01 1 83 4096 2830 3.2 1.8 16 12
08:59:02 1 83 4096 2830 3.2 1.8 16 12
08:59:03 1 83 4096 2830 3.2 1.8 16 12
08:59:04 1 83 4096 2830 3.2 1.8 16 12
08:59:05 1 83 4096 2830 3.2 1.8 16 12
08:59:06 1 83 4096 2830 3.0 1.8 16 12
08:59:07 1 83 4096 2830 3.0 1.8 16 12
08:59:08 1 83 4096 2830 3.0 1.8 16 12
08:59:09 1 83 4096 2830 3.0 1.8 16 12
08:59:10 1 83 4096 2830 3.2 1.8 16 12
08:59:11 1 83 4096 2830 3.0 1.8 16 12
08:59:12 1 83 4096 2830 3.0 1.8 16 12
08:59:13 1 83 4096 2830 3.1 1.8 16 12
08:59:15 1 83 4096 2830 3.1 1.8 16 12
08:59:16 1 83 4096 2830 3.0 1.8 16 12
08:59:17 1 83 4096 2830 3.0 1.8 16 12
08:59:18 1 83 4096 2830 3.0 1.8 16 12
08:59:19 1 83 4096 2830 3.0 1.8 16 12
08:59:20 1 83 4096 2830 3.0 1.8 16 12
08:59:21 1 83 4096 2830 3.0 1.8 16 12
08:59:22 1 83 4096 2830 3.0 1.8 16 12
08:59:23 1 83 4096 2830 3.0 1.8 16 12
08:59:24 1 83 4096 2830 3.0 1.8 16 12
08:59:25 1 83 4096 2830 3.0 1.8 16 12
08:59:26 1 83 4096 2830 3.0 1.8 16 12
08:59:28 1 83 4096 2830 3.0 1.8 16 12
08:59:29 1 83 4096 2830 3.0 1.8 16 12
08:59:30 1 83 4096 2830 3.0 1.8 16 12
08:59:31 1 83 4096 2830 3.0 1.8 16 12
08:59:32 1 83 4096 2830 3.0 1.8 16 12
08:59:33 1 83 4096 2830 3.0 1.8 16 12
08:59:34 1 83 4096 2830 3.0 1.8 16 12
08:59:35 1 83 4096 2830 3.0 1.8 16 12
08:59:36 1 83 4096 2830 3.0 1.8 16 12
08:59:37 1 83 4096 2830 3.0 1.8 16 12
08:59:38 1 83 4096 2830 3.0 1.8 16 12
08:59:39 1 83 4096 2830 3.0 1.8 16 12
08:59:40 1 84 4096 2830 3.0 1.8 16 12
08:59:42 1 83 4096 2830 3.0 1.8 16 12
08:59:43 1 83 4096 2830 3.0 1.8 16 12
08:59:44 1 83 4096 2830 3.0 1.8 16 12
08:59:45 1 83 4096 2830 3.0 1.8 16 12
08:59:46 1 83 4096 2830 3.0 1.8 16 12
08:59:47 1 83 4096 2830 3.0 1.8 16 12
08:59:48 1 84 4096 2830 3.0 1.8 16 12
08:59:49 1 83 4096 2830 3.0 1.8 16 12
08:59:50 1 83 4096 2830 3.0 1.8 16 12
08:59:51 1 83 4096 2830 3.0 1.8 16 12
08:59:52 1 83 4096 2830 3.0 1.8 16 12
08:59:53 1 83 4096 2830 3.0 1.8 16 12
08:59:54 1 83 4096 2830 3.1 1.8 16 12
08:59:56 1 84 4096 2830 3.0 1.8 16 12
08:59:57 1 83 4096 2830 3.0 1.8 16 12
08:59:58 1 84 4096 2830 3.0 1.8 16 12
08:59:59 1 84 4096 2830 3.0 1.8 16 12
09:00:00 1 84 4096 2830 3.0 1.8 16 12
09:00:01 1 84 4096 2830 3.0 1.8 16 12
09:00:02 1 83 4096 2830 3.0 1.8 16 12
09:00:03 1 83 4096 2830 3.1 1.8 16 12
09:00:04 1 84 4096 2830 3.0 1.8 16 12
09:00:05 1 84 4096 2830 3.0 1.8 16 12
09:00:06 1 84 4096 2830 3.0 1.8 16 12
09:00:07 1 84 4096 2830 3.0 1.8 16 12
09:00:09 1 84 4096 2830 3.0 1.8 16 12
09:00:10 1 84 4096 2830 3.0 1.8 16 12
09:00:11 1 84 4096 2830 3.0 1.8 16 12
09:00:12 1 84 4096 2830 3.0 1.8 16 12
09:00:13 1 84 4096 2830 3.0 1.8 16 12
09:00:14 1 84 4096 2830 3.0 1.8 16 12
09:00:15 1 84 4096 2830 3.0 1.8 16 12
09:00:16 1 83 4096 2830 3.0 1.8 16 12
09:00:17 1 83 4096 2830 3.0 1.8 16 12
09:00:18 1 83 4096 2830 3.0 1.8 16 12
09:00:19 1 83 4096 2830 3.0 1.8 16 12
09:00:20 1 83 4096 2830 3.0 1.8 16 12
09:00:22 1 82 4096 2830 3.1 1.8 16 12
09:00:23 1 82 4096 2830 3.1 1.8 16 12
09:00:24 1 83 4096 2830 3.0 1.8 16 12
09:00:25 1 83 4096 2830 3.0 1.8 16 12
09:00:26 1 83 4096 2830 3.0 1.8 16 12
09:00:27 1 83 4096 2830 3.0 1.8 16 12
09:00:28 1 83 4096 2830 3.0 1.8 16 12
09:00:29 1 83 4096 2830 3.0 1.8 16 12
09:00:30 1 83 4096 2830 3.1 1.8 16 12
09:00:31 1 83 4096 2830 3.0 1.8 16 12
09:00:32 1 83 4096 2830 3.0 1.8 16 12
09:00:34 1 83 4096 2830 3.0 1.8 16 12
09:00:35 1 83 4096 2830 3.0 1.8 16 12
09:00:36 1 83 4096 2830 3.0 1.8 16 12
09:00:37 1 83 4096 2830 3.0 1.8 16 12
09:00:38 1 83 4096 2830 3.0 1.8 16 12
09:00:39 1 83 4096 2830 3.0 1.8 16 12
09:00:40 1 83 4096 2830 3.0 1.8 16 12
09:00:41 1 83 4096 2830 3.0 1.8 16 12
09:00:42 1 83 4096 2830 3.0 1.7 16 12
09:00:43 1 83 4096 2830 3.0 1.7 16 12
09:00:44 1 82 4096 2830 3.0 1.7 16 12
09:00:45 1 82 4096 2830 3.0 1.7 16 12
09:00:46 1 82 4096 2830 3.0 1.7 16 12
09:00:48 1 82 4096 2830 3.0 1.7 16 12
09:00:49 1 82 4096 2830 3.0 1.7 16 12
09:00:50 1 82 4096 2830 3.0 1.7 16 12
09:00:51 1 82 4096 2830 3.0 1.7 16 12
09:00:52 1 82 4096 2830 3.0 1.7 16 12
09:00:53 1 82 4096 2830 3.0 1.7 16 12
09:00:54 1 82 4096 2830 3.0 1.7 16 12
09:00:55 1 82 4096 2830 3.0 1.7 16 12
09:00:56 1 82 4096 2830 3.0 1.7 16 12
09:00:57 1 82 4096 2830 3.0 1.7 16 12
09:00:58 1 82 4096 2830 3.0 1.7 16 12
09:01:00 1 82 4096 2830 3.0 1.7 16 12
09:01:01 1 82 4096 2830 3.0 1.7 16 12
09:01:02 1 82 4096 2830 3.0 1.7 16 12
09:01:03 1 82 4096 2830 3.0 1.7 16 12
09:01:04 1 82 4096 2830 3.0 1.7 16 12
09:01:05 1 82 4096 2830 3.0 1.7 16 12
09:01:06 1 82 4096 2830 3.0 1.7 16 12
09:01:07 1 82 4096 2830 3.0 1.7 16 12
09:01:08 1 82 4096 2830 3.0 1.7 16 12
09:01:09 1 82 4096 2830 3.0 1.7 16 12
09:01:10 1 82 4096 2830 3.0 1.7 16 12
09:01:12 1 82 4096 2830 3.0 1.7 16 12
09:01:13 1 82 4096 2830 3.0 1.7 16 12
09:01:14 1 82 4096 2830 3.0 1.7 16 12
09:01:15 1 82 4096 2830 3.1 1.7 16 12
09:01:16 1 82 4096 2830 3.0 1.7 16 12
09:01:17 1 82 4096 2830 3.0 1.7 16 12
09:01:18 1 82 4096 2830 3.0 1.7 16 12
09:01:19 1 82 4096 2830 3.0 1.7 16 12
09:01:20 1 82 4096 2830 3.0 1.7 16 12
09:01:21 1 82 4096 2830 3.0 1.7 16 12
09:01:22 1 82 4096 2830 3.0 1.7 16 12
09:01:23 1 82 4096 2830 3.0 1.7 16 12
09:01:24 1 82 4096 2830 3.0 1.7 16 12
09:01:26 1 82 4096 2830 3.0 1.7 16 12
09:01:27 1 82 4096 2830 3.0 1.7 16 12
09:01:28 1 82 4096 2830 3.0 1.7 16 12
09:01:29 1 82 4096 2830 3.0 1.7 16 12
09:01:30 1 82 4096 2830 3.0 1.7 16 12
09:01:31 1 82 4096 2830 3.0 1.7 16 12
09:01:32 1 82 4096 2830 3.0 1.7 16 12
09:01:33 1 82 4096 2830 3.0 1.7 16 12
09:01:34 1 82 4096 2830 3.0 1.7 16 12
09:01:35 1 82 4096 2830 3.0 1.7 16 12
09:01:36 1 82 4096 2830 3.0 1.7 16 12
09:01:37 1 82 4096 2830 3.1 1.7 16 12
09:01:39 1 82 4096 2830 3.1 1.7 16 12
09:01:40 1 82 4096 2830 3.0 1.7 16 12
09:01:41 1 82 4096 2830 3.1 1.7 16 12
09:01:42 1 82 4096 2830 3.1 1.7 16 12
09:01:43 1 82 4096 2830 3.1 1.7 16 12
09:01:44 1 82 4096 2830 3.0 1.7 16 12
09:01:45 1 82 4096 2830 3.0 1.7 16 12
09:01:46 1 82 4096 2830 3.0 1.7 16 12
09:01:47 1 82 4096 2830 3.0 1.7 16 12
09:01:48 1 82 4096 2830 3.0 1.7 16 12
09:01:49 1 82 4096 2830 3.0 1.7 16 12
09:01:50 1 82 4096 2830 3.0 1.7 16 12
09:01:52 1 82 4096 2830 3.0 1.7 16 12
09:01:53 1 82 4096 2830 3.1 1.7 16 12
09:01:54 1 82 4096 2830 3.0 1.7 16 12
09:01:55 1 82 4096 2830 3.0 1.7 16 12
09:01:56 1 82 4096 2830 3.0 1.7 16 12
09:01:57 1 82 4096 2830 3.0 1.7 16 12
09:01:58 1 82 4096 2830 3.0 1.7 16 12
09:01:59 1 82 4096 2830 3.0 1.7 16 12
09:02:00 1 82 4096 2830 3.1 1.7 16 12
09:02:01 1 82 4096 2830 3.0 1.7 16 12
09:02:02 1 82 4096 2830 3.0 1.7 16 12
09:02:03 1 82 4096 2830 3.0 1.7 16 12
09:02:05 1 82 4096 2830 3.0 1.7 16 12
09:02:06 1 82 4096 2830 3.0 1.7 16 12
09:02:07 1 82 4096 2830 3.0 1.7 16 12
09:02:08 1 82 4096 2830 3.0 1.7 16 12
09:02:09 1 82 4096 2830 3.0 1.7 16 12
09:02:10 1 82 4096 2830 3.0 1.7 16 12
09:02:11 1 82 4096 2830 3.0 1.7 16 12
09:02:12 1 82 4096 2830 3.0 1.7 16 12
09:02:13 1 82 4096 2830 3.0 1.7 16 12
09:02:14 1 82 4096 2830 3.0 1.7 16 12
09:02:15 1 82 4096 2830 3.0 1.7 16 12
09:02:17 1 82 4096 2830 3.0 1.7 16 12
09:02:18 1 82 4096 2830 3.0 1.7 16 12
09:02:19 1 82 4096 2830 3.0 1.7 16 12
09:02:20 1 82 4096 2830 3.0 1.7 16 12
09:02:21 1 82 4096 2830 3.1 1.7 16 12
09:02:22 1 82 4096 2830 3.0 1.7 16 12
09:02:23 1 82 4096 2830 3.0 1.7 16 12
09:02:24 1 82 4096 2830 3.0 1.7 16 12
09:02:25 1 82 4096 2830 3.0 1.7 16 12
09:02:26 1 82 4096 2830 3.0 1.7 16 12
09:02:27 1 82 4096 2830 3.0 1.7 16 12
09:02:28 1 82 4096 2830 3.0 1.7 16 12
09:02:29 1 82 4096 2830 3.0 1.7 16 12
09:02:31 1 82 4096 2830 3.0 1.7 16 12
09:02:32 1 82 4096 2830 3.0 1.7 16 12
09:02:33 1 82 4096 2830 3.0 1.7 16 12
09:02:34 1 82 4096 2830 3.0 1.7 16 12
09:02:35 1 82 4096 2830 3.0 1.7 16 12
09:02:36 1 82 4096 2830 3.0 1.7 16 12
09:02:37 1 82 4096 2830 3.0 1.7 16 12
09:02:38 1 82 4096 2830 3.0 1.7 16 12
09:02:39 1 82 4096 2830 3.0 1.7 16 12
09:02:40 1 82 4096 2830 3.0 1.7 16 12
09:02:42 1 82 4096 2830 3.0 1.7 16 12
09:02:43 1 82 4096 2830 3.0 1.7 16 12
09:02:44 1 82 4096 2830 3.0 1.7 16 12
09:02:45 1 82 4096 2830 3.0 1.7 16 12
09:02:46 1 82 4096 2830 3.0 1.7 16 12
09:02:47 1 82 4096 2830 3.0 1.7 16 12
09:02:48 1 82 4096 2830 3.0 1.7 16 12
09:02:49 1 82 4096 2830 3.0 1.7 16 12
09:02:50 1 82 4096 2830 3.0 1.7 16 12
09:02:51 1 82 4096 2830 3.0 1.7 16 12
09:02:52 1 82 4096 2830 3.0 1.7 16 12
09:02:53 1 82 4096 2830 3.0 1.7 16 12
09:02:55 1 82 4096 2830 3.0 1.7 16 12
09:02:56 1 82 4096 2830 3.0 1.7 16 12
09:02:57 1 82 4096 2830 3.0 1.7 16 12
09:02:58 1 82 4096 2830 3.0 1.7 16 12
09:02:59 1 82 4096 2830 3.0 1.7 16 12
09:03:00 1 82 4096 2830 3.0 1.7 16 12
09:03:01 1 82 4096 2830 3.0 1.7 16 12
09:03:02 1 82 4096 2830 3.0 1.7 16 12
09:03:03 1 82 4096 2830 3.0 1.7 16 12
09:03:04 1 82 4096 2830 3.0 1.7 16 12
09:03:05 1 82 4096 2830 3.0 1.7 16 12
09:03:06 1 82 4096 2830 3.0 1.7 16 12
09:03:07 1 82 4096 2830 3.0 1.7 16 12
09:03:09 1 82 4096 2830 3.0 1.7 16 12
09:03:10 1 82 4096 2830 3.0 1.7 16 12
09:03:11 1 82 4096 2830 3.0 1.7 16 12
09:03:12 1 82 4096 2830 3.0 1.7 16 12
09:03:13 1 82 4096 2830 3.0 1.7 16 12
09:03:14 1 82 4096 2830 3.0 1.7 16 12
09:03:15 1 82 4096 2830 3.0 1.7 16 12
09:03:16 1 82 4096 2830 3.0 1.7 16 12
09:03:17 1 82 4096 2830 3.0 1.7 16 12
09:03:18 1 82 4096 2830 3.0 1.7 16 12
09:03:19 1 82 4096 2830 3.0 1.7 16 12
09:03:21 1 82 4096 2830 3.0 1.7 16 12
09:03:22 1 82 4096 2830 3.1 1.7 16 12
09:03:23 1 82 4096 2830 3.0 1.7 16 12
09:03:24 1 82 4096 2830 3.0 1.7 16 12
09:03:25 1 82 4096 2830 3.0 1.7 16 12
09:03:26 1 82 4096 2830 3.0 1.7 16 12
09:03:27 1 82 4096 2830 3.0 1.7 16 12
09:03:28 1 82 4096 2830 3.0 1.7 16 12
09:03:29 1 82 4096 2830 3.0 1.7 16 12
09:03:30 1 82 4096 2830 3.0 1.7 16 12
09:03:31 1 82 4096 2830 3.0 1.7 16 12
09:03:32 1 82 4096 2830 3.0 1.7 16 12
09:03:33 1 82 4096 2830 3.0 1.7 16 12
09:03:35 1 82 4096 2830 3.0 1.7 16 12
09:03:36 1 82 4096 2830 3.0 1.7 16 12
09:03:37 1 82 4096 2830 3.1 1.7 16 12
09:03:38 1 82 4096 2830 3.0 1.7 16 12
09:03:39 1 82 4096 2830 3.0 1.7 16 12
09:03:40 1 82 4096 2830 3.0 1.7 16 12
09:03:41 1 82 4096 2830 3.0 1.7 16 12
09:03:42 1 82 4096 2830 3.0 1.7 16 12
09:03:43 1 82 4096 2830 3.0 1.7 16 12
09:03:44 1 82 4096 2830 3.0 1.7 16 12
09:03:45 1 82 4096 2830 3.0 1.7 16 12
09:03:46 1 82 4096 2830 3.0 1.7 16 12
09:03:48 1 82 4096 2830 3.0 1.7 16 12
09:03:49 1 82 4096 2830 3.0 1.7 16 12
09:03:50 1 82 4096 2830 3.0 1.7 16 12
09:03:51 1 82 4096 2830 3.0 1.7 16 12
09:03:52 1 82 4096 2830 3.0 1.7 16 12
09:03:53 1 82 4096 2830 3.0 1.7 16 12
09:03:54 1 82 4096 2830 3.0 1.7 16 12
09:03:55 1 82 4096 2830 3.0 1.7 16 12
09:03:56 1 82 4096 2830 3.0 1.7 16 12
09:03:57 1 82 4096 2830 3.0 1.7 16 12
09:03:58 1 82 4096 2830 3.0 1.7 16 12
09:03:59 1 82 4096 2830 3.0 1.7 16 12
09:04:01 1 82 4096 2830 3.0 1.7 16 12
09:04:02 1 82 4096 2830 3.0 1.7 16 12
09:04:03 1 82 4096 2830 3.0 1.7 16 12
09:04:04 1 82 4096 2830 3.0 1.7 16 12
09:04:05 1 82 4096 2830 3.0 1.7 16 12
09:04:06 1 82 4096 2830 3.0 1.7 16 12
09:04:07 1 82 4096 2830 3.0 1.7 16 12
09:04:08 1 82 4096 2830 3.0 1.7 16 12
09:04:09 1 82 4096 2830 3.0 1.7 16 12
09:04:10 1 82 4096 2830 3.0 1.7 16 12
09:04:11 1 82 4096 2830 3.0 1.7 16 12
09:04:13 1 82 4096 2830 3.0 1.7 16 12
09:04:14 1 82 4096 2830 3.1 1.7 16 12
09:04:15 1 82 4096 2830 3.1 1.7 16 12
09:04:16 1 82 4096 2830 3.1 1.7 16 12
09:04:17 1 82 4096 2830 3.1 1.7 16 12
09:04:18 1 82 4096 2830 3.1 1.7 16 12
09:04:19 1 82 4096 2830 3.1 1.7 16 12
09:04:20 1 82 4096 2830 3.1 1.7 16 12
09:04:21 1 82 4096 2830 3.1 1.7 16 12
09:04:22 1 82 4096 2830 3.1 1.7 16 12
09:04:23 1 82 4096 2830 3.1 1.7 16 12
09:04:25 1 82 4096 2830 3.1 1.7 16 12
09:04:26 1 82 4096 2830 3.1 1.7 16 12
09:04:27 1 82 4096 2830 3.1 1.7 16 12
09:04:28 1 82 4096 2830 3.0 1.7 15 12
09:04:29 1 82 4096 2830 3.0 1.7 15 12
09:04:30 1 82 4096 2830 3.0 1.7 15 12
09:04:31 1 82 4096 2830 3.1 1.7 15 12
09:04:32 1 82 4096 2830 3.1 1.7 15 12
09:04:33 1 82 4096 2830 3.1 1.7 15 12
09:04:34 1 82 4096 2830 3.1 1.7 15 12
09:04:35 1 82 4096 2830 3.1 1.7 15 12
09:04:36 1 82 4096 2830 3.0 1.7 15 12
09:04:37 1 82 4096 2830 3.1 1.7 16 12
09:04:39 1 82 4096 2830 3.1 1.7 16 12
09:04:40 1 82 4096 2830 3.1 1.7 15 12
09:04:41 1 82 4096 2830 3.1 1.7 15 12
09:04:42 1 82 4096 2830 3.1 1.7 15 12
09:04:43 1 82 4096 2830 3.1 1.7 15 12
09:04:44 1 82 4096 2830 3.1 1.7 15 12
09:04:45 1 82 4096 2830 3.1 1.7 15 12
09:04:46 1 82 4096 2830 3.0 1.7 15 12
09:04:47 1 82 4096 2830 3.0 1.7 15 12
09:04:48 1 82 4096 2830 3.0 1.7 15 12
09:04:49 1 82 4096 2830 3.0 1.7 15 12
09:04:50 1 82 4096 2830 3.1 1.7 15 12
09:04:52 1 82 4096 2830 3.0 1.7 15 12
09:04:53 1 82 4096 2830 3.0 1.7 16 12
09:04:54 1 82 4096 2830 3.0 1.7 16 12
09:04:55 1 82 4096 2830 3.0 1.7 15 12
09:04:56 1 82 4096 2830 3.0 1.7 15 12
09:04:57 1 82 4096 2830 3.0 1.7 15 12
09:04:58 1 82 4096 2830 3.0 1.7 15 12
09:04:59 1 82 4096 2830 3.0 1.7 15 12
09:05:00 1 83 4096 2830 3.0 1.7 15 12
09:05:01 1 82 4096 2830 3.1 1.7 15 12
09:05:02 1 83 4096 2830 3.0 1.7 15 12
09:05:04 1 83 4096 2830 3.0 1.7 15 12
09:05:05 1 83 4096 2830 3.0 1.7 15 12
09:05:06 1 82 4096 2830 3.1 1.7 15 12
09:05:07 1 83 4096 2830 3.0 1.7 15 12
09:05:08 1 83 4096 2830 3.0 1.7 15 12
09:05:09 1 83 4096 2830 3.0 1.7 15 12
09:05:10 1 83 4096 2830 3.0 1.7 15 12
09:05:11 1 83 4096 2830 3.0 1.7 15 12
09:05:12 1 82 4096 2830 3.0 1.7 15 12
09:05:13 1 82 4096 2830 3.0 1.7 15 12
09:05:14 1 82 4096 2830 3.0 1.7 15 12
09:05:16 1 83 4096 2830 3.0 1.7 15 12
09:05:17 1 82 4096 2830 3.0 1.7 15 12
09:05:18 1 82 4096 2830 3.0 1.7 15 12
09:05:19 1 82 4096 2830 3.0 1.7 15 12
09:05:20 1 82 4096 2830 3.0 1.7 15 12
09:05:21 1 82 4096 2830 3.0 1.7 15 12
09:05:22 1 82 4096 2830 3.0 1.7 15 12
09:05:23 1 82 4096 2830 3.0 1.7 15 12
09:05:24 1 82 4096 2830 3.0 1.7 15 12
09:05:25 1 82 4096 2830 3.0 1.7 15 12
09:05:26 1 82 4096 2830 3.0 1.7 15 12
09:05:27 1 82 4096 2830 3.0 1.7 15 12
09:05:29 1 82 4096 2830 3.0 1.7 15 12
09:05:30 1 82 4096 2830 3.0 1.7 15 12
09:05:31 1 82 4096 2830 3.0 1.7 15 12
09:05:32 1 82 4096 2830 3.0 1.7 15 12
09:05:33 1 82 4096 2830 3.0 1.7 15 12
09:05:34 1 82 4096 2830 3.0 1.7 15 12
09:05:35 1 82 4096 2830 3.0 1.7 15 12
09:05:36 1 82 4096 2830 3.0 1.7 15 12
09:05:37 1 82 4096 2830 3.0 1.7 15 12
09:05:38 1 82 4096 2830 3.0 1.7 15 12
09:05:39 1 82 4096 2830 3.0 1.7 15 12
09:05:40 1 82 4096 2830 3.0 1.7 15 12
09:05:42 1 82 4096 2830 3.0 1.7 15 12
09:05:43 1 82 4096 2830 3.0 1.7 15 12
09:05:44 1 82 4096 2830 3.0 1.7 15 12
09:05:45 1 82 4096 2830 3.0 1.7 15 12
09:05:46 1 82 4096 2830 3.0 1.7 15 12
09:05:47 1 82 4096 2830 3.0 1.7 15 12
09:05:48 1 82 4096 2830 3.0 1.7 15 12
09:05:49 1 82 4096 2830 3.0 1.7 15 12
09:05:50 1 82 4096 2830 3.0 1.7 15 12
09:05:51 1 82 4096 2830 3.0 1.7 15 12
09:05:52 1 82 4096 2830 3.0 1.7 15 12
09:05:53 1 82 4096 2830 3.0 1.7 15 12
09:05:55 1 82 4096 2830 3.0 1.7 15 12
09:05:56 1 82 4096 2830 3.0 1.7 15 12
09:05:57 1 82 4096 2830 3.0 1.7 15 12
09:05:58 1 82 4096 2830 3.0 1.7 15 12
09:05:59 1 82 4096 2830 3.0 1.7 15 12
09:06:00 1 82 4096 2830 3.0 1.7 15 12
09:06:01 1 82 4096 2830 3.0 1.7 15 12
09:06:02 1 82 4096 2830 3.0 1.7 15 12
09:06:03 1 82 4096 2830 3.0 1.7 15 12
09:06:04 1 82 4096 2830 3.0 1.7 15 12
09:06:05 1 82 4096 2830 3.0 1.7 15 12
09:06:06 1 82 4096 2830 3.0 1.7 15 12
09:06:08 1 82 4096 2830 3.0 1.7 15 12
09:06:09 1 82 4096 2830 3.0 1.7 15 12
09:06:10 1 82 4096 2830 3.0 1.7 15 12
09:06:11 1 82 4096 2830 3.0 1.7 15 12
09:06:12 1 82 4096 2830 3.0 1.7 15 12
09:06:13 1 82 4096 2830 3.0 1.7 15 12
09:06:14 1 82 4096 2830 3.0 1.7 15 12
09:06:15 1 82 4096 2830 3.0 1.7 15 12
09:06:16 1 82 4096 2830 3.0 1.7 15 12
09:06:17 1 82 4096 2830 3.0 1.7 15 12
09:06:18 1 82 4096 2830 3.0 1.7 15 12
09:06:19 1 82 4096 2830 3.0 1.7 15 12
09:06:21 1 82 4096 2830 3.0 1.7 15 12
09:06:22 1 82 4096 2830 3.0 1.7 15 12
09:06:23 1 82 4096 2830 3.0 1.7 15 12
09:06:24 1 82 4096 2830 3.0 1.7 15 12
09:06:25 1 82 4096 2830 3.0 1.7 15 12
09:06:26 1 82 4096 2830 3.0 1.7 15 12
09:06:27 1 82 4096 2830 3.0 1.7 15 12
09:06:28 1 82 4096 2830 3.0 1.7 15 12
09:06:29 1 82 4096 2830 3.0 1.7 15 12
09:06:30 1 82 4096 2830 3.0 1.7 15 12
09:06:31 1 82 4096 2830 3.0 1.7 15 12
09:06:32 1 82 4096 2830 3.0 1.7 15 12
09:06:34 1 82 4096 2830 3.0 1.7 15 12
09:06:35 1 82 4096 2830 3.0 1.7 15 12
09:06:36 1 82 4096 2830 3.0 1.7 15 12
09:06:37 1 82 4096 2830 3.0 1.7 15 12
09:06:38 1 82 4096 2830 3.0 1.7 15 12
09:06:39 1 82 4096 2830 3.0 1.7 15 12
09:06:40 1 82 4096 2830 3.0 1.7 15 12
09:06:41 1 82 4096 2830 3.0 1.7 15 12
09:06:42 1 82 4096 2830 3.0 1.7 15 12
09:06:43 1 82 4096 2830 3.0 1.7 15 12
09:06:44 1 82 4096 2830 3.0 1.7 15 12
09:06:45 1 82 4096 2830 3.1 1.7 15 12
09:06:46 1 82 4096 2830 3.1 1.7 15 12
09:06:47 1 82 4096 2830 3.0 1.7 15 12
09:06:49 1 82 4096 2830 3.0 1.7 15 12
09:06:50 1 82 4096 2830 3.0 1.7 15 12
09:06:51 1 82 4096 2830 3.0 1.7 15 12
09:06:52 1 82 4096 2830 3.0 1.7 15 12
09:06:53 1 82 4096 2830 3.0 1.7 15 12
09:06:54 1 82 4096 2830 3.0 1.7 15 12
09:06:55 1 82 4096 2830 3.0 1.7 15 12
09:06:56 1 82 4096 2830 3.0 1.7 15 12
09:06:57 1 82 4096 2830 3.0 1.7 15 12
09:06:58 1 82 4096 2830 3.0 1.7 15 12
09:06:59 1 82 4096 2830 3.0 1.7 15 12
09:07:00 1 82 4096 2830 3.1 1.7 15 12
09:07:01 1 82 4096 2830 3.0 1.7 15 12
09:07:03 1 82 4096 2830 3.0 1.7 15 12
09:07:04 1 82 4096 2830 3.1 1.7 15 12
09:07:05 1 82 4096 2830 3.0 1.7 15 12
09:07:06 1 82 4096 2830 3.0 1.7 15 12
09:07:07 1 82 4096 2830 3.0 1.7 16 12
09:07:08 1 82 4096 2830 3.0 1.7 16 12
09:07:09 1 82 4096 2830 3.0 1.7 16 12
09:07:10 1 82 4096 2830 3.0 1.7 16 12
09:07:11 1 82 4096 2830 3.0 1.7 16 12
09:07:12 1 82 4096 2830 3.0 1.7 16 12
09:07:13 1 82 4096 2830 3.0 1.7 16 12
09:07:14 1 82 4096 2830 3.0 1.7 16 12
09:07:15 1 82 4096 2830 3.0 1.7 16 12
09:07:17 1 82 4096 2830 3.0 1.7 16 12
09:07:18 1 82 4096 2830 3.0 1.7 16 12
09:07:19 1 82 4096 2830 3.1 1.7 16 12
09:07:20 1 82 4096 2830 3.0 1.7 16 12
09:07:21 1 82 4096 2830 3.0 1.7 16 12
09:07:22 1 82 4096 2830 3.1 1.7 16 12
09:07:23 1 82 4096 2830 3.0 1.7 16 12
09:07:24 1 82 4096 2830 3.0 1.7 16 12
09:07:25 1 82 4096 2830 3.0 1.7 16 12
09:07:26 1 82 4096 2830 3.0 1.7 16 12
09:07:27 1 82 4096 2830 3.0 1.7 16 12
09:07:28 1 82 4096 2830 3.0 1.7 16 12
09:07:29 1 82 4096 2830 3.0 1.7 16 12
09:07:30 1 82 4096 2830 3.0 1.7 16 12
09:07:32 1 82 4096 2830 3.0 1.7 16 12
09:07:33 1 82 4096 2830 3.0 1.7 16 12
09:07:34 1 82 4096 2830 3.0 1.7 16 12
09:07:35 1 82 4096 2830 3.1 1.7 16 12
09:07:36 1 82 4096 2830 3.0 1.7 16 12
09:07:37 1 82 4096 2830 3.0 1.7 16 12
09:07:38 1 82 4096 2830 3.0 1.7 16 12
09:07:39 1 82 4096 2830 3.0 1.7 16 12
09:07:40 1 82 4096 2830 3.0 1.7 16 12
09:07:41 1 82 4096 2830 3.0 1.7 16 12
09:07:42 1 82 4096 2830 3.1 1.7 16 12
09:07:43 1 82 4096 2830 3.0 1.7 16 12
09:07:44 1 82 4096 2830 3.0 1.7 16 12
09:07:46 1 82 4096 2830 3.0 1.7 16 12
09:07:47 1 82 4096 2830 3.0 1.7 16 12
09:07:48 1 82 4096 2830 3.0 1.7 16 12
09:07:49 1 82 4096 2830 3.0 1.7 16 12
09:07:50 1 82 4096 2830 3.0 1.7 16 12
09:07:51 1 82 4096 2830 3.0 1.7 16 12
09:07:52 1 82 4096 2830 3.0 1.7 16 12
09:07:53 1 82 4096 2830 3.0 1.7 16 12
09:07:54 1 82 4096 2830 3.0 1.7 16 12
09:07:55 1 82 4096 2830 3.0 1.7 16 12
09:07:56 1 82 4096 2830 3.0 1.7 16 12
09:07:57 1 82 4096 2830 3.0 1.7 16 12
09:07:59 1 82 4096 2830 3.0 1.7 16 12
09:08:00 1 82 4096 2830 3.0 1.7 16 12
09:08:01 1 82 4096 2830 3.0 1.7 16 12
09:08:02 1 82 4096 2830 3.0 1.7 16 12
09:08:03 1 82 4096 2830 3.0 1.7 16 12
09:08:04 1 82 4096 2830 3.0 1.7 16 12
09:08:05 1 82 4096 2830 3.0 1.7 16 12
09:08:06 1 82 4096 2830 3.0 1.7 16 12
09:08:07 1 82 4096 2830 3.0 1.7 16 12
09:08:08 1 82 4096 2830 3.0 1.7 16 12
09:08:09 1 82 4096 2830 3.0 1.7 16 12
09:08:10 1 82 4096 2830 3.0 1.7 16 12
09:08:11 1 82 4096 2830 3.0 1.7 16 12
09:08:13 1 82 4096 2830 3.0 1.7 16 12
09:08:14 1 82 4096 2830 3.0 1.7 16 12
09:08:15 1 82 4096 2830 3.0 1.7 16 12
09:08:16 1 82 4096 2830 3.0 1.7 16 12
09:08:17 1 82 4096 2830 3.0 1.7 16 12
09:08:18 1 82 4096 2830 3.0 1.7 16 12
09:08:19 1 82 4096 2830 3.0 1.7 16 12
09:08:20 1 82 4096 2830 3.0 1.7 16 12
09:08:21 1 82 4096 2830 3.0 1.7 16 12
09:08:22 1 82 4096 2830 3.0 1.7 16 12
09:08:23 1 82 4096 2830 3.0 1.7 16 12
09:08:24 1 82 4096 2830 3.0 1.7 16 12
09:08:25 1 82 4096 2830 3.0 1.7 16 12
09:08:27 1 82 4096 2830 3.0 1.7 16 12
09:08:28 1 82 4096 2830 3.0 1.7 16 12
09:08:29 1 82 4096 2830 3.0 1.7 16 12
09:08:30 1 82 4096 2830 3.0 1.7 16 12
09:08:31 1 82 4096 2830 3.0 1.7 16 12
09:08:32 1 82 4096 2830 3.0 1.7 16 12
09:08:33 1 82 4096 2830 3.0 1.7 16 12
09:08:34 1 82 4096 2830 3.0 1.7 16 12
09:08:35 1 82 4096 2830 3.0 1.7 16 12
09:08:36 1 82 4096 2830 3.0 1.7 16 12
09:08:37 1 82 4096 2830 3.0 1.7 16 12
09:08:38 1 82 4096 2830 3.0 1.7 16 12
09:08:39 1 82 4096 2830 3.0 1.7 16 12
09:08:40 1 82 4096 2830 3.0 1.7 16 12
09:08:42 1 82 4096 2830 3.0 1.7 16 12
09:08:43 1 82 4096 2830 3.0 1.7 16 12
09:08:44 1 82 4096 2830 3.0 1.7 16 12
09:08:45 1 82 4096 2830 3.1 1.7 16 12
09:08:46 1 82 4096 2830 3.0 1.7 16 12
09:08:47 1 82 4096 2830 3.1 1.7 16 12
09:08:48 1 82 4096 2830 3.0 1.7 16 12
09:08:49 1 82 4096 2830 3.0 1.7 16 12
09:08:50 1 82 4096 2830 3.0 1.7 16 12
09:08:51 1 82 4096 2830 3.0 1.7 16 12
09:08:52 1 82 4096 2830 3.0 1.7 16 12
09:08:53 1 82 4096 2830 3.0 1.7 16 12
09:08:55 1 82 4096 2830 3.0 1.7 16 12
09:08:56 1 82 4096 2830 3.0 1.7 16 12
09:08:57 1 82 4096 2830 3.0 1.7 16 12
09:08:58 1 82 4096 2830 3.0 1.7 16 12
09:08:59 1 82 4096 2830 3.0 1.7 16 12
09:09:00 1 82 4096 2830 3.0 1.7 16 12
09:09:01 1 82 4096 2830 3.0 1.7 16 12
09:09:02 1 82 4096 2830 3.0 1.7 16 12
09:09:03 1 82 4096 2830 3.0 1.7 16 12
09:09:04 1 82 4096 2830 3.0 1.7 15 12
09:09:05 1 82 4096 2830 3.0 1.7 15 12
09:09:06 1 82 4096 2830 3.0 1.7 15 12
09:09:07 1 82 4096 2830 3.0 1.7 15 12
09:09:08 1 82 4096 2830 3.0 1.7 15 12
09:09:10 1 82 4096 2830 3.0 1.7 15 12
09:09:11 1 82 4096 2830 3.0 1.7 15 12
09:09:12 1 82 4096 2830 3.0 1.7 15 12
09:09:13 1 82 4096 2830 3.0 1.7 15 12
09:09:14 1 82 4096 2830 3.0 1.7 15 12
09:09:15 1 83 4096 2830 3.0 1.7 15 12
09:09:16 1 82 4096 2830 3.1 1.7 15 12
09:09:17 1 82 4096 2830 3.0 1.7 15 12
09:09:18 1 82 4096 2830 3.0 1.7 15 12
09:09:19 1 82 4096 2830 3.1 1.7 15 12
09:09:20 1 82 4096 2830 3.0 1.7 15 12
09:09:21 1 82 4096 2830 3.0 1.7 15 12
09:09:22 1 82 4096 2830 3.0 1.7 15 12
09:09:23 1 82 4096 2830 3.0 1.7 15 12
09:09:25 1 82 4096 2830 3.1 1.7 15 12
09:09:26 1 82 4096 2830 3.0 1.7 15 12
09:09:27 1 82 4096 2830 3.0 1.7 15 12
09:09:28 1 82 4096 2830 3.0 1.7 15 12
09:09:29 1 82 4096 2830 3.0 1.7 15 12
09:09:30 1 82 4096 2830 3.0 1.7 15 12
09:09:31 1 82 4096 2830 3.0 1.7 15 12
09:09:32 1 82 4096 2830 3.0 1.7 15 12
09:09:33 1 82 4096 2830 3.0 1.7 15 12
09:09:34 1 82 4096 2830 3.0 1.7 15 12
09:09:35 1 82 4096 2830 3.0 1.7 15 12
09:09:36 1 83 4096 2830 3.0 1.7 15 12
09:09:37 1 82 4096 2830 3.0 1.7 15 12
09:09:39 1 82 4096 2830 3.1 1.7 16 12
09:09:40 1 82 4096 2830 3.1 1.7 16 12
09:09:41 1 82 4096 2830 3.1 1.7 16 12
09:09:42 1 82 4096 2830 3.1 1.7 16 12
09:09:43 1 82 4096 2830 3.1 1.7 16 12
09:09:44 1 82 4096 2830 3.1 1.7 16 12
09:09:45 1 82 4096 2830 3.0 1.7 16 12
09:09:46 1 82 4096 2830 3.0 1.7 16 12
09:09:47 1 82 4096 2830 3.0 1.7 16 12
09:09:48 1 82 4096 2830 3.0 1.7 16 12
09:09:49 1 82 4096 2830 3.0 1.7 16 12
09:09:50 1 82 4096 2830 3.0 1.7 16 12
09:09:51 1 83 4096 2830 3.0 1.7 16 12
09:09:53 1 82 4096 2830 3.0 1.7 16 12
09:09:54 1 83 4096 2830 3.0 1.7 16 12
09:09:55 1 82 4096 2830 3.0 1.7 16 12
09:09:56 1 82 4096 2830 3.0 1.7 16 12
09:09:57 1 82 4096 2830 3.0 1.7 16 12
09:09:58 1 83 4096 2830 3.0 1.7 16 12
09:09:59 1 82 4096 2830 3.0 1.7 16 12
09:10:00 1 82 4096 2830 3.0 1.7 16 12
09:10:01 1 83 4096 2830 3.0 1.7 16 12
09:10:02 1 82 4096 2830 3.0 1.7 16 12
09:10:03 1 82 4096 2830 3.0 1.7 16 12
09:10:04 1 82 4096 2830 3.0 1.7 16 12
09:10:06 1 83 4096 2830 3.0 1.7 16 12
09:10:07 1 82 4096 2830 3.0 1.7 16 12
09:10:08 1 82 4096 2830 3.0 1.7 16 12
09:10:09 1 83 4096 2830 3.0 1.7 16 12
09:10:10 1 82 4096 2830 3.0 1.7 16 12
09:10:11 1 83 4096 2830 3.0 1.7 16 12
09:10:12 1 82 4096 2830 3.0 1.7 16 12
09:10:13 1 82 4096 2830 3.0 1.7 16 12
09:10:14 1 82 4096 2830 3.0 1.7 16 12
09:10:15 1 82 4096 2830 3.0 1.7 16 12
09:10:16 1 82 4096 2830 3.0 1.7 16 12
09:10:17 1 82 4096 2830 3.0 1.7 16 12
09:10:18 1 82 4096 2830 3.0 1.7 16 12
09:10:20 1 82 4096 2830 3.0 1.7 16 12
09:10:21 1 82 4096 2830 3.0 1.7 16 12
09:10:22 1 82 4096 2830 3.0 1.7 16 12
09:10:23 1 82 4096 2830 3.0 1.7 16 12
09:10:24 1 82 4096 2830 3.0 1.7 16 12
09:10:25 1 82 4096 2830 3.0 1.7 16 12
09:10:26 1 82 4096 2830 3.0 1.7 16 12
09:10:27 1 82 4096 2830 3.0 1.7 16 12
09:10:28 1 82 4096 2830 3.0 1.7 16 12
09:10:29 1 82 4096 2830 3.0 1.7 16 12
09:10:30 1 82 4096 2830 3.0 1.7 16 12
09:10:31 1 82 4096 2830 3.0 1.7 16 12
09:10:32 1 82 4096 2830 3.0 1.7 16 12
09:10:33 1 82 4096 2830 3.0 1.7 16 12
09:10:35 1 82 4096 2830 3.0 1.7 16 12
09:10:36 1 82 4096 2830 3.0 1.7 16 12
09:10:37 1 82 4096 2830 3.0 1.7 15 12
09:10:38 1 82 4096 2830 3.0 1.7 15 12
09:10:39 1 82 4096 2830 3.0 1.7 15 12
09:10:40 1 82 4096 2830 3.0 1.7 16 12
09:10:41 1 82 4096 2830 3.0 1.7 16 12
09:10:42 1 82 4096 2830 3.0 1.7 16 12
09:10:43 1 82 4096 2830 3.0 1.7 16 12
09:10:44 1 82 4096 2830 3.0 1.7 16 12
09:10:45 1 82 4096 2830 3.0 1.7 16 12
09:10:47 1 82 4096 2830 3.0 1.7 16 12
09:10:48 1 82 4096 2830 3.0 1.7 16 12
09:10:49 1 82 4096 2830 3.0 1.7 16 12
09:10:50 1 82 4096 2830 3.0 1.7 16 12
09:10:51 1 82 4096 2830 3.0 1.7 16 12
09:10:52 1 82 4096 2830 3.0 1.7 16 12
09:10:53 1 82 4096 2830 3.0 1.7 16 12
09:10:54 1 82 4096 2830 3.0 1.7 16 12
09:10:55 1 82 4096 2830 3.0 1.7 16 12
09:10:56 1 82 4096 2830 3.0 1.7 16 12
09:10:57 1 82 4096 2830 3.0 1.7 16 12
09:10:58 1 82 4096 2830 3.0 1.7 16 12
09:10:59 1 82 4096 2830 3.0 1.7 16 12
09:11:01 1 82 4096 2830 3.0 1.7 16 12
09:11:02 1 82 4096 2830 3.0 1.7 16 12
09:11:03 1 82 4096 2830 3.1 1.7 16 12
09:11:04 1 82 4096 2830 3.1 1.7 16 12
09:11:05 1 82 4096 2830 3.0 1.7 16 12
09:11:06 1 82 4096 2830 3.0 1.7 16 12
09:11:07 1 82 4096 2830 3.0 1.7 16 12
09:11:08 1 82 4096 2830 3.1 1.7 16 12
09:11:09 1 82 4096 2830 3.0 1.7 15 12
09:11:10 1 82 4096 2830 3.0 1.7 15 12
09:11:11 1 82 4096 2830 3.0 1.7 15 12
09:11:12 1 82 4096 2830 3.0 1.7 15 12
09:11:14 1 82 4096 2830 3.0 1.7 15 12
09:11:15 1 82 4096 2830 3.0 1.7 16 12
09:11:16 1 82 4096 2830 3.0 1.7 16 12
09:11:17 1 82 4096 2830 3.0 1.7 16 12
09:11:18 1 82 4096 2830 3.0 1.7 16 12
09:11:19 1 82 4096 2830 3.0 1.7 16 12
09:11:20 1 82 4096 2830 3.0 1.7 16 12
09:11:21 1 82 4096 2830 3.0 1.7 16 12
09:11:22 1 82 4096 2830 3.0 1.7 16 12
09:11:23 1 82 4096 2830 3.0 1.7 16 12
09:11:24 1 82 4096 2830 3.0 1.7 15 12
09:11:25 1 82 4096 2830 3.0 1.7 15 12
09:11:27 1 82 4096 2830 3.0 1.7 15 12
09:11:28 1 82 4096 2830 3.0 1.7 15 12
09:11:29 1 82 4096 2830 3.0 1.7 15 12
09:11:30 1 82 4096 2830 3.0 1.7 15 12
09:11:31 1 82 4096 2830 3.0 1.7 15 12
09:11:32 1 82 4096 2830 3.0 1.7 15 12
09:11:33 1 82 4096 2830 3.0 1.7 15 12
09:11:34 1 82 4096 2830 3.0 1.7 16 12
09:11:35 1 82 4096 2830 3.0 1.7 16 12
09:11:36 1 82 4096 2830 3.0 1.7 16 12
09:11:37 1 82 4096 2830 3.0 1.7 16 12
09:11:39 1 82 4096 2830 3.0 1.7 15 12
09:11:40 1 82 4096 2830 3.0 1.7 15 12
09:11:41 1 82 4096 2830 3.0 1.7 16 12
09:11:42 1 82 4096 2830 3.0 1.7 16 12
09:11:43 1 82 4096 2830 3.0 1.7 16 12
09:11:44 1 82 4096 2830 3.0 1.7 15 12
09:11:45 1 82 4096 2830 3.0 1.7 15 12
09:11:46 1 82 4096 2830 3.0 1.7 15 12
09:11:47 1 82 4096 2830 3.0 1.7 15 12
09:11:48 1 82 4096 2830 3.0 1.7 15 12
09:11:49 1 82 4096 2830 3.0 1.7 15 12
09:11:51 1 82 4096 2830 3.0 1.7 15 12
09:11:52 1 82 4096 2830 3.0 1.7 15 12
09:11:53 1 82 4096 2830 3.0 1.7 15 12
09:11:54 1 82 4096 2830 3.0 1.7 15 12
09:11:55 1 82 4096 2830 3.0 1.7 15 12
09:11:56 1 82 4096 2830 3.0 1.7 15 12
09:11:57 1 82 4096 2830 3.0 1.7 16 12
09:11:58 1 82 4096 2830 3.0 1.7 16 12
09:11:59 1 82 4096 2830 3.0 1.7 16 12
09:12:00 1 82 4096 2830 3.1 1.7 16 12
09:12:01 1 82 4096 2830 3.1 1.7 15 12
09:12:02 1 82 4096 2830 3.0 1.7 15 12
09:12:04 1 82 4096 2830 3.0 1.7 15 12
09:12:05 1 82 4096 2830 3.0 1.7 15 12
09:12:06 1 82 4096 2830 3.0 1.7 15 12
09:12:07 1 82 4096 2830 3.0 1.7 15 12
09:12:08 1 82 4096 2830 3.0 1.7 15 12
09:12:09 1 82 4096 2830 3.0 1.7 15 12
09:12:10 1 82 4096 2830 3.0 1.7 15 12
09:12:11 1 82 4096 2830 3.0 1.7 15 12
09:12:12 1 82 4096 2830 3.0 1.7 15 12
09:12:13 1 82 4096 2830 3.0 1.7 15 12
09:12:15 1 82 4096 2830 3.0 1.7 15 12
09:12:16 1 82 4096 2830 3.0 1.7 15 12
09:12:17 1 82 4096 2830 3.0 1.7 15 12
09:12:18 1 82 4096 2830 3.0 1.7 15 12
09:12:19 1 82 4096 2830 3.0 1.7 15 12
09:12:20 1 82 4096 2830 3.0 1.7 15 12
09:12:21 1 82 4096 2830 3.0 1.7 15 12
09:12:22 1 82 4096 2830 3.0 1.7 15 12
09:12:23 1 82 4096 2830 3.0 1.7 15 12
09:12:24 1 82 4096 2830 3.0 1.7 15 12
09:12:25 1 82 4096 2830 3.0 1.7 15 12
09:12:26 1 82 4096 2830 3.0 1.7 15 12
09:12:28 1 82 4096 2830 3.0 1.7 15 12
09:12:29 1 82 4096 2830 3.0 1.7 15 12
09:12:30 1 82 4096 2830 3.0 1.7 15 12
09:12:31 1 82 4096 2830 3.0 1.7 15 12
09:12:32 1 82 4096 2830 3.0 1.7 15 12
09:12:33 1 82 4096 2830 3.0 1.7 15 12
09:12:34 1 82 4096 2830 3.0 1.7 15 12
09:12:35 1 82 4096 2830 3.0 1.7 15 12
09:12:36 1 82 4096 2830 3.0 1.7 15 12
09:12:37 1 82 4096 2830 3.0 1.7 15 12
09:12:38 1 82 4096 2830 3.0 1.7 15 12
09:12:39 1 82 4096 2830 3.0 1.7 15 12
09:12:41 1 82 4096 2830 3.0 1.7 15 12
09:12:42 1 82 4096 2830 3.0 1.7 15 12
09:12:43 1 82 4096 2830 3.0 1.7 15 12
09:12:44 1 82 4096 2830 3.0 1.7 15 12
09:12:45 1 82 4096 2830 3.0 1.7 15 12
09:12:46 1 82 4096 2830 3.1 1.7 15 12
09:12:47 1 82 4096 2830 3.0 1.7 15 12
09:12:48 1 82 4096 2830 3.0 1.7 15 12
09:12:49 1 82 4096 2830 3.0 1.7 15 12
09:12:50 1 82 4096 2830 3.0 1.7 15 12
09:12:51 1 82 4096 2830 3.0 1.7 15 12
09:12:52 1 82 4096 2830 3.0 1.7 15 12
09:12:53 1 82 4096 2830 3.0 1.7 15 12
09:12:55 1 82 4096 2830 3.0 1.7 15 12
09:12:56 1 82 4096 2830 3.0 1.7 15 12
09:12:57 1 82 4096 2830 3.0 1.7 15 12
09:12:58 1 82 4096 2830 3.0 1.7 15 12
09:12:59 1 82 4096 2830 3.0 1.7 15 12
09:13:00 1 82 4096 2830 3.1 1.7 15 12
09:13:01 1 82 4096 2830 3.1 1.7 15 12
09:13:02 1 82 4096 2830 3.0 1.7 15 12
09:13:03 1 82 4096 2830 3.0 1.7 15 12
09:13:04 1 82 4096 2830 3.0 1.7 15 12
09:13:05 1 82 4096 2830 3.0 1.7 15 12
09:13:06 1 82 4096 2830 3.0 1.7 15 12
09:13:08 1 82 4096 2830 3.0 1.7 15 12
09:13:09 1 82 4096 2830 3.1 1.7 15 12
09:13:10 1 82 4096 2830 3.0 1.7 15 12
09:13:11 1 82 4096 2830 3.0 1.7 15 12
09:13:12 1 82 4096 2830 3.0 1.7 15 12
09:13:13 1 82 4096 2830 3.0 1.7 15 12
09:13:14 1 82 4096 2830 3.0 1.7 15 12
09:13:15 1 82 4096 2830 3.0 1.7 15 12
09:13:16 1 82 4096 2830 3.0 1.7 15 12
09:13:17 1 82 4096 2830 3.1 1.7 15 12
09:13:18 1 82 4096 2830 3.0 1.7 15 12
09:13:20 1 82 4096 2830 3.0 1.7 15 12
09:13:21 1 82 4096 2830 3.0 1.7 15 12
09:13:22 1 82 4096 2830 3.0 1.7 15 12
09:13:23 1 82 4096 2830 3.0 1.7 15 12
09:13:24 1 82 4096 2830 3.0 1.7 15 12
09:13:25 1 82 4096 2830 3.0 1.7 15 12
09:13:26 1 82 4096 2830 3.0 1.7 15 12
09:13:27 1 82 4096 2830 3.0 1.7 15 12
09:13:28 1 82 4096 2830 3.0 1.7 15 12
09:13:29 1 82 4096 2830 3.0 1.7 15 12
09:13:30 1 82 4096 2830 3.0 1.7 15 12
09:13:31 1 82 4096 2830 3.0 1.7 15 12
09:13:32 1 82 4096 2830 3.0 1.7 15 12
09:13:34 1 82 4096 2830 3.0 1.7 15 12
09:13:35 1 82 4096 2830 3.0 1.7 15 12
09:13:36 1 82 4096 2830 3.0 1.7 15 12
09:13:37 1 82 4096 2830 3.0 1.7 15 12
09:13:38 1 82 4096 2830 3.0 1.7 15 12
09:13:39 1 82 4096 2830 3.0 1.7 15 12
09:13:40 1 82 4096 2830 3.0 1.7 15 12
09:13:41 1 82 4096 2830 3.0 1.7 15 12
09:13:42 1 82 4096 2830 3.0 1.7 15 12
09:13:43 1 82 4096 2830 3.0 1.7 15 12
09:13:44 1 82 4096 2830 3.0 1.7 15 12
09:13:45 1 83 4096 2830 3.0 1.9 16 12
