time pressure_lvl free_pct swap_total_MB swap_used_MB wired_GB child_rss_GB disk_int_GB disk_ssd_GB
10:03:43 1 83 4096 2830 3.0 0.0 19 11
10:03:44 1 83 4096 2830 3.0 0.3 19 11
10:03:45 1 83 4096 2830 3.0 0.4 19 11
10:03:46 1 83 4096 2830 3.0 0.8 19 11
10:03:48 1 83 4096 2830 3.0 0.8 19 11
10:03:49 1 83 4096 2830 3.0 0.8 19 11
10:03:50 1 83 4096 2830 3.0 0.8 19 11
10:03:51 1 82 4096 2830 3.1 0.8 19 11
10:03:52 1 82 4096 2830 3.1 0.8 19 11
10:03:53 1 82 4096 2830 3.1 0.8 19 11
10:03:54 1 82 4096 2830 3.1 0.8 19 11
10:03:55 1 83 4096 2830 3.0 1.1 19 11
10:03:56 1 83 4096 2830 3.0 1.1 19 11
10:03:57 1 83 4096 2830 3.0 1.1 19 11
10:03:58 1 83 4096 2830 3.0 1.1 19 11
10:03:59 1 83 4096 2830 3.0 1.1 19 11
10:04:00 1 83 4096 2830 3.0 1.1 19 11
10:04:01 1 83 4096 2830 3.0 1.1 19 11
10:04:02 1 83 4096 2830 3.0 1.1 19 11
10:04:03 1 83 4096 2830 3.0 1.1 19 11
10:04:04 1 83 4096 2830 3.0 1.1 19 11
10:04:05 1 83 4096 2830 3.0 1.1 19 11
10:04:07 1 83 4096 2830 3.0 1.1 19 11
10:04:08 1 83 4096 2830 3.0 1.1 19 11
10:04:09 1 83 4096 2830 3.0 1.1 19 11
10:04:10 1 83 4096 2830 3.0 1.1 19 11
10:04:11 1 83 4096 2830 3.0 1.1 19 11
10:04:12 1 83 4096 2830 3.0 1.1 19 11
10:04:13 1 83 4096 2830 3.0 1.1 19 11
10:04:14 1 83 4096 2830 3.0 1.1 19 11
10:04:15 1 83 4096 2830 3.0 1.1 19 11
10:04:16 1 83 4096 2830 3.0 1.1 19 11
10:04:17 1 83 4096 2830 3.0 1.1 19 11
10:04:18 1 83 4096 2830 3.0 1.1 19 11
10:04:19 1 83 4096 2830 3.0 1.1 19 11
10:04:20 1 83 4096 2830 3.0 1.1 19 11
10:04:21 1 83 4096 2830 3.0 1.1 19 11
10:04:22 1 83 4096 2830 3.0 1.1 19 11
10:04:23 1 83 4096 2830 3.0 1.2 19 11
10:04:24 1 83 4096 2830 3.0 1.2 19 11
10:04:26 1 83 4096 2830 3.0 1.2 19 11
10:04:27 1 83 4096 2830 3.0 1.2 19 11
10:04:28 1 83 4096 2830 3.0 1.2 19 11
10:04:29 1 83 4096 2830 3.0 1.2 19 11
10:04:30 1 83 4096 2830 3.0 1.2 19 11
10:04:31 1 83 4096 2830 3.0 1.2 19 11
10:04:32 1 83 4096 2830 3.0 1.2 19 11
10:04:33 1 83 4096 2830 3.0 1.2 19 11
10:04:34 1 83 4096 2830 3.0 1.2 19 11
10:04:35 1 83 4096 2830 3.0 1.2 19 11
10:04:36 1 83 4096 2830 3.0 1.2 19 11
10:04:37 1 83 4096 2830 3.0 1.2 19 11
10:04:38 1 83 4096 2830 3.0 1.2 19 11
10:04:39 1 83 4096 2830 3.0 1.2 19 11
10:04:40 1 83 4096 2830 3.0 1.2 19 11
10:04:41 1 82 4096 2830 3.1 1.2 19 11
10:04:42 1 83 4096 2830 3.0 1.2 19 11
10:04:43 1 82 4096 2830 3.1 1.2 19 11
10:04:45 1 82 4096 2830 3.1 1.2 19 11
10:04:46 1 82 4096 2830 3.1 1.2 19 11
10:04:47 1 82 4096 2830 3.1 1.2 19 11
10:04:48 1 82 4096 2830 3.1 1.2 19 11
10:04:49 1 82 4096 2830 3.1 1.2 19 11
10:04:50 1 82 4096 2830 3.1 1.2 19 11
10:04:51 1 82 4096 2830 3.1 1.2 19 11
10:04:52 1 82 4096 2830 3.1 1.2 19 11
10:04:53 1 82 4096 2830 3.1 1.2 19 11
10:04:54 1 82 4096 2830 3.1 1.2 19 11
10:04:55 1 83 4096 2830 3.0 1.2 19 11
10:04:56 1 83 4096 2830 3.0 1.2 19 11
10:04:57 1 82 4096 2830 3.1 1.2 19 11
10:04:58 1 83 4096 2830 3.0 1.2 19 11
10:04:59 1 83 4096 2830 3.0 1.2 19 11
10:05:00 1 83 4096 2830 3.1 1.2 19 11
10:05:01 1 82 4096 2830 3.1 1.2 19 11
10:05:02 1 82 4096 2830 3.1 1.3 19 11
10:05:04 1 82 4096 2830 3.0 1.3 19 11
10:05:05 1 82 4096 2830 3.1 1.3 19 11
10:05:06 1 82 4096 2830 3.1 1.3 19 11
10:05:07 1 82 4096 2830 3.1 1.3 19 11
10:05:08 1 83 4096 2830 3.0 1.3 19 11
10:05:09 1 83 4096 2830 3.0 1.3 19 11
10:05:10 1 83 4096 2830 3.0 1.3 19 11
10:05:11 1 83 4096 2830 3.0 1.3 19 11
10:05:12 1 83 4096 2830 3.0 1.3 19 11
10:05:13 1 83 4096 2830 3.0 1.3 19 11
10:05:14 1 83 4096 2830 3.0 1.3 19 11
10:05:15 1 83 4096 2830 3.0 1.3 19 11
10:05:16 1 83 4096 2830 3.0 1.3 19 11
10:05:17 1 83 4096 2830 3.0 1.3 19 11
10:05:18 1 83 4096 2830 3.0 1.3 19 11
10:05:19 1 83 4096 2830 3.0 1.3 19 11
10:05:20 1 83 4096 2830 3.0 1.3 19 11
10:05:21 1 83 4096 2830 3.0 1.3 19 11
10:05:23 1 83 4096 2830 3.0 1.3 19 11
10:05:24 1 83 4096 2830 3.0 1.3 19 11
10:05:25 1 83 4096 2830 3.0 1.3 19 11
10:05:26 1 83 4096 2830 3.0 1.3 19 11
10:05:27 1 83 4096 2830 3.0 1.3 19 11
10:05:28 1 83 4096 2830 3.0 1.3 19 11
10:05:29 1 83 4096 2830 3.0 1.3 19 11
10:05:30 1 83 4096 2830 3.0 1.3 19 11
10:05:31 1 83 4096 2830 3.0 1.3 19 11
10:05:32 1 83 4096 2830 3.0 1.3 19 11
10:05:33 1 83 4096 2830 3.0 1.3 19 11
10:05:34 1 83 4096 2830 3.0 1.3 19 11
10:05:35 1 83 4096 2830 3.0 1.4 19 11
10:05:36 1 83 4096 2830 3.0 1.4 19 11
10:05:37 1 83 4096 2830 3.0 1.4 19 11
10:05:38 1 83 4096 2830 3.0 1.4 19 11
10:05:39 1 83 4096 2830 3.0 1.4 19 11
10:05:40 1 83 4096 2830 3.0 1.4 19 11
10:05:42 1 83 4096 2830 3.0 1.4 19 11
10:05:43 1 83 4096 2830 3.0 1.4 19 11
10:05:44 1 83 4096 2830 3.0 1.2 19 11
10:05:45 1 83 4096 2830 3.0 1.3 19 11
10:05:46 1 83 4096 2830 3.0 1.3 19 11
10:05:47 1 83 4096 2830 3.0 1.3 19 11
10:05:48 1 83 4096 2830 3.0 1.3 19 11
10:05:49 1 83 4096 2830 3.0 1.3 19 11
10:05:50 1 83 4096 2830 3.0 1.3 19 11
10:05:51 1 83 4096 2830 3.0 1.3 19 11
10:05:52 1 83 4096 2830 3.0 1.3 19 11
10:05:53 1 82 4096 2830 3.1 1.3 19 11
10:05:54 1 82 4096 2830 3.1 1.3 19 11
10:05:55 1 83 4096 2830 3.0 1.3 19 11
10:05:56 1 83 4096 2830 3.0 1.3 19 11
10:05:57 1 83 4096 2830 3.0 1.3 19 11
10:05:58 1 83 4096 2830 3.0 1.3 19 11
10:05:59 1 83 4096 2830 3.0 1.3 19 11
10:06:01 1 83 4096 2830 3.1 1.3 19 11
10:06:02 1 83 4096 2830 3.0 1.3 19 11
10:06:03 1 83 4096 2830 3.0 1.3 19 11
10:06:04 1 83 4096 2830 3.0 1.3 19 11
10:06:05 1 83 4096 2830 3.0 1.3 19 11
10:06:06 1 83 4096 2830 3.0 1.3 19 11
10:06:07 1 83 4096 2830 3.0 1.3 19 11
10:06:08 1 83 4096 2830 3.0 1.3 19 11
10:06:09 1 83 4096 2830 3.0 1.3 19 11
10:06:10 1 83 4096 2830 3.0 1.3 19 11
10:06:11 1 83 4096 2830 3.0 1.3 19 11
10:06:12 1 83 4096 2830 3.0 1.3 19 11
10:06:13 1 83 4096 2830 3.0 1.3 19 11
10:06:14 1 83 4096 2830 3.0 1.3 19 11
10:06:15 1 83 4096 2830 3.0 1.3 19 11
10:06:16 1 83 4096 2830 3.0 1.3 19 11
10:06:17 1 83 4096 2830 3.0 1.3 19 11
10:06:18 1 83 4096 2830 3.0 1.3 19 11
10:06:20 1 83 4096 2830 3.0 1.3 19 11
10:06:21 1 83 4096 2830 3.0 1.3 19 11
10:06:22 1 83 4096 2830 3.0 1.3 19 11
10:06:23 1 83 4096 2830 3.0 1.3 19 11
10:06:24 1 83 4096 2830 3.0 1.4 19 11
10:06:25 1 83 4096 2830 3.0 1.4 19 11
10:06:26 1 83 4096 2830 3.0 1.4 19 11
10:06:27 1 83 4096 2830 3.1 1.4 19 11
10:06:28 1 83 4096 2830 3.1 1.4 19 11
10:06:29 1 83 4096 2830 3.0 1.4 19 11
10:06:30 1 83 4096 2830 3.0 1.4 19 11
10:06:31 1 83 4096 2830 3.0 1.4 19 11
10:06:32 1 83 4096 2830 3.0 1.4 19 11
10:06:33 1 83 4096 2830 3.0 1.4 19 11
10:06:34 1 83 4096 2830 3.0 1.4 19 11
10:06:35 1 83 4096 2830 3.0 1.5 19 11
10:06:36 1 83 4096 2830 3.0 1.6 19 11
10:06:38 1 83 4096 2830 3.0 1.6 19 11
10:06:39 1 83 4096 2830 3.0 1.6 19 11
10:06:40 1 83 4096 2830 3.0 1.6 19 11
10:06:41 1 83 4096 2830 3.0 1.6 19 11
10:06:42 1 83 4096 2830 3.1 1.6 19 11
10:06:43 1 83 4096 2830 3.1 1.6 19 11
10:06:44 1 83 4096 2830 3.0 1.6 19 11
10:06:45 1 83 4096 2830 3.0 1.6 19 11
10:06:46 1 83 4096 2830 3.0 1.6 19 11
10:06:47 1 83 4096 2830 3.0 1.6 19 11
10:06:48 1 83 4096 2830 3.0 1.6 19 11
10:06:49 1 83 4096 2830 3.0 1.6 19 11
10:06:50 1 83 4096 2830 3.0 1.6 19 11
10:06:51 1 83 4096 2830 3.0 1.6 19 11
10:06:52 1 83 4096 2830 3.0 1.6 19 11
10:06:53 1 83 4096 2830 3.0 1.6 19 11
10:06:54 1 83 4096 2830 3.0 1.6 19 11
10:06:56 1 83 4096 2830 3.0 1.6 19 11
10:06:57 1 83 4096 2830 3.0 1.6 19 11
10:06:58 1 83 4096 2830 3.0 1.6 19 11
10:06:59 1 83 4096 2830 3.0 1.6 19 11
10:07:00 1 83 4096 2830 3.1 1.6 19 11
10:07:01 1 83 4096 2830 3.0 1.6 19 11
10:07:02 1 83 4096 2830 3.0 1.6 19 11
10:07:03 1 83 4096 2830 3.0 1.7 19 11
10:07:04 1 83 4096 2830 3.0 1.7 19 11
10:07:05 1 83 4096 2830 3.1 1.7 19 11
10:07:06 1 83 4096 2830 3.0 1.7 19 11
10:07:07 1 83 4096 2830 3.0 1.7 19 11
10:07:08 1 83 4096 2830 3.0 1.7 19 11
10:07:09 1 83 4096 2830 3.0 1.7 19 11
10:07:10 1 83 4096 2830 3.0 1.7 19 11
10:07:11 1 83 4096 2830 3.0 1.7 19 11
10:07:12 1 83 4096 2830 3.0 1.7 19 11
10:07:14 1 83 4096 2830 3.0 1.7 19 11
10:07:15 1 83 4096 2830 3.0 1.7 19 11
10:07:16 1 83 4096 2830 3.0 1.7 19 11
10:07:17 1 83 4096 2830 3.0 1.7 19 11
10:07:18 1 83 4096 2830 3.0 1.7 19 11
10:07:19 1 83 4096 2830 3.0 1.7 19 11
10:07:20 1 83 4096 2830 3.0 1.7 19 11
10:07:21 1 83 4096 2830 3.0 1.7 19 11
10:07:22 1 83 4096 2830 3.0 1.7 19 11
10:07:23 1 83 4096 2830 3.0 1.7 19 11
10:07:24 1 83 4096 2830 3.0 1.6 19 11
10:07:25 1 83 4096 2830 3.0 1.6 19 11
10:07:26 1 83 4096 2830 3.0 1.6 19 11
10:07:27 1 83 4096 2830 3.0 1.6 19 11
10:07:28 1 83 4096 2830 3.0 1.6 19 11
10:07:29 1 83 4096 2830 3.0 1.6 19 11
10:07:30 1 83 4096 2830 3.0 1.6 19 11
10:07:31 1 83 4096 2830 3.0 1.6 19 11
10:07:33 1 83 4096 2830 3.0 1.6 19 11
10:07:34 1 83 4096 2830 3.0 1.6 19 11
10:07:35 1 83 4096 2830 3.0 1.6 19 11
10:07:36 1 83 4096 2830 3.0 1.6 19 11
10:07:37 1 83 4096 2830 3.0 1.6 19 11
10:07:38 1 83 4096 2830 3.0 1.6 19 11
10:07:39 1 83 4096 2830 3.0 1.6 19 11
10:07:40 1 83 4096 2830 3.0 1.6 19 11
10:07:41 1 83 4096 2830 3.0 1.6 19 11
10:07:42 1 83 4096 2830 3.0 1.6 19 11
10:07:43 1 83 4096 2830 3.0 1.6 19 11
10:07:44 1 83 4096 2830 3.0 1.6 19 11
10:07:45 1 83 4096 2830 3.0 1.6 19 11
10:07:46 1 83 4096 2830 3.0 1.6 19 11
10:07:47 1 83 4096 2830 3.0 1.6 19 11
10:07:48 1 83 4096 2830 3.0 1.6 19 11
10:07:49 1 83 4096 2830 3.0 1.6 19 11
10:07:51 1 83 4096 2830 3.0 1.6 19 11
10:07:52 1 83 4096 2830 3.0 1.6 19 11
10:07:53 1 83 4096 2830 3.0 1.6 19 11
10:07:54 1 83 4096 2830 3.0 1.6 19 11
10:07:55 1 83 4096 2830 3.0 1.6 19 11
10:07:56 1 83 4096 2830 3.0 1.6 19 11
10:07:57 1 83 4096 2830 3.0 1.6 19 11
10:07:58 1 83 4096 2830 3.0 1.6 19 11
10:07:59 1 83 4096 2830 3.0 1.6 19 11
10:08:00 1 83 4096 2830 3.0 1.6 19 11
10:08:01 1 83 4096 2830 3.0 1.6 19 11
10:08:02 1 83 4096 2830 3.0 1.6 19 11
10:08:03 1 83 4096 2830 3.0 1.6 19 11
10:08:04 1 83 4096 2830 3.0 1.6 19 11
10:08:05 1 83 4096 2830 3.0 1.6 19 11
10:08:06 1 83 4096 2830 3.0 1.6 19 11
10:08:07 1 83 4096 2830 3.0 1.6 19 11
10:08:09 1 83 4096 2830 3.0 1.6 19 11
10:08:10 1 83 4096 2830 3.0 1.6 19 11
10:08:11 1 83 4096 2830 3.0 1.6 19 11
10:08:12 1 83 4096 2830 3.0 1.6 19 11
10:08:13 1 83 4096 2830 3.0 1.7 19 11
10:08:14 1 83 4096 2830 3.0 1.7 19 11
10:08:15 1 83 4096 2830 3.0 1.7 19 11
10:08:16 1 83 4096 2830 3.0 1.7 19 11
10:08:17 1 83 4096 2830 3.0 1.7 19 11
10:08:18 1 83 4096 2830 3.0 1.7 19 11
10:08:19 1 83 4096 2830 3.0 1.7 19 11
10:08:20 1 83 4096 2830 3.0 1.7 19 11
10:08:21 1 83 4096 2830 3.0 1.7 19 11
10:08:22 1 83 4096 2830 3.0 1.7 19 11
10:08:23 1 83 4096 2830 3.0 1.7 19 11
10:08:24 1 83 4096 2830 3.0 1.7 19 11
10:08:25 1 83 4096 2830 3.0 1.7 19 11
10:08:26 1 83 4096 2830 3.0 1.7 19 11
10:08:28 1 83 4096 2830 3.0 1.7 19 11
10:08:29 1 83 4096 2830 3.0 1.7 19 11
10:08:30 1 83 4096 2830 3.0 1.7 19 11
10:08:31 1 83 4096 2830 3.0 1.7 19 11
10:08:32 1 83 4096 2830 3.0 1.7 19 11
10:08:33 1 83 4096 2830 3.0 1.7 19 11
10:08:34 1 83 4096 2830 3.0 1.7 19 11
10:08:35 1 83 4096 2830 3.0 1.7 19 11
10:08:36 1 83 4096 2830 3.0 1.7 19 11
10:08:37 1 83 4096 2830 3.0 1.7 19 11
10:08:38 1 83 4096 2830 3.0 1.7 19 11
10:08:39 1 83 4096 2830 3.0 1.7 19 11
10:08:40 1 83 4096 2830 3.0 1.7 19 11
10:08:41 1 83 4096 2830 3.0 1.7 19 11
10:08:42 1 83 4096 2830 3.0 1.7 19 11
10:08:43 1 83 4096 2830 3.0 1.7 19 11
10:08:44 1 83 4096 2830 3.0 1.7 19 11
10:08:46 1 83 4096 2830 3.0 1.7 19 11
10:08:47 1 83 4096 2830 3.0 1.7 19 11
10:08:48 1 83 4096 2830 3.0 1.8 19 11
10:08:49 1 83 4096 2830 3.0 1.8 19 11
10:08:50 1 83 4096 2830 3.0 1.8 19 11
10:08:51 1 83 4096 2830 3.0 1.8 19 11
10:08:52 1 83 4096 2830 3.0 1.8 19 11
10:08:53 1 83 4096 2830 3.0 1.8 19 11
10:08:54 1 83 4096 2830 3.0 1.8 19 11
10:08:55 1 83 4096 2830 3.0 1.9 19 11
10:08:56 1 83 4096 2830 3.0 2.0 19 11
10:08:57 1 83 4096 2830 3.0 2.0 19 11
10:08:58 1 83 4096 2830 3.0 2.0 19 11
10:08:59 1 83 4096 2830 3.0 2.0 19 11
10:09:00 1 83 4096 2830 3.0 2.0 19 11
10:09:01 1 83 4096 2830 3.0 2.0 19 11
10:09:03 1 83 4096 2830 3.0 2.0 19 11
10:09:04 1 83 4096 2830 3.0 2.0 19 11
10:09:05 1 83 4096 2830 3.0 2.0 19 11
10:09:06 1 83 4096 2830 3.0 2.0 19 11
10:09:07 1 83 4096 2830 3.0 2.0 19 11
10:09:08 1 83 4096 2830 3.0 2.0 19 11
10:09:09 1 83 4096 2830 3.0 2.0 19 11
10:09:10 1 83 4096 2830 3.0 2.0 19 11
10:09:11 1 83 4096 2830 3.0 2.0 19 11
10:09:12 1 83 4096 2830 3.0 2.0 19 11
10:09:13 1 83 4096 2830 3.0 2.1 19 11
10:09:14 1 83 4096 2830 3.0 2.1 19 11
10:09:15 1 83 4096 2830 3.0 2.1 19 11
10:09:16 1 83 4096 2830 3.0 2.1 19 11
10:09:17 1 83 4096 2830 3.0 2.1 19 11
10:09:18 1 83 4096 2830 3.0 2.1 19 11
10:09:19 1 83 4096 2830 3.0 2.1 19 11
10:09:20 1 83 4096 2830 3.0 2.1 19 11
10:09:22 1 83 4096 2830 3.0 2.1 19 11
10:09:23 1 83 4096 2830 3.0 2.1 19 11
10:09:24 1 83 4096 2830 3.0 2.1 19 11
10:09:25 1 83 4096 2830 3.0 2.1 19 11
10:09:26 1 83 4096 2830 3.0 2.1 19 11
10:09:27 1 83 4096 2830 3.0 2.1 19 11
10:09:28 1 83 4096 2830 3.0 2.1 19 11
10:09:29 1 83 4096 2830 3.0 2.1 19 11
10:09:30 1 83 4096 2830 3.0 2.1 19 11
10:09:31 1 83 4096 2830 3.0 2.1 19 11
10:09:32 1 83 4096 2830 3.0 2.1 19 11
10:09:33 1 83 4096 2830 3.0 2.1 19 11
10:09:34 1 83 4096 2830 3.0 2.1 19 11
10:09:35 1 83 4096 2830 3.0 2.1 19 11
10:09:36 1 83 4096 2830 3.0 2.1 19 11
10:09:37 1 83 4096 2830 3.0 2.1 19 11
10:09:38 1 83 4096 2830 3.0 2.1 19 11
10:09:40 1 83 4096 2830 3.0 2.1 19 11
10:09:41 1 83 4096 2830 3.0 2.1 19 11
10:09:42 1 83 4096 2830 3.1 2.1 19 11
10:09:43 1 83 4096 2830 3.0 2.1 19 11
10:09:44 1 83 4096 2830 3.0 1.9 19 11
10:09:45 1 83 4096 2830 3.0 1.9 19 11
10:09:46 1 83 4096 2830 3.0 1.9 19 11
10:09:47 1 83 4096 2830 3.0 1.9 19 11
10:09:48 1 83 4096 2830 3.0 1.9 19 11
10:09:49 1 83 4096 2830 3.0 1.9 19 11
10:09:50 1 83 4096 2830 3.0 1.9 19 11
10:09:51 1 83 4096 2830 3.0 1.9 19 11
10:09:52 1 83 4096 2830 3.0 1.9 19 11
10:09:53 1 83 4096 2830 3.0 1.9 19 11
10:09:54 1 83 4096 2830 3.0 1.9 19 11
10:09:55 1 83 4096 2830 3.0 1.9 19 11
10:09:56 1 83 4096 2830 3.0 1.9 19 11
10:09:57 1 83 4096 2830 3.0 1.9 19 11
10:09:59 1 83 4096 2830 3.0 1.9 19 11
10:10:00 1 83 4096 2830 3.0 2.0 19 11
10:10:01 1 83 4096 2830 3.0 2.0 19 11
10:10:02 1 83 4096 2830 3.0 2.0 19 11
10:10:03 1 83 4096 2830 3.0 2.0 19 11
10:10:04 1 83 4096 2830 3.0 2.0 19 11
10:10:05 1 83 4096 2830 3.0 2.0 19 11
10:10:06 1 83 4096 2830 3.0 2.0 19 11
10:10:07 1 83 4096 2830 3.0 2.0 19 11
10:10:08 1 83 4096 2830 3.0 2.0 19 11
10:10:09 1 83 4096 2830 3.0 2.0 19 11
10:10:10 1 83 4096 2830 3.0 2.0 19 11
10:10:11 1 83 4096 2830 3.0 2.0 19 11
10:10:12 1 83 4096 2830 3.0 2.0 19 11
10:10:13 1 83 4096 2830 3.0 2.0 19 11
10:10:14 1 83 4096 2830 3.0 2.0 19 11
10:10:15 1 83 4096 2830 3.0 2.0 19 11
10:10:17 1 83 4096 2830 3.0 2.0 19 11
10:10:18 1 83 4096 2830 3.1 2.0 19 11
10:10:19 1 83 4096 2830 3.0 2.0 19 11
10:10:20 1 83 4096 2830 3.0 2.0 19 11
10:10:21 1 83 4096 2830 3.0 2.0 19 11
10:10:22 1 83 4096 2830 3.0 2.0 19 11
10:10:23 1 83 4096 2830 3.0 2.0 19 11
10:10:24 1 83 4096 2830 3.0 2.0 19 11
10:10:25 1 83 4096 2830 3.0 2.0 19 11
10:10:26 1 83 4096 2830 3.0 2.0 19 11
10:10:27 1 83 4096 2830 3.0 2.0 19 11
10:10:28 1 83 4096 2830 3.0 2.0 19 11
10:10:29 1 83 4096 2830 3.0 2.0 19 11
10:10:30 1 83 4096 2830 3.0 2.0 19 11
10:10:31 1 83 4096 2830 3.0 2.0 19 11
10:10:32 1 83 4096 2830 3.0 2.0 19 11
10:10:33 1 83 4096 2830 3.0 2.0 19 11
10:10:35 1 83 4096 2830 3.0 2.0 19 11
10:10:36 1 83 4096 2830 3.0 2.0 19 11
10:10:37 1 83 4096 2830 3.0 2.0 19 11
10:10:38 1 83 4096 2830 3.0 2.0 19 11
10:10:39 1 83 4096 2830 3.0 2.0 19 11
10:10:40 1 83 4096 2830 3.0 2.1 19 11
10:10:41 1 83 4096 2830 3.0 2.2 19 11
10:10:42 1 83 4096 2830 3.0 2.2 19 11
10:10:43 1 83 4096 2830 3.0 2.2 19 11
10:10:44 1 83 4096 2830 3.0 2.2 19 11
10:10:45 1 83 4096 2830 3.0 2.2 19 11
10:10:46 1 83 4096 2830 3.0 2.2 19 11
10:10:47 1 83 4096 2830 3.0 2.2 19 11
10:10:48 1 83 4096 2830 3.0 2.2 19 11
10:10:49 1 83 4096 2830 3.0 2.2 19 11
10:10:50 1 83 4096 2830 3.0 2.2 19 11
10:10:51 1 83 4096 2830 3.0 2.2 19 11
10:10:53 1 83 4096 2830 3.0 2.2 19 11
10:10:54 1 83 4096 2830 3.0 2.2 19 11
10:10:55 1 83 4096 2830 3.0 2.2 19 11
10:10:56 1 83 4096 2830 3.0 2.2 19 11
10:10:57 1 83 4096 2830 3.0 2.2 19 11
10:10:58 1 83 4096 2830 3.0 2.2 19 11
10:10:59 1 83 4096 2830 3.0 2.2 19 11
10:11:00 1 83 4096 2830 3.0 2.2 19 11
10:11:01 1 83 4096 2830 3.0 2.2 19 11
10:11:02 1 83 4096 2830 3.0 2.2 19 11
10:11:03 1 83 4096 2830 3.0 2.2 19 11
10:11:04 1 83 4096 2830 3.0 2.2 19 11
10:11:05 1 83 4096 2830 3.0 2.2 19 11
10:11:06 1 83 4096 2830 3.0 2.2 19 11
10:11:07 1 83 4096 2830 3.0 2.2 19 11
10:11:08 1 83 4096 2830 3.0 2.2 19 11
10:11:09 1 83 4096 2830 3.0 2.2 19 11
10:11:10 1 83 4096 2830 3.0 2.2 19 11
10:11:12 1 83 4096 2830 3.0 2.2 19 11
10:11:13 1 83 4096 2830 3.0 2.2 19 11
10:11:14 1 83 4096 2830 3.0 2.2 19 11
10:11:15 1 83 4096 2830 3.0 2.2 19 11
10:11:16 1 83 4096 2830 3.0 2.2 19 11
10:11:17 1 83 4096 2830 3.0 2.2 19 11
10:11:18 1 83 4096 2830 3.0 2.2 19 11
10:11:19 1 83 4096 2830 3.0 2.2 19 11
10:11:20 1 83 4096 2830 3.0 2.2 19 11
10:11:21 1 83 4096 2830 3.0 2.2 19 11
10:11:22 1 83 4096 2830 3.0 2.2 19 11
10:11:23 1 83 4096 2830 3.0 2.2 19 11
10:11:24 1 83 4096 2830 3.0 2.2 19 11
10:11:25 1 83 4096 2830 3.0 2.2 19 11
10:11:26 1 83 4096 2830 3.0 2.2 19 11
10:11:27 1 83 4096 2830 3.0 2.2 19 11
10:11:28 1 83 4096 2830 3.0 2.2 19 11
10:11:30 1 83 4096 2830 3.0 2.3 19 11
10:11:31 1 83 4096 2830 3.0 2.3 19 11
10:11:32 1 83 4096 2830 3.0 2.3 19 11
10:11:33 1 83 4096 2830 3.0 2.3 19 11
10:11:34 1 83 4096 2830 3.0 2.3 19 11
10:11:35 1 83 4096 2830 3.0 2.3 19 11
10:11:36 1 83 4096 2830 3.0 2.3 19 11
10:11:37 1 83 4096 2830 3.0 2.3 19 11
10:11:38 1 83 4096 2830 3.0 2.3 19 11
10:11:39 1 83 4096 2830 3.0 2.3 19 11
10:11:40 1 83 4096 2830 3.0 2.3 19 11
10:11:41 1 83 4096 2830 3.0 2.3 19 11
10:11:42 1 83 4096 2830 3.0 2.3 19 11
10:11:43 1 83 4096 2830 3.0 2.3 19 11
10:11:44 1 83 4096 2830 3.0 2.3 19 11
10:11:45 1 83 4096 2830 3.0 2.3 19 11
10:11:46 1 83 4096 2830 3.0 2.3 19 11
10:11:48 1 83 4096 2830 3.0 2.3 19 11
10:11:49 1 83 4096 2830 3.0 2.3 19 11
10:11:50 1 83 4096 2830 3.0 2.3 19 11
10:11:51 1 83 4096 2830 3.0 2.3 19 11
10:11:52 1 83 4096 2830 3.0 2.3 19 11
10:11:53 1 83 4096 2830 3.0 2.3 19 11
10:11:54 1 83 4096 2830 3.0 2.3 19 11
10:11:55 1 83 4096 2830 3.0 2.3 19 11
10:11:56 1 83 4096 2830 3.0 2.3 19 11
10:11:57 1 83 4096 2830 3.0 2.3 19 11
10:11:58 1 83 4096 2830 3.0 2.3 19 11
10:11:59 1 83 4096 2830 3.0 2.3 19 11
10:12:00 1 83 4096 2830 3.0 2.3 19 11
10:12:01 1 83 4096 2830 3.0 2.3 19 11
10:12:02 1 83 4096 2830 3.0 2.3 19 11
10:12:03 1 83 4096 2830 3.0 2.3 19 11
10:12:04 1 83 4096 2830 3.0 2.3 19 11
10:12:05 1 83 4096 2830 3.0 2.4 19 11
10:12:07 1 83 4096 2830 3.0 2.4 19 11
10:12:08 1 83 4096 2830 3.0 2.4 19 11
10:12:09 1 83 4096 2830 3.0 2.4 19 11
10:12:10 1 83 4096 2830 3.0 2.4 19 11
10:12:11 1 83 4096 2830 3.0 2.4 19 11
10:12:12 1 83 4096 2830 3.0 2.5 19 11
10:12:13 1 83 4096 2830 3.0 2.5 19 11
10:12:14 1 83 4096 2830 3.0 2.5 19 11
10:12:15 1 83 4096 2830 3.0 2.5 19 11
10:12:16 1 83 4096 2830 3.0 2.5 19 11
10:12:17 1 83 4096 2830 3.0 2.5 19 11
10:12:18 1 83 4096 2830 3.0 2.5 19 11
10:12:19 1 83 4096 2830 3.0 2.5 19 11
10:12:20 1 83 4096 2830 3.0 2.5 19 11
10:12:21 1 83 4096 2830 3.0 2.5 19 11
10:12:22 1 83 4096 2830 3.0 2.5 19 11
10:12:24 1 83 4096 2830 3.0 2.5 19 11
10:12:25 1 83 4096 2830 3.0 2.5 19 11
10:12:26 1 83 4096 2830 3.0 2.5 19 11
10:12:27 1 83 4096 2830 3.0 2.5 19 11
10:12:28 1 83 4096 2830 3.0 2.5 19 11
10:12:29 1 83 4096 2830 3.0 2.5 19 11
10:12:30 1 83 4096 2830 3.0 2.5 19 11
10:12:31 1 83 4096 2830 3.0 2.5 19 11
10:12:32 1 83 4096 2830 3.0 2.5 19 11
10:12:33 1 83 4096 2830 3.0 2.5 19 11
10:12:34 1 83 4096 2830 3.0 2.5 19 11
10:12:35 1 83 4096 2830 3.0 2.5 19 11
10:12:36 1 83 4096 2830 3.0 2.5 19 11
10:12:37 1 83 4096 2830 3.0 2.5 19 11
10:12:38 1 83 4096 2830 3.0 2.5 19 11
10:12:39 1 83 4096 2830 3.0 2.6 19 11
10:12:40 1 83 4096 2830 3.0 2.6 19 11
10:12:42 1 83 4096 2830 3.0 2.6 19 11
10:12:43 1 83 4096 2830 3.0 2.6 19 11
10:12:44 1 83 4096 2830 3.0 2.6 19 11
10:12:45 1 83 4096 2830 3.0 2.6 19 11
10:12:46 1 83 4096 2830 3.0 2.6 19 11
10:12:47 1 83 4096 2830 3.0 2.6 19 11
10:12:48 1 83 4096 2830 3.0 2.6 19 11
10:12:49 1 83 4096 2830 3.0 2.6 19 11
10:12:50 1 83 4096 2830 3.0 2.6 19 11
10:12:51 1 83 4096 2830 3.0 2.6 19 11
10:12:52 1 83 4096 2830 3.0 2.6 19 11
10:12:53 1 83 4096 2830 3.0 2.6 19 11
10:12:54 1 83 4096 2830 3.0 2.6 19 11
10:12:55 1 83 4096 2830 3.0 2.6 19 11
10:12:56 1 83 4096 2830 3.0 2.6 19 11
10:12:57 1 83 4096 2830 3.0 2.6 19 11
10:12:58 1 83 4096 2830 3.0 2.6 19 11
10:13:00 1 83 4096 2830 3.0 2.6 19 11
10:13:01 1 83 4096 2830 3.0 2.6 19 11
10:13:02 1 83 4096 2830 3.1 2.6 19 11
10:13:03 1 83 4096 2830 3.0 2.6 19 11
10:13:04 1 83 4096 2830 3.0 2.3 19 11
10:13:05 1 83 4096 2830 3.0 2.3 19 11
10:13:06 1 83 4096 2830 3.0 2.4 19 11
10:13:07 1 83 4096 2830 3.0 2.4 19 11
10:13:08 1 83 4096 2830 3.0 2.4 19 11
10:13:09 1 83 4096 2830 3.0 2.4 19 11
10:13:10 1 83 4096 2830 3.0 2.4 19 11
10:13:11 1 83 4096 2830 3.0 2.4 19 11
10:13:12 1 83 4096 2830 3.1 2.4 19 11
10:13:13 1 83 4096 2830 3.1 2.4 19 11
10:13:14 1 83 4096 2830 3.1 2.4 19 11
10:13:15 1 83 4096 2830 3.0 2.4 19 11
10:13:16 1 83 4096 2830 3.0 2.4 19 11
10:13:18 1 83 4096 2830 3.0 2.4 19 11
10:13:19 1 83 4096 2830 3.0 2.4 19 11
10:13:20 1 83 4096 2830 3.0 2.4 19 11
10:13:21 1 83 4096 2830 3.0 2.4 19 11
10:13:22 1 83 4096 2830 3.0 2.4 19 11
10:13:23 1 83 4096 2830 3.0 2.4 19 11
10:13:24 1 83 4096 2830 3.0 2.4 19 11
10:13:25 1 83 4096 2830 3.0 2.4 19 11
10:13:26 1 83 4096 2830 3.0 2.4 19 11
10:13:27 1 83 4096 2830 3.0 2.4 19 11
10:13:28 1 83 4096 2830 3.0 2.4 19 11
10:13:29 1 83 4096 2830 3.0 2.4 19 11
10:13:30 1 83 4096 2830 3.0 2.4 19 11
10:13:31 1 83 4096 2830 3.0 2.4 19 11
10:13:32 1 83 4096 2830 3.0 2.4 19 11
10:13:33 1 83 4096 2830 3.0 2.4 19 11
10:13:34 1 83 4096 2830 3.0 2.4 19 11
10:13:35 1 83 4096 2830 3.0 2.4 19 11
10:13:37 1 83 4096 2830 3.0 2.4 19 11
10:13:38 1 83 4096 2830 3.0 2.4 19 11
10:13:39 1 83 4096 2830 3.0 2.4 19 11
10:13:40 1 83 4096 2830 3.0 2.4 19 11
10:13:41 1 83 4096 2830 3.0 2.4 19 11
10:13:42 1 83 4096 2830 3.0 2.4 19 11
10:13:43 1 83 4096 2830 3.0 2.4 19 11
10:13:44 1 83 4096 2830 3.0 2.4 19 11
10:13:45 1 83 4096 2830 3.0 2.4 19 11
10:13:46 1 83 4096 2830 3.0 2.4 19 11
10:13:47 1 83 4096 2830 3.0 2.4 19 11
10:13:48 1 83 4096 2830 3.0 2.4 19 11
10:13:49 1 83 4096 2830 3.0 2.4 19 11
10:13:50 1 83 4096 2830 3.0 2.4 19 11
10:13:51 1 83 4096 2830 3.0 2.5 19 11
10:13:52 1 83 4096 2830 3.0 2.5 19 11
10:13:53 1 83 4096 2830 3.0 2.5 19 11
10:13:55 1 83 4096 2830 3.0 2.5 19 11
10:13:56 1 83 4096 2830 3.0 2.5 19 11
10:13:57 1 83 4096 2830 3.0 2.5 19 11
10:13:58 1 83 4096 2830 3.0 2.5 19 11
10:13:59 1 83 4096 2830 3.0 2.5 19 11
10:14:00 1 83 4096 2830 3.1 2.5 19 11
10:14:01 1 83 4096 2830 3.0 2.5 19 11
10:14:02 1 83 4096 2830 3.0 2.5 19 11
10:14:03 1 83 4096 2830 3.1 2.5 19 11
10:14:04 1 83 4096 2830 3.0 2.5 19 11
10:14:05 1 83 4096 2830 3.0 2.5 19 11
10:14:06 1 83 4096 2830 3.0 2.5 19 11
10:14:07 1 83 4096 2830 3.0 2.5 19 11
10:14:08 1 83 4096 2830 3.0 2.5 19 11
10:14:09 1 83 4096 2830 3.0 2.5 19 11
10:14:10 1 83 4096 2830 3.0 2.5 19 11
10:14:11 1 83 4096 2830 3.0 2.5 19 11
10:14:12 1 83 4096 2830 3.0 2.5 19 11
10:14:14 1 83 4096 2830 3.0 2.5 19 11
10:14:15 1 83 4096 2830 3.0 2.5 19 11
10:14:16 1 83 4096 2830 3.0 2.5 19 11
10:14:17 1 83 4096 2830 3.0 2.5 19 11
10:14:18 1 83 4096 2830 3.0 2.5 19 11
10:14:19 1 83 4096 2830 3.1 2.5 19 11
10:14:20 1 83 4096 2830 3.0 2.5 19 11
10:14:21 1 83 4096 2830 3.0 2.5 19 11
10:14:22 1 83 4096 2830 3.0 2.5 19 11
10:14:23 1 83 4096 2830 3.0 2.5 19 11
10:14:24 1 83 4096 2830 3.0 2.5 19 11
10:14:25 1 83 4096 2830 3.0 2.5 19 11
10:14:26 1 83 4096 2830 3.0 2.5 19 11
10:14:27 1 83 4096 2830 3.0 2.5 19 11
10:14:28 1 83 4096 2830 3.0 2.5 19 11
10:14:29 1 83 4096 2830 3.0 2.5 19 11
10:14:30 1 83 4096 2830 3.0 2.5 19 11
10:14:32 1 83 4096 2830 3.0 2.5 19 11
10:14:33 1 83 4096 2830 3.1 2.5 19 11
10:14:34 1 83 4096 2830 3.0 2.5 19 11
10:14:35 1 83 4096 2830 3.0 2.5 19 11
10:14:36 1 83 4096 2830 3.0 2.5 19 11
10:14:37 1 83 4096 2830 3.0 2.5 19 11
10:14:38 1 83 4096 2830 3.0 2.5 19 11
10:14:39 1 83 4096 2830 3.0 2.5 19 11
10:14:40 1 83 4096 2830 3.0 2.6 19 11
10:14:41 1 83 4096 2830 3.0 2.6 19 11
10:14:42 1 83 4096 2830 3.0 2.6 19 11
10:14:43 1 83 4096 2830 3.0 2.6 19 11
10:14:44 1 83 4096 2830 3.0 2.6 19 11
10:14:45 1 83 4096 2830 3.0 2.6 19 11
10:14:46 1 83 4096 2830 3.0 2.6 19 11
10:14:47 1 83 4096 2830 3.0 2.6 19 11
10:14:48 1 83 4096 2830 3.0 2.6 19 11
10:14:50 1 83 4096 2830 3.0 2.6 19 11
10:14:51 1 83 4096 2830 3.0 2.6 19 11
10:14:52 1 83 4096 2830 3.1 2.6 19 11
10:14:53 1 83 4096 2830 3.0 2.6 19 11
10:14:54 1 83 4096 2830 3.0 2.6 19 11
10:14:55 1 83 4096 2830 3.0 2.6 19 11
10:14:56 1 83 4096 2830 3.0 2.6 19 11
10:14:57 1 83 4096 2830 3.0 2.6 19 11
10:14:58 1 83 4096 2830 3.0 2.6 19 11
10:14:59 1 83 4096 2830 3.0 2.6 19 11
10:15:00 1 83 4096 2830 3.0 2.6 19 11
10:15:01 1 83 4096 2830 3.0 2.6 19 11
10:15:02 1 83 4096 2830 3.0 2.6 19 11
10:15:03 1 83 4096 2830 3.0 2.6 19 11
10:15:04 1 83 4096 2830 3.0 2.6 19 11
10:15:05 1 83 4096 2830 3.0 2.6 19 11
10:15:06 1 83 4096 2830 3.0 2.6 19 11
10:15:08 1 83 4096 2830 3.0 2.6 19 11
10:15:09 1 83 4096 2830 3.0 2.6 19 11
10:15:10 1 83 4096 2830 3.0 2.6 19 11
10:15:11 1 83 4096 2830 3.0 2.6 19 11
10:15:12 1 83 4096 2830 3.0 2.6 19 11
10:15:13 1 83 4096 2830 3.0 2.6 19 11
10:15:14 1 83 4096 2830 3.0 2.6 19 11
10:15:15 1 83 4096 2830 3.0 2.6 19 11
10:15:16 1 83 4096 2830 3.0 2.6 19 11
10:15:17 1 83 4096 2830 3.0 2.6 19 11
10:15:18 1 83 4096 2830 3.0 2.6 19 11
10:15:19 1 83 4096 2830 3.0 2.6 19 11
10:15:20 1 83 4096 2830 3.0 2.6 19 11
10:15:21 1 83 4096 2830 3.0 2.6 19 11
10:15:22 1 83 4096 2830 3.0 2.6 19 11
10:15:23 1 83 4096 2830 3.0 2.6 19 11
10:15:24 1 83 4096 2830 3.0 2.6 19 11
10:15:26 1 83 4096 2830 3.0 2.6 19 11
10:15:27 1 83 4096 2830 3.0 2.6 19 11
10:15:28 1 83 4096 2830 3.0 2.6 19 11
10:15:29 1 83 4096 2830 3.0 2.6 19 11
10:15:30 1 83 4096 2830 3.0 2.6 19 11
10:15:31 1 83 4096 2830 3.0 2.6 19 11
10:15:32 1 83 4096 2830 3.0 2.6 19 11
10:15:33 1 83 4096 2830 3.0 2.6 19 11
10:15:34 1 83 4096 2830 3.0 2.6 19 11
10:15:35 1 83 4096 2830 3.0 2.6 19 11
10:15:36 1 82 4096 2830 3.1 2.7 19 11
10:15:37 1 83 4096 2830 3.0 2.7 19 11
10:15:38 1 83 4096 2830 3.0 2.7 19 11
10:15:39 1 83 4096 2830 3.0 2.7 19 11
10:15:40 1 83 4096 2830 3.0 2.7 19 11
10:15:41 1 83 4096 2830 3.0 2.7 19 11
10:15:42 1 83 4096 2830 3.0 2.7 19 11
10:15:44 1 83 4096 2830 3.0 2.7 19 11
10:15:45 1 83 4096 2830 3.0 2.7 19 11
10:15:46 1 83 4096 2830 3.0 2.7 19 11
10:15:47 1 83 4096 2830 3.0 2.7 19 11
10:15:48 1 83 4096 2830 3.0 2.7 19 11
10:15:49 1 83 4096 2830 3.0 2.7 19 11
10:15:50 1 83 4096 2830 3.0 2.7 19 11
10:15:51 1 83 4096 2830 3.0 2.7 19 11
10:15:52 1 83 4096 2830 3.0 2.7 19 11
10:15:53 1 83 4096 2830 3.0 2.7 19 11
10:15:54 1 83 4096 2830 3.0 2.7 19 11
10:15:55 1 83 4096 2830 3.0 2.7 19 11
10:15:56 1 83 4096 2830 3.0 2.7 19 11
10:15:57 1 83 4096 2830 3.0 2.7 19 11
10:15:58 1 83 4096 2830 3.0 2.7 19 11
10:15:59 1 83 4096 2830 3.0 2.7 19 11
10:16:00 1 83 4096 2830 3.1 2.7 19 11
10:16:02 1 83 4096 2830 3.0 2.7 19 11
10:16:03 1 83 4096 2830 3.0 2.7 19 11
10:16:04 1 83 4096 2830 3.0 2.7 19 11
10:16:05 1 83 4096 2830 3.0 2.7 19 11
10:16:06 1 83 4096 2830 3.0 2.7 19 11
10:16:07 1 83 4096 2830 3.0 2.7 19 11
10:16:08 1 83 4096 2830 3.0 2.7 19 11
10:16:09 1 83 4096 2830 3.0 2.7 19 11
10:16:10 1 83 4096 2830 3.0 2.7 19 11
10:16:11 1 83 4096 2830 3.0 2.7 19 11
10:16:12 1 83 4096 2830 3.0 2.7 19 11
10:16:13 1 83 4096 2830 3.0 2.7 19 11
10:16:14 1 83 4096 2830 3.0 2.8 19 11
10:16:15 1 83 4096 2830 3.0 2.8 19 11
10:16:16 1 83 4096 2830 3.0 3.0 19 11
10:16:17 1 83 4096 2830 3.0 3.0 19 11
10:16:19 1 83 4096 2830 3.0 3.0 19 11
10:16:20 1 83 4096 2830 3.0 3.1 19 11
10:16:21 1 83 4096 2830 3.0 3.1 19 11
10:16:22 1 83 4096 2830 3.0 3.1 19 11
10:16:23 1 83 4096 2830 3.0 3.1 19 11
10:16:24 1 83 4096 2830 3.0 3.1 19 11
10:16:25 1 83 4096 2830 3.0 3.1 19 11
10:16:26 1 83 4096 2830 3.0 3.1 19 11
10:16:27 1 83 4096 2830 3.0 3.1 19 11
10:16:28 1 83 4096 2830 3.0 3.1 19 11
10:16:29 1 83 4096 2830 3.0 3.1 19 11
10:16:30 1 83 4096 2830 3.0 3.1 19 11
10:16:31 1 83 4096 2830 3.0 3.1 19 11
10:16:32 1 83 4096 2830 3.0 3.1 19 11
10:16:33 1 83 4096 2830 3.0 3.1 19 11
10:16:34 1 83 4096 2830 3.0 3.1 19 11
10:16:36 1 83 4096 2830 3.0 3.1 19 11
10:16:37 1 83 4096 2830 3.0 3.1 19 11
10:16:38 1 83 4096 2830 3.0 3.1 19 11
10:16:39 1 83 4096 2830 3.0 3.1 19 11
10:16:40 1 83 4096 2830 3.0 3.1 19 11
10:16:41 1 83 4096 2830 3.1 3.1 19 11
10:16:42 1 83 4096 2830 3.0 3.1 19 11
10:16:43 1 83 4096 2830 3.0 3.1 19 11
10:16:44 1 83 4096 2830 3.0 3.1 19 11
10:16:45 1 83 4096 2830 3.0 3.1 19 11
10:16:46 1 83 4096 2830 3.0 3.1 19 11
10:16:47 1 83 4096 2830 3.0 3.1 19 11
10:16:48 1 83 4096 2830 3.0 3.1 19 11
10:16:49 1 83 4096 2830 3.0 3.1 19 11
10:16:50 1 83 4096 2830 3.0 3.1 19 11
10:16:51 1 83 4096 2830 3.0 3.1 19 11
10:16:52 1 83 4096 2830 3.0 3.1 19 11
10:16:54 1 83 4096 2830 3.0 3.1 19 11
10:16:55 1 83 4096 2830 3.0 3.1 19 11
10:16:56 1 83 4096 2830 3.0 3.1 19 11
10:16:57 1 83 4096 2830 3.0 3.1 19 11
10:16:58 1 83 4096 2830 3.0 3.1 19 11
10:16:59 1 83 4096 2830 3.0 3.1 19 11
10:17:00 1 83 4096 2830 3.0 3.1 19 11
10:17:01 1 83 4096 2830 3.0 3.1 19 11
10:17:02 1 83 4096 2830 3.0 3.1 19 11
10:17:03 1 83 4096 2830 3.0 3.1 19 11
10:17:04 1 83 4096 2830 3.0 3.1 19 11
10:17:05 1 83 4096 2830 3.0 3.1 19 11
10:17:06 1 83 4096 2830 3.0 3.1 19 11
10:17:07 1 83 4096 2830 3.0 3.1 19 11
10:17:08 1 83 4096 2830 3.0 3.1 19 11
10:17:09 1 83 4096 2830 3.0 3.1 19 11
10:17:11 1 83 4096 2830 3.0 3.1 19 11
10:17:12 1 83 4096 2830 3.0 3.1 19 11
10:17:13 1 83 4096 2830 3.0 3.1 19 11
10:17:14 1 83 4096 2830 3.0 3.1 19 11
10:17:15 1 83 4096 2830 3.0 3.1 19 11
10:17:16 1 83 4096 2830 3.0 3.1 19 11
10:17:17 1 83 4096 2830 3.0 3.1 19 11
10:17:18 1 83 4096 2830 3.0 3.1 19 11
10:17:19 1 83 4096 2830 3.0 3.1 19 11
10:17:20 1 83 4096 2830 3.0 3.1 19 11
10:17:21 1 83 4096 2830 3.0 3.1 19 11
10:17:22 1 83 4096 2830 3.0 3.0 19 11
10:17:23 1 83 4096 2830 3.0 3.0 19 11
10:17:24 1 83 4096 2830 3.0 3.0 19 11
10:17:25 1 83 4096 2830 3.0 3.0 19 11
10:17:26 1 83 4096 2830 3.0 3.0 19 11
10:17:27 1 83 4096 2830 3.0 3.0 19 11
10:17:29 1 83 4096 2830 3.0 3.0 19 11
10:17:30 1 83 4096 2830 3.0 3.0 19 11
10:17:31 1 83 4096 2830 3.0 3.0 19 11
10:17:32 1 83 4096 2830 3.0 3.0 19 11
10:17:33 1 83 4096 2830 3.0 3.0 19 11
10:17:34 1 83 4096 2830 3.0 3.0 19 11
10:17:35 1 83 4096 2830 3.0 3.0 19 11
10:17:36 1 83 4096 2830 3.0 3.0 19 11
10:17:37 1 83 4096 2830 3.0 3.0 19 11
10:17:38 1 83 4096 2830 3.0 3.0 19 11
10:17:39 1 83 4096 2830 3.0 3.0 19 11
10:17:40 1 83 4096 2830 3.0 3.0 19 11
10:17:41 1 83 4096 2830 3.0 3.0 19 11
10:17:42 1 83 4096 2830 3.0 3.0 19 11
10:17:43 1 83 4096 2830 3.0 3.0 19 11
10:17:44 1 83 4096 2830 3.0 3.0 19 11
10:17:45 1 83 4096 2830 3.0 3.0 19 11
10:17:47 1 83 4096 2830 3.0 3.1 19 11
10:17:48 1 83 4096 2830 3.0 3.1 19 11
10:17:49 1 83 4096 2830 3.0 3.1 19 11
10:17:50 1 83 4096 2830 3.0 3.1 19 11
10:17:51 1 83 4096 2830 3.0 3.1 19 11
10:17:52 1 83 4096 2830 3.0 3.1 19 11
10:17:53 1 83 4096 2830 3.0 3.1 19 11
10:17:54 1 83 4096 2830 3.0 3.1 19 11
10:17:55 1 83 4096 2830 3.0 3.1 19 11
10:17:56 1 83 4096 2830 3.0 3.1 19 11
10:17:57 1 83 4096 2830 3.0 3.1 19 11
10:17:58 1 83 4096 2830 3.0 3.1 19 11
10:17:59 1 83 4096 2830 3.0 3.1 19 11
10:18:00 1 83 4096 2830 3.0 3.1 19 11
10:18:01 1 83 4096 2830 3.0 3.1 19 11
10:18:03 1 83 4096 2830 3.0 3.1 19 11
10:18:04 1 83 4096 2830 3.0 3.1 19 11
10:18:05 1 83 4096 2830 3.0 3.1 19 11
10:18:06 1 83 4096 2830 3.0 3.1 19 11
10:18:07 1 83 4096 2830 3.0 3.2 19 11
10:18:08 1 83 4096 2830 3.0 3.3 19 11
10:18:09 1 83 4096 2830 3.0 3.3 19 11
10:18:10 1 83 4096 2830 3.0 3.3 19 11
10:18:11 1 83 4096 2830 3.0 3.3 19 11
10:18:12 1 83 4096 2830 3.0 3.3 19 11
10:18:13 1 83 4096 2830 3.0 3.3 19 11
10:18:14 1 83 4096 2830 3.0 3.3 19 11
10:18:15 1 83 4096 2830 3.0 3.3 19 11
10:18:16 1 83 4096 2830 3.0 3.3 19 11
10:18:17 1 83 4096 2830 3.0 3.3 19 11
10:18:19 1 83 4096 2830 3.0 3.3 19 11
10:18:20 1 83 4096 2830 3.0 3.3 19 11
10:18:21 1 83 4096 2830 3.0 3.4 19 11
10:18:22 1 83 4096 2830 3.0 3.4 19 11
10:18:23 1 83 4096 2830 3.0 3.4 19 11
10:18:24 1 83 4096 2830 3.0 3.4 19 11
10:18:25 1 83 4096 2830 3.0 3.4 19 11
10:18:26 1 83 4096 2830 3.0 3.4 19 11
10:18:27 1 83 4096 2830 3.0 3.4 19 11
10:18:28 1 83 4096 2830 3.0 3.4 19 11
10:18:29 1 83 4096 2830 3.0 3.4 19 11
10:18:30 1 83 4096 2830 3.0 3.4 19 11
10:18:31 1 83 4096 2830 3.0 3.4 19 11
10:18:32 1 83 4096 2830 3.0 3.4 19 11
10:18:33 1 83 4096 2830 3.0 3.4 19 11
10:18:34 1 83 4096 2830 3.0 3.4 19 11
10:18:35 1 83 4096 2830 3.0 3.4 19 11
10:18:36 1 83 4096 2830 3.0 3.4 19 11
10:18:38 1 83 4096 2830 3.0 3.4 19 11
10:18:39 1 83 4096 2830 3.0 3.4 19 11
10:18:40 1 83 4096 2830 3.0 3.4 19 11
10:18:41 1 83 4096 2830 3.0 3.4 19 11
10:18:42 1 83 4096 2830 3.0 3.4 19 11
10:18:43 1 83 4096 2830 3.0 3.4 19 11
10:18:44 1 83 4096 2830 3.0 3.0 19 11
10:18:45 1 83 4096 2830 3.0 3.0 19 11
10:18:46 1 83 4096 2830 3.0 3.0 19 11
10:18:47 1 83 4096 2830 3.0 3.0 19 11
10:18:48 1 83 4096 2830 3.0 3.0 19 11
10:18:49 1 83 4096 2830 3.0 3.0 19 11
10:18:50 1 83 4096 2830 3.0 3.0 19 11
10:18:51 1 83 4096 2830 3.0 3.0 19 11
10:18:52 1 83 4096 2830 3.0 3.0 19 11
10:18:53 1 83 4096 2830 3.0 3.0 19 11
10:18:54 1 83 4096 2830 3.0 3.0 19 11
10:18:56 1 83 4096 2830 3.0 3.0 19 11
10:18:57 1 83 4096 2830 3.0 3.0 19 11
10:18:58 1 83 4096 2830 3.0 3.0 19 11
10:18:59 1 83 4096 2830 3.1 3.1 19 11
10:19:00 1 83 4096 2830 3.0 3.1 19 11
10:19:01 1 83 4096 2830 3.0 3.1 19 11
10:19:02 1 83 4096 2830 3.0 3.1 19 11
10:19:03 1 83 4096 2830 3.0 3.1 19 11
10:19:04 1 83 4096 2830 3.0 3.1 19 11
10:19:05 1 83 4096 2830 3.0 3.1 19 11
10:19:06 1 83 4096 2830 3.0 3.1 19 11
10:19:07 1 83 4096 2830 3.0 3.1 19 11
10:19:08 1 83 4096 2830 3.0 3.1 19 11
10:19:09 1 83 4096 2830 3.0 3.1 19 11
10:19:10 1 83 4096 2830 3.0 3.1 19 11
10:19:11 1 83 4096 2830 3.0 3.1 19 11
10:19:12 1 83 4096 2830 3.0 3.2 19 11
10:19:14 1 83 4096 2830 3.0 3.2 19 11
10:19:15 1 83 4096 2830 3.0 3.2 19 11
10:19:16 1 83 4096 2830 3.0 3.2 19 11
10:19:17 1 83 4096 2830 3.0 3.2 19 11
10:19:18 1 83 4096 2830 3.0 3.2 19 11
10:19:19 1 83 4096 2830 3.0 3.2 19 11
10:19:20 1 83 4096 2830 3.0 3.2 19 11
10:19:21 1 83 4096 2830 3.0 3.2 19 11
10:19:22 1 83 4096 2830 3.0 3.2 19 11
10:19:23 1 83 4096 2830 3.0 3.2 19 11
10:19:24 1 83 4096 2830 3.0 3.2 19 11
10:19:25 1 83 4096 2830 3.0 3.2 19 11
10:19:26 1 83 4096 2830 3.0 3.2 19 11
10:19:27 1 83 4096 2830 3.0 3.2 19 11
10:19:28 1 83 4096 2830 3.0 3.2 19 11
10:19:29 1 83 4096 2830 3.0 3.2 19 11
10:19:30 1 83 4096 2830 3.0 3.2 19 11
10:19:32 1 83 4096 2830 3.0 3.2 19 11
10:19:33 1 83 4096 2830 3.0 3.2 19 11
10:19:34 1 83 4096 2830 3.0 3.2 19 11
10:19:35 1 83 4096 2830 3.0 3.2 19 11
10:19:36 1 83 4096 2830 3.0 3.2 19 11
10:19:37 1 83 4096 2830 3.0 3.2 19 11
10:19:38 1 83 4096 2830 3.0 3.2 19 11
10:19:39 1 83 4096 2830 3.0 3.2 19 11
10:19:40 1 83 4096 2830 3.0 3.2 19 11
10:19:41 1 83 4096 2830 3.0 3.2 19 11
10:19:42 1 83 4096 2830 3.1 3.3 19 11
10:19:43 1 83 4096 2830 3.0 3.3 19 11
10:19:44 1 83 4096 2830 3.0 3.3 19 11
10:19:45 1 83 4096 2830 3.0 3.3 19 11
10:19:46 1 83 4096 2830 3.0 3.3 19 11
10:19:47 1 83 4096 2830 3.0 3.3 19 11
10:19:48 1 83 4096 2830 3.0 3.3 19 11
10:19:49 1 83 4096 2830 3.0 3.3 19 11
10:19:51 1 83 4096 2830 3.0 3.3 19 11
10:19:52 1 83 4096 2830 3.0 3.3 19 11
10:19:53 1 83 4096 2830 3.0 3.3 19 11
10:19:54 1 83 4096 2830 3.0 3.3 19 11
10:19:55 1 83 4096 2830 3.0 3.3 19 11
10:19:56 1 83 4096 2830 3.0 3.3 19 11
10:19:57 1 83 4096 2830 3.0 3.3 19 11
10:19:58 1 83 4096 2830 3.0 3.3 19 11
10:19:59 1 83 4096 2830 3.0 3.3 19 11
10:20:00 1 83 4096 2830 3.0 3.3 19 11
10:20:01 1 83 4096 2830 3.0 3.3 19 11
10:20:02 1 83 4096 2830 3.0 3.3 19 11
10:20:03 1 83 4096 2830 3.0 3.3 19 11
10:20:04 1 83 4096 2830 3.0 3.3 19 11
10:20:05 1 83 4096 2830 3.0 3.3 19 11
10:20:06 1 83 4096 2830 3.0 3.3 19 11
10:20:07 1 83 4096 2830 3.0 3.3 19 11
10:20:08 1 83 4096 2830 3.0 3.3 19 11
10:20:10 1 83 4096 2830 3.0 3.3 19 11
10:20:11 1 83 4096 2830 3.0 3.3 19 11
10:20:12 1 83 4096 2830 3.0 3.3 19 11
10:20:13 1 83 4096 2830 3.0 3.3 19 11
10:20:14 1 83 4096 2830 3.0 3.3 19 11
10:20:15 1 83 4096 2830 3.0 3.3 19 11
10:20:16 1 83 4096 2830 3.0 3.3 19 11
10:20:17 1 83 4096 2830 3.0 3.3 19 11
10:20:18 1 83 4096 2830 3.0 3.3 19 11
10:20:19 1 83 4096 2830 3.0 3.3 19 11
10:20:20 1 83 4096 2830 3.0 3.3 19 11
10:20:21 1 83 4096 2830 3.0 3.3 19 11
10:20:22 1 83 4096 2830 3.0 3.3 19 11
10:20:23 1 83 4096 2830 3.0 3.3 19 11
10:20:24 1 83 4096 2830 3.0 3.3 19 11
10:20:25 1 83 4096 2830 3.0 3.3 19 11
10:20:26 1 83 4096 2830 3.0 3.3 19 11
10:20:28 1 83 4096 2830 3.0 3.3 19 11
10:20:29 1 83 4096 2830 3.0 3.3 19 11
10:20:30 1 83 4096 2830 3.0 3.3 19 11
10:20:31 1 83 4096 2830 3.0 3.3 19 11
10:20:32 1 83 4096 2830 3.0 3.3 19 11
10:20:33 1 83 4096 2830 3.0 3.3 19 11
10:20:34 1 83 4096 2830 3.0 3.3 19 11
10:20:35 1 83 4096 2830 3.0 3.3 19 11
10:20:36 1 83 4096 2830 3.0 3.3 19 11
10:20:37 1 83 4096 2830 3.0 3.3 19 11
10:20:38 1 83 4096 2830 3.0 3.3 19 11
10:20:39 1 83 4096 2830 3.0 3.3 19 11
10:20:40 1 83 4096 2830 3.0 3.3 19 11
10:20:41 1 83 4096 2830 3.0 3.4 19 11
10:20:42 1 83 4096 2830 3.0 3.4 19 11
10:20:43 1 83 4096 2830 3.0 3.4 19 11
10:20:44 1 83 4096 2830 3.0 3.4 19 11
10:20:45 1 83 4096 2830 3.0 3.4 19 11
10:20:47 1 83 4096 2830 3.0 3.4 19 11
10:20:48 1 83 4096 2830 3.0 3.4 19 11
10:20:49 1 83 4096 2830 3.0 3.4 19 11
10:20:50 1 83 4096 2830 3.0 3.4 19 11
10:20:51 1 83 4096 2830 3.0 3.4 19 11
10:20:52 1 83 4096 2830 3.0 3.4 19 11
10:20:53 1 83 4096 2830 3.0 3.4 19 11
10:20:54 1 83 4096 2830 3.0 3.4 19 11
10:20:55 1 83 4096 2830 3.0 3.4 19 11
10:20:56 1 83 4096 2830 3.0 3.4 19 11
10:20:57 1 83 4096 2830 3.0 3.4 19 11
10:20:58 1 83 4096 2830 3.0 3.4 19 11
10:20:59 1 83 4096 2830 3.0 3.4 19 11
10:21:00 1 83 4096 2830 3.0 3.4 19 11
10:21:01 1 83 4096 2830 3.0 3.4 19 11
10:21:02 1 83 4096 2830 3.0 3.4 19 11
10:21:03 1 83 4096 2830 3.0 3.4 19 11
10:21:05 1 83 4096 2830 3.0 3.4 19 11
10:21:06 1 83 4096 2830 3.0 3.4 19 11
10:21:07 1 83 4096 2830 3.0 3.4 19 11
10:21:08 1 83 4096 2830 3.0 3.4 19 11
10:21:09 1 83 4096 2830 3.0 3.4 19 11
10:21:10 1 83 4096 2830 3.0 3.4 19 11
10:21:11 1 83 4096 2830 3.0 3.4 19 11
10:21:12 1 83 4096 2830 3.0 3.4 19 11
10:21:13 1 83 4096 2830 3.0 3.4 19 11
10:21:14 1 83 4096 2830 3.0 3.4 19 11
10:21:15 1 83 4096 2830 3.0 3.4 19 11
10:21:16 1 83 4096 2830 3.0 3.4 19 11
10:21:17 1 83 4096 2830 3.0 3.4 19 11
10:21:18 1 83 4096 2830 3.0 3.4 19 11
10:21:19 1 83 4096 2830 3.0 3.4 19 11
10:21:20 1 83 4096 2830 3.0 3.4 19 11
10:21:21 1 83 4096 2830 3.0 3.5 19 11
10:21:23 1 83 4096 2830 3.0 3.5 19 11
10:21:24 1 83 4096 2830 3.0 3.5 19 11
10:21:25 1 83 4096 2830 3.0 3.5 19 11
10:21:26 1 83 4096 2830 3.0 3.5 19 11
10:21:27 1 83 4096 2830 3.0 3.5 19 11
10:21:28 1 83 4096 2830 3.0 3.5 19 11
10:21:29 1 83 4096 2830 3.0 3.5 19 11
10:21:30 1 83 4096 2830 3.0 3.5 19 11
10:21:31 1 83 4096 2830 3.0 3.5 19 11
10:21:32 1 83 4096 2830 3.0 3.5 19 11
10:21:33 1 83 4096 2830 3.0 3.5 19 11
10:21:34 1 83 4096 2830 3.0 3.5 19 11
10:21:35 1 83 4096 2830 3.0 3.6 19 11
10:21:36 1 83 4096 2830 3.0 3.6 19 11
10:21:37 1 83 4096 2830 3.0 3.6 19 11
10:21:38 1 83 4096 2830 3.0 3.6 19 11
10:21:39 1 83 4096 2830 3.0 3.6 19 11
10:21:41 1 83 4096 2830 3.0 3.6 19 11
10:21:42 1 83 4096 2830 3.0 3.6 19 11
10:21:43 1 83 4096 2830 3.0 3.6 19 11
10:21:44 1 83 4096 2830 3.0 3.6 19 11
10:21:45 1 83 4096 2830 3.0 3.6 19 11
10:21:46 1 83 4096 2830 3.1 3.6 19 11
10:21:47 1 83 4096 2830 3.1 3.6 19 11
10:21:48 1 83 4096 2830 3.0 3.6 19 11
10:21:49 1 83 4096 2830 3.0 3.6 19 11
10:21:50 1 83 4096 2830 3.0 3.6 19 11
10:21:51 1 83 4096 2830 3.0 3.6 19 11
10:21:52 1 83 4096 2830 3.0 3.6 19 11
10:21:53 1 83 4096 2830 3.0 3.6 19 11
10:21:54 1 83 4096 2830 3.0 3.6 19 11
10:21:55 1 83 4096 2830 3.0 3.6 19 11
10:21:56 1 83 4096 2830 3.0 3.6 19 11
10:21:58 1 83 4096 2830 3.0 3.6 19 11
10:21:59 1 83 4096 2830 3.0 3.6 19 11
10:22:00 1 83 4096 2830 3.1 3.6 19 11
10:22:01 1 83 4096 2830 3.1 3.6 19 11
10:22:02 1 83 4096 2830 3.1 3.6 19 11
10:22:03 1 83 4096 2830 3.0 3.6 19 11
10:22:04 1 83 4096 2830 3.0 3.6 19 11
10:22:05 1 83 4096 2830 3.0 3.6 19 11
10:22:06 1 83 4096 2830 3.0 3.6 19 11
10:22:07 1 83 4096 2830 3.0 3.6 19 11
10:22:08 1 83 4096 2830 3.0 3.6 19 11
10:22:09 1 83 4096 2830 3.0 3.6 19 11
10:22:10 1 83 4096 2830 3.0 3.6 19 11
10:22:11 1 83 4096 2830 3.0 3.6 19 11
10:22:12 1 83 4096 2830 3.0 3.6 19 11
10:22:13 1 83 4096 2830 3.0 3.6 19 11
10:22:14 1 83 4096 2830 3.0 3.7 19 11
10:22:16 1 83 4096 2830 3.0 3.7 19 11
10:22:17 1 83 4096 2830 3.0 3.7 19 11
10:22:18 1 83 4096 2830 3.0 3.7 19 11
10:22:19 1 83 4096 2830 3.0 3.7 19 11
10:22:20 1 83 4096 2830 3.0 3.7 19 11
10:22:21 1 83 4096 2830 3.0 3.7 19 11
10:22:22 1 83 4096 2830 3.0 3.7 19 11
10:22:23 1 83 4096 2830 3.0 3.7 19 11
10:22:24 1 83 4096 2830 3.0 3.7 19 11
10:22:25 1 83 4096 2830 3.0 3.7 19 11
10:22:26 1 83 4096 2830 3.0 3.7 19 11
10:22:27 1 83 4096 2830 3.0 3.7 19 11
10:22:28 1 83 4096 2830 3.0 3.7 19 11
10:22:29 1 83 4096 2830 3.0 3.7 19 11
10:22:30 1 83 4096 2830 3.0 3.7 19 11
10:22:31 1 83 4096 2830 3.0 3.7 19 11
10:22:32 1 83 4096 2830 3.0 3.7 19 11
10:22:33 1 83 4096 2830 3.0 3.7 19 11
10:22:35 1 83 4096 2830 3.0 3.7 19 11
10:22:36 1 83 4096 2830 3.0 3.7 19 11
10:22:37 1 83 4096 2830 3.0 3.7 19 11
10:22:38 1 83 4096 2830 3.0 3.7 19 11
10:22:39 1 83 4096 2830 3.0 3.7 19 11
10:22:40 1 83 4096 2830 3.0 3.7 19 11
10:22:41 1 83 4096 2830 3.0 3.7 19 11
10:22:42 1 83 4096 2830 3.0 3.7 19 11
10:22:43 1 83 4096 2830 3.0 3.7 19 11
10:22:44 1 83 4096 2830 3.0 3.7 19 11
10:22:45 1 83 4096 2830 3.0 3.7 19 11
10:22:46 1 83 4096 2830 3.0 3.7 19 11
10:22:47 1 83 4096 2830 3.0 3.8 19 11
10:22:48 1 83 4096 2830 3.0 3.8 19 11
10:22:49 1 83 4096 2830 3.0 3.8 19 11
10:22:50 1 83 4096 2830 3.0 3.8 19 11
10:22:51 1 83 4096 2830 3.0 3.8 19 11
10:22:53 1 83 4096 2830 3.0 3.8 19 11
10:22:54 1 83 4096 2830 3.0 3.8 19 11
10:22:55 1 83 4096 2830 3.0 3.8 19 11
10:22:56 1 83 4096 2830 3.0 3.8 19 11
10:22:57 1 83 4096 2830 3.0 3.8 19 11
10:22:58 1 83 4096 2830 3.0 3.8 19 11
10:22:59 1 83 4096 2830 3.0 3.8 19 11
10:23:00 1 83 4096 2830 3.0 3.8 19 11
10:23:01 1 83 4096 2830 3.0 3.8 19 11
10:23:02 1 83 4096 2830 3.0 3.8 19 11
10:23:03 1 83 4096 2830 3.0 3.8 19 11
10:23:04 1 83 4096 2830 3.0 3.8 19 11
10:23:05 1 83 4096 2830 3.0 3.8 19 11
10:23:06 1 83 4096 2830 3.0 3.8 19 11
10:23:07 1 83 4096 2830 3.0 3.8 19 11
10:23:08 1 83 4096 2830 3.0 3.8 19 11
10:23:09 1 83 4096 2830 3.0 3.8 19 11
10:23:11 1 83 4096 2830 3.0 3.8 19 11
10:23:12 1 83 4096 2830 3.0 3.8 19 11
10:23:13 1 83 4096 2830 3.0 3.8 19 11
10:23:14 1 83 4096 2830 3.0 3.8 19 11
10:23:15 1 83 4096 2830 3.0 3.8 19 11
10:23:16 1 83 4096 2830 3.0 3.8 19 11
10:23:17 1 83 4096 2830 3.0 3.8 19 11
10:23:18 1 83 4096 2830 3.0 3.8 19 11
10:23:19 1 83 4096 2830 3.0 3.8 19 11
10:23:20 1 83 4096 2830 3.0 3.8 19 11
10:23:21 1 83 4096 2830 3.0 3.8 19 11
10:23:22 1 83 4096 2830 3.0 3.8 19 11
10:23:23 1 83 4096 2830 3.0 3.8 19 11
10:23:24 1 83 4096 2830 3.0 3.8 19 11
10:23:25 1 83 4096 2830 3.0 3.8 19 11
10:23:26 1 83 4096 2830 3.0 3.8 19 11
10:23:27 1 83 4096 2830 3.0 3.8 19 11
10:23:28 1 83 4096 2830 3.0 3.9 19 11
10:23:30 1 83 4096 2830 3.0 3.9 19 11
10:23:31 1 83 4096 2830 3.0 3.9 19 11
10:23:32 1 83 4096 2830 3.0 3.9 19 11
10:23:33 1 83 4096 2830 3.0 3.9 19 11
10:23:34 1 83 4096 2830 3.0 3.9 19 11
10:23:35 1 83 4096 2830 3.0 3.9 19 11
10:23:36 1 83 4096 2830 3.0 3.9 19 11
10:23:37 1 83 4096 2830 3.0 3.9 19 11
10:23:38 1 83 4096 2830 3.0 3.9 19 11
10:23:39 1 83 4096 2830 3.0 3.9 19 11
10:23:40 1 83 4096 2830 3.0 3.9 19 11
10:23:41 1 83 4096 2830 3.0 3.9 19 11
10:23:42 1 83 4096 2830 3.0 3.9 19 11
10:23:43 1 83 4096 2830 3.0 3.9 19 11
10:23:44 1 83 4096 2830 3.0 3.9 19 11
10:23:45 1 83 4096 2830 3.0 3.9 19 11
10:23:46 1 83 4096 2830 3.0 3.9 19 11
10:23:48 1 83 4096 2830 3.0 3.9 19 11
10:23:49 1 83 4096 2830 3.0 3.9 19 11
10:23:50 1 83 4096 2830 3.0 3.9 19 11
10:23:51 1 83 4096 2830 3.0 3.9 19 11
10:23:52 1 83 4096 2830 3.0 3.9 19 11
10:23:53 1 83 4096 2830 3.0 3.9 19 11
10:23:54 1 83 4096 2830 3.0 3.9 19 11
10:23:55 1 83 4096 2830 3.0 3.9 19 11
10:23:56 1 83 4096 2830 3.0 3.9 19 11
10:23:57 1 83 4096 2830 3.0 3.9 19 11
10:23:58 1 83 4096 2830 3.0 3.9 19 11
10:23:59 1 83 4096 2830 3.0 3.9 19 11
10:24:00 1 83 4096 2830 3.0 3.9 19 11
10:24:01 1 83 4096 2830 3.0 3.9 19 11
10:24:02 1 83 4096 2830 3.0 3.9 19 11
10:24:03 1 83 4096 2830 3.0 3.9 19 11
10:24:04 1 83 4096 2830 3.0 3.9 19 11
10:24:05 1 83 4096 2830 3.0 3.9 19 11
10:24:07 1 83 4096 2830 3.0 3.9 19 11
10:24:08 1 83 4096 2830 3.0 3.9 19 11
10:24:09 1 83 4096 2830 3.0 3.9 19 11
10:24:10 1 83 4096 2830 3.0 3.9 19 11
10:24:11 1 83 4096 2830 3.0 4.0 19 11
10:24:12 1 83 4096 2830 3.0 4.0 19 11
10:24:13 1 83 4096 2830 3.0 4.0 19 11
10:24:14 1 83 4096 2830 3.0 4.0 19 11
10:24:15 1 83 4096 2830 3.0 4.0 19 11
10:24:16 1 83 4096 2830 3.0 4.0 19 11
10:24:17 1 83 4096 2830 3.0 4.0 19 11
10:24:18 1 83 4096 2830 3.0 4.0 19 11
10:24:19 1 83 4096 2830 3.0 4.0 19 11
10:24:20 1 83 4096 2830 3.0 4.0 19 11
10:24:21 1 83 4096 2830 3.0 4.0 19 11
10:24:22 1 83 4096 2830 3.0 4.0 19 11
10:24:23 1 83 4096 2830 3.0 4.0 19 11
10:24:24 1 83 4096 2830 3.0 4.0 19 11
10:24:26 1 83 4096 2830 3.0 4.0 19 11
10:24:27 1 83 4096 2830 3.0 4.0 19 11
10:24:28 1 83 4096 2830 3.0 4.0 19 11
10:24:29 1 83 4096 2830 3.0 4.0 19 11
10:24:30 1 83 4096 2830 3.0 4.0 19 11
10:24:31 1 83 4096 2830 3.0 4.0 19 11
10:24:32 1 83 4096 2830 3.0 4.0 19 11
10:24:33 1 83 4096 2830 3.0 4.0 19 11
10:24:34 1 83 4096 2830 3.0 4.0 19 11
10:24:35 1 83 4096 2830 3.0 4.0 19 11
10:24:36 1 83 4096 2830 3.0 4.0 19 11
10:24:37 1 83 4096 2830 3.0 4.0 19 11
10:24:38 1 83 4096 2830 3.0 4.0 19 11
10:24:39 1 83 4096 2830 3.0 4.0 19 11
10:24:40 1 83 4096 2830 3.0 4.0 19 11
10:24:41 1 83 4096 2830 3.0 4.0 19 11
10:24:42 1 83 4096 2830 3.0 4.0 19 11
10:24:43 1 83 4096 2830 3.0 4.0 19 11
10:24:45 1 83 4096 2830 3.0 4.0 19 11
10:24:46 1 83 4096 2830 3.0 4.0 19 11
10:24:47 1 83 4096 2830 3.0 4.0 19 11
10:24:48 1 83 4096 2830 3.0 4.0 19 11
10:24:49 1 83 4096 2830 3.0 4.0 19 11
10:24:50 1 83 4096 2830 3.0 4.0 19 11
10:24:51 1 83 4096 2830 3.0 4.0 19 11
10:24:52 1 83 4096 2830 3.0 4.0 19 11
10:24:53 1 83 4096 2830 3.0 4.0 19 11
10:24:54 1 83 4096 2830 3.0 4.0 19 11
10:24:55 1 83 4096 2830 3.0 4.1 19 11
10:24:56 1 83 4096 2830 3.0 4.1 19 11
10:24:57 1 83 4096 2830 3.0 4.1 19 11
10:24:58 1 83 4096 2830 3.0 4.1 19 11
10:24:59 1 83 4096 2830 3.0 4.1 19 11
10:25:00 1 83 4096 2830 3.0 4.1 19 11
10:25:01 1 83 4096 2830 3.0 4.1 19 11
10:25:02 1 83 4096 2830 3.0 4.1 19 11
10:25:04 1 83 4096 2830 3.0 4.1 19 11
10:25:05 1 83 4096 2830 3.0 4.1 19 11
10:25:06 1 83 4096 2830 3.0 4.1 19 11
10:25:07 1 83 4096 2830 3.0 4.1 19 11
10:25:08 1 83 4096 2830 3.0 4.1 19 11
10:25:09 1 83 4096 2830 3.0 4.1 19 11
10:25:10 1 83 4096 2830 3.0 4.1 19 11
10:25:11 1 83 4096 2830 3.0 4.1 19 11
10:25:12 1 83 4096 2830 3.0 4.1 19 11
10:25:13 1 83 4096 2830 3.0 4.1 19 11
10:25:14 1 83 4096 2830 3.0 4.1 19 11
10:25:15 1 83 4096 2830 3.0 4.1 19 11
10:25:16 1 83 4096 2830 3.0 4.1 19 11
10:25:17 1 83 4096 2830 3.0 4.1 19 11
10:25:18 1 83 4096 2830 3.0 4.1 19 11
10:25:19 1 83 4096 2830 3.0 4.1 19 11
10:25:20 1 83 4096 2830 3.0 4.1 19 11
10:25:21 1 83 4096 2830 3.0 4.1 19 11
10:25:23 1 83 4096 2830 3.0 4.1 19 11
10:25:24 1 83 4096 2830 3.0 4.1 19 11
10:25:25 1 83 4096 2830 3.0 4.1 19 11
10:25:26 1 83 4096 2830 3.0 4.1 19 11
10:25:27 1 83 4096 2830 3.0 4.1 19 11
10:25:28 1 83 4096 2830 3.0 6.9 19 11
10:25:29 1 83 4096 2830 3.0 6.9 19 11
10:25:30 1 83 4096 2830 3.0 6.9 19 11
10:25:31 1 83 4096 2830 3.0 6.9 19 11
10:25:32 1 83 4096 2830 3.0 6.9 19 11
10:25:33 1 83 4096 2830 3.0 6.9 19 11
10:25:34 1 83 4096 2830 3.0 6.9 19 11
10:25:35 1 83 4096 2830 3.0 6.9 19 11
10:25:36 1 83 4096 2830 3.0 6.9 19 11
10:25:37 1 83 4096 2830 3.0 6.9 19 11
10:25:38 1 83 4096 2830 3.0 6.9 19 11
10:25:39 1 83 4096 2830 3.0 6.9 19 11
10:25:40 1 83 4096 2830 3.0 6.9 19 11
10:25:41 1 83 4096 2830 3.0 6.9 19 11
10:25:43 1 83 4096 2830 3.0 8.5 19 11
10:25:44 1 83 4096 2830 3.0 9.6 19 11
