2026-10-04 15:47:59,522 - INFO - Loading data for florida (input_type=region, region_emb=check2hgi_design_k_resln_mae_l0_1_fullcpu_s0, target=region, engine_override=EmbeddingEngine.CHECK2HGI_DK_OVL, visit_feats=False)...
2026-10-04 15:47:59,522 - INFO - Loading next-POI data: florida/check2hgi_dk_ovl
2026-10-04 15:48:03,509 - INFO - Next-POI data: (1274418, 576) (dim=64, window=9), distribution: {np.int64(0): np.int64(131583), np.int64(1): np.int64(110222), np.int64(2): np.int64(318253), np.int64(3): np.int64(55458), np.int64(4): np.int64(90743), np.int64(5): np.int64(283638), np.int64(6): np.int64(284521)}
2026-10-04 15:48:09,941 - INFO - x=torch.Size([1274418, 9, 64]), emb_dim=64, n_regions=4703, n_seqs=1274418, last_region_idx=present
2026-10-04 15:48:11,718 - INFO - No checkpoint — starting fresh. Will save to docs/results/P1/region_head_florida_region_5f_50ep_g1_reg_fullcpu_s0_florida_f3_onlyfold3.checkpoint.json after each fold.
2026-10-04 15:48:11,718 - INFO - ============================================================
2026-10-04 15:48:11,718 - INFO - HEAD: next_stan_flow (5 folds x 50 epochs, max_lr=3e-03, ls=0.00, input_ln=False)
2026-10-04 15:48:11,718 - INFO - ============================================================
2026-10-04 15:48:47,082 - INFO - [p1 S2] STREAMED val metric on cpu (per-row accumulators, no [N=254883 x C=4703] buffer; would have been 4.8 GB) — same per-row ops as the full path
2026-10-04 15:48:51,531 - INFO - [p1 S2] boundary ties on REAL val logits — top5 (target ambiguous at the 5/6 boundary): 0/254883 (0.0000%); top10 (target ambiguous at the 10/11 boundary): 0/254883 (0.0000%). Both must read 0 before P1_STREAM_GPU=1 is safe for a state with banked CPU cells.
2026-10-04 16:20:32,804 - INFO -   fold 3: Acc@1=0.4876 Acc@5=0.6870 Acc@10=0.7593 MRR=0.5810 F1=0.0896 (1941.1s, best_ep=50)
2026-10-04 16:20:32,807 - INFO -   AGGREGATE: Acc@1=0.4876+/-0.0000  Acc@10=0.7593+/-0.0000  MRR=0.5810+/-0.0000  F1=0.0896+/-0.0000

================================================================================
P1 REGION-HEAD ABLATION - florida - 5f x 50ep - input=region
================================================================================
Head                         Acc@1    Acc@5   Acc@10      MRR       F1
--------------------------------------------------------------------------------
next_stan_flow              48.76%   68.70%   75.93%   58.10%    8.96%
--------------------------------------------------------------------------------
Markov 1-step (floor)         ~12%        —   ~45.9%        —        —
================================================================================
2026-10-04 16:20:32,808 - INFO - Saved: docs/results/P1/region_head_florida_region_5f_50ep_g1_reg_fullcpu_s0_florida_f3.json
2026-10-04 16:20:32,808 - INFO - Removed checkpoint docs/results/P1/region_head_florida_region_5f_50ep_g1_reg_fullcpu_s0_florida_f3_onlyfold3.checkpoint.json (run complete).
     1958.34 real       930.25 user        52.55 sys
         14283800576  maximum resident set size
                   0  average shared memory size
                   0  average unshared data size
                   0  average unshared stack size
             3041527  page reclaims
                2651  page faults
                   0  swaps
                   0  block input operations
                   0  block output operations
                   0  messages sent
                   0  messages received
                   0  signals received
                7816  voluntary context switches
             1079609  involuntary context switches
       8406906458350  instructions retired
       2714998321797  cycles elapsed
         16280106280  peak memory footprint
