time pressure_lvl free_pct swap_total_MB swap_used_MB wired_GB child_rss_GB disk_int_GB disk_ssd_GB
15:47:55 1 86 5120 4331 3.1 0.0 14 10
15:47:56 1 86 5120 4331 3.0 0.2 14 10
15:47:57 1 86 5120 4331 3.1 0.3 14 10
15:47:58 1 86 5120 4331 3.1 0.4 14 10
15:47:59 1 86 5120 4331 3.1 4.3 14 10
15:48:01 1 80 5120 4331 3.3 7.7 14 10
15:48:02 1 80 5120 4331 3.3 8.4 14 10
15:48:03 1 64 5120 4331 3.3 6.3 14 10
15:48:04 1 53 5120 4331 3.3 4.1 14 10
15:48:05 1 58 5120 4331 3.3 7.5 14 10
15:48:06 1 74 5120 4331 3.1 8.9 14 10
15:48:07 1 82 5120 4331 3.1 10.6 14 10
15:48:08 1 82 5120 4331 3.0 11.0 14 10
15:48:09 1 82 5120 4331 3.1 11.0 14 10
15:48:10 1 82 5120 4331 3.0 10.9 14 10
15:48:11 1 83 5120 4331 3.0 11.5 14 10
15:48:12 1 67 5120 4331 7.6 10.3 14 10
15:48:13 1 69 5120 4331 7.0 10.3 14 10
15:48:15 1 69 5120 4331 7.0 10.3 14 10
15:48:16 1 69 5120 4331 7.0 10.3 14 10
15:48:17 1 69 5120 4331 7.0 10.3 14 10
15:48:18 1 69 5120 4331 7.0 10.3 14 10
15:48:19 1 69 5120 4331 7.0 10.3 14 10
15:48:20 1 69 5120 4331 7.0 10.3 14 10
15:48:21 1 69 5120 4331 7.1 10.3 14 10
15:48:22 1 69 5120 4331 7.0 10.3 14 10
15:48:23 1 69 5120 4331 7.0 10.3 14 10
15:48:24 1 70 5120 4331 7.0 10.3 14 10
15:48:25 1 69 5120 4331 7.1 10.3 14 10
15:48:26 1 70 5120 4331 7.0 10.3 14 10
15:48:27 1 70 5120 4331 7.0 10.3 14 10
15:48:28 1 70 5120 4331 7.0 10.3 14 10
15:48:29 1 70 5120 4331 7.0 10.3 14 10
15:48:30 1 70 5120 4331 7.0 10.3 14 10
15:48:31 1 70 5120 4331 7.0 10.3 14 10
15:48:33 1 70 5120 4331 7.0 10.3 14 10
15:48:34 1 70 5120 4331 7.0 10.3 14 10
15:48:35 1 70 5120 4331 7.0 10.3 14 10
15:48:36 1 70 5120 4331 7.1 10.3 14 10
15:48:37 1 70 5120 4331 7.0 10.3 14 10
15:48:38 1 70 5120 4331 7.0 10.3 14 10
15:48:39 1 70 5120 4331 7.0 10.3 14 10
15:48:40 1 70 5120 4331 7.0 10.3 14 10
15:48:41 1 70 5120 4331 7.0 10.3 14 10
15:48:42 1 70 5120 4331 7.0 10.3 14 10
15:48:43 1 70 5120 4331 7.0 10.3 14 10
15:48:44 1 70 5120 4331 7.0 10.3 14 10
15:48:45 1 70 5120 4331 7.0 10.3 14 10
15:48:46 1 70 5120 4331 7.0 10.3 14 10
15:48:47 1 68 5120 4331 7.8 10.3 14 10
15:48:48 1 75 5120 4331 5.3 10.3 14 10
15:48:50 1 76 5120 4331 5.2 10.3 14 10
15:48:51 1 75 5120 4331 5.2 10.3 14 10
15:48:52 1 68 5120 4331 7.6 10.4 14 10
15:48:53 1 70 5120 4331 7.0 10.4 14 10
15:48:54 1 70 5120 4331 7.0 10.4 14 10
15:48:55 1 70 5120 4331 7.0 10.4 14 10
15:48:56 1 70 5120 4331 7.0 10.4 14 10
15:48:57 1 70 5120 4331 7.0 10.4 14 10
15:48:58 1 70 5120 4331 7.0 10.4 14 10
15:48:59 1 70 5120 4331 7.0 10.4 14 10
15:49:00 1 70 5120 4331 7.0 10.4 14 10
15:49:01 1 70 5120 4331 7.0 10.4 14 10
15:49:02 1 70 5120 4331 7.0 10.4 14 10
15:49:03 1 70 5120 4331 7.0 10.4 14 10
15:49:04 1 70 5120 4331 7.0 10.4 14 10
15:49:05 1 70 5120 4331 7.0 10.4 14 10
15:49:06 1 70 5120 4331 7.0 10.4 14 10
15:49:08 1 70 5120 4331 7.0 10.4 14 10
15:49:09 1 70 5120 4331 7.0 10.4 14 10
15:49:10 1 70 5120 4331 7.0 10.4 14 10
15:49:11 1 70 5120 4331 7.0 10.4 14 10
15:49:12 1 70 5120 4331 7.0 10.4 14 10
15:49:13 1 70 5120 4331 7.0 10.4 14 10
15:49:14 1 70 5120 4331 7.0 10.4 14 10
15:49:15 1 70 5120 4331 7.0 10.4 14 10
15:49:16 1 70 5120 4331 7.0 10.4 14 10
15:49:17 1 70 5120 4331 7.0 10.4 14 10
15:49:18 1 70 5120 4331 7.0 10.4 14 10
15:49:19 1 70 5120 4331 7.0 10.4 14 10
15:49:20 1 70 5120 4331 7.0 10.4 14 10
15:49:21 1 70 5120 4331 7.0 10.4 14 10
15:49:22 1 70 5120 4331 7.0 10.4 14 10
15:49:23 1 70 5120 4331 7.0 10.4 14 10
15:49:25 1 70 5120 4331 7.1 10.4 14 10
15:49:26 1 70 5120 4331 7.8 10.4 14 10
15:49:27 1 68 5120 4331 7.8 10.4 14 10
15:49:28 1 76 5120 4331 5.1 10.4 14 10
15:49:29 1 76 5120 4331 5.1 10.4 14 10
15:49:30 1 69 5120 4331 7.6 10.4 14 10
15:49:31 1 71 5120 4331 7.0 10.4 14 10
15:49:32 1 71 5120 4331 7.0 10.4 14 10
15:49:33 1 71 5120 4331 7.0 10.4 14 10
15:49:34 1 71 5120 4331 7.0 10.4 14 10
15:49:35 1 71 5120 4331 7.0 10.4 14 10
15:49:36 1 71 5120 4331 7.0 10.4 14 10
15:49:37 1 71 5120 4331 7.0 10.4 14 10
15:49:38 1 71 5120 4331 7.0 10.4 14 10
15:49:39 1 71 5120 4331 7.0 10.4 14 10
15:49:40 1 71 5120 4331 7.0 10.4 14 10
15:49:41 1 71 5120 4331 7.0 10.4 14 10
15:49:43 1 71 5120 4331 7.0 10.4 14 10
15:49:44 1 71 5120 4331 7.0 10.4 14 10
15:49:45 1 71 5120 4331 7.0 10.4 14 10
15:49:46 1 71 5120 4331 7.0 10.4 14 10
15:49:47 1 71 5120 4331 7.0 10.4 14 10
15:49:48 1 71 5120 4331 7.0 10.4 14 10
15:49:49 1 71 5120 4331 7.0 10.4 14 10
15:49:50 1 71 5120 4331 7.0 10.4 14 10
15:49:51 1 71 5120 4331 7.0 10.4 14 10
15:49:52 1 71 5120 4331 7.0 10.4 14 10
15:49:53 1 71 5120 4331 7.0 10.4 14 10
15:49:54 1 71 5120 4331 7.0 10.4 14 10
15:49:55 1 71 5120 4331 7.0 10.4 14 10
15:49:56 1 71 5120 4331 7.0 10.4 14 10
15:49:57 1 71 5120 4331 7.0 10.4 14 10
15:49:58 1 71 5120 4331 7.0 10.4 14 10
15:50:00 1 71 5120 4331 7.0 10.4 14 10
15:50:01 1 71 5120 4331 7.0 10.4 14 10
15:50:02 1 71 5120 4331 7.0 10.4 14 10
15:50:03 1 71 5120 4331 7.0 10.4 14 10
15:50:04 1 71 5120 4331 7.0 10.4 14 10
15:50:05 1 68 5120 4331 7.8 10.4 14 10
15:50:06 1 76 5120 4331 5.2 10.4 14 10
15:50:07 1 76 5120 4331 5.2 10.4 14 10
15:50:08 1 76 5120 4331 5.2 10.4 14 10
15:50:09 1 69 5120 4331 7.7 10.4 14 10
15:50:10 1 71 5120 4331 7.0 10.4 14 10
15:50:11 1 71 5120 4331 7.0 10.4 14 10
15:50:12 1 71 5120 4331 7.0 10.4 14 10
15:50:13 1 71 5120 4331 7.0 10.4 14 10
15:50:14 1 71 5120 4331 7.0 10.4 14 10
15:50:15 1 71 5120 4331 7.0 10.4 14 10
15:50:16 1 71 5120 4331 7.0 10.4 14 10
15:50:18 1 71 5120 4331 7.0 10.4 14 10
15:50:19 1 71 5120 4331 7.0 10.4 14 10
15:50:20 1 71 5120 4331 7.0 10.4 14 10
15:50:21 1 71 5120 4331 7.0 10.4 14 10
15:50:22 1 71 5120 4331 7.0 10.4 14 10
15:50:23 1 71 5120 4331 7.0 10.4 14 10
15:50:24 1 71 5120 4331 7.0 10.4 14 10
15:50:25 1 71 5120 4331 7.0 10.4 14 10
15:50:26 1 71 5120 4331 7.0 10.4 14 10
15:50:27 1 71 5120 4331 7.0 10.4 14 10
15:50:28 1 71 5120 4331 7.0 10.4 14 10
15:50:29 1 71 5120 4331 7.0 10.4 14 10
15:50:30 1 71 5120 4331 7.0 10.4 14 10
15:50:31 1 71 5120 4331 7.0 10.4 14 10
15:50:32 1 71 5120 4331 7.0 10.4 14 10
15:50:33 1 71 5120 4331 7.0 10.4 14 10
15:50:34 1 71 5120 4331 7.0 10.4 14 10
15:50:36 1 71 5120 4331 7.0 10.4 14 10
15:50:37 1 71 5120 4331 7.0 10.4 14 10
15:50:38 1 71 5120 4331 7.0 10.4 14 10
15:50:39 1 71 5120 4331 7.0 10.4 14 10
15:50:40 1 71 5120 4331 7.0 10.4 14 10
15:50:41 1 71 5120 4331 7.0 10.4 14 10
15:50:42 1 71 5120 4331 7.0 10.4 14 10
15:50:43 1 71 5120 4331 7.0 10.4 14 10
15:50:44 1 69 5120 4331 7.7 10.4 14 10
15:50:45 1 76 5120 4331 5.1 10.4 14 10
15:50:46 1 76 5120 4331 5.2 10.4 14 10
15:50:47 1 69 5120 4331 7.6 10.4 14 10
15:50:48 1 71 5120 4331 7.0 10.4 14 10
15:50:49 1 71 5120 4331 7.0 10.4 14 10
15:50:50 1 71 5120 4331 7.0 10.4 14 10
15:50:51 1 71 5120 4331 7.0 10.4 14 10
15:50:52 1 71 5120 4331 7.0 10.4 14 10
15:50:54 1 71 5120 4331 7.0 10.4 14 10
15:50:55 1 71 5120 4331 7.0 10.4 14 10
15:50:56 1 71 5120 4331 7.0 10.4 14 10
15:50:57 1 71 5120 4331 7.0 10.4 14 10
15:50:58 1 71 5120 4331 7.0 10.4 14 10
15:50:59 1 71 5120 4331 7.0 10.4 14 10
15:51:00 1 71 5120 4331 7.0 10.4 14 10
15:51:01 1 71 5120 4331 7.0 10.4 14 10
15:51:02 1 71 5120 4331 7.0 10.4 14 10
15:51:03 1 71 5120 4331 7.1 10.4 14 10
15:51:04 1 71 5120 4331 7.0 10.4 14 10
15:51:05 1 71 5120 4331 7.0 10.4 14 10
15:51:06 1 71 5120 4331 7.0 10.4 14 10
15:51:07 1 71 5120 4331 7.0 10.4 14 10
15:51:08 1 71 5120 4331 7.0 10.4 14 10
15:51:09 1 71 5120 4331 7.0 10.4 14 10
15:51:11 1 71 5120 4331 7.0 10.4 14 10
15:51:12 1 71 5120 4331 7.0 10.4 14 10
15:51:13 1 71 5120 4331 7.0 10.4 14 10
15:51:14 1 71 5120 4331 7.0 10.4 14 10
15:51:15 1 71 5120 4331 7.0 10.4 14 10
15:51:16 1 71 5120 4331 7.0 10.4 14 10
15:51:17 1 71 5120 4331 7.0 10.4 14 10
15:51:18 1 71 5120 4331 7.0 10.4 14 10
15:51:19 1 71 5120 4331 7.0 10.4 14 10
15:51:20 1 71 5120 4331 7.0 10.4 14 10
15:51:21 1 71 5120 4331 7.0 10.4 14 10
15:51:22 1 69 5120 4331 7.7 10.4 14 10
15:51:23 1 77 5120 4331 5.2 10.4 14 10
15:51:24 1 77 5120 4331 5.2 10.4 14 10
15:51:25 1 77 5120 4331 5.2 10.4 14 10
15:51:26 1 69 5120 4331 7.6 10.4 14 10
15:51:27 1 71 5120 4331 7.0 10.4 14 10
15:51:29 1 71 5120 4331 7.0 10.4 14 10
15:51:30 1 71 5120 4331 7.0 10.4 14 10
15:51:31 1 71 5120 4331 7.0 10.4 14 10
15:51:32 1 71 5120 4331 7.0 10.4 14 10
15:51:33 1 71 5120 4331 7.0 10.4 14 10
15:51:34 1 71 5120 4331 7.0 10.4 14 10
15:51:35 1 71 5120 4331 7.0 10.4 14 10
15:51:36 1 71 5120 4331 7.0 10.4 14 10
15:51:37 1 71 5120 4331 7.0 10.4 14 10
15:51:38 1 71 5120 4331 7.0 10.4 14 10
15:51:39 1 71 5120 4331 7.0 10.4 14 10
15:51:40 1 71 5120 4331 7.0 10.4 14 10
15:51:41 1 71 5120 4331 7.0 10.4 14 10
15:51:42 1 71 5120 4331 7.0 10.4 14 10
15:51:43 1 71 5120 4331 7.0 10.4 14 10
15:51:44 1 71 5120 4331 7.0 10.4 14 10
15:51:46 1 71 5120 4331 7.0 10.4 14 10
15:51:47 1 71 5120 4331 7.0 10.4 14 10
15:51:48 1 71 5120 4331 7.0 10.4 14 10
15:51:49 1 71 5120 4331 7.0 10.4 14 10
15:51:50 1 71 5120 4331 7.0 10.4 14 10
15:51:51 1 71 5120 4331 7.0 10.4 14 10
15:51:52 1 71 5120 4331 7.0 10.4 14 10
15:51:53 1 71 5120 4331 7.0 10.4 14 10
15:51:54 1 71 5120 4331 7.0 10.4 14 10
15:51:55 1 71 5120 4331 7.0 10.4 14 10
15:51:56 1 71 5120 4331 7.0 10.4 14 10
15:51:57 1 71 5120 4331 7.0 10.4 14 10
15:51:58 1 71 5120 4331 7.0 10.4 14 10
15:51:59 1 71 5120 4331 7.0 10.4 14 10
15:52:00 1 71 5120 4331 7.0 10.4 14 10
15:52:01 1 69 5120 4331 7.7 10.4 14 10
15:52:02 1 77 5120 4331 5.2 10.4 14 10
15:52:04 1 77 5120 4331 5.2 10.4 14 10
15:52:05 1 77 5120 4331 5.1 10.4 14 10
15:52:06 1 70 5120 4331 7.6 10.4 14 10
15:52:07 1 71 5120 4331 7.0 10.4 14 10
15:52:08 1 71 5120 4331 7.0 10.4 14 10
15:52:09 1 71 5120 4331 7.0 10.4 14 10
15:52:10 1 71 5120 4331 7.0 10.4 14 10
15:52:11 1 71 5120 4331 7.0 10.4 14 10
15:52:12 1 71 5120 4331 7.0 10.4 14 10
15:52:13 1 71 5120 4331 7.0 10.4 14 10
15:52:14 1 71 5120 4331 7.0 10.4 14 10
15:52:15 1 71 5120 4331 7.0 10.4 14 10
15:52:16 1 71 5120 4331 7.0 10.4 14 10
15:52:17 1 71 5120 4331 7.0 10.4 14 10
15:52:18 1 71 5120 4331 7.0 10.4 14 10
15:52:19 1 71 5120 4331 7.0 10.4 14 10
15:52:20 1 71 5120 4331 7.0 10.4 14 10
15:52:22 1 71 5120 4331 7.0 10.4 14 10
15:52:23 1 71 5120 4331 7.0 10.4 14 10
15:52:24 1 71 5120 4331 7.0 10.4 14 10
15:52:25 1 71 5120 4331 7.0 10.4 14 10
15:52:26 1 71 5120 4331 7.0 10.4 14 10
15:52:27 1 71 5120 4331 7.0 10.4 14 10
15:52:28 1 71 5120 4331 7.2 10.4 14 10
15:52:29 1 71 5120 4331 7.1 10.4 14 10
15:52:30 1 71 5120 4331 7.0 10.4 14 10
15:52:31 1 71 5120 4331 7.0 10.4 14 10
15:52:32 1 71 5120 4331 7.0 10.4 14 10
15:52:33 1 71 5120 4331 7.0 10.4 14 10
15:52:34 1 71 5120 4331 7.0 10.4 14 10
15:52:35 1 71 5120 4331 7.0 10.4 14 10
15:52:36 1 71 5120 4331 7.0 10.4 14 10
15:52:37 1 71 5120 4331 7.0 10.4 14 10
15:52:38 1 71 5120 4331 7.0 10.4 14 10
15:52:40 1 69 5120 4331 7.7 10.4 14 10
15:52:41 1 77 5120 4331 5.1 10.4 14 10
15:52:42 1 77 5120 4331 5.1 10.4 14 10
15:52:43 1 77 5120 4331 5.1 10.4 14 10
15:52:44 1 70 5120 4331 7.6 10.4 14 10
15:52:45 1 72 5120 4331 7.0 10.4 14 10
15:52:46 1 71 5120 4331 7.0 10.4 14 10
15:52:47 1 71 5120 4331 7.0 10.4 14 10
15:52:48 1 71 5120 4331 7.0 10.4 14 10
15:52:49 1 71 5120 4331 7.0 10.4 14 10
15:52:50 1 71 5120 4331 7.0 10.4 14 10
15:52:51 1 72 5120 4331 7.0 10.4 14 10
15:52:52 1 72 5120 4331 7.0 10.4 14 10
15:52:53 1 71 5120 4331 7.0 10.4 14 10
15:52:54 1 71 5120 4331 7.0 10.4 14 10
15:52:55 1 71 5120 4331 7.0 10.4 14 10
15:52:57 1 71 5120 4331 7.0 10.4 14 10
15:52:58 1 71 5120 4331 7.1 10.4 14 10
15:52:59 1 72 5120 4331 7.0 10.4 14 10
15:53:00 1 71 5120 4331 7.0 10.4 14 10
15:53:01 1 72 5120 4331 7.0 10.4 14 10
15:53:02 1 72 5120 4331 7.0 10.4 14 10
15:53:03 1 72 5120 4331 7.0 10.4 14 10
15:53:04 1 72 5120 4331 7.0 10.4 14 10
15:53:05 1 72 5120 4331 7.0 10.4 14 10
15:53:06 1 71 5120 4331 7.2 10.4 14 10
15:53:07 1 70 5120 4331 7.3 10.0 14 10
15:53:08 1 54 5120 4331 8.7 5.2 14 10
15:53:09 1 41 5120 4331 9.6 2.4 14 10
15:53:10 1 41 5120 4331 9.0 2.3 14 10
15:53:11 1 37 5120 4331 10.2 2.3 14 10
15:53:12 1 39 5120 4331 9.5 2.3 14 10
15:53:14 1 42 5120 4331 8.3 2.3 14 10
15:53:15 1 38 5120 4331 9.7 2.3 14 10
15:53:16 1 35 5120 4331 10.8 2.3 14 10
15:53:17 1 37 5120 4331 10.0 2.3 14 10
15:53:18 1 34 5120 4331 10.7 2.3 14 10
15:53:19 1 36 5120 4331 11.1 2.3 14 10
15:53:20 1 44 5120 4331 8.5 2.3 14 10
15:53:21 1 48 5120 4331 7.1 2.3 14 10
15:53:22 1 44 5120 4331 8.5 2.3 14 10
15:53:23 1 36 5120 4331 11.2 2.4 14 10
15:53:24 1 41 5120 4331 9.4 2.4 14 10
15:53:25 1 37 5120 4331 10.7 2.4 14 10
15:53:26 1 40 5120 4331 10.1 2.4 14 10
15:53:27 1 40 5120 4331 9.8 2.4 14 10
15:53:28 1 44 5120 4331 8.5 2.4 14 10
15:53:29 1 40 5120 4331 9.8 2.4 14 10
15:53:31 1 38 5120 4331 10.6 2.4 14 10
15:53:32 1 41 5120 4331 9.4 2.4 14 10
15:53:33 1 38 5120 4331 10.5 2.4 14 10
15:53:34 1 41 5120 4331 9.7 2.4 14 10
15:53:35 1 40 5120 4331 9.8 2.4 14 10
15:53:36 1 41 5120 4331 9.7 2.3 14 10
15:53:37 1 40 5120 4331 9.7 2.3 14 10
15:53:38 1 37 5120 4331 10.9 2.3 14 10
15:53:39 1 42 5120 4331 8.8 2.3 14 10
15:53:40 1 35 5120 4331 10.9 2.3 14 10
15:53:41 1 37 5120 4331 10.6 2.3 14 10
15:53:42 1 39 5120 4331 9.8 2.3 14 10
15:53:43 1 38 5120 4331 9.9 2.3 14 10
15:53:44 1 38 5120 4331 9.7 2.3 14 10
15:53:45 1 37 5120 4331 10.1 2.3 14 10
15:53:46 1 42 5120 4331 8.5 2.3 14 10
15:53:48 1 35 5120 4331 10.8 2.3 14 10
15:53:49 1 38 5120 4331 9.8 2.3 14 10
15:53:50 1 38 5120 4331 9.9 2.3 14 10
15:53:51 1 35 5120 4331 10.7 2.3 14 10
15:53:52 1 39 5120 4331 9.5 2.2 14 10
15:53:53 1 43 5120 4331 8.0 2.2 14 10
15:53:54 1 36 5120 4331 10.4 2.2 14 10
15:53:55 1 36 5120 4331 10.0 1.9 14 10
15:53:56 1 37 5120 4331 9.8 1.8 14 10
15:53:57 2 36 5120 4331 9.8 1.8 14 10
15:53:58 1 47 5120 4331 7.8 1.7 14 10
15:53:59 1 55 5120 4331 5.2 1.7 14 10
15:54:00 1 55 5120 4331 5.2 1.7 14 10
15:54:01 1 55 5120 4331 5.2 1.7 14 10
15:54:02 1 47 5120 4331 7.7 1.7 14 10
15:54:04 1 49 5120 4331 7.1 1.7 14 10
15:54:05 1 49 5120 4331 7.1 1.7 14 10
15:54:06 1 49 5120 4331 7.1 1.7 14 10
15:54:07 1 49 5120 4331 7.1 1.7 14 10
15:54:08 1 49 5120 4331 7.1 1.7 14 10
15:54:09 1 49 5120 4331 7.1 1.7 14 10
15:54:10 1 49 5120 4331 7.1 1.7 14 10
15:54:11 1 49 5120 4331 7.0 1.7 14 10
15:54:12 1 50 5120 4331 7.0 1.7 14 10
15:54:13 1 50 5120 4331 7.0 1.7 14 10
15:54:14 1 50 5120 4331 7.0 1.7 14 10
15:54:15 1 50 5120 4331 7.0 1.7 14 10
15:54:16 1 49 5120 4331 7.1 1.7 14 10
15:54:17 1 50 5120 4331 7.0 1.7 14 10
15:54:18 1 50 5120 4331 7.0 1.7 14 10
15:54:19 1 50 5120 4331 7.0 1.7 14 10
15:54:20 1 50 5120 4331 7.0 1.7 14 10
15:54:22 1 50 5120 4331 7.0 1.7 14 10
15:54:23 1 50 5120 4331 7.0 1.7 14 10
15:54:24 1 50 5120 4331 7.0 1.7 14 10
15:54:25 1 50 5120 4331 7.0 1.7 14 10
15:54:26 1 50 5120 4331 7.0 1.7 14 10
15:54:27 1 50 5120 4331 7.0 1.7 14 10
15:54:28 1 50 5120 4331 7.0 1.7 14 10
15:54:29 1 50 5120 4331 7.0 1.7 14 10
15:54:30 1 50 5120 4331 7.0 1.7 14 10
15:54:31 1 50 5120 4331 7.0 1.7 14 10
15:54:32 1 50 5120 4331 7.0 1.7 14 10
15:54:33 1 50 5120 4331 7.0 1.7 14 10
15:54:34 1 50 5120 4331 7.0 1.7 14 10
15:54:35 1 50 5120 4331 7.0 1.7 14 10
15:54:36 1 50 5120 4331 7.0 1.7 14 10
15:54:37 1 48 5120 4331 7.7 1.7 14 10
15:54:39 1 56 5120 4331 5.1 1.7 14 10
15:54:40 1 56 5120 4331 5.2 1.7 14 10
15:54:41 1 56 5120 4331 5.2 1.7 14 10
15:54:42 1 48 5120 4331 7.6 1.7 14 10
15:54:43 1 50 5120 4331 7.0 1.7 14 10
15:54:44 1 50 5120 4331 7.0 1.7 14 10
15:54:45 1 50 5120 4331 7.0 1.7 14 10
15:54:46 1 50 5120 4331 7.0 1.7 14 10
15:54:47 1 50 5120 4331 7.0 1.7 14 10
15:54:48 1 50 5120 4331 7.0 1.7 14 10
15:54:49 1 50 5120 4331 7.0 1.7 14 10
15:54:50 1 50 5120 4331 7.0 1.7 14 10
15:54:51 1 51 5120 4331 7.0 1.7 14 10
15:54:52 1 51 5120 4331 7.0 1.7 14 10
15:54:53 1 51 5120 4331 7.0 1.7 14 10
15:54:54 1 51 5120 4331 7.0 1.7 14 10
15:54:55 1 51 5120 4331 7.0 1.7 14 10
15:54:57 1 51 5120 4331 7.0 1.7 14 10
15:54:58 1 51 5120 4331 7.0 1.7 14 10
15:54:59 1 51 5120 4331 7.0 1.7 14 10
15:55:00 1 50 5120 4331 7.1 1.7 14 10
15:55:01 1 50 5120 4331 7.1 1.7 14 10
15:55:02 1 51 5120 4331 7.0 1.7 14 10
15:55:03 1 50 5120 4331 7.1 1.7 14 10
15:55:04 1 50 5120 4331 7.1 1.7 14 10
15:55:05 1 50 5120 4331 7.1 1.7 14 10
15:55:06 1 51 5120 4331 7.1 1.7 14 10
15:55:07 1 51 5120 4331 7.1 1.7 14 10
15:55:08 1 51 5120 4331 7.1 1.7 14 10
15:55:09 1 51 5120 4331 7.1 1.7 14 10
15:55:10 1 51 5120 4331 7.1 1.7 14 10
15:55:11 1 51 5120 4331 7.0 1.7 14 10
15:55:12 1 51 5120 4331 7.0 1.7 14 10
15:55:13 1 51 5120 4331 7.0 1.7 14 10
15:55:15 1 51 5120 4331 7.0 1.7 14 10
15:55:16 1 49 5120 4331 7.7 1.7 14 10
15:55:17 1 56 5120 4331 5.2 1.7 14 10
15:55:18 1 56 5120 4331 5.2 1.7 14 10
15:55:19 1 56 5120 4331 5.2 1.7 14 10
15:55:20 1 49 5120 4331 7.7 1.7 14 10
15:55:21 1 51 5120 4331 7.1 1.7 14 10
15:55:22 1 51 5120 4331 7.1 1.7 14 10
15:55:23 1 51 5120 4331 7.1 1.7 14 10
15:55:24 1 51 5120 4331 7.1 1.7 14 10
15:55:25 1 51 5120 4331 7.0 1.7 14 10
15:55:26 1 51 5120 4331 7.0 1.7 14 10
15:55:27 1 51 5120 4331 7.0 1.7 14 10
15:55:28 1 51 5120 4331 7.0 1.7 14 10
15:55:29 1 51 5120 4331 7.1 1.7 14 10
15:55:30 1 50 5120 4331 7.3 1.7 14 10
15:55:31 1 46 5120 4331 8.6 1.7 14 10
15:55:33 1 42 5120 4331 9.8 1.7 14 10
15:55:34 1 40 5120 4331 10.6 1.6 14 10
15:55:35 1 42 5120 4331 9.6 1.6 14 10
15:55:36 1 46 5120 4331 8.3 1.6 14 10
15:55:37 1 42 5120 4331 9.9 1.6 14 10
15:55:38 1 38 5120 4331 11.1 1.6 14 10
15:55:39 1 44 5120 4331 9.2 1.6 14 10
15:55:40 1 42 5120 4331 9.9 1.6 14 10
15:55:41 1 38 5120 4331 11.1 1.6 14 10
15:55:42 1 42 5120 4331 9.9 1.6 14 10
15:55:43 1 39 5120 4331 11.0 1.6 14 10
15:55:44 1 38 5120 4331 11.2 1.6 14 10
15:55:45 1 42 5120 4331 9.9 1.6 14 10
15:55:46 1 47 5120 4331 8.4 1.6 14 10
15:55:47 1 42 5120 4331 9.9 1.6 14 10
15:55:48 1 41 5120 4331 10.3 1.6 14 10
15:55:50 1 45 5120 4331 8.7 1.6 14 10
15:55:51 1 42 5120 4331 10.0 1.6 14 10
15:55:52 1 40 5120 4331 10.8 1.6 14 10
15:55:53 1 42 5120 4331 9.9 1.6 14 10
15:55:54 1 40 5120 4331 10.7 1.6 14 10
15:55:55 1 38 5120 4331 11.1 1.6 14 10
15:55:56 1 46 5120 4331 8.4 1.6 14 10
15:55:57 1 48 5120 4331 8.0 1.6 14 10
15:55:58 1 46 5120 4331 8.5 1.6 14 10
15:55:59 1 41 5120 4331 10.2 1.6 14 10
15:56:00 1 46 5120 4331 8.6 1.6 14 10
15:56:01 1 42 5120 4331 9.7 1.6 14 10
15:56:02 1 46 5120 4331 8.6 1.6 14 10
15:56:03 1 44 5120 4331 9.2 1.6 14 10
15:56:04 1 42 5120 4331 9.8 1.6 14 10
15:56:05 1 42 5120 4323 9.7 1.6 14 10
15:56:06 1 45 5120 4323 8.9 1.6 14 10
15:56:08 1 38 5120 4323 11.1 1.6 14 10
15:56:09 1 45 5120 4323 9.0 1.6 14 10
15:56:10 1 41 5120 4323 10.0 1.6 14 10
15:56:11 1 44 5120 4323 9.3 1.6 14 10
15:56:12 1 41 5120 4323 10.0 1.6 14 10
15:56:13 1 38 5120 4323 10.9 1.6 14 10
15:56:14 1 42 5120 4323 9.8 1.6 14 10
15:56:15 1 40 5120 4323 10.1 1.6 14 10
15:56:16 1 40 5120 4323 9.7 1.6 14 10
15:56:17 1 41 5120 4323 10.0 1.6 14 10
15:56:18 1 38 5120 4323 10.9 1.6 14 10
15:56:19 1 40 5120 4323 9.8 1.6 14 10
15:56:20 1 39 5120 4323 9.8 1.6 14 10
15:56:21 1 39 5120 4323 10.0 1.6 14 10
15:56:22 1 39 5120 4323 10.0 1.6 14 10
15:56:24 1 36 5120 4323 11.2 1.6 14 10
15:56:25 1 38 5120 4323 10.5 1.6 14 10
15:56:26 1 40 5120 4323 9.8 1.6 14 10
15:56:27 1 39 5120 4323 10.1 1.6 14 10
15:56:28 1 40 5120 4323 9.6 1.6 14 10
15:56:29 1 46 5120 4323 7.8 1.6 14 10
15:56:30 1 46 5120 4323 7.8 1.5 14 10
15:56:31 1 37 5120 4323 11.1 1.5 14 10
15:56:32 1 36 5120 4323 11.1 1.5 14 10
15:56:33 1 40 5120 4323 9.9 1.5 14 10
15:56:34 1 36 5120 4323 11.6 1.5 14 10
15:56:35 1 47 5120 4323 7.9 1.5 14 10
15:56:36 1 46 5120 4323 8.4 1.5 14 10
15:56:37 1 45 5120 4323 8.6 1.5 14 10
15:56:38 1 38 5120 4323 11.0 1.5 14 10
15:56:39 1 41 5120 4323 9.9 1.5 14 10
15:56:41 1 45 5120 4323 8.6 1.5 14 10
15:56:42 1 41 5120 4323 9.9 1.5 14 10
15:56:43 1 40 5120 4323 10.2 1.5 14 10
15:56:44 1 41 5120 4323 9.9 1.5 14 10
15:56:45 1 37 5120 4323 11.2 1.5 14 10
15:56:46 1 37 5120 4323 11.4 1.5 14 10
15:56:47 1 41 5120 4323 10.1 1.5 14 10
15:56:48 1 38 5120 4323 11.0 1.5 14 10
15:56:49 1 39 5120 4323 10.9 1.5 14 10
15:56:50 1 41 5120 4323 9.9 1.5 14 10
15:56:51 1 45 5120 4323 8.6 1.5 14 10
15:56:52 1 41 5120 4323 9.9 1.5 14 10
15:56:53 1 38 5120 4323 10.7 1.5 14 10
15:56:54 1 45 5120 4323 8.7 1.3 14 10
15:56:55 1 40 5120 4323 9.9 1.3 14 10
15:56:57 1 37 5120 4323 11.1 1.3 14 10
15:56:58 1 42 5120 4323 9.5 1.3 14 10
15:56:59 1 37 5120 4323 10.8 1.3 14 10
15:57:00 1 42 5120 4323 9.5 1.3 14 10
15:57:01 1 38 5120 4323 10.9 1.3 14 10
15:57:02 1 38 5120 4323 10.9 1.3 14 10
15:57:03 1 41 5120 4323 9.7 1.3 14 10
15:57:04 1 46 5120 4323 8.1 1.3 14 10
15:57:05 1 41 5120 4323 9.8 1.3 14 10
15:57:06 1 39 5120 4323 10.8 1.3 14 10
15:57:07 1 40 5120 4323 10.1 1.3 14 10
15:57:08 1 38 5120 4323 11.0 1.3 14 10
15:57:09 1 40 5120 4323 10.3 1.3 14 10
15:57:10 1 41 5120 4323 10.0 1.3 14 10
15:57:11 1 39 5120 4323 10.7 1.3 14 10
15:57:12 1 41 5120 4323 10.0 1.3 14 10
15:57:14 1 36 5120 4323 11.7 1.3 14 10
15:57:15 1 47 5120 4323 8.0 1.3 14 10
15:57:16 1 42 5120 4323 9.5 1.3 14 10
15:57:17 1 42 5120 4323 9.5 1.3 14 10
15:57:18 1 40 5120 4323 10.4 1.3 14 10
15:57:19 1 41 5120 4323 9.9 1.3 14 10
15:57:20 1 39 5120 4323 10.7 1.3 14 10
15:57:21 1 40 5120 4323 10.1 1.3 14 10
15:57:22 1 41 5120 4323 9.9 1.3 14 10
15:57:23 1 41 5120 4323 9.8 1.3 14 10
15:57:24 1 39 5120 4323 10.7 1.3 14 10
15:57:25 1 41 5120 4323 10.0 1.3 14 10
15:57:26 1 41 5120 4323 9.9 1.3 14 10
15:57:27 1 42 5120 4323 9.7 1.3 14 10
15:57:28 1 42 5120 4323 9.8 1.3 14 10
15:57:29 1 42 5120 4323 9.7 1.3 14 10
15:57:31 1 42 5120 4323 9.5 1.3 14 10
15:57:32 1 42 5120 4323 9.8 1.3 14 10
15:57:33 1 42 5120 4323 9.7 1.3 14 10
15:57:34 1 39 5120 4323 10.8 1.3 14 10
15:57:35 1 41 5120 4323 9.9 1.3 14 10
15:57:36 1 46 5120 4323 8.2 1.3 14 10
15:57:37 1 40 5120 4323 10.3 1.3 14 10
15:57:38 1 38 5120 4323 10.8 1.3 14 10
15:57:39 1 41 5120 4323 10.0 1.3 14 10
15:57:40 1 38 5120 4323 10.9 1.3 14 10
15:57:41 1 44 5120 4323 9.1 1.3 14 10
15:57:42 1 45 5120 4323 8.6 1.3 14 10
15:57:43 1 42 5120 4323 9.8 1.3 14 10
15:57:44 1 39 5120 4323 10.8 1.3 14 10
15:57:45 1 44 5120 4323 9.1 1.3 14 10
15:57:46 1 40 5120 4323 10.3 1.3 14 10
15:57:48 1 39 5120 4323 10.7 1.3 14 10
15:57:49 1 42 5120 4323 9.7 1.3 14 10
15:57:50 1 38 5120 4323 11.0 1.3 14 10
15:57:51 1 39 5120 4323 10.8 1.3 14 10
15:57:52 1 41 5120 4323 10.6 1.3 14 10
15:57:53 1 39 5120 4323 10.5 1.3 14 10
15:57:54 1 45 5120 4323 8.5 1.3 14 10
15:57:55 1 46 5120 4323 8.5 1.3 14 10
15:57:56 1 48 5120 4323 7.6 1.3 14 10
15:57:57 1 49 5120 4323 7.4 1.3 14 10
15:57:58 1 49 5120 4323 7.3 1.3 14 10
15:57:59 1 49 5120 4323 7.2 1.3 14 10
15:58:00 1 50 5120 4323 7.1 1.3 14 10
15:58:01 1 50 5120 4323 7.1 1.3 14 10
15:58:02 1 50 5120 4323 7.1 1.3 14 10
15:58:03 1 50 5120 4323 7.1 1.3 14 10
15:58:04 1 50 5120 4323 7.1 1.3 14 10
15:58:06 1 50 5120 4323 7.1 1.3 14 10
15:58:07 1 50 5120 4323 7.1 1.3 14 10
15:58:08 1 49 5120 4323 7.2 1.3 14 10
15:58:09 1 45 5120 4323 8.6 1.3 14 10
15:58:10 1 42 5120 4323 9.8 1.3 14 10
15:58:11 1 40 5120 4323 10.2 1.3 14 10
15:58:12 1 42 5120 4323 9.8 1.3 14 10
15:58:13 1 38 5120 4323 11.0 1.3 14 10
15:58:14 1 38 5120 4323 11.1 1.3 14 10
15:58:15 1 41 5120 4323 10.1 1.3 14 10
15:58:16 1 39 5120 4323 10.6 1.3 14 10
15:58:17 1 41 5120 4323 10.0 1.3 14 10
15:58:18 1 41 5120 4323 9.9 1.3 14 10
15:58:19 1 38 5120 4323 11.0 1.3 14 10
15:58:20 1 40 5120 4323 10.4 1.3 14 10
15:58:21 1 42 5120 4323 9.9 1.3 14 10
15:58:22 1 44 5120 4323 9.0 1.3 14 10
15:58:24 1 41 5120 4323 9.9 1.3 14 10
15:58:25 1 39 5120 4323 10.9 1.3 14 10
15:58:26 1 45 5120 4323 8.7 1.3 14 10
15:58:27 1 40 5120 4323 10.2 1.3 14 10
15:58:28 1 38 5120 4323 11.0 1.3 14 10
15:58:29 1 42 5120 4323 9.8 1.3 14 10
15:58:30 1 39 5120 4323 10.9 1.3 14 10
15:58:31 1 37 5120 4323 11.5 1.3 14 10
15:58:32 1 48 5120 4323 7.7 1.3 14 10
15:58:33 1 44 5120 4323 9.1 1.3 14 10
15:58:34 1 43 5120 4323 9.3 1.3 14 10
15:58:35 1 40 5120 4323 10.6 1.3 14 10
15:58:36 1 39 5120 4323 10.8 1.3 14 10
15:58:37 1 38 5120 4323 11.2 1.3 14 10
15:58:38 1 41 5120 4323 10.1 1.3 14 10
15:58:40 1 39 5120 4323 10.6 1.3 14 10
15:58:41 1 40 5120 4323 10.5 1.3 14 10
15:58:42 1 42 5120 4323 9.9 1.3 14 10
15:58:43 1 50 5120 4323 7.0 1.3 14 10
15:58:44 1 50 5120 4323 7.0 1.3 14 10
15:58:45 1 50 5120 4323 7.0 1.3 14 10
15:58:46 1 50 5120 4323 7.0 1.3 14 10
15:58:47 1 50 5120 4323 7.0 1.3 14 10
15:58:48 1 50 5120 4323 7.0 1.3 14 10
15:58:49 1 50 5120 4323 7.0 1.3 14 10
15:58:50 1 50 5120 4323 7.0 1.3 14 10
15:58:51 1 50 5120 4323 7.0 1.3 14 10
15:58:52 1 50 5120 4323 7.0 1.3 14 10
15:58:53 1 50 5120 4323 7.0 1.3 14 10
15:58:54 1 50 5120 4323 7.0 1.3 14 10
15:58:55 1 50 5120 4323 7.0 1.3 14 10
15:58:56 1 50 5120 4323 7.0 1.3 14 10
15:58:58 1 50 5120 4323 7.0 1.3 14 10
15:58:59 1 50 5120 4323 7.0 1.3 14 10
15:59:00 1 50 5120 4315 7.0 1.3 14 10
15:59:01 1 50 5120 4299 7.1 1.3 14 10
15:59:02 1 50 5120 4299 7.1 1.3 14 10
15:59:03 1 50 5120 4299 7.1 1.3 14 10
15:59:04 1 50 5120 4299 7.1 1.3 14 10
15:59:05 1 50 5120 4299 7.0 1.3 14 10
15:59:06 1 50 5120 4299 7.0 1.3 14 10
15:59:07 1 50 5120 4299 7.0 1.3 14 10
15:59:08 1 50 5120 4299 7.0 1.3 14 10
15:59:09 1 48 5120 4299 7.8 1.3 14 10
15:59:10 1 52 5120 4299 5.2 1.3 14 10
15:59:11 1 56 5120 4299 5.2 1.3 14 10
15:59:12 1 56 5120 4299 5.2 1.3 14 10
15:59:13 1 48 5120 4299 7.6 1.3 14 10
15:59:15 1 48 5120 4299 7.6 1.3 14 10
15:59:16 1 50 5120 4291 7.0 1.3 14 10
15:59:17 1 50 5120 4291 7.0 1.3 14 10
15:59:18 1 50 5120 4291 7.1 1.3 14 10
15:59:19 1 50 5120 4291 7.0 1.3 14 10
15:59:20 1 50 5120 4291 7.0 1.3 14 10
15:59:21 1 50 5120 4291 7.0 1.3 14 10
15:59:22 1 50 5120 4291 7.0 1.3 14 10
15:59:23 1 50 5120 4291 7.0 1.3 14 10
15:59:24 1 50 5120 4291 7.0 1.3 14 10
15:59:25 1 50 5120 4291 7.0 1.3 14 10
15:59:26 1 50 5120 4291 7.0 1.3 14 10
15:59:27 1 50 5120 4291 7.0 1.3 14 10
15:59:28 1 50 5120 4291 7.0 1.3 14 10
15:59:29 1 50 5120 4291 7.0 1.3 14 10
15:59:30 1 50 5120 4291 7.0 1.3 14 10
15:59:31 1 50 5120 4291 7.0 1.3 14 10
15:59:33 1 50 5120 4291 7.0 1.3 14 10
15:59:34 1 50 5120 4291 7.0 1.3 14 10
15:59:35 1 50 5120 4291 7.0 1.3 14 10
15:59:36 1 50 5120 4291 7.0 1.3 14 10
15:59:37 1 50 5120 4291 7.0 1.3 14 10
15:59:38 1 50 5120 4291 7.0 1.3 14 10
15:59:39 1 50 5120 4291 7.0 1.3 14 10
15:59:40 1 50 5120 4291 7.0 1.3 14 10
15:59:41 1 50 5120 4291 7.0 1.3 14 10
15:59:42 1 50 5120 4291 7.0 1.3 14 10
15:59:43 1 50 5120 4291 7.0 1.3 14 10
15:59:44 1 50 5120 4291 7.0 1.3 14 10
15:59:45 1 50 5120 4291 7.0 1.3 14 10
15:59:46 1 50 5120 4291 7.0 1.3 14 10
15:59:47 1 50 5120 4291 7.0 1.3 14 10
15:59:48 1 48 5120 4291 7.7 1.3 14 10
15:59:49 1 56 5120 4291 5.2 1.3 14 10
15:59:51 1 56 5120 4291 5.2 1.3 14 10
15:59:52 1 56 5120 4291 5.2 1.3 14 10
15:59:53 1 49 5120 4291 7.6 1.3 14 10
15:59:54 1 50 5120 4291 7.0 1.3 14 10
15:59:55 1 50 5120 4291 7.0 1.3 14 10
15:59:56 1 50 5120 4291 7.0 1.3 14 10
15:59:57 1 50 5120 4291 7.0 1.3 14 10
15:59:58 1 50 5120 4291 7.0 1.3 14 10
15:59:59 1 50 5120 4291 7.0 1.3 14 10
16:00:00 1 50 5120 4291 7.0 1.3 14 10
16:00:01 1 50 5120 4291 7.0 1.3 14 10
16:00:02 1 50 5120 4291 7.0 1.3 14 10
16:00:03 1 50 5120 4291 7.1 1.3 14 10
16:00:04 1 50 5120 4291 7.0 1.3 14 10
16:00:05 1 50 5120 4291 7.0 1.3 14 10
16:00:06 1 50 5120 4291 7.0 1.3 14 10
16:00:08 1 50 5120 4291 7.0 1.3 14 10
16:00:09 1 50 5120 4291 7.0 1.3 14 10
16:00:10 1 50 5120 4291 7.0 1.3 14 10
16:00:11 1 50 5120 4291 7.0 1.3 14 10
16:00:12 1 50 5120 4291 7.1 1.3 14 10
16:00:13 1 50 5120 4291 7.1 1.3 14 10
16:00:14 1 50 5120 4291 7.1 1.3 14 10
16:00:15 1 50 5120 4291 7.1 1.3 14 10
16:00:16 1 50 5120 4291 7.1 1.3 14 10
16:00:17 1 50 5120 4291 7.1 1.3 14 10
16:00:18 1 51 5120 4291 7.0 1.3 14 10
16:00:19 1 50 5120 4291 7.1 1.3 14 10
16:00:20 1 50 5120 4291 7.1 1.3 14 10
16:00:21 1 51 5120 4291 7.0 1.3 14 10
16:00:22 1 51 5120 4291 7.0 1.3 14 10
16:00:23 1 51 5120 4291 7.0 1.3 14 10
16:00:24 1 51 5120 4291 7.0 1.3 14 10
16:00:26 1 51 5120 4291 7.0 1.3 14 10
16:00:27 1 48 5120 4291 7.8 1.3 14 10
16:00:28 1 56 5120 4291 5.3 1.3 14 10
16:00:29 1 56 5120 4291 5.2 1.3 14 10
16:00:30 1 56 5120 4291 5.2 1.3 14 10
16:00:31 1 48 5120 4291 7.8 1.3 14 10
16:00:32 1 50 5120 4291 7.2 1.3 14 10
16:00:33 1 50 5120 4291 7.2 1.3 14 10
16:00:34 1 50 5120 4291 7.2 1.3 14 10
16:00:35 1 50 5120 4291 7.3 1.3 14 10
16:00:36 1 50 5120 4291 7.3 1.3 14 10
16:00:37 1 50 5120 4291 7.3 1.3 14 10
16:00:38 1 50 5120 4291 7.3 1.3 14 10
16:00:39 1 50 5120 4291 7.3 1.3 14 10
16:00:40 1 50 5120 4291 7.3 1.3 14 10
16:00:41 1 50 5120 4291 7.2 1.3 14 10
16:00:42 1 50 5120 4291 7.2 1.3 14 10
16:00:44 1 50 5120 4291 7.2 1.3 14 10
16:00:45 1 50 5120 4291 7.2 1.3 14 10
16:00:46 1 50 5120 4291 7.2 1.3 14 10
16:00:47 1 50 5120 4291 7.2 1.3 14 10
16:00:48 1 50 5120 4291 7.2 1.3 14 10
16:00:49 1 50 5120 4291 7.2 1.3 14 10
16:00:50 1 50 5120 4291 7.2 1.3 14 10
16:00:51 1 51 5120 4291 7.1 1.3 14 10
16:00:52 1 51 5120 4291 7.1 1.3 14 10
16:00:53 1 51 5120 4291 7.1 1.3 14 10
16:00:54 1 51 5120 4291 7.1 1.3 14 10
16:00:55 1 51 5120 4291 7.1 1.3 14 10
16:00:56 1 51 5120 4291 7.0 1.3 14 10
16:00:57 1 51 5120 4291 7.0 1.3 14 10
16:00:58 1 51 5120 4291 7.0 1.3 14 10
16:00:59 1 51 5120 4291 7.0 1.3 14 10
16:01:01 1 51 5120 4291 7.0 1.3 14 10
16:01:02 1 51 5120 4291 7.0 1.3 14 10
16:01:03 1 51 5120 4291 7.0 1.3 14 10
16:01:04 1 51 5120 4291 7.0 1.3 14 10
16:01:05 1 50 5120 4291 7.8 1.3 14 10
16:01:06 1 49 5120 4291 7.8 1.3 14 10
16:01:07 1 56 5120 4291 5.1 1.3 14 10
16:01:08 1 56 5120 4291 5.2 1.3 14 10
16:01:09 1 54 5120 4291 7.4 1.3 14 10
16:01:10 1 49 5120 4291 7.6 1.3 14 10
16:01:11 1 51 5120 4291 7.0 1.3 14 10
16:01:12 1 51 5120 4291 7.0 1.3 14 10
16:01:13 1 51 5120 4291 7.0 1.3 14 10
16:01:14 1 51 5120 4291 7.0 1.3 14 10
16:01:15 1 51 5120 4291 7.0 1.3 14 10
16:01:16 1 51 5120 4291 7.0 1.3 14 10
16:01:17 1 51 5120 4291 7.0 1.3 14 10
16:01:19 1 51 5120 4291 7.0 1.3 14 10
16:01:20 1 51 5120 4291 7.0 1.3 14 10
16:01:21 1 51 5120 4291 7.0 1.3 14 10
16:01:22 1 51 5120 4291 7.0 1.3 14 10
16:01:23 1 51 5120 4291 7.0 1.3 14 10
16:01:24 1 51 5120 4291 7.0 1.3 14 10
16:01:25 1 51 5120 4291 7.0 1.3 14 10
16:01:26 1 51 5120 4291 7.0 1.3 14 10
16:01:27 1 51 5120 4291 7.0 1.3 14 10
16:01:28 1 51 5120 4291 7.0 1.3 14 10
16:01:29 1 51 5120 4291 7.0 1.4 14 10
16:01:30 1 51 5120 4291 7.0 1.4 14 10
16:01:31 1 51 5120 4291 7.0 1.4 14 10
16:01:32 1 51 5120 4291 7.0 1.4 14 10
16:01:33 1 51 5120 4291 7.0 1.4 14 10
16:01:34 1 51 5120 4291 7.0 1.4 14 10
16:01:36 1 51 5120 4291 7.0 1.4 14 10
16:01:37 1 51 5120 4291 7.0 1.4 14 10
16:01:38 1 51 5120 4291 7.0 1.4 14 10
16:01:39 1 51 5120 4291 7.1 1.4 14 10
16:01:40 1 51 5120 4291 7.1 1.4 14 10
16:01:41 1 51 5120 4291 7.1 1.4 14 10
16:01:42 1 51 5120 4291 7.1 1.4 14 10
16:01:43 1 51 5120 4291 7.1 1.4 14 10
16:01:44 1 49 5120 4291 7.8 1.3 14 10
16:01:45 1 57 5120 4291 5.2 1.3 14 10
16:01:46 1 56 5120 4291 5.3 1.3 14 10
16:01:47 1 57 5120 4291 5.2 1.3 14 10
16:01:48 1 49 5120 4291 7.7 1.4 14 10
16:01:49 1 51 5120 4291 7.1 1.4 14 10
16:01:50 1 51 5120 4291 7.1 1.4 14 10
16:01:51 1 51 5120 4291 7.1 1.4 14 10
16:01:53 1 51 5120 4291 7.1 1.4 14 10
16:01:54 1 51 5120 4291 7.1 1.4 14 10
16:01:55 1 51 5120 4291 7.1 1.4 14 10
16:01:56 1 51 5120 4291 7.2 1.4 14 10
16:01:57 1 51 5120 4291 7.1 1.4 14 10
16:01:58 1 51 5120 4291 7.1 1.4 14 10
16:01:59 1 51 5120 4291 7.0 1.4 14 10
16:02:00 1 51 5120 4291 7.0 1.4 14 10
16:02:01 1 51 5120 4291 7.0 1.4 14 10
16:02:02 1 51 5120 4291 7.0 1.4 14 10
16:02:03 1 51 5120 4291 7.0 1.4 14 10
16:02:04 1 51 5120 4291 7.1 1.4 14 10
16:02:05 1 51 5120 4291 7.0 1.4 14 10
16:02:06 1 51 5120 4291 7.0 1.4 14 10
16:02:07 1 51 5120 4291 7.0 1.4 14 10
16:02:08 1 51 5120 4291 7.0 1.4 14 10
16:02:10 1 51 5120 4291 7.0 1.4 14 10
16:02:11 1 51 5120 4291 7.0 1.4 14 10
16:02:12 1 51 5120 4291 7.0 1.4 14 10
16:02:13 1 51 5120 4291 7.0 1.4 14 10
16:02:14 1 51 5120 4291 7.0 1.4 14 10
16:02:15 1 51 5120 4291 7.0 1.4 14 10
16:02:16 1 51 5120 4291 7.0 1.4 14 10
16:02:17 1 51 5120 4291 7.0 1.4 14 10
16:02:18 1 51 5120 4291 7.0 1.4 14 10
16:02:19 1 51 5120 4291 7.0 1.4 14 10
16:02:20 1 51 5120 4291 7.0 1.4 14 10
16:02:21 1 51 5120 4291 7.0 1.4 14 10
16:02:22 1 51 5120 4291 7.0 1.3 14 10
16:02:23 1 49 5120 4291 7.8 1.3 14 10
16:02:24 1 57 5120 4291 5.2 1.3 14 10
16:02:25 1 57 5120 4291 5.1 1.3 14 10
16:02:27 1 57 5120 4291 5.1 1.4 14 10
16:02:28 1 50 5120 4291 7.6 1.4 14 10
16:02:29 1 51 5120 4291 7.0 1.4 14 10
16:02:30 1 51 5120 4291 7.0 1.4 14 10
16:02:31 1 51 5120 4291 7.0 1.4 14 10
16:02:32 1 51 5120 4291 7.0 1.4 14 10
16:02:33 1 51 5120 4291 7.0 1.4 14 10
16:02:34 1 51 5120 4291 7.0 1.4 14 10
16:02:35 1 51 5120 4291 7.0 1.4 14 10
16:02:36 1 51 5120 4291 7.0 1.4 14 10
16:02:37 1 51 5120 4291 7.0 1.4 14 10
16:02:38 1 51 5120 4291 7.0 1.4 14 10
16:02:39 1 51 5120 4291 7.0 1.4 14 10
16:02:40 1 51 5120 4291 7.0 1.4 14 10
16:02:41 1 51 5120 4291 7.0 1.4 14 10
16:02:42 1 51 5120 4291 7.0 1.4 14 10
16:02:43 1 51 5120 4291 7.0 1.4 14 10
16:02:45 1 51 5120 4291 7.0 1.4 14 10
16:02:46 1 51 5120 4291 7.0 1.4 14 10
16:02:47 1 51 5120 4291 7.0 1.4 14 10
16:02:48 1 51 5120 4291 7.0 1.4 14 10
16:02:49 1 51 5120 4291 7.0 1.4 14 10
16:02:50 1 51 5120 4291 7.0 1.4 14 10
16:02:51 1 51 5120 4291 7.0 1.4 14 10
16:02:52 1 51 5120 4291 7.0 1.4 14 10
16:02:53 1 51 5120 4291 7.0 1.4 14 10
16:02:54 1 51 5120 4291 7.0 1.4 14 10
16:02:55 1 51 5120 4291 7.0 1.4 14 10
16:02:56 1 51 5120 4291 7.0 1.4 14 10
16:02:57 1 51 5120 4291 7.0 1.4 14 10
16:02:58 1 51 5120 4291 7.0 1.4 14 10
16:02:59 1 51 5120 4291 7.0 1.4 14 10
16:03:00 1 51 5120 4291 7.0 1.4 14 10
16:03:02 1 49 5120 4291 7.8 1.3 14 10
16:03:03 1 57 5120 4291 5.2 1.3 14 10
16:03:04 1 57 5120 4291 5.2 1.3 14 10
16:03:05 1 57 5120 4291 5.2 1.3 14 10
16:03:06 1 49 5120 4291 7.7 1.4 14 10
16:03:07 1 51 5120 4291 7.0 1.4 14 10
16:03:08 1 51 5120 4291 7.0 1.4 14 10
16:03:09 1 51 5120 4291 7.0 1.4 14 10
16:03:10 1 51 5120 4291 7.0 1.4 14 10
16:03:11 1 51 5120 4291 7.0 1.4 14 10
16:03:12 1 51 5120 4291 7.0 1.4 14 10
16:03:13 1 51 5120 4291 7.0 1.4 14 10
16:03:14 1 51 5120 4291 7.1 1.4 14 10
16:03:15 1 51 5120 4291 7.1 1.4 14 10
16:03:16 1 51 5120 4291 7.0 1.4 14 10
16:03:17 1 51 5120 4291 7.0 1.4 14 10
16:03:19 1 51 5120 4291 7.0 1.4 14 10
16:03:20 1 51 5120 4291 7.0 1.4 14 10
16:03:21 1 51 5120 4291 7.0 1.4 14 10
16:03:22 1 51 5120 4291 7.1 1.4 14 10
16:03:23 1 51 5120 4291 7.1 1.4 14 10
16:03:24 1 51 5120 4291 7.0 1.4 14 10
16:03:25 1 51 5120 4291 7.0 1.4 14 10
16:03:26 1 51 5120 4291 7.0 1.4 14 10
16:03:27 1 51 5120 4291 7.0 1.4 14 10
16:03:28 1 51 5120 4291 7.0 1.4 14 10
16:03:29 1 51 5120 4291 7.0 1.4 14 10
16:03:30 1 51 5120 4291 7.0 1.4 14 10
16:03:31 1 51 5120 4291 7.0 1.4 14 10
16:03:32 1 51 5120 4291 7.0 1.4 14 10
16:03:33 1 51 5120 4291 7.0 1.4 14 10
16:03:34 1 51 5120 4291 7.0 1.4 14 10
16:03:35 1 51 5120 4291 7.0 1.4 14 10
16:03:37 1 51 5120 4291 7.0 1.4 14 10
16:03:38 1 51 5120 4291 7.0 1.4 14 10
16:03:39 1 51 5120 4291 7.0 1.4 14 10
16:03:40 1 51 5120 4291 7.1 1.3 14 10
16:03:41 1 49 5120 4291 7.8 1.3 14 10
16:03:42 1 57 5120 4291 5.2 1.3 14 10
16:03:43 1 57 5120 4291 5.2 1.3 14 10
16:03:44 1 50 5120 4291 7.6 1.4 14 10
16:03:45 1 50 5120 4291 7.6 1.4 14 10
16:03:46 1 51 5120 4291 7.0 1.4 14 10
16:03:47 1 51 5120 4291 7.0 1.4 14 10
16:03:48 1 51 5120 4291 7.0 1.4 14 10
16:03:49 1 51 5120 4291 7.0 1.4 14 10
16:03:50 1 51 5120 4291 7.0 1.4 14 10
16:03:51 1 51 5120 4291 7.0 1.4 14 10
16:03:52 1 51 5120 4291 7.0 1.4 14 10
16:03:53 1 51 5120 4291 7.0 1.4 14 10
16:03:55 1 51 5120 4291 7.0 1.4 14 10
16:03:56 1 51 5120 4291 7.0 1.4 14 10
16:03:57 1 51 5120 4291 7.0 1.4 14 10
16:03:58 1 51 5120 4291 7.0 1.4 14 10
16:03:59 1 51 5120 4291 7.0 1.4 14 10
16:04:00 1 51 5120 4291 7.0 1.4 14 10
16:04:01 1 51 5120 4291 7.0 1.4 14 10
16:04:02 1 51 5120 4291 7.0 1.4 14 10
16:04:03 1 51 5120 4291 7.0 1.4 14 10
16:04:04 1 51 5120 4291 7.0 1.4 14 10
16:04:05 1 51 5120 4291 7.0 1.4 14 10
16:04:06 1 51 5120 4291 7.0 1.4 14 10
16:04:07 1 51 5120 4291 7.0 1.4 14 10
16:04:08 1 51 5120 4291 7.0 1.4 14 10
16:04:09 1 51 5120 4291 7.0 1.4 14 10
16:04:10 1 51 5120 4291 7.0 1.4 14 10
16:04:11 1 51 5120 4291 7.0 1.4 14 10
16:04:13 1 51 5120 4291 7.0 1.4 14 10
16:04:14 1 51 5120 4291 7.0 1.4 14 10
16:04:15 1 51 5120 4291 7.0 1.4 14 10
16:04:16 1 51 5120 4291 7.0 1.4 14 10
16:04:17 1 51 5120 4291 7.0 1.4 14 10
16:04:18 1 51 5120 4291 7.1 1.4 14 10
16:04:19 1 49 5120 4291 7.8 1.4 14 10
16:04:20 1 57 5120 4291 5.2 1.4 14 10
16:04:21 1 57 5120 4291 5.3 1.4 14 10
16:04:22 1 57 5120 4291 5.2 1.4 14 10
16:04:23 1 50 5120 4291 7.6 1.4 14 10
16:04:24 1 51 5120 4291 7.0 1.4 14 10
16:04:25 1 51 5120 4291 7.0 1.4 14 10
16:04:26 1 51 5120 4291 7.0 1.4 14 10
16:04:27 1 51 5120 4291 7.0 1.4 14 10
16:04:28 1 51 5120 4291 7.0 1.4 14 10
16:04:29 1 51 5120 4291 7.0 1.4 14 10
16:04:31 1 51 5120 4291 7.0 1.4 14 10
16:04:32 1 51 5120 4291 7.0 1.4 14 10
16:04:33 1 51 5120 4291 7.0 1.4 14 10
16:04:34 1 51 5120 4291 7.1 1.4 14 10
16:04:35 1 51 5120 4291 7.0 1.4 14 10
16:04:36 1 51 5120 4291 7.0 1.4 14 10
16:04:37 1 51 5120 4291 7.0 1.4 14 10
16:04:38 1 51 5120 4291 7.0 1.4 14 10
16:04:39 1 51 5120 4291 7.0 1.4 14 10
16:04:40 1 51 5120 4291 7.0 1.4 14 10
16:04:41 1 51 5120 4291 7.0 1.4 14 10
16:04:42 1 51 5120 4291 7.0 1.4 14 10
16:04:43 1 51 5120 4291 7.0 1.4 14 10
16:04:44 1 51 5120 4291 7.1 1.4 14 10
16:04:45 1 51 5120 4291 7.1 1.4 14 10
16:04:46 1 51 5120 4291 7.0 1.4 14 10
16:04:48 1 51 5120 4291 7.0 1.4 14 10
16:04:49 1 51 5120 4291 7.0 1.4 14 10
16:04:50 1 51 5120 4291 7.0 1.4 14 10
16:04:51 1 51 5120 4291 7.0 1.4 14 10
16:04:52 1 51 5120 4291 7.0 1.4 14 10
16:04:53 1 51 5120 4291 7.0 1.4 14 10
16:04:54 1 51 5120 4291 7.0 1.4 14 10
16:04:55 1 51 5120 4291 7.0 1.4 14 10
16:04:56 1 51 5120 4291 7.0 1.4 14 10
16:04:57 1 49 5120 4291 7.8 1.4 14 10
16:04:58 1 57 5120 4291 5.2 1.4 14 10
16:04:59 1 57 5120 4291 5.2 1.4 14 10
16:05:00 1 57 5120 4291 5.2 1.4 14 10
16:05:01 1 50 5120 4291 7.6 1.4 14 10
16:05:02 1 51 5120 4291 7.0 1.4 14 10
16:05:03 1 51 5120 4291 7.0 1.4 14 10
16:05:04 1 51 5120 4291 7.0 1.4 14 10
16:05:06 1 51 5120 4291 7.0 1.4 14 10
16:05:07 1 51 5120 4291 7.0 1.4 14 10
16:05:08 1 51 5120 4291 7.0 1.4 14 10
16:05:09 1 51 5120 4291 7.0 1.4 14 10
16:05:10 1 51 5120 4291 7.0 1.4 14 10
16:05:11 1 51 5120 4291 7.0 1.4 14 10
16:05:12 1 51 5120 4291 7.0 1.4 14 10
16:05:13 1 51 5120 4291 7.0 1.4 14 10
16:05:14 1 51 5120 4291 7.0 1.4 14 10
16:05:15 1 51 5120 4291 7.0 1.4 14 10
16:05:16 1 51 5120 4291 7.0 1.4 14 10
16:05:17 1 51 5120 4291 7.0 1.4 14 10
16:05:18 1 51 5120 4291 7.0 1.4 14 10
16:05:19 1 51 5120 4291 7.0 1.4 14 10
16:05:20 1 51 5120 4291 7.0 1.4 14 10
16:05:21 1 51 5120 4291 7.1 1.4 14 10
16:05:23 1 51 5120 4291 7.1 1.4 14 10
16:05:24 1 51 5120 4291 7.0 1.4 14 10
16:05:25 1 51 5120 4291 7.0 1.4 14 10
16:05:26 1 51 5120 4291 7.0 1.4 14 10
16:05:27 1 51 5120 4291 7.0 1.4 14 10
16:05:28 1 51 5120 4291 7.0 1.4 14 10
16:05:29 1 52 5120 4291 7.0 1.4 14 10
16:05:30 1 50 5120 4291 7.5 1.4 14 10
16:05:31 1 50 5120 4291 7.8 1.4 14 10
16:05:32 1 49 5120 4291 8.0 1.4 14 10
16:05:33 1 49 5120 4291 8.0 1.4 14 10
16:05:34 1 49 5120 4291 8.0 1.4 14 10
16:05:35 1 50 5120 4291 7.9 1.4 14 10
16:05:36 1 48 5120 4291 8.5 1.4 14 10
16:05:37 1 58 5120 4291 5.2 1.4 14 10
16:05:38 1 58 5120 4291 5.2 1.4 14 10
16:05:39 1 58 5120 4291 5.2 1.4 14 10
16:05:41 1 50 5120 4291 7.7 1.4 14 10
16:05:42 1 52 5120 4291 7.1 1.4 14 10
16:05:43 1 52 5120 4291 7.0 1.4 14 10
16:05:44 1 52 5120 4291 7.1 1.4 14 10
16:05:45 1 52 5120 4291 7.0 1.4 14 10
16:05:46 1 52 5120 4291 7.0 1.4 14 10
16:05:47 1 52 5120 4291 7.0 1.4 14 10
16:05:48 1 52 5120 4291 7.0 1.4 14 10
16:05:49 1 52 5120 4291 7.0 1.4 14 10
16:05:50 1 52 5120 4291 7.0 1.4 14 10
16:05:51 1 52 5120 4291 7.0 1.4 14 10
16:05:52 1 52 5120 4291 7.0 1.4 14 10
16:05:53 1 52 5120 4291 7.0 1.4 14 10
16:05:54 1 52 5120 4291 7.0 1.4 14 10
16:05:55 1 52 5120 4291 7.0 1.4 14 10
16:05:56 1 52 5120 4291 7.0 1.4 14 10
16:05:58 1 52 5120 4291 7.1 1.4 14 10
16:05:59 1 52 5120 4291 7.0 1.4 14 10
16:06:00 1 52 5120 4291 7.0 1.4 14 10
16:06:01 1 52 5120 4291 7.0 1.4 14 10
16:06:02 1 52 5120 4291 7.0 1.4 14 10
16:06:03 1 52 5120 4291 7.0 1.4 14 10
16:06:04 1 52 5120 4291 7.0 1.4 14 10
16:06:05 1 52 5120 4291 7.0 1.4 14 10
16:06:06 1 52 5120 4291 7.0 1.4 14 10
16:06:07 1 52 5120 4291 7.0 1.4 14 10
16:06:08 1 52 5120 4291 7.0 1.4 14 10
16:06:09 1 52 5120 4291 7.0 1.4 14 10
16:06:10 1 52 5120 4291 7.0 1.4 14 10
16:06:11 1 52 5120 4291 7.0 1.4 14 10
16:06:12 1 52 5120 4291 7.0 1.4 14 10
16:06:13 1 52 5120 4291 7.0 1.4 14 10
16:06:14 1 50 5120 4291 7.7 1.4 14 10
16:06:16 1 58 5120 4291 5.2 1.4 14 10
16:06:17 1 58 5120 4291 5.2 1.4 14 10
16:06:18 1 58 5120 4291 5.1 1.4 14 10
16:06:19 1 50 5120 4291 7.6 1.4 14 10
16:06:20 1 52 5120 4291 7.0 1.4 14 10
16:06:21 1 52 5120 4291 7.0 1.4 14 10
16:06:22 1 52 5120 4291 7.0 1.4 14 10
16:06:23 1 52 5120 4291 7.0 1.4 14 10
16:06:24 1 52 5120 4291 7.0 1.4 14 10
16:06:25 1 52 5120 4291 7.1 1.4 14 10
16:06:26 1 52 5120 4291 7.1 1.4 14 10
16:06:27 1 52 5120 4291 7.1 1.4 14 10
16:06:28 1 52 5120 4291 7.1 1.4 14 10
16:06:29 1 52 5120 4291 7.1 1.4 14 10
16:06:30 1 52 5120 4291 7.1 1.4 14 10
16:06:31 1 52 5120 4291 7.1 1.4 14 10
16:06:33 1 52 5120 4291 7.1 1.4 14 10
16:06:34 1 52 5120 4291 7.1 1.4 14 10
16:06:35 1 52 5120 4291 7.1 1.4 14 10
16:06:36 1 52 5120 4291 7.1 1.4 14 10
16:06:37 1 52 5120 4291 7.1 1.4 14 10
16:06:38 1 52 5120 4291 7.1 1.4 14 10
16:06:39 1 52 5120 4291 7.1 1.4 14 10
16:06:40 1 52 5120 4291 7.1 1.4 14 10
16:06:41 1 52 5120 4291 7.0 1.4 14 10
16:06:42 1 52 5120 4291 7.0 1.4 14 10
16:06:43 1 52 5120 4291 7.0 1.4 14 10
16:06:44 1 52 5120 4291 7.0 1.4 14 10
16:06:45 1 52 5120 4291 7.0 1.4 14 10
16:06:46 1 52 5120 4291 7.0 1.4 14 10
16:06:47 1 52 5120 4291 7.0 1.4 14 10
16:06:48 1 52 5120 4291 7.0 1.4 14 10
16:06:49 1 52 5120 4291 7.0 1.4 14 10
16:06:51 1 52 5120 4291 7.0 1.4 14 10
16:06:52 1 52 5120 4291 7.0 1.4 14 10
16:06:53 1 50 5120 4291 7.7 1.4 14 10
16:06:54 1 58 5120 4291 5.1 1.4 14 10
16:06:55 1 58 5120 4291 5.2 1.4 14 10
16:06:56 1 58 5120 4291 5.2 1.4 14 10
16:06:57 1 51 5120 4291 7.6 1.4 14 10
16:06:58 1 52 5120 4291 7.0 1.4 14 10
16:06:59 1 52 5120 4291 7.0 1.4 14 10
16:07:00 1 52 5120 4291 7.0 1.4 14 10
16:07:01 1 52 5120 4291 7.0 1.4 14 10
16:07:02 1 52 5120 4291 7.0 1.4 14 10
16:07:03 1 52 5120 4291 7.0 1.4 14 10
16:07:04 1 52 5120 4291 7.0 1.4 14 10
16:07:05 1 52 5120 4291 7.0 1.4 14 10
16:07:06 1 52 5120 4291 7.0 1.4 14 10
16:07:08 1 52 5120 4291 7.0 1.4 14 10
16:07:09 1 52 5120 4291 7.0 1.4 14 10
16:07:10 1 52 5120 4291 7.0 1.4 14 10
16:07:11 1 52 5120 4291 7.0 1.4 14 10
16:07:12 1 52 5120 4291 7.0 1.4 14 10
16:07:13 1 52 5120 4291 7.0 1.4 14 10
16:07:14 1 52 5120 4291 7.0 1.4 14 10
16:07:15 1 52 5120 4291 7.0 1.4 14 10
16:07:16 1 52 5120 4291 7.0 1.4 14 10
16:07:17 1 52 5120 4291 7.0 1.4 14 10
16:07:18 1 52 5120 4291 7.0 1.4 14 10
16:07:19 1 52 5120 4291 7.0 1.4 14 10
16:07:20 1 52 5120 4291 7.0 1.4 14 10
16:07:21 1 52 5120 4291 7.0 1.4 14 10
16:07:22 1 52 5120 4291 7.0 1.4 14 10
16:07:23 1 52 5120 4291 7.0 1.4 14 10
16:07:25 1 52 5120 4291 7.0 1.4 14 10
16:07:26 1 52 5120 4291 7.0 1.4 14 10
16:07:27 1 52 5120 4291 7.0 1.4 14 10
16:07:28 1 52 5120 4291 7.0 1.4 14 10
16:07:29 1 52 5120 4291 7.0 1.4 14 10
16:07:30 1 52 5120 4291 7.0 1.4 14 10
16:07:31 1 52 5120 4291 7.1 1.4 14 10
16:07:32 1 50 5120 4291 7.7 1.4 14 10
16:07:33 1 58 5120 4291 5.2 1.4 14 10
16:07:34 1 58 5120 4291 5.1 1.4 14 10
16:07:35 1 58 5120 4291 5.2 1.4 14 10
16:07:36 1 51 5120 4291 7.6 1.4 14 10
16:07:37 1 52 5120 4291 7.0 1.4 14 10
16:07:38 1 52 5120 4291 7.0 1.4 14 10
16:07:39 1 52 5120 4291 7.0 1.4 14 10
16:07:40 1 52 5120 4291 7.0 1.4 14 10
16:07:42 1 52 5120 4291 7.0 1.4 14 10
16:07:43 1 52 5120 4291 7.0 1.4 14 10
16:07:44 1 52 5120 4291 7.0 1.4 14 10
16:07:45 1 52 5120 4291 7.0 1.4 14 10
16:07:46 1 52 5120 4291 7.0 1.4 14 10
16:07:47 1 52 5120 4291 7.0 1.4 14 10
16:07:48 1 52 5120 4291 7.0 1.4 14 10
16:07:49 1 52 5120 4291 7.0 1.4 14 10
16:07:50 1 52 5120 4291 7.0 1.4 14 10
16:07:51 1 52 5120 4291 7.0 1.4 14 10
16:07:52 1 52 5120 4291 7.0 1.4 14 10
16:07:53 1 52 5120 4291 7.1 1.4 14 10
16:07:54 1 52 5120 4291 7.1 1.4 14 10
16:07:55 1 52 5120 4291 7.0 1.4 14 10
16:07:56 1 52 5120 4291 7.0 1.4 14 10
16:07:57 1 52 5120 4291 7.0 1.4 14 10
16:07:59 1 52 5120 4291 7.0 1.4 14 10
16:08:00 1 52 5120 4291 7.0 1.4 14 10
16:08:01 1 52 5120 4291 7.0 1.4 14 10
16:08:02 1 52 5120 4291 7.0 1.4 14 10
16:08:03 1 52 5120 4291 7.0 1.4 14 10
16:08:04 1 52 5120 4291 7.0 1.4 14 10
16:08:05 1 52 5120 4291 7.0 1.4 14 10
16:08:06 1 52 5120 4291 7.0 1.4 14 10
16:08:07 1 52 5120 4291 7.0 1.4 14 10
16:08:08 1 52 5120 4291 7.0 1.4 14 10
16:08:09 1 52 5120 4291 7.0 1.4 14 10
16:08:10 1 50 5120 4291 7.8 1.4 14 10
16:08:11 1 58 5120 4291 5.2 1.4 14 10
16:08:12 1 58 5120 4291 5.1 1.4 14 10
16:08:13 1 58 5120 4291 5.1 1.4 14 10
16:08:14 1 50 5120 4291 7.6 1.4 14 10
16:08:15 1 52 5120 4291 7.0 1.4 14 10
16:08:17 1 52 5120 4291 7.0 1.4 14 10
16:08:18 1 52 5120 4291 7.0 1.4 14 10
16:08:19 1 52 5120 4291 7.0 1.4 14 10
16:08:20 1 52 5120 4291 7.0 1.4 14 10
16:08:21 1 52 5120 4291 7.0 1.4 14 10
16:08:22 1 52 5120 4291 7.0 1.4 14 10
16:08:23 1 52 5120 4291 7.0 1.4 14 10
16:08:24 1 52 5120 4291 7.0 1.4 14 10
16:08:25 1 52 5120 4291 7.0 1.4 14 10
16:08:26 1 52 5120 4291 7.0 1.4 14 10
16:08:27 1 52 5120 4291 7.0 1.4 14 10
16:08:28 1 52 5120 4291 7.0 1.4 14 10
16:08:29 1 52 5120 4291 7.0 1.4 14 10
16:08:30 1 52 5120 4291 7.0 1.4 14 10
16:08:31 1 52 5120 4291 7.0 1.4 14 10
16:08:32 1 52 5120 4291 7.0 1.4 14 10
16:08:34 1 52 5120 4291 7.0 1.4 14 10
16:08:35 1 52 5120 4291 7.0 1.4 14 10
16:08:36 1 52 5120 4291 7.0 1.4 14 10
16:08:37 1 52 5120 4291 7.0 1.4 14 10
16:08:38 1 52 5120 4291 7.0 1.4 14 10
16:08:39 1 52 5120 4291 7.0 1.4 14 10
16:08:40 1 52 5120 4291 7.0 1.4 14 10
16:08:41 1 52 5120 4291 7.0 1.4 14 10
16:08:42 1 52 5120 4291 7.0 1.4 14 10
16:08:43 1 52 5120 4291 7.0 1.4 14 10
16:08:44 1 52 5120 4291 7.0 1.4 14 10
16:08:45 1 52 5120 4291 7.0 1.4 14 10
16:08:46 1 52 5120 4291 7.0 1.4 14 10
16:08:47 1 52 5120 4291 7.0 1.4 14 10
16:08:48 1 50 5120 4291 7.8 1.4 14 10
16:08:49 1 58 5120 4291 5.2 1.4 14 10
16:08:50 1 58 5120 4291 5.2 1.4 14 10
16:08:52 1 58 5120 4291 5.2 1.4 14 10
16:08:53 1 51 5120 4291 7.6 1.4 14 10
16:08:54 1 52 5120 4291 7.0 1.4 14 10
16:08:55 1 52 5120 4291 7.0 1.4 14 10
16:08:56 1 52 5120 4291 7.0 1.4 14 10
16:08:57 1 52 5120 4291 7.0 1.4 14 10
16:08:58 1 52 5120 4291 7.0 1.4 14 10
16:08:59 1 52 5120 4291 7.0 1.4 14 10
16:09:00 1 52 5120 4291 7.0 1.4 14 10
16:09:01 1 52 5120 4291 7.0 1.4 14 10
16:09:02 1 52 5120 4291 7.0 1.4 14 10
16:09:03 1 52 5120 4291 7.0 1.4 14 10
16:09:04 1 52 5120 4291 7.0 1.4 14 10
16:09:05 1 52 5120 4291 7.0 1.4 14 10
16:09:06 1 52 5120 4291 7.0 1.4 14 10
16:09:07 1 52 5120 4291 7.0 1.4 14 10
16:09:09 1 52 5120 4291 7.0 1.4 14 10
16:09:10 1 52 5120 4291 7.0 1.4 14 10
16:09:11 1 52 5120 4291 7.0 1.4 14 10
16:09:12 1 52 5120 4291 7.0 1.4 14 10
16:09:13 1 52 5120 4291 7.0 1.4 14 10
16:09:14 1 52 5120 4291 7.0 1.4 14 10
16:09:15 1 52 5120 4291 7.0 1.4 14 10
16:09:16 1 52 5120 4291 7.0 1.4 14 10
16:09:17 1 52 5120 4291 7.0 1.4 14 10
16:09:18 1 52 5120 4291 7.0 1.4 14 10
16:09:19 1 52 5120 4291 7.0 1.4 14 10
16:09:20 1 52 5120 4291 7.0 1.4 14 10
16:09:21 1 52 5120 4291 7.0 1.4 14 10
16:09:22 1 52 5120 4291 7.0 1.4 14 10
16:09:23 1 52 5120 4291 7.0 1.4 14 10
16:09:24 1 52 5120 4291 7.0 1.4 14 10
16:09:25 1 52 5120 4291 7.1 1.4 14 10
16:09:27 1 52 5120 4291 7.0 1.4 14 10
16:09:28 1 50 5120 4291 7.7 1.4 14 10
16:09:29 1 58 5120 4291 5.2 1.4 14 10
16:09:30 1 58 5120 4291 5.2 1.4 14 10
16:09:31 1 58 5120 4291 5.2 1.4 14 10
16:09:32 1 51 5120 4291 7.6 1.4 14 10
16:09:33 1 52 5120 4291 7.0 1.4 14 10
16:09:34 1 52 5120 4291 7.1 1.4 14 10
16:09:35 1 52 5120 4291 7.1 1.4 14 10
16:09:36 1 52 5120 4291 7.0 1.4 14 10
16:09:37 1 52 5120 4291 7.0 1.4 14 10
16:09:38 1 52 5120 4291 7.1 1.4 14 10
16:09:39 1 52 5120 4291 7.0 1.4 14 10
16:09:40 1 52 5120 4291 7.0 1.4 14 10
16:09:41 1 52 5120 4291 7.0 1.4 14 10
16:09:42 1 52 5120 4291 7.0 1.4 14 10
16:09:44 1 52 5120 4291 7.0 1.4 14 10
16:09:45 1 52 5120 4291 7.0 1.4 14 10
16:09:46 1 52 5120 4291 7.0 1.4 14 10
16:09:47 1 52 5120 4291 7.1 1.4 14 10
16:09:48 1 52 5120 4291 7.1 1.4 14 10
16:09:49 1 52 5120 4291 7.1 1.4 14 10
16:09:50 1 52 5120 4291 7.1 1.4 14 10
16:09:51 1 52 5120 4291 7.1 1.4 14 10
16:09:52 1 51 5120 4291 7.4 1.2 14 10
16:09:53 1 50 5120 4291 7.7 1.2 14 10
16:09:54 1 49 5120 4291 7.9 1.2 14 10
16:09:55 1 49 5120 4291 7.8 1.2 14 10
16:09:56 1 49 5120 4291 7.8 1.2 14 10
16:09:57 1 49 5120 4291 7.9 1.2 14 10
16:09:58 1 49 5120 4291 7.8 1.2 14 10
16:09:59 1 51 5120 4291 7.4 1.2 14 10
16:10:00 1 51 5120 4291 7.1 1.2 14 10
16:10:02 1 52 5120 4291 7.0 1.2 14 10
16:10:03 1 52 5120 4291 7.0 1.2 14 10
16:10:04 1 52 5120 4291 7.0 1.2 14 10
16:10:05 1 51 5120 4291 7.1 1.2 14 10
16:10:06 1 52 5120 4291 7.0 1.2 14 10
16:10:07 1 50 5120 4291 7.8 1.2 14 10
16:10:08 1 57 5120 4291 5.2 1.2 14 10
16:10:09 1 57 5120 4291 5.1 1.2 14 10
16:10:10 1 57 5120 4291 5.2 1.2 14 10
16:10:11 1 50 5120 4291 7.7 1.2 14 10
16:10:12 1 52 5120 4291 7.0 1.2 14 10
16:10:13 1 51 5120 4291 7.1 1.2 14 10
16:10:14 1 51 5120 4291 7.1 1.2 14 10
16:10:15 1 51 5120 4291 7.1 1.2 14 10
16:10:16 1 52 5120 4291 7.0 1.2 14 10
16:10:17 1 52 5120 4291 7.1 1.2 14 10
16:10:19 1 52 5120 4291 7.1 1.2 14 10
16:10:20 1 52 5120 4291 7.0 1.2 14 10
16:10:21 1 52 5120 4291 7.0 1.2 14 10
16:10:22 1 51 5120 4291 7.1 1.2 14 10
16:10:23 1 52 5120 4291 7.1 1.2 14 10
16:10:24 1 51 5120 4291 7.1 1.2 14 10
16:10:25 1 52 5120 4291 7.0 1.2 14 10
16:10:26 1 52 5120 4291 7.0 1.2 14 10
16:10:27 1 52 5120 4291 7.0 1.2 14 10
16:10:28 1 52 5120 4291 7.0 1.2 14 10
16:10:29 1 52 5120 4291 7.0 1.2 14 10
16:10:30 1 52 5120 4291 7.0 1.2 14 10
16:10:31 1 52 5120 4291 7.0 1.2 14 10
16:10:32 1 51 5120 4291 7.1 1.2 14 10
16:10:33 1 52 5120 4291 7.0 1.2 14 10
16:10:34 1 52 5120 4291 7.0 1.2 14 10
16:10:36 1 52 5120 4291 7.0 1.2 14 10
16:10:37 1 51 5120 4291 7.1 1.2 14 10
16:10:38 1 51 5120 4291 7.1 1.2 14 10
16:10:39 1 51 5120 4291 7.1 1.2 14 10
16:10:40 1 51 5120 4291 7.1 1.2 14 10
16:10:41 1 51 5120 4291 7.1 1.2 14 10
16:10:42 1 51 5120 4291 7.1 1.2 14 10
16:10:43 1 52 5120 4291 7.0 1.2 14 10
16:10:44 1 51 5120 4291 7.1 1.2 14 10
16:10:45 1 51 5120 4291 7.2 1.2 14 10
16:10:46 1 49 5120 4291 7.8 1.2 14 10
16:10:47 1 57 5120 4291 5.2 1.2 14 10
16:10:48 1 57 5120 4291 5.2 1.2 14 10
16:10:49 1 50 5120 4291 7.6 1.2 14 10
16:10:50 1 50 5120 4283 7.6 1.2 14 10
16:10:51 1 52 5120 4283 7.0 1.2 14 10
16:10:53 1 51 5120 4283 7.1 1.2 14 10
16:10:54 1 52 5120 4283 7.0 1.2 14 10
16:10:55 1 51 5120 4283 7.1 1.2 14 10
16:10:56 1 51 5120 4283 7.1 1.2 14 10
16:10:57 1 51 5120 4283 7.1 1.2 14 10
16:10:58 1 52 5120 4283 7.1 1.2 14 10
16:10:59 1 52 5120 4283 7.1 1.2 14 10
16:11:00 1 52 5120 4283 7.1 1.2 14 10
16:11:01 1 52 5120 4283 7.1 1.2 14 10
16:11:02 1 52 5120 4283 7.1 1.2 14 10
16:11:03 1 52 5120 4283 7.1 1.2 14 10
16:11:04 1 52 5120 4283 7.1 1.2 14 10
16:11:05 1 52 5120 4283 7.1 1.2 14 10
16:11:06 1 52 5120 4283 7.1 1.2 14 10
16:11:07 1 52 5120 4283 7.0 1.2 14 10
16:11:08 1 52 5120 4283 7.1 1.2 14 10
16:11:09 1 52 5120 4283 7.1 1.2 14 10
16:11:11 1 52 5120 4283 7.1 1.2 14 10
16:11:12 1 52 5120 4283 7.0 1.2 14 10
16:11:13 1 52 5120 4283 7.0 1.2 14 10
16:11:14 1 52 5120 4283 7.1 1.2 14 10
16:11:15 1 52 5120 4283 7.0 1.2 14 10
16:11:16 1 52 5120 4283 7.0 1.2 14 10
16:11:17 1 52 5120 4283 7.0 1.2 14 10
16:11:18 1 52 5120 4283 7.0 1.2 14 10
16:11:19 1 52 5120 4283 7.0 1.2 14 10
16:11:20 1 52 5120 4283 7.0 1.2 14 10
16:11:21 1 52 5120 4283 7.0 1.2 14 10
16:11:22 1 52 5120 4283 7.0 1.2 14 10
16:11:23 1 52 5120 4283 7.0 1.2 14 10
16:11:24 1 52 5120 4283 7.1 1.2 14 10
16:11:25 1 50 5120 4283 7.8 1.2 14 10
16:11:26 1 57 5120 4283 5.2 1.2 14 10
16:11:28 1 57 5120 4283 5.2 1.2 14 10
16:11:29 1 57 5120 4283 5.2 1.2 14 10
16:11:30 1 50 5120 4283 7.6 1.2 14 10
16:11:31 1 52 5120 4283 7.0 1.2 14 10
16:11:32 1 52 5120 4283 7.0 1.2 14 10
16:11:33 1 52 5120 4283 7.0 1.2 14 10
16:11:34 1 52 5120 4283 7.0 1.2 14 10
16:11:35 1 52 5120 4283 7.0 1.2 14 10
16:11:36 1 52 5120 4283 7.0 1.2 14 10
16:11:37 1 52 5120 4283 7.0 1.2 14 10
16:11:38 1 52 5120 4283 7.0 1.2 14 10
16:11:39 1 52 5120 4283 7.0 1.2 14 10
16:11:40 1 52 5120 4283 7.0 1.2 14 10
16:11:41 1 52 5120 4283 7.0 1.2 14 10
16:11:42 1 52 5120 4283 7.0 1.2 14 10
16:11:43 1 52 5120 4283 7.0 1.2 14 10
16:11:44 1 52 5120 4283 7.0 1.2 14 10
16:11:46 1 52 5120 4283 7.1 1.2 14 10
16:11:47 1 52 5120 4283 7.0 1.2 14 10
16:11:48 1 52 5120 4283 7.1 1.2 14 10
16:11:49 1 52 5120 4283 7.1 1.2 14 10
16:11:50 1 52 5120 4283 7.0 1.2 14 10
16:11:51 1 52 5120 4283 7.1 1.2 14 10
16:11:52 1 52 5120 4283 7.0 1.2 14 10
16:11:53 1 52 5120 4283 7.1 1.2 14 10
16:11:54 1 52 5120 4283 7.0 1.2 14 10
16:11:55 1 52 5120 4283 7.0 1.2 14 10
16:11:56 1 52 5120 4283 7.0 1.2 14 10
16:11:57 1 52 5120 4283 7.0 1.2 14 10
16:11:58 1 52 5120 4283 7.1 1.2 14 10
16:11:59 1 52 5120 4283 7.1 1.2 14 10
16:12:00 1 52 5120 4283 7.1 1.2 14 10
16:12:01 1 52 5120 4283 7.1 1.2 14 10
16:12:03 1 52 5120 4283 7.0 1.2 14 10
16:12:04 1 52 5120 4283 7.0 1.2 14 10
16:12:05 1 50 5120 4283 7.7 1.2 14 10
16:12:06 1 57 5120 4283 5.2 1.2 14 10
16:12:07 1 57 5120 4283 5.2 1.2 14 10
16:12:08 1 57 5120 4283 5.1 1.2 14 10
16:12:09 1 50 5120 4283 7.6 1.2 14 10
16:12:10 1 52 5120 4283 7.1 1.2 14 10
16:12:11 1 52 5120 4283 7.0 1.2 14 10
16:12:12 1 52 5120 4283 7.0 1.2 14 10
16:12:13 1 52 5120 4283 7.0 1.2 14 10
16:12:14 1 52 5120 4283 7.0 1.2 14 10
16:12:15 1 52 5120 4283 7.0 1.2 14 10
16:12:16 1 52 5120 4283 7.0 1.2 14 10
16:12:17 1 52 5120 4283 7.0 1.2 14 10
16:12:18 1 52 5120 4283 7.0 1.2 14 10
16:12:20 1 52 5120 4283 7.0 1.2 14 10
16:12:21 1 52 5120 4283 7.0 1.2 14 10
16:12:22 1 52 5120 4283 7.0 1.2 14 10
16:12:23 1 52 5120 4283 7.0 1.2 14 10
16:12:24 1 52 5120 4283 7.0 1.2 14 10
16:12:25 1 52 5120 4283 7.0 1.2 14 10
16:12:26 1 52 5120 4283 7.0 1.2 14 10
16:12:27 1 52 5120 4283 7.0 1.2 14 10
16:12:28 1 52 5120 4283 7.0 1.2 14 10
16:12:29 1 52 5120 4283 7.0 1.2 14 10
16:12:30 1 52 5120 4283 7.0 1.2 14 10
16:12:31 1 52 5120 4283 7.0 1.2 14 10
16:12:32 1 52 5120 4283 7.0 1.2 14 10
16:12:33 1 52 5120 4283 7.0 1.2 14 10
16:12:34 1 52 5120 4283 7.0 1.2 14 10
16:12:35 1 52 5120 4283 7.0 1.2 14 10
16:12:36 1 52 5120 4283 7.0 1.2 14 10
16:12:38 1 52 5120 4283 7.0 1.2 14 10
16:12:39 1 52 5120 4283 7.0 1.2 14 10
16:12:40 1 52 5120 4283 7.0 1.2 14 10
16:12:41 1 52 5120 4283 7.0 1.2 14 10
16:12:42 1 52 5120 4283 7.0 1.2 14 10
16:12:43 1 50 5120 4283 7.7 1.2 14 10
16:12:44 1 57 5120 4283 5.2 1.2 14 10
16:12:45 1 57 5120 4283 5.2 1.2 14 10
16:12:46 1 57 5120 4283 5.2 1.2 14 10
16:12:47 1 50 5120 4283 7.6 1.2 14 10
16:12:48 1 52 5120 4283 7.0 1.2 14 10
16:12:49 1 52 5120 4283 7.0 1.2 14 10
16:12:50 1 52 5120 4283 7.0 1.2 14 10
16:12:51 1 52 5120 4283 7.0 1.2 14 10
16:12:52 1 52 5120 4283 7.0 1.2 14 10
16:12:53 1 52 5120 4283 7.0 1.2 14 10
16:12:54 1 52 5120 4283 7.0 1.2 14 10
16:12:56 1 52 5120 4283 7.0 1.2 14 10
16:12:57 1 52 5120 4283 7.0 1.2 14 10
16:12:58 1 52 5120 4283 7.1 1.2 14 10
16:12:59 1 52 5120 4283 7.0 1.2 14 10
16:13:00 1 52 5120 4283 7.1 1.2 14 10
16:13:01 1 52 5120 4283 7.1 1.2 14 10
16:13:02 1 52 5120 4283 7.1 1.2 14 10
16:13:03 1 51 5120 4283 7.1 1.2 14 10
16:13:04 1 51 5120 4283 7.1 1.2 14 10
16:13:05 1 51 5120 4283 7.1 1.2 14 10
16:13:06 1 51 5120 4283 7.1 1.2 14 10
16:13:07 1 51 5120 4283 7.1 1.2 14 10
16:13:08 1 52 5120 4283 7.1 1.2 14 10
16:13:09 1 51 5120 4283 7.1 1.2 14 10
16:13:10 1 51 5120 4283 7.1 1.2 14 10
16:13:11 1 51 5120 4283 7.1 1.2 14 10
16:13:13 1 52 5120 4283 7.1 1.2 14 10
16:13:14 1 51 5120 4283 7.1 1.2 14 10
16:13:15 1 52 5120 4283 7.1 1.2 14 10
16:13:16 1 52 5120 4283 7.1 1.2 14 10
16:13:17 1 52 5120 4283 7.1 1.2 14 10
16:13:18 1 52 5120 4283 7.1 1.2 14 10
16:13:19 1 52 5120 4283 7.1 1.2 14 10
16:13:20 1 52 5120 4283 7.1 1.2 14 10
16:13:21 1 51 5120 4283 7.1 1.2 14 10
16:13:22 1 49 5120 4283 7.9 1.2 14 10
16:13:23 1 57 5120 4283 5.3 1.2 14 10
16:13:24 1 57 5120 4283 5.2 1.2 14 10
16:13:25 1 57 5120 4283 5.2 1.2 14 10
16:13:26 1 57 5120 4283 5.2 1.2 14 10
16:13:27 1 50 5120 4283 7.6 1.2 14 10
16:13:28 1 52 5120 4283 7.0 1.2 14 10
16:13:29 1 52 5120 4283 7.0 1.2 14 10
16:13:31 1 52 5120 4283 7.0 1.2 14 10
16:13:32 1 52 5120 4283 7.0 1.2 14 10
16:13:33 1 52 5120 4283 7.0 1.2 14 10
16:13:34 1 52 5120 4283 7.0 1.2 14 10
16:13:35 1 52 5120 4283 7.0 1.2 14 10
16:13:36 1 52 5120 4283 7.0 1.2 14 10
16:13:37 1 52 5120 4283 7.0 1.2 14 10
16:13:38 1 52 5120 4283 7.0 1.2 14 10
16:13:39 1 52 5120 4283 7.0 1.2 14 10
16:13:40 1 52 5120 4283 7.0 1.2 14 10
16:13:41 1 52 5120 4283 7.0 1.2 14 10
16:13:42 1 52 5120 4283 7.0 1.2 14 10
16:13:43 1 52 5120 4283 7.0 1.2 14 10
16:13:44 1 52 5120 4283 7.1 1.2 14 10
16:13:45 1 52 5120 4283 7.0 1.2 14 10
16:13:46 1 52 5120 4283 7.0 1.2 14 10
16:13:48 1 52 5120 4283 7.0 1.2 14 10
16:13:49 1 52 5120 4283 7.0 1.2 14 10
16:13:50 1 52 5120 4283 7.0 1.2 14 10
16:13:51 1 52 5120 4283 7.0 1.2 14 10
16:13:52 1 52 5120 4283 7.0 1.2 14 10
16:13:53 1 52 5120 4283 7.0 1.2 14 10
16:13:54 1 52 5120 4283 7.0 1.2 14 10
16:13:55 1 52 5120 4283 7.0 1.2 14 10
16:13:56 1 52 5120 4283 7.0 1.2 14 10
16:13:57 1 52 5120 4283 7.0 1.2 14 10
16:13:58 1 52 5120 4283 7.0 1.2 14 10
16:13:59 1 52 5120 4283 7.0 1.2 14 10
16:14:00 1 52 5120 4283 7.0 1.2 14 10
16:14:01 1 50 5120 4283 7.8 1.2 14 10
16:14:02 1 57 5120 4283 5.2 1.2 14 10
16:14:03 1 57 5120 4283 5.2 1.2 14 10
16:14:04 1 57 5120 4283 5.2 1.2 14 10
16:14:06 1 50 5120 4283 7.6 1.2 14 10
16:14:07 1 52 5120 4283 7.0 1.2 14 10
16:14:08 1 52 5120 4283 7.0 1.2 14 10
16:14:09 1 52 5120 4283 7.0 1.2 14 10
16:14:10 1 52 5120 4283 7.0 1.2 14 10
16:14:11 1 52 5120 4283 7.0 1.2 14 10
16:14:12 1 52 5120 4283 7.0 1.2 14 10
16:14:13 1 52 5120 4283 7.0 1.2 14 10
16:14:14 1 52 5120 4283 7.0 1.2 14 10
16:14:15 1 52 5120 4283 7.0 1.2 14 10
16:14:16 1 52 5120 4283 7.0 1.2 14 10
16:14:17 1 52 5120 4283 7.0 1.2 14 10
16:14:18 1 52 5120 4283 7.0 1.2 14 10
16:14:19 1 52 5120 4283 7.0 1.2 14 10
16:14:20 1 52 5120 4283 7.0 1.2 14 10
16:14:21 1 52 5120 4283 7.0 1.2 14 10
16:14:23 1 52 5120 4283 7.0 1.2 14 10
16:14:24 1 52 5120 4283 7.0 1.2 14 10
16:14:25 1 52 5120 4283 7.0 1.2 14 10
16:14:26 1 52 5120 4283 7.0 1.2 14 10
16:14:27 1 52 5120 4283 7.0 1.2 14 10
16:14:28 1 52 5120 4283 7.0 1.2 14 10
16:14:29 1 52 5120 4283 7.0 1.2 14 10
16:14:30 1 52 5120 4283 7.0 1.2 14 10
16:14:31 1 52 5120 4283 7.0 1.2 14 10
16:14:32 1 52 5120 4283 7.0 1.2 14 10
16:14:33 1 52 5120 4283 7.0 1.2 14 10
16:14:34 1 52 5120 4283 7.0 1.2 14 10
16:14:35 1 52 5120 4283 7.0 1.2 14 10
16:14:36 1 52 5120 4283 7.0 1.2 14 10
16:14:37 1 52 5120 4283 7.0 1.2 14 10
16:14:38 1 52 5120 4283 7.0 1.2 14 10
16:14:40 1 52 5120 4283 7.0 1.2 14 10
16:14:41 1 50 5120 4283 7.7 1.2 14 10
16:14:42 1 57 5120 4283 5.2 1.2 14 10
16:14:43 1 57 5120 4283 5.2 1.2 14 10
16:14:44 1 57 5120 4283 5.3 1.2 14 10
16:14:45 1 50 5120 4283 7.6 1.2 14 10
16:14:46 1 52 5120 4283 7.0 1.2 14 10
16:14:47 1 52 5120 4283 7.0 1.2 14 10
16:14:48 1 52 5120 4283 7.0 1.2 14 10
16:14:49 1 52 5120 4283 7.0 1.2 14 10
16:14:50 1 52 5120 4283 7.0 1.2 14 10
16:14:51 1 52 5120 4283 7.0 1.2 14 10
16:14:52 1 52 5120 4283 7.0 1.2 14 10
16:14:53 1 52 5120 4283 7.0 1.2 14 10
16:14:54 1 52 5120 4283 7.0 1.2 14 10
16:14:55 1 52 5120 4283 7.0 1.2 14 10
16:14:56 1 52 5120 4283 7.0 1.2 14 10
16:14:58 1 52 5120 4283 7.0 1.2 14 10
16:14:59 1 52 5120 4283 7.0 1.2 14 10
16:15:00 1 52 5120 4283 7.0 1.2 14 10
16:15:01 1 52 5120 4283 7.0 1.2 14 10
16:15:02 1 52 5120 4283 7.0 1.2 14 10
16:15:03 1 52 5120 4283 7.0 1.2 14 10
16:15:04 1 52 5120 4283 7.0 1.2 14 10
16:15:05 1 52 5120 4283 7.1 1.2 14 10
16:15:06 1 52 5120 4283 7.0 1.2 14 10
16:15:07 1 52 5120 4283 7.0 1.2 14 10
16:15:08 1 52 5120 4283 7.0 1.2 14 10
16:15:09 1 52 5120 4283 7.0 1.2 14 10
16:15:10 1 52 5120 4283 7.0 1.2 14 10
16:15:11 1 52 5120 4283 7.0 1.2 14 10
16:15:12 1 52 5120 4283 7.0 1.2 14 10
16:15:13 1 52 5120 4283 7.0 1.2 14 10
16:15:15 1 52 5120 4283 7.0 1.2 14 10
16:15:16 1 52 5120 4283 7.0 1.2 14 10
16:15:17 1 52 5120 4283 7.0 1.2 14 10
16:15:18 1 52 5120 4283 7.0 1.2 14 10
16:15:19 1 50 5120 4283 7.8 1.2 14 10
16:15:20 1 57 5120 4283 5.1 1.2 14 10
16:15:21 1 57 5120 4283 5.1 1.2 14 10
16:15:22 1 57 5120 4283 5.2 1.2 14 10
16:15:23 1 50 5120 4283 7.6 1.2 14 10
16:15:24 1 52 5120 4283 7.0 1.2 14 10
16:15:25 1 52 5120 4283 7.0 1.2 14 10
16:15:26 1 52 5120 4283 7.0 1.2 14 10
16:15:27 1 52 5120 4283 7.0 1.2 14 10
16:15:28 1 52 5120 4283 7.0 1.2 14 10
16:15:29 1 52 5120 4283 7.0 1.2 14 10
16:15:30 1 52 5120 4283 7.0 1.2 14 10
16:15:31 1 52 5120 4283 7.0 1.2 14 10
16:15:33 1 52 5120 4283 7.0 1.2 14 10
16:15:34 1 52 5120 4283 7.0 1.2 14 10
16:15:35 1 52 5120 4283 7.0 1.2 14 10
16:15:36 1 52 5120 4283 7.0 1.2 14 10
16:15:37 1 52 5120 4283 7.0 1.2 14 10
16:15:38 1 52 5120 4283 7.0 1.2 14 10
16:15:39 1 52 5120 4283 7.0 1.2 14 10
16:15:40 1 52 5120 4283 7.0 1.2 14 10
16:15:41 1 52 5120 4283 7.0 1.2 14 10
16:15:42 1 52 5120 4283 7.0 1.2 14 10
16:15:43 1 52 5120 4283 7.0 1.2 14 10
16:15:44 1 52 5120 4283 7.1 1.2 14 10
16:15:45 1 52 5120 4283 7.0 1.2 14 10
16:15:46 1 52 5120 4283 7.0 1.2 14 10
16:15:47 1 52 5120 4283 7.0 1.2 14 10
16:15:48 1 52 5120 4283 7.0 1.2 14 10
16:15:50 1 52 5120 4283 7.0 1.2 14 10
16:15:51 1 52 5120 4283 7.0 1.2 14 10
16:15:52 1 52 5120 4283 7.0 1.2 14 10
16:15:53 1 52 5120 4283 7.0 1.2 14 10
16:15:54 1 52 5120 4283 7.0 1.2 14 10
16:15:55 1 52 5120 4283 7.0 1.2 14 10
16:15:56 1 52 5120 4283 7.0 1.2 14 10
16:15:57 1 52 5120 4283 7.0 1.2 14 10
16:15:58 1 50 5120 4283 7.8 1.2 14 10
16:15:59 1 57 5120 4283 5.2 1.2 14 10
16:16:00 1 57 5120 4283 5.2 1.2 14 10
16:16:01 1 57 5120 4283 5.2 1.2 14 10
16:16:02 1 50 5120 4283 7.6 1.2 14 10
16:16:03 1 52 5120 4283 7.0 1.2 14 10
16:16:04 1 52 5120 4283 7.0 1.2 14 10
16:16:05 1 52 5120 4283 7.0 1.2 14 10
16:16:06 1 52 5120 4283 7.0 1.2 14 10
16:16:08 1 52 5120 4283 7.0 1.2 14 10
16:16:09 1 52 5120 4283 7.0 1.2 14 10
16:16:10 1 52 5120 4283 7.0 1.2 14 10
16:16:11 1 52 5120 4283 7.1 1.2 14 10
16:16:12 1 52 5120 4283 7.0 1.2 14 10
16:16:13 1 52 5120 4283 7.0 1.2 14 10
16:16:14 1 52 5120 4283 7.0 1.2 14 10
16:16:15 1 52 5120 4283 7.0 1.2 14 10
16:16:16 1 52 5120 4283 7.0 1.2 14 10
16:16:17 1 52 5120 4283 7.0 1.2 14 10
16:16:18 1 52 5120 4283 7.0 1.2 14 10
16:16:19 1 52 5120 4283 7.0 1.2 14 10
16:16:20 1 52 5120 4283 7.0 1.2 14 10
16:16:21 1 52 5120 4283 7.0 1.2 14 10
16:16:22 1 52 5120 4283 7.0 1.2 14 10
16:16:23 1 52 5120 4283 7.0 1.2 14 10
16:16:25 1 52 5120 4283 7.0 1.2 14 10
16:16:26 1 52 5120 4283 7.0 1.2 14 10
16:16:27 1 52 5120 4283 7.0 1.2 14 10
16:16:28 1 52 5120 4283 7.0 1.2 14 10
16:16:29 1 52 5120 4283 7.0 1.2 14 10
16:16:30 1 52 5120 4283 7.0 1.2 14 10
16:16:31 1 52 5120 4283 7.0 1.2 14 10
16:16:32 1 52 5120 4283 7.0 1.2 14 10
16:16:33 1 52 5120 4283 7.0 1.2 14 10
16:16:34 1 52 5120 4283 7.0 1.2 14 10
16:16:35 1 52 5120 4283 7.1 1.2 14 10
16:16:36 1 50 5120 4283 7.8 1.2 14 10
16:16:37 1 57 5120 4283 5.1 1.2 14 10
16:16:38 1 57 5120 4283 5.1 1.2 14 10
16:16:39 1 57 5120 4283 5.2 1.2 14 10
16:16:40 1 50 5120 4283 7.6 1.2 14 10
16:16:42 1 52 5120 4283 7.0 1.2 14 10
16:16:43 1 52 5120 4283 7.0 1.2 14 10
16:16:44 1 52 5120 4283 7.0 1.2 14 10
16:16:45 1 52 5120 4283 7.0 1.2 14 10
16:16:46 1 52 5120 4283 7.0 1.2 14 10
16:16:47 1 52 5120 4283 7.0 1.2 14 10
16:16:48 1 52 5120 4283 7.0 1.2 14 10
16:16:49 1 52 5120 4283 7.0 1.2 14 10
16:16:50 1 52 5120 4283 7.0 1.2 14 10
16:16:51 1 52 5120 4283 7.1 1.2 14 10
16:16:52 1 52 5120 4283 7.0 1.2 14 10
16:16:53 1 52 5120 4283 7.0 1.2 14 10
16:16:54 1 52 5120 4283 7.0 1.2 14 10
16:16:55 1 52 5120 4283 7.0 1.2 14 10
16:16:56 1 52 5120 4283 7.0 1.2 14 10
16:16:57 1 52 5120 4283 7.0 1.2 14 10
16:16:59 1 52 5120 4283 7.0 1.2 14 10
16:17:00 1 52 5120 4283 7.0 1.2 14 10
16:17:01 1 52 5120 4283 7.0 1.2 14 10
16:17:02 1 52 5120 4283 7.0 1.2 14 10
16:17:03 1 52 5120 4283 7.0 1.2 14 10
16:17:04 1 52 5120 4283 7.0 1.2 14 10
16:17:05 1 52 5120 4283 7.0 1.2 14 10
16:17:06 1 52 5120 4283 7.1 1.2 14 10
16:17:07 1 52 5120 4283 7.0 1.2 14 10
16:17:08 1 52 5120 4283 7.0 1.2 14 10
16:17:09 1 52 5120 4283 7.0 1.2 14 10
16:17:10 1 52 5120 4283 7.0 1.2 14 10
16:17:11 1 52 5120 4283 7.0 1.2 14 10
16:17:12 1 52 5120 4283 7.0 1.2 14 10
16:17:13 1 52 5120 4283 7.0 1.2 14 10
16:17:14 1 52 5120 4283 7.0 1.2 14 10
16:17:15 1 50 5120 4283 7.8 1.2 14 10
16:17:17 1 58 5120 4283 5.2 1.2 14 10
16:17:18 1 58 5120 4283 5.2 1.2 14 10
16:17:19 1 51 5120 4283 7.5 1.2 14 10
16:17:20 1 52 5120 4283 7.0 1.2 14 10
16:17:21 1 52 5120 4283 7.0 1.2 14 10
16:17:22 1 52 5120 4283 7.0 1.2 14 10
16:17:23 1 52 5120 4283 7.0 1.2 14 10
16:17:24 1 52 5120 4283 7.0 1.2 14 10
16:17:25 1 52 5120 4283 7.0 1.2 14 10
16:17:26 1 52 5120 4283 7.0 1.2 14 10
16:17:27 1 52 5120 4283 7.0 1.2 14 10
16:17:28 1 52 5120 4283 7.0 1.2 14 10
16:17:29 1 52 5120 4283 7.0 1.2 14 10
16:17:30 1 52 5120 4283 7.0 1.2 14 10
16:17:31 1 52 5120 4283 7.0 1.2 14 10
16:17:32 1 52 5120 4283 7.0 1.2 14 10
16:17:34 1 52 5120 4283 7.0 1.2 14 10
16:17:35 1 52 5120 4283 7.0 1.2 14 10
16:17:36 1 52 5120 4283 7.0 1.2 14 10
16:17:37 1 52 5120 4283 7.0 1.2 14 10
16:17:38 1 52 5120 4283 7.0 1.2 14 10
16:17:39 1 52 5120 4283 7.0 1.2 14 10
16:17:40 1 52 5120 4283 7.0 1.2 14 10
16:17:41 1 52 5120 4283 7.0 1.2 14 10
16:17:42 1 52 5120 4283 7.0 1.2 14 10
16:17:43 1 52 5120 4283 7.0 1.2 14 10
16:17:44 1 52 5120 4283 7.0 1.2 14 10
16:17:45 1 52 5120 4283 7.0 1.2 14 10
16:17:46 1 52 5120 4283 7.0 1.2 14 10
16:17:47 1 52 5120 4283 7.0 1.2 14 10
16:17:48 1 52 5120 4283 7.0 1.2 14 10
16:17:49 1 52 5120 4283 7.0 1.3 14 10
16:17:50 1 52 5120 4283 7.0 1.3 14 10
16:17:52 1 52 5120 4283 7.0 1.3 14 10
16:17:53 1 52 5120 4283 7.0 1.3 14 10
16:17:54 1 50 5120 4283 7.7 1.2 14 10
16:17:55 1 57 5120 4283 5.2 1.2 14 10
16:17:56 1 57 5120 4283 5.1 1.2 14 10
16:17:57 1 58 5120 4283 5.2 1.2 14 10
16:17:58 1 50 5120 4283 7.6 1.3 14 10
16:17:59 1 52 5120 4283 7.0 1.3 14 10
16:18:00 1 52 5120 4283 7.1 1.3 14 10
16:18:01 1 52 5120 4283 7.0 1.3 14 10
16:18:02 1 52 5120 4283 7.0 1.3 14 10
16:18:03 1 52 5120 4283 7.0 1.3 14 10
16:18:04 1 52 5120 4283 7.0 1.3 14 10
16:18:05 1 52 5120 4283 7.0 1.3 14 10
16:18:06 1 52 5120 4283 7.0 1.3 14 10
16:18:07 1 52 5120 4283 7.0 1.3 14 10
16:18:09 1 52 5120 4283 7.0 1.3 14 10
16:18:10 1 52 5120 4283 7.0 1.3 14 10
16:18:11 1 52 5120 4283 7.1 1.3 14 10
16:18:12 1 52 5120 4283 7.0 1.3 14 10
16:18:13 1 52 5120 4283 7.0 1.3 14 10
16:18:14 1 52 5120 4283 7.0 1.3 14 10
16:18:15 1 52 5120 4283 7.0 1.3 14 10
16:18:16 1 52 5120 4283 7.0 1.3 14 10
16:18:17 1 52 5120 4283 7.0 1.3 14 10
16:18:18 1 52 5120 4283 7.0 1.3 14 10
16:18:19 1 52 5120 4283 7.0 1.3 14 10
16:18:20 1 52 5120 4283 7.0 1.3 14 10
16:18:21 1 52 5120 4283 7.0 1.3 14 10
16:18:22 1 52 5120 4283 7.0 1.3 14 10
16:18:23 1 52 5120 4283 7.0 1.3 14 10
16:18:24 1 52 5120 4283 7.0 1.3 14 10
16:18:26 1 52 5120 4283 7.0 1.3 14 10
16:18:27 1 52 5120 4283 7.0 1.3 14 10
16:18:28 1 52 5120 4283 7.0 1.3 14 10
16:18:29 1 52 5120 4283 7.0 1.3 14 10
16:18:30 1 52 5120 4283 7.0 1.3 14 10
16:18:31 1 52 5120 4283 7.0 1.3 14 10
16:18:32 1 50 5120 4283 7.8 1.2 14 10
16:18:33 1 57 5120 4283 5.1 1.2 14 10
16:18:34 1 58 5120 4283 5.2 1.2 14 10
16:18:35 1 57 5120 4283 5.2 1.2 14 10
16:18:36 1 50 5120 4283 7.6 1.3 14 10
16:18:37 1 52 5120 4283 7.0 1.3 14 10
16:18:38 1 52 5120 4283 7.0 1.3 14 10
16:18:39 1 52 5120 4283 7.0 1.3 14 10
16:18:40 1 52 5120 4283 7.0 1.3 14 10
16:18:41 1 52 5120 4283 7.0 1.3 14 10
16:18:42 1 52 5120 4283 7.0 1.3 14 10
16:18:44 1 52 5120 4283 7.0 1.3 14 10
16:18:45 1 52 5120 4283 7.0 1.3 14 10
16:18:46 1 52 5120 4283 7.0 1.3 14 10
16:18:47 1 52 5120 4283 7.0 1.3 14 10
16:18:48 1 52 5120 4283 7.0 1.3 14 10
16:18:49 1 52 5120 4283 7.1 1.3 14 10
16:18:50 1 52 5120 4283 7.0 1.3 14 10
16:18:51 1 52 5120 4283 7.0 1.3 14 10
16:18:52 1 52 5120 4283 7.0 1.3 14 10
16:18:53 1 52 5120 4283 7.0 1.3 14 10
16:18:54 1 52 5120 4283 7.0 1.3 14 10
16:18:55 1 52 5120 4283 7.0 1.3 14 10
16:18:56 1 52 5120 4283 7.0 1.3 14 10
16:18:57 1 52 5120 4283 7.0 1.3 14 10
16:18:58 1 52 5120 4283 7.0 1.3 14 10
16:18:59 1 52 5120 4283 7.0 1.3 14 10
16:19:01 1 52 5120 4283 7.1 1.3 14 10
16:19:02 1 52 5120 4283 7.0 1.3 14 10
16:19:03 1 52 5120 4283 7.0 1.3 14 10
16:19:04 1 52 5120 4283 7.0 1.3 14 10
16:19:05 1 52 5120 4283 7.0 1.3 14 10
16:19:06 1 52 5120 4283 7.0 1.3 14 10
16:19:07 1 52 5120 4283 7.0 1.3 14 10
16:19:08 1 52 5120 4283 7.0 1.3 14 10
16:19:09 1 52 5120 4283 7.0 1.3 14 10
16:19:10 1 52 5120 4283 7.0 1.3 14 10
16:19:11 1 50 5120 4283 7.7 1.2 14 10
16:19:12 1 58 5120 4283 5.2 1.2 14 10
16:19:13 1 58 5120 4283 5.2 1.2 14 10
16:19:14 1 58 5120 4283 5.2 1.2 14 10
16:19:15 1 51 5120 4283 7.6 1.3 14 10
16:19:16 1 52 5120 4283 7.0 1.3 14 10
16:19:18 1 52 5120 4283 7.0 1.3 14 10
16:19:19 1 52 5120 4283 7.0 1.3 14 10
16:19:20 1 52 5120 4283 7.0 1.3 14 10
16:19:21 1 52 5120 4283 7.0 1.3 14 10
16:19:22 1 52 5120 4283 7.1 1.3 14 10
16:19:23 1 52 5120 4283 7.1 1.3 14 10
16:19:24 1 52 5120 4283 7.1 1.3 14 10
16:19:25 1 52 5120 4283 7.1 1.3 14 10
16:19:26 1 52 5120 4283 7.1 1.3 14 10
16:19:27 1 52 5120 4283 7.1 1.3 14 10
16:19:28 1 52 5120 4283 7.1 1.3 14 10
16:19:29 1 52 5120 4283 7.0 1.3 14 10
16:19:30 1 52 5120 4283 7.1 1.3 14 10
16:19:31 1 52 5120 4283 7.1 1.3 14 10
16:19:32 1 52 5120 4283 7.1 1.3 14 10
16:19:33 1 52 5120 4283 7.1 1.3 14 10
16:19:34 1 52 5120 4283 7.1 1.3 14 10
16:19:36 1 52 5120 4283 7.1 1.3 14 10
16:19:37 1 52 5120 4283 7.1 1.3 14 10
16:19:38 1 52 5120 4283 7.1 1.3 14 10
16:19:39 1 52 5120 4283 7.1 1.3 14 10
16:19:40 1 52 5120 4283 7.1 1.3 14 10
16:19:41 1 52 5120 4283 7.1 1.3 14 10
16:19:42 1 52 5120 4283 7.0 1.3 14 10
16:19:43 1 52 5120 4283 7.0 1.3 14 10
16:19:44 1 52 5120 4283 7.0 1.3 14 10
16:19:45 1 52 5120 4283 7.0 1.3 14 10
16:19:46 1 52 5120 4283 7.0 1.3 14 10
16:19:47 1 52 5120 4283 7.0 1.3 14 10
16:19:48 1 52 5120 4283 7.0 1.3 14 10
16:19:49 1 50 5120 4283 7.7 1.2 14 10
16:19:50 1 58 5120 4283 5.2 1.2 14 10
16:19:51 1 58 5120 4283 5.2 1.2 14 10
16:19:53 1 58 5120 4283 5.2 1.2 14 10
16:19:54 1 51 5120 4283 7.6 1.3 14 10
16:19:55 1 51 5120 4283 7.6 1.3 14 10
16:19:56 1 52 5120 4283 7.0 1.3 14 10
16:19:57 1 52 5120 4283 7.0 1.3 14 10
16:19:58 1 52 5120 4283 7.0 1.3 14 10
16:19:59 1 52 5120 4283 7.0 1.3 14 10
16:20:00 1 52 5120 4283 7.0 1.3 14 10
16:20:01 1 52 5120 4283 7.0 1.3 14 10
16:20:02 1 52 5120 4283 7.0 1.3 14 10
16:20:03 1 52 5120 4283 7.0 1.3 14 10
16:20:04 1 52 5120 4283 7.0 1.3 14 10
16:20:05 1 52 5120 4283 7.0 1.3 14 10
16:20:06 1 52 5120 4283 7.0 1.3 14 10
16:20:07 1 52 5120 4283 7.0 1.3 14 10
16:20:08 1 52 5120 4283 7.0 1.3 14 10
16:20:10 1 52 5120 4283 7.0 1.3 14 10
16:20:11 1 52 5120 4283 7.1 1.3 14 10
16:20:12 1 52 5120 4283 7.1 1.3 14 10
16:20:13 1 52 5120 4283 7.0 1.3 14 10
16:20:14 1 52 5120 4283 7.1 1.3 14 10
16:20:15 1 52 5120 4283 7.0 1.3 14 10
16:20:16 1 52 5120 4283 7.1 1.3 14 10
16:20:17 1 52 5120 4283 7.0 1.3 14 10
16:20:18 1 52 5120 4283 7.1 1.3 14 10
16:20:19 1 52 5120 4283 7.1 1.3 14 10
16:20:20 1 52 5120 4283 7.1 1.3 14 10
16:20:21 1 52 5120 4283 7.1 1.3 14 10
16:20:22 1 52 5120 4283 7.1 1.3 14 10
16:20:23 1 52 5120 4283 7.1 1.3 14 10
16:20:24 1 52 5120 4283 7.0 1.3 14 10
16:20:25 1 52 5120 4283 7.0 1.3 14 10
16:20:26 1 52 5120 4283 7.0 1.3 14 10
16:20:28 1 52 5120 4283 7.1 1.3 14 10
16:20:29 1 50 5120 4283 7.8 1.2 14 10
16:20:30 1 58 5120 4283 5.1 1.2 14 10
16:20:31 1 58 5120 4283 5.2 1.2 14 10
16:20:32 1 58 5120 4283 5.2 1.2 14 10
16:20:33 1 59 5120 4283 5.1 1.0 14 10
