time pressure_lvl free_pct swap_total_MB swap_used_MB wired_GB child_rss_GB disk_int_GB disk_ssd_GB
12:57:44 1 83 4096 2814 3.0 0.0 16 11
12:57:45 1 82 4096 2814 3.1 0.2 16 11
12:57:46 1 82 4096 2814 3.1 0.3 16 11
12:57:47 1 82 4096 2814 3.1 0.4 16 11
12:57:48 1 83 4096 2814 3.0 1.5 16 11
12:57:49 1 83 4096 2814 3.0 7.1 16 11
12:57:50 1 74 4096 2814 3.0 7.6 16 11
12:57:52 1 76 4096 2814 3.0 6.3 16 11
12:57:53 1 56 4096 2814 3.0 5.8 16 11
12:57:54 1 49 4096 2814 3.0 4.0 16 11
12:57:55 1 55 4096 2814 3.0 6.7 16 11
12:57:56 1 71 4096 2814 3.0 9.9 16 11
12:57:57 1 77 4096 2814 3.0 11.0 16 11
12:57:58 1 77 4096 2814 3.0 11.3 16 11
12:57:59 1 78 4096 2814 3.0 11.3 16 11
12:58:01 1 78 4096 2814 3.0 11.2 16 11
12:58:02 1 64 4096 2814 7.7 11.8 16 11
12:58:03 1 53 4096 2814 7.1 6.2 16 11
12:58:04 1 51 4096 2814 7.1 6.1 16 11
12:58:05 1 47 4096 2814 7.1 4.6 16 11
12:58:06 1 47 4096 2814 7.0 4.6 16 11
12:58:07 1 48 4096 2814 7.0 4.6 16 11
12:58:08 1 48 4096 2814 7.0 4.7 16 11
12:58:09 1 48 4096 2814 7.0 4.7 16 11
12:58:10 1 48 4096 2814 7.0 4.7 16 11
12:58:11 1 48 4096 2814 7.0 4.7 16 11
12:58:13 1 48 4096 2814 7.0 4.7 16 11
12:58:14 1 48 4096 2814 7.0 4.7 16 11
12:58:15 1 48 4096 2814 7.0 4.7 16 11
12:58:16 1 48 4096 2814 7.1 4.7 16 11
12:58:17 1 48 4096 2814 7.0 4.7 16 11
12:58:18 1 48 4096 2814 7.0 4.7 16 11
12:58:19 1 48 4096 2814 7.0 4.7 16 11
12:58:20 1 48 4096 2814 7.0 4.7 16 11
12:58:21 1 48 4096 2814 7.0 4.7 16 11
12:58:22 1 48 4096 2814 7.0 4.7 16 11
12:58:23 1 48 4096 2814 7.0 4.7 16 11
12:58:24 1 48 4096 2814 7.0 4.7 16 11
12:58:25 1 48 4096 2814 7.0 4.7 16 11
12:58:26 1 48 4096 2814 7.0 4.7 16 11
12:58:27 1 48 4096 2814 7.0 4.7 16 11
12:58:28 1 50 4096 2814 7.0 4.7 16 11
12:58:29 1 50 4096 2814 7.0 4.7 16 11
12:58:31 1 50 4096 2814 7.0 4.7 16 11
12:58:32 1 50 4096 2814 7.0 4.7 16 11
12:58:33 1 50 4096 2814 7.0 4.7 16 11
12:58:34 1 50 4096 2814 7.0 4.7 16 11
12:58:35 1 50 4096 2814 7.0 4.7 16 11
12:58:36 1 50 4096 2814 7.0 4.7 16 11
12:58:37 1 50 4096 2814 7.0 4.7 16 11
12:58:38 1 48 4096 2814 7.7 4.8 16 11
12:58:39 1 55 4096 2814 5.2 4.8 16 11
12:58:40 1 55 4096 2814 5.2 4.8 16 11
12:58:41 1 55 4096 2814 5.2 4.8 16 11
12:58:42 1 48 4096 2814 7.6 4.9 16 11
12:58:43 1 48 4096 2814 7.6 4.9 16 11
12:58:44 1 50 4096 2814 7.0 4.9 16 11
12:58:45 1 50 4096 2814 7.0 4.9 16 11
12:58:46 1 50 4096 2814 7.0 4.9 16 11
12:58:48 1 50 4096 2814 7.0 4.9 16 11
12:58:49 1 50 4096 2814 7.0 4.9 16 11
12:58:50 1 50 4096 2814 7.0 4.9 16 11
12:58:51 1 50 4096 2814 7.2 4.9 16 11
12:58:52 1 49 4096 2814 7.2 4.9 16 11
12:58:53 1 49 4096 2814 7.2 4.9 16 11
12:58:54 1 49 4096 2814 7.2 4.9 16 11
12:58:55 1 49 4096 2814 7.2 4.9 16 11
12:58:56 1 49 4096 2814 7.2 4.9 16 11
12:58:57 1 50 4096 2814 7.0 4.9 16 11
12:58:58 1 50 4096 2814 7.0 4.9 16 11
12:58:59 1 50 4096 2814 7.0 4.9 16 11
12:59:00 1 50 4096 2814 7.0 4.9 16 11
12:59:01 1 50 4096 2814 7.0 4.9 16 11
12:59:02 1 50 4096 2814 7.0 4.9 16 11
12:59:03 1 50 4096 2814 7.0 4.9 16 11
12:59:04 1 50 4096 2814 7.0 4.9 16 11
12:59:06 1 50 4096 2814 7.0 4.9 16 11
12:59:07 1 50 4096 2814 7.0 4.9 16 11
12:59:08 1 50 4096 2814 7.0 4.9 16 11
12:59:09 1 50 4096 2814 7.0 4.9 16 11
12:59:10 1 50 4096 2814 7.1 4.9 16 11
12:59:11 1 50 4096 2814 7.0 4.9 16 11
12:59:12 1 50 4096 2814 7.0 4.9 16 11
12:59:13 1 50 4096 2814 7.0 4.9 16 11
12:59:14 1 50 4096 2814 7.0 4.9 16 11
12:59:15 1 50 4096 2814 7.0 4.9 16 11
12:59:16 1 50 4096 2814 7.0 4.9 16 11
12:59:17 1 48 4096 2814 7.7 4.9 16 11
12:59:18 1 56 4096 2814 5.2 4.9 16 11
12:59:19 1 56 4096 2814 5.2 4.9 16 11
12:59:20 1 56 4096 2814 5.1 4.9 16 11
12:59:21 1 49 4096 2814 7.6 4.9 16 11
12:59:22 1 50 4096 2814 7.0 4.9 16 11
12:59:24 1 50 4096 2814 7.0 4.9 16 11
12:59:25 1 50 4096 2814 7.0 4.9 16 11
12:59:26 1 50 4096 2814 7.0 4.9 16 11
12:59:27 1 50 4096 2814 7.0 4.9 16 11
12:59:28 1 50 4096 2814 7.0 4.9 16 11
12:59:29 1 50 4096 2814 7.0 4.9 16 11
12:59:30 1 50 4096 2814 7.0 4.9 16 11
12:59:31 1 50 4096 2814 7.0 4.9 16 11
12:59:32 1 51 4096 2814 7.0 4.9 16 11
12:59:33 1 51 4096 2814 7.0 4.9 16 11
12:59:34 1 51 4096 2814 7.0 4.9 16 11
12:59:35 1 51 4096 2814 7.0 4.9 16 11
12:59:36 1 51 4096 2814 7.0 4.9 16 11
12:59:37 1 51 4096 2814 7.0 4.9 16 11
12:59:38 1 51 4096 2814 7.0 4.9 16 11
12:59:39 1 51 4096 2814 7.0 4.9 16 11
12:59:41 1 51 4096 2814 7.0 4.9 16 11
12:59:42 1 51 4096 2814 7.0 4.9 16 11
12:59:43 1 51 4096 2814 7.0 4.9 16 11
12:59:44 1 51 4096 2814 7.0 4.9 16 11
12:59:45 1 51 4096 2814 7.0 4.9 16 11
12:59:46 1 51 4096 2814 7.0 4.9 16 11
12:59:47 1 51 4096 2814 7.0 4.9 16 11
12:59:48 1 51 4096 2814 7.0 4.9 16 11
12:59:49 1 51 4096 2814 7.0 4.9 16 11
12:59:50 1 51 4096 2814 7.0 4.9 16 11
12:59:51 1 51 4096 2814 7.0 4.9 16 11
12:59:52 1 51 4096 2814 7.0 4.9 16 11
12:59:53 1 51 4096 2814 7.0 4.9 16 11
12:59:54 1 51 4096 2814 7.0 4.9 16 11
12:59:55 1 49 4096 2814 7.7 4.9 16 11
12:59:56 1 49 4096 2814 7.7 4.9 16 11
12:59:57 1 56 4096 2814 5.1 4.9 16 11
12:59:59 1 56 4096 2814 5.1 4.9 16 11
13:00:00 1 56 4096 2814 5.1 4.9 16 11
13:00:01 1 49 4096 2814 7.6 4.9 16 11
13:00:02 1 51 4096 2814 7.0 4.9 16 11
13:00:03 1 50 4096 2814 7.1 4.9 16 11
13:00:04 1 50 4096 2814 7.1 4.9 16 11
13:00:05 1 51 4096 2814 7.1 4.9 16 11
13:00:06 1 50 4096 2814 7.1 4.9 16 11
13:00:07 1 51 4096 2814 7.0 4.9 16 11
13:00:08 1 51 4096 2814 7.0 4.9 16 11
13:00:09 1 51 4096 2814 7.0 4.9 16 11
13:00:10 1 51 4096 2814 7.0 4.9 16 11
13:00:11 1 51 4096 2814 7.0 4.9 16 11
13:00:12 1 51 4096 2814 7.0 4.9 16 11
13:00:13 1 51 4096 2814 7.0 4.9 16 11
13:00:14 1 51 4096 2814 7.0 4.9 16 11
13:00:15 1 51 4096 2814 7.0 4.9 16 11
13:00:16 1 51 4096 2814 7.1 4.9 16 11
13:00:18 1 51 4096 2814 7.0 4.9 16 11
13:00:19 1 51 4096 2814 7.0 4.9 16 11
13:00:20 1 51 4096 2814 7.0 4.9 16 11
13:00:21 1 51 4096 2814 7.0 4.9 16 11
13:00:22 1 51 4096 2814 7.0 4.9 16 11
13:00:23 1 51 4096 2814 7.1 4.9 16 11
13:00:24 1 51 4096 2814 7.0 4.9 16 11
13:00:25 1 51 4096 2814 7.0 4.9 16 11
13:00:26 1 51 4096 2814 7.0 4.9 16 11
13:00:27 1 51 4096 2814 7.0 4.9 16 11
13:00:28 1 51 4096 2814 7.0 4.9 16 11
13:00:29 1 51 4096 2814 7.0 4.9 16 11
13:00:30 1 51 4096 2814 7.0 4.9 16 11
13:00:31 1 51 4096 2814 7.0 4.9 16 11
13:00:32 1 51 4096 2814 7.0 4.9 16 11
13:00:33 1 51 4096 2814 7.0 4.9 16 11
13:00:34 1 49 4096 2814 7.7 4.9 16 11
13:00:36 1 56 4096 2814 5.1 4.9 16 11
13:00:37 1 56 4096 2814 5.2 4.9 16 11
13:00:38 1 56 4096 2814 5.2 4.9 16 11
13:00:39 1 49 4096 2814 7.6 4.9 16 11
13:00:40 1 51 4096 2814 7.0 4.9 16 11
13:00:41 1 51 4096 2814 7.0 4.9 16 11
13:00:42 1 51 4096 2814 7.0 4.9 16 11
13:00:43 1 51 4096 2814 7.0 4.9 16 11
13:00:44 1 51 4096 2814 7.0 4.9 16 11
13:00:45 1 51 4096 2814 7.1 4.9 16 11
13:00:46 1 51 4096 2814 7.0 4.9 16 11
13:00:47 1 51 4096 2814 7.0 4.9 16 11
13:00:48 1 51 4096 2814 7.0 4.9 16 11
13:00:49 1 51 4096 2814 7.1 4.9 16 11
13:00:50 1 51 4096 2814 7.0 4.9 16 11
13:00:51 1 51 4096 2814 7.0 4.9 16 11
13:00:52 1 51 4096 2814 7.0 4.9 16 11
13:00:54 1 51 4096 2814 7.0 4.9 16 11
13:00:55 1 51 4096 2814 7.0 4.9 16 11
13:00:56 1 51 4096 2814 7.0 4.9 16 11
13:00:57 1 51 4096 2814 7.0 4.9 16 11
13:00:58 1 51 4096 2814 7.0 4.9 16 11
13:00:59 1 51 4096 2814 7.0 4.9 16 11
13:01:00 1 51 4096 2814 7.1 4.9 16 11
13:01:01 1 51 4096 2814 7.1 4.9 16 11
13:01:02 1 51 4096 2814 7.0 4.9 16 11
13:01:03 1 51 4096 2814 7.0 4.9 16 11
13:01:04 1 51 4096 2814 7.1 4.9 16 11
13:01:05 1 51 4096 2814 7.0 4.9 16 11
13:01:06 1 51 4096 2814 7.0 4.9 16 11
13:01:07 1 51 4096 2814 7.0 4.9 16 11
13:01:08 1 51 4096 2814 7.0 4.9 16 11
13:01:09 1 51 4096 2814 7.0 4.9 16 11
13:01:11 1 51 4096 2814 7.0 4.9 16 11
13:01:12 1 51 4096 2814 7.0 4.9 16 11
13:01:13 1 49 4096 2814 7.7 4.9 16 11
13:01:14 1 56 4096 2814 5.1 4.9 16 11
13:01:15 1 56 4096 2814 5.1 4.9 16 11
13:01:16 1 56 4096 2814 5.2 4.9 16 11
13:01:17 1 49 4096 2814 7.6 4.9 16 11
13:01:18 1 51 4096 2814 7.0 4.9 16 11
13:01:19 1 51 4096 2814 7.0 4.9 16 11
13:01:20 1 51 4096 2814 7.0 4.9 16 11
13:01:21 1 51 4096 2814 7.1 4.9 16 11
13:01:22 1 51 4096 2814 7.0 4.8 16 11
13:01:23 1 51 4096 2814 7.0 4.7 16 11
13:01:24 1 51 4096 2814 7.0 4.7 16 11
13:01:25 1 51 4096 2814 7.0 4.7 16 11
13:01:26 1 51 4096 2814 7.0 4.7 16 11
13:01:27 1 50 4096 2814 7.0 4.5 16 11
13:01:29 1 50 4096 2814 7.0 4.4 16 11
13:01:30 1 50 4096 2814 7.0 4.4 16 11
13:01:31 1 50 4096 2814 7.0 4.4 16 11
13:01:32 1 50 4096 2814 7.0 4.4 16 11
13:01:33 1 50 4096 2814 7.0 4.4 16 11
13:01:34 1 50 4096 2814 7.0 4.4 16 11
13:01:35 1 50 4096 2814 7.0 4.4 16 11
13:01:36 1 50 4096 2814 7.1 4.4 16 11
13:01:37 1 50 4096 2814 7.0 4.4 16 11
13:01:38 1 50 4096 2814 7.0 4.3 16 11
13:01:39 1 50 4096 2814 7.0 4.2 16 11
13:01:40 1 50 4096 2814 7.0 4.1 16 11
13:01:41 1 49 4096 2814 7.0 4.1 16 11
13:01:42 1 49 4096 2814 7.0 4.1 16 11
13:01:43 1 49 4096 2814 7.0 4.1 16 11
13:01:44 1 49 4096 2814 7.0 4.1 16 11
13:01:46 1 49 4096 2814 7.0 4.1 16 11
13:01:47 1 49 4096 2814 7.0 4.1 16 11
13:01:48 1 49 4096 2814 7.0 4.1 16 11
13:01:49 1 49 4096 2814 7.0 4.1 16 11
13:01:50 1 49 4096 2814 7.0 4.1 16 11
13:01:51 1 47 4096 2814 7.7 4.1 16 11
13:01:52 1 55 4096 2814 5.2 4.1 16 11
13:01:53 1 55 4096 2814 5.2 4.0 16 11
13:01:54 1 54 4096 2814 5.4 3.7 16 11
13:01:55 1 46 4096 2814 7.8 3.6 16 11
13:01:56 1 48 4096 2814 7.3 3.6 16 11
13:01:57 1 48 4096 2814 7.2 3.6 16 11
13:01:58 1 48 4096 2814 7.3 3.6 16 11
13:01:59 1 48 4096 2814 7.3 3.6 16 11
13:02:00 1 48 4096 2814 7.4 3.6 16 11
13:02:01 1 48 4096 2814 7.3 3.6 16 11
13:02:03 1 48 4096 2814 7.3 3.6 16 11
13:02:04 1 48 4096 2814 7.3 3.6 16 11
13:02:05 1 48 4096 2814 7.2 3.6 16 11
13:02:06 1 48 4096 2814 7.2 3.6 16 11
13:02:07 1 48 4096 2814 7.2 3.6 16 11
13:02:08 1 48 4096 2814 7.2 3.6 16 11
13:02:09 1 48 4096 2814 7.2 3.6 16 11
13:02:10 1 48 4096 2814 7.2 3.6 16 11
13:02:11 1 48 4096 2814 7.2 3.6 16 11
13:02:12 1 48 4096 2814 7.2 3.6 16 11
13:02:13 1 48 4096 2814 7.0 3.5 16 11
13:02:14 1 48 4096 2814 7.0 3.5 16 11
13:02:15 1 48 4096 2814 7.0 3.4 16 11
13:02:16 1 48 4096 2814 7.0 3.3 16 11
13:02:17 1 48 4096 2814 7.0 3.3 16 11
13:02:18 1 48 4096 2814 7.0 3.3 16 11
13:02:20 1 48 4096 2814 7.0 3.3 16 11
13:02:21 1 48 4096 2814 7.0 3.3 16 11
13:02:22 1 48 4096 2814 7.0 3.3 16 11
13:02:23 1 48 4096 2814 7.0 3.3 16 11
13:02:24 1 48 4096 2814 7.0 3.3 16 11
13:02:25 1 48 4096 2814 7.0 3.3 16 11
13:02:26 1 48 4096 2814 7.0 3.3 16 11
13:02:27 1 48 4096 2814 7.0 3.3 16 11
13:02:28 1 48 4096 2814 7.0 3.3 16 11
13:02:29 1 48 4096 2814 7.0 3.3 16 11
13:02:30 1 46 4096 2814 7.7 3.3 16 11
13:02:31 1 53 4096 2814 5.1 3.3 16 11
13:02:32 1 53 4096 2814 5.1 3.2 16 11
13:02:33 1 53 4096 2814 5.1 3.2 16 11
13:02:34 1 46 4096 2814 7.6 3.3 16 11
13:02:36 1 48 4096 2814 7.0 3.3 16 11
13:02:37 1 47 4096 2814 7.0 3.2 16 11
13:02:38 1 47 4096 2814 7.0 3.2 16 11
13:02:39 1 47 4096 2814 7.0 3.2 16 11
13:02:40 1 47 4096 2814 7.0 3.2 16 11
13:02:41 1 47 4096 2814 7.0 3.1 16 11
13:02:42 1 47 4096 2814 7.0 3.1 16 11
13:02:43 1 47 4096 2814 7.0 3.1 16 11
13:02:44 1 47 4096 2814 7.0 3.1 16 11
13:02:45 1 47 4096 2814 7.0 3.1 16 11
13:02:46 1 47 4096 2814 7.0 3.1 16 11
13:02:47 1 46 4096 2814 7.0 3.1 16 11
13:02:48 1 47 4096 2814 7.0 3.1 16 11
13:02:49 1 46 4096 2814 7.0 3.1 16 11
13:02:50 1 46 4096 2814 7.0 3.1 16 11
13:02:51 1 46 4096 2814 7.0 3.1 16 11
13:02:53 1 46 4096 2814 7.0 3.1 16 11
13:02:54 1 46 4096 2814 7.0 3.1 16 11
13:02:55 1 46 4096 2814 7.0 3.1 16 11
13:02:56 1 46 4096 2814 7.0 3.1 16 11
13:02:57 1 46 4096 2814 7.0 3.1 16 11
13:02:58 1 46 4096 2814 7.0 3.1 16 11
13:02:59 1 46 4096 2814 7.0 3.1 16 11
13:03:00 1 46 4096 2814 7.0 3.1 16 11
13:03:01 1 46 4096 2814 7.0 3.1 16 11
13:03:02 1 46 4096 2814 7.0 3.1 16 11
13:03:03 1 46 4096 2814 7.1 3.1 16 11
13:03:04 1 46 4096 2814 7.0 3.1 16 11
13:03:05 1 46 4096 2814 7.0 3.1 16 11
13:03:06 1 46 4096 2814 7.0 3.1 16 11
13:03:07 1 46 4096 2814 7.0 3.1 16 11
13:03:08 1 44 4096 2814 7.7 3.0 16 11
13:03:10 1 52 4096 2814 5.2 3.0 16 11
13:03:11 1 52 4096 2814 5.1 3.0 16 11
13:03:12 1 52 4096 2814 5.1 3.0 16 11
13:03:13 1 52 4096 2814 5.1 3.0 16 11
13:03:14 1 45 4096 2814 7.6 3.1 16 11
13:03:15 1 46 4096 2814 7.0 3.1 16 11
13:03:16 1 46 4096 2814 7.0 3.1 16 11
13:03:17 1 46 4096 2814 7.0 3.1 16 11
13:03:18 1 46 4096 2814 7.0 3.1 16 11
13:03:19 1 46 4096 2814 7.0 3.1 16 11
13:03:20 1 46 4096 2814 7.0 3.1 16 11
13:03:21 1 46 4096 2814 7.0 3.1 16 11
13:03:22 1 46 4096 2814 7.0 3.1 16 11
13:03:23 1 46 4096 2814 7.0 3.1 16 11
13:03:24 1 46 4096 2814 7.0 3.1 16 11
13:03:25 1 46 4096 2814 7.0 3.1 16 11
13:03:27 1 46 4096 2814 7.0 3.1 16 11
13:03:28 1 46 4096 2814 7.0 3.1 16 11
13:03:29 1 46 4096 2814 7.0 3.1 16 11
13:03:30 1 46 4096 2814 7.0 3.1 16 11
13:03:31 1 46 4096 2814 7.0 3.1 16 11
13:03:32 1 46 4096 2814 7.0 3.1 16 11
13:03:33 1 46 4096 2814 7.0 3.1 16 11
13:03:34 1 46 4096 2814 7.0 3.1 16 11
13:03:35 1 46 4096 2814 7.0 3.1 16 11
13:03:36 1 46 4096 2814 7.0 3.1 16 11
13:03:37 1 46 4096 2814 7.0 3.1 16 11
13:03:38 1 46 4096 2814 7.0 3.1 16 11
13:03:39 1 46 4096 2814 7.0 3.1 16 11
13:03:40 1 46 4096 2814 7.0 3.1 16 11
13:03:41 1 46 4096 2814 7.0 3.1 16 11
13:03:43 1 46 4096 2814 7.1 3.1 16 11
13:03:44 1 46 4096 2814 7.0 3.1 16 11
13:03:45 1 46 4096 2814 7.0 3.1 16 11
13:03:46 1 46 4096 2814 7.0 3.1 16 11
13:03:47 1 46 4096 2814 7.0 3.1 16 11
13:03:48 1 44 4096 2814 7.7 3.0 16 11
13:03:49 1 52 4096 2814 5.1 3.0 16 11
13:03:50 1 52 4096 2814 5.1 3.0 16 11
13:03:51 1 52 4096 2814 5.1 3.0 16 11
13:03:52 1 45 4096 2814 7.6 3.1 16 11
13:03:53 1 46 4096 2814 7.1 3.1 16 11
13:03:54 1 46 4096 2814 7.1 3.1 16 11
13:03:55 1 46 4096 2814 7.0 3.1 16 11
13:03:56 1 46 4096 2814 7.0 3.1 16 11
13:03:57 1 46 4096 2814 7.1 3.1 16 11
13:03:58 1 46 4096 2814 7.0 3.1 16 11
13:03:59 1 46 4096 2814 7.0 3.1 16 11
13:04:01 1 46 4096 2814 7.0 3.1 16 11
13:04:02 1 46 4096 2814 7.0 3.1 16 11
13:04:03 1 46 4096 2814 7.0 3.1 16 11
13:04:04 1 46 4096 2814 7.0 3.1 16 11
13:04:05 1 46 4096 2814 7.1 3.1 16 11
13:04:06 1 46 4096 2814 7.0 3.1 16 11
13:04:07 1 46 4096 2814 7.0 3.1 16 11
13:04:08 1 46 4096 2814 7.0 3.1 16 11
13:04:09 1 46 4096 2814 7.0 3.1 16 11
13:04:10 1 46 4096 2814 7.0 3.1 16 11
13:04:11 1 46 4096 2814 7.0 3.1 16 11
13:04:12 1 46 4096 2814 7.0 3.1 16 11
13:04:13 1 46 4096 2814 7.0 3.1 16 11
13:04:14 1 46 4096 2814 7.0 3.1 16 11
13:04:15 1 46 4096 2814 7.0 3.1 16 11
13:04:16 1 46 4096 2814 7.0 3.1 16 11
13:04:18 1 46 4096 2814 7.0 3.1 16 11
13:04:19 1 46 4096 2814 7.0 3.1 16 11
13:04:20 1 46 4096 2814 7.0 3.1 16 11
13:04:21 1 46 4096 2814 7.0 3.1 16 11
13:04:22 1 46 4096 2814 7.0 3.1 16 11
13:04:23 1 46 4096 2814 7.0 3.1 16 11
13:04:24 1 46 4096 2814 7.0 3.1 16 11
13:04:25 1 46 4096 2814 7.0 3.1 16 11
13:04:26 1 46 4096 2814 7.0 3.1 16 11
13:04:27 1 44 4096 2814 7.7 3.0 16 11
13:04:28 1 52 4096 2814 5.1 3.0 16 11
13:04:29 1 52 4096 2814 5.1 3.0 16 11
13:04:30 1 52 4096 2814 5.1 3.0 16 11
13:04:31 1 44 4096 2814 7.6 3.1 16 11
13:04:32 1 46 4096 2814 7.0 3.1 16 11
13:04:34 1 46 4096 2814 7.0 3.1 16 11
13:04:35 1 46 4096 2814 7.0 3.1 16 11
13:04:36 1 46 4096 2814 7.0 3.1 16 11
13:04:37 1 46 4096 2814 7.0 3.1 16 11
13:04:38 1 46 4096 2814 7.0 3.1 16 11
13:04:39 1 46 4096 2814 7.0 3.1 16 11
13:04:40 1 46 4096 2814 7.1 3.1 16 11
13:04:41 1 46 4096 2814 7.0 3.1 16 11
13:04:42 1 46 4096 2814 7.1 3.1 16 11
13:04:43 1 46 4096 2814 7.1 3.1 16 11
13:04:44 1 46 4096 2814 7.1 3.1 16 11
13:04:45 1 46 4096 2814 7.0 3.1 16 11
13:04:46 1 46 4096 2814 7.0 3.1 16 11
13:04:47 1 46 4096 2814 7.0 3.1 16 11
13:04:48 1 46 4096 2814 7.0 3.1 16 11
13:04:49 1 46 4096 2814 7.0 3.1 16 11
13:04:51 1 46 4096 2814 7.0 3.1 16 11
13:04:52 1 46 4096 2814 7.0 3.1 16 11
13:04:53 1 46 4096 2814 7.0 3.1 16 11
13:04:54 1 46 4096 2814 7.0 3.1 16 11
13:04:55 1 46 4096 2814 7.0 3.1 16 11
13:04:56 1 46 4096 2814 7.0 3.1 16 11
13:04:57 1 46 4096 2814 7.0 3.1 16 11
13:04:58 1 46 4096 2814 7.0 3.1 16 11
13:04:59 1 46 4096 2814 7.0 3.1 16 11
13:05:00 1 46 4096 2814 7.0 3.1 16 11
13:05:01 1 46 4096 2814 7.0 3.1 16 11
13:05:02 1 46 4096 2814 7.0 3.1 16 11
13:05:03 1 46 4096 2814 7.0 3.1 16 11
13:05:04 1 46 4096 2814 7.0 3.1 16 11
13:05:05 1 46 4096 2814 7.0 3.1 16 11
13:05:06 1 44 4096 2814 7.7 3.1 16 11
13:05:07 1 52 4096 2814 5.2 3.1 16 11
13:05:09 1 51 4096 2814 5.1 3.1 16 11
13:05:10 1 51 4096 2814 5.2 3.1 16 11
13:05:11 1 44 4096 2814 7.6 3.1 16 11
13:05:12 1 46 4096 2814 7.0 3.1 16 11
13:05:13 1 46 4096 2814 7.0 3.1 16 11
13:05:14 1 46 4096 2814 7.0 3.1 16 11
13:05:15 1 46 4096 2814 7.0 3.1 16 11
13:05:16 1 46 4096 2814 7.0 3.1 16 11
13:05:17 1 46 4096 2814 7.0 3.1 16 11
13:05:18 1 46 4096 2814 7.0 3.1 16 11
13:05:19 1 46 4096 2814 7.0 3.1 16 11
13:05:20 1 45 4096 2814 7.0 3.1 16 11
13:05:21 1 45 4096 2814 7.0 3.1 16 11
13:05:22 1 45 4096 2814 7.0 3.1 16 11
13:05:23 1 45 4096 2814 7.0 3.1 16 11
13:05:25 1 45 4096 2814 7.0 3.1 16 11
13:05:26 1 45 4096 2814 7.0 3.1 16 11
13:05:27 1 45 4096 2814 7.0 3.1 16 11
13:05:28 1 45 4096 2814 7.0 3.1 16 11
13:05:29 1 45 4096 2814 7.0 3.1 16 11
13:05:30 1 45 4096 2814 7.0 3.1 16 11
13:05:31 1 45 4096 2814 7.0 3.1 16 11
13:05:32 1 45 4096 2814 7.0 3.1 16 11
13:05:33 1 45 4096 2814 7.0 3.1 16 11
13:05:34 1 45 4096 2814 7.0 3.1 16 11
13:05:35 1 45 4096 2814 7.0 3.1 16 11
13:05:36 1 45 4096 2814 7.1 3.0 16 11
13:05:37 1 45 4096 2814 7.1 3.0 16 11
13:05:38 1 45 4096 2814 7.1 3.0 16 11
13:05:39 1 45 4096 2814 7.1 3.0 16 11
13:05:40 1 45 4096 2814 7.1 2.9 16 11
13:05:42 1 45 4096 2814 7.1 2.9 16 11
13:05:43 1 45 4096 2814 7.1 2.9 16 11
13:05:44 1 45 4096 2814 7.1 2.9 16 11
13:05:45 1 43 4096 2814 7.8 2.8 16 11
13:05:46 1 51 4096 2814 5.2 2.8 16 11
13:05:47 1 50 4096 2814 5.2 2.8 16 11
13:05:48 1 50 4096 2814 5.2 2.8 16 11
13:05:49 1 50 4096 2814 5.2 2.8 16 11
13:05:50 1 43 4096 2814 7.6 2.8 16 11
13:05:51 1 45 4096 2814 7.0 2.8 16 11
13:05:52 1 45 4096 2814 7.0 2.8 16 11
13:05:53 1 45 4096 2814 7.0 2.8 16 11
13:05:54 1 45 4096 2814 7.0 2.8 16 11
13:05:55 1 45 4096 2814 7.0 2.8 16 11
13:05:56 1 45 4096 2814 7.0 2.8 16 11
13:05:57 1 45 4096 2814 7.0 2.8 16 11
13:05:59 1 45 4096 2814 7.0 2.8 16 11
13:06:00 1 45 4096 2814 7.0 2.8 16 11
13:06:01 1 45 4096 2814 7.0 2.8 16 11
13:06:02 1 45 4096 2814 7.0 2.8 16 11
13:06:03 1 45 4096 2814 7.0 2.8 16 11
13:06:04 1 45 4096 2814 7.0 2.8 16 11
13:06:05 1 45 4096 2814 7.0 2.8 16 11
13:06:06 1 45 4096 2814 7.0 2.8 16 11
13:06:07 1 45 4096 2814 7.0 2.8 16 11
13:06:08 1 45 4096 2814 7.0 2.8 16 11
13:06:09 1 45 4096 2814 7.0 2.8 16 11
13:06:10 1 45 4096 2814 7.0 2.8 16 11
13:06:11 1 45 4096 2814 7.0 2.8 16 11
13:06:12 1 45 4096 2814 7.0 2.8 16 11
13:06:13 1 45 4096 2814 7.1 2.8 16 11
13:06:14 1 45 4096 2814 7.0 2.8 16 11
13:06:15 1 45 4096 2814 7.0 2.7 16 11
13:06:17 1 45 4096 2814 7.0 2.7 16 11
13:06:18 1 45 4096 2814 7.1 2.7 16 11
13:06:19 1 45 4096 2814 7.0 2.7 16 11
13:06:20 1 45 4096 2814 7.0 2.7 16 11
13:06:21 1 45 4096 2814 7.0 2.7 16 11
13:06:22 1 45 4096 2814 7.0 2.7 16 11
13:06:23 1 45 4096 2814 7.0 2.7 16 11
13:06:24 1 43 4096 2814 7.7 2.7 16 11
13:06:25 1 51 4096 2814 5.2 2.7 16 11
13:06:26 1 51 4096 2814 5.2 2.7 16 11
13:06:27 1 51 4096 2814 5.1 2.7 16 11
13:06:28 1 43 4096 2814 7.6 2.7 16 11
13:06:29 1 45 4096 2814 7.0 2.7 16 11
13:06:30 1 45 4096 2814 7.0 2.7 16 11
13:06:31 1 45 4096 2814 7.0 2.7 16 11
13:06:33 1 45 4096 2814 7.0 2.7 16 11
13:06:34 1 45 4096 2814 7.0 2.7 16 11
13:06:35 1 45 4096 2814 7.0 2.7 16 11
13:06:36 1 45 4096 2814 7.0 2.7 16 11
13:06:37 1 45 4096 2814 7.0 2.7 16 11
13:06:38 1 45 4096 2814 7.0 2.7 16 11
13:06:39 1 45 4096 2814 7.0 2.7 16 11
13:06:40 1 46 4096 2814 7.0 2.6 16 11
13:06:41 1 45 4096 2814 7.0 2.6 16 11
13:06:42 1 46 4096 2814 7.0 2.6 16 11
13:06:43 1 46 4096 2814 7.0 2.6 16 11
13:06:44 1 46 4096 2814 7.0 2.6 16 11
13:06:45 1 46 4096 2814 7.0 2.6 16 11
13:06:46 1 46 4096 2814 7.0 2.6 16 11
13:06:47 1 46 4096 2814 7.0 2.6 16 11
13:06:48 1 46 4096 2814 7.0 2.6 16 11
13:06:50 1 46 4096 2814 7.0 2.6 16 11
13:06:51 1 46 4096 2814 7.0 2.6 16 11
13:06:52 1 46 4096 2814 7.0 2.6 16 11
13:06:53 1 46 4096 2814 7.0 2.6 16 11
13:06:54 1 46 4096 2814 7.0 2.5 16 11
13:06:55 1 46 4096 2814 7.0 2.5 16 11
13:06:56 1 46 4096 2814 7.0 2.5 16 11
13:06:57 1 46 4096 2814 7.0 2.5 16 11
13:06:58 1 46 4096 2814 7.0 2.4 16 11
13:06:59 1 46 4096 2814 7.0 2.4 16 11
13:07:00 1 46 4096 2814 7.0 2.4 16 11
13:07:01 1 46 4096 2814 7.0 2.4 16 11
13:07:02 1 46 4096 2814 7.0 2.4 16 11
13:07:03 1 43 4096 2814 7.7 2.4 16 11
13:07:04 1 51 4096 2814 5.2 2.4 16 11
13:07:05 1 51 4096 2814 5.2 2.4 16 11
13:07:06 1 51 4096 2814 5.2 2.4 16 11
13:07:08 1 44 4096 2814 7.6 2.4 16 11
13:07:09 1 46 4096 2814 7.0 2.4 16 11
13:07:10 1 46 4096 2814 7.0 2.4 16 11
13:07:11 1 46 4096 2814 7.0 2.4 16 11
13:07:12 1 46 4096 2814 7.0 2.4 16 11
13:07:13 1 46 4096 2814 7.0 2.4 16 11
13:07:14 1 46 4096 2814 7.0 2.4 16 11
13:07:15 1 46 4096 2814 7.0 2.4 16 11
13:07:16 1 45 4096 2814 7.0 2.4 16 11
13:07:17 1 45 4096 2814 7.1 2.4 16 11
13:07:18 1 45 4096 2814 7.0 2.4 16 11
13:07:19 1 46 4096 2814 7.0 2.4 16 11
13:07:20 1 46 4096 2814 7.0 2.4 16 11
13:07:21 1 46 4096 2814 7.0 2.4 16 11
13:07:22 1 46 4096 2814 7.0 2.4 16 11
13:07:23 1 46 4096 2814 7.0 2.4 16 11
13:07:24 1 46 4096 2814 7.0 2.4 16 11
13:07:26 1 46 4096 2814 7.0 2.4 16 11
13:07:27 1 46 4096 2814 7.0 2.4 16 11
13:07:28 1 46 4096 2814 7.0 2.4 16 11
13:07:29 1 46 4096 2814 7.0 2.4 16 11
13:07:30 1 46 4096 2814 7.0 2.4 16 11
13:07:31 1 46 4096 2814 7.0 2.4 16 11
13:07:32 1 46 4096 2814 7.0 2.4 16 11
13:07:33 1 46 4096 2814 7.0 2.4 16 11
13:07:34 1 46 4096 2814 7.0 2.4 16 11
13:07:35 1 46 4096 2814 7.0 2.4 16 11
13:07:36 1 46 4096 2814 7.0 2.4 16 11
13:07:37 1 46 4096 2814 7.0 2.4 16 11
13:07:38 1 46 4096 2814 7.0 2.4 16 11
13:07:39 1 46 4096 2814 7.0 2.4 16 11
13:07:40 1 46 4096 2814 7.0 2.4 16 11
13:07:41 1 44 4096 2814 7.7 2.4 16 11
13:07:43 1 51 4096 2814 5.1 2.4 16 11
13:07:44 1 51 4096 2814 5.1 2.4 16 11
13:07:45 1 51 4096 2814 5.1 2.4 16 11
13:07:46 1 44 4096 2814 7.6 2.4 16 11
13:07:47 1 44 4096 2814 7.6 2.4 16 11
13:07:48 1 46 4096 2814 7.0 2.4 16 11
13:07:49 1 46 4096 2814 7.0 2.4 16 11
13:07:50 1 46 4096 2814 7.0 2.4 16 11
13:07:51 1 46 4096 2814 7.0 2.4 16 11
13:07:52 1 46 4096 2814 7.0 2.4 16 11
13:07:53 1 46 4096 2814 7.0 2.4 16 11
13:07:54 1 46 4096 2814 7.0 2.4 16 11
13:07:55 1 46 4096 2814 7.0 2.4 16 11
13:07:56 1 46 4096 2814 7.0 2.4 16 11
13:07:57 1 46 4096 2814 7.0 2.4 16 11
13:07:58 1 46 4096 2814 7.0 2.4 16 11
13:07:59 1 46 4096 2814 7.0 2.4 16 11
13:08:01 1 46 4096 2814 7.0 2.4 16 11
13:08:02 1 46 4096 2814 7.0 2.4 16 11
13:08:03 1 46 4096 2814 7.0 2.4 15 11
13:08:04 1 46 4096 2814 7.0 2.4 16 11
13:08:05 1 46 4096 2814 7.0 2.4 16 11
13:08:06 1 46 4096 2814 7.0 2.4 16 11
13:08:07 1 46 4096 2814 7.0 2.4 16 11
13:08:08 1 46 4096 2814 7.0 2.4 16 11
13:08:09 1 46 4096 2814 7.0 2.4 16 11
13:08:10 1 46 4096 2814 7.0 2.4 16 11
13:08:11 1 46 4096 2814 7.0 2.4 16 11
13:08:12 1 46 4096 2814 7.0 2.4 16 11
13:08:13 1 46 4096 2814 7.0 2.4 16 11
13:08:14 1 46 4096 2814 7.0 2.4 16 11
13:08:15 1 46 4096 2814 7.0 2.4 16 11
13:08:16 1 46 4096 2814 7.0 2.4 16 11
13:08:18 1 46 4096 2814 7.0 2.4 16 11
13:08:19 1 46 4096 2814 7.0 2.4 16 11
13:08:20 1 46 4096 2814 7.0 2.4 16 11
13:08:21 1 46 4096 2814 7.0 2.4 16 11
13:08:22 1 44 4096 2814 7.7 2.4 16 11
13:08:23 1 51 4096 2814 5.1 2.4 16 11
13:08:24 1 51 4096 2814 5.1 2.4 16 11
13:08:25 1 51 4096 2814 5.1 2.4 16 11
13:08:26 1 44 4096 2814 7.6 2.4 16 11
13:08:27 1 46 4096 2814 7.0 2.4 16 11
13:08:28 1 46 4096 2814 7.0 2.4 16 11
13:08:29 1 46 4096 2814 7.0 2.4 16 11
13:08:30 1 46 4096 2814 7.0 2.4 16 11
13:08:31 1 46 4096 2814 7.0 2.4 16 11
13:08:32 1 46 4096 2814 7.0 2.4 16 11
13:08:33 1 46 4096 2814 7.0 2.4 16 11
13:08:35 1 46 4096 2814 7.0 2.4 16 11
13:08:36 1 46 4096 2814 7.0 2.4 16 11
13:08:37 1 46 4096 2814 7.0 2.4 16 11
13:08:38 1 46 4096 2814 7.0 2.4 16 11
13:08:39 1 46 4096 2814 7.0 2.4 16 11
13:08:40 1 46 4096 2814 7.0 2.4 16 11
13:08:41 1 46 4096 2814 7.0 2.4 16 11
13:08:42 1 46 4096 2814 7.0 2.4 16 11
13:08:43 1 46 4096 2814 7.0 2.4 16 11
13:08:44 1 46 4096 2814 7.0 2.4 16 11
13:08:45 1 46 4096 2814 7.0 2.4 16 11
13:08:46 1 46 4096 2814 7.0 2.4 16 11
13:08:47 1 46 4096 2814 7.0 2.4 16 11
13:08:48 1 46 4096 2814 7.0 2.4 16 11
13:08:49 1 46 4096 2814 7.0 2.4 16 11
13:08:50 1 46 4096 2814 7.0 2.4 16 11
13:08:52 1 46 4096 2814 7.0 2.4 16 11
13:08:53 1 46 4096 2814 7.0 2.4 16 11
13:08:54 1 46 4096 2814 7.0 2.4 16 11
13:08:55 1 46 4096 2814 7.0 2.4 16 11
13:08:56 1 46 4096 2814 7.1 2.4 16 11
13:08:57 1 46 4096 2814 7.1 2.4 16 11
13:08:58 1 46 4096 2814 7.1 2.4 16 11
13:08:59 1 46 4096 2814 7.1 2.4 16 11
13:09:00 1 46 4096 2814 7.1 2.4 16 11
13:09:01 1 44 4096 2814 7.7 2.4 16 11
13:09:02 1 51 4096 2814 5.1 2.4 16 11
13:09:03 1 51 4096 2814 5.1 2.4 16 11
13:09:04 1 51 4096 2814 5.1 2.4 16 11
13:09:05 1 44 4096 2814 7.6 2.4 16 11
13:09:06 1 46 4096 2814 7.1 2.3 16 11
13:09:07 1 46 4096 2814 7.0 2.2 16 11
13:09:09 1 46 4096 2814 7.0 2.2 16 11
13:09:10 1 46 4096 2814 7.0 2.2 16 11
13:09:11 1 46 4096 2814 7.0 2.2 16 11
13:09:12 1 46 4096 2814 7.0 2.2 16 11
13:09:13 1 46 4096 2814 7.0 2.2 16 11
13:09:14 1 46 4096 2814 7.0 2.2 16 11
13:09:15 1 46 4096 2814 7.0 2.2 16 11
13:09:16 1 46 4096 2814 7.0 2.2 16 11
13:09:17 1 46 4096 2814 7.0 2.2 16 11
13:09:18 1 46 4096 2814 7.0 2.2 16 11
13:09:19 1 46 4096 2814 7.0 2.2 16 11
13:09:20 1 46 4096 2814 7.0 2.2 16 11
13:09:21 1 46 4096 2814 7.1 2.2 16 11
13:09:22 1 46 4096 2814 7.1 2.2 16 11
13:09:23 1 46 4096 2814 7.0 2.2 16 11
13:09:24 1 46 4096 2814 7.0 2.2 16 11
13:09:26 1 46 4096 2814 7.1 2.2 16 11
13:09:27 1 46 4096 2814 7.0 2.2 16 11
13:09:28 1 46 4096 2814 7.0 2.2 16 11
13:09:29 1 46 4096 2814 7.0 2.2 16 11
13:09:30 1 46 4096 2814 7.0 2.2 16 11
13:09:31 1 46 4096 2814 7.0 2.2 16 11
13:09:32 1 46 4096 2814 7.0 2.2 16 11
13:09:33 1 46 4096 2814 7.0 2.2 16 11
13:09:34 1 46 4096 2814 7.0 2.2 16 11
13:09:35 1 46 4096 2814 7.0 2.2 16 11
13:09:36 1 46 4096 2814 7.0 2.2 16 11
13:09:37 1 46 4096 2814 7.0 2.2 16 11
13:09:38 1 46 4096 2814 7.0 2.2 16 11
13:09:39 1 44 4096 2814 7.8 2.2 16 11
13:09:40 1 51 4096 2814 5.1 2.2 16 11
13:09:41 1 51 4096 2814 5.1 2.2 16 11
13:09:43 1 51 4096 2814 5.2 2.2 16 11
13:09:44 1 44 4096 2814 7.6 2.2 16 11
13:09:45 1 46 4096 2814 7.0 2.2 16 11
13:09:46 1 46 4096 2814 7.0 2.2 16 11
13:09:47 1 46 4096 2814 7.0 2.2 16 11
13:09:48 1 46 4096 2814 7.0 2.2 16 11
13:09:49 1 46 4096 2814 7.0 2.2 16 11
13:09:50 1 46 4096 2814 7.0 2.2 16 11
13:09:51 1 46 4096 2814 7.0 2.1 16 11
13:09:52 1 46 4096 2814 7.0 1.9 16 11
13:09:53 1 46 4096 2814 7.0 1.8 16 11
13:09:54 1 46 4096 2814 7.0 1.8 16 11
13:09:55 1 46 4096 2814 7.0 1.8 16 11
13:09:56 1 46 4096 2814 7.0 1.8 16 11
13:09:57 1 46 4096 2814 7.0 1.8 16 11
13:09:58 1 46 4096 2814 7.0 1.8 16 11
13:09:59 1 46 4096 2814 7.0 1.8 16 11
13:10:01 1 46 4096 2814 7.1 1.8 16 11
13:10:02 1 46 4096 2814 7.0 1.8 16 11
13:10:03 1 46 4096 2814 7.0 1.8 16 11
13:10:04 1 46 4096 2814 7.0 1.8 16 11
13:10:05 1 46 4096 2814 7.0 1.8 16 11
13:10:06 1 46 4096 2814 7.0 1.8 16 11
13:10:07 1 46 4096 2814 7.0 1.8 16 11
13:10:08 1 46 4096 2814 7.0 1.8 16 11
13:10:09 1 46 4096 2814 7.0 1.8 16 11
13:10:10 1 46 4096 2814 7.0 1.8 16 11
13:10:11 1 46 4096 2814 7.0 1.8 16 11
13:10:12 1 46 4096 2814 7.0 1.8 16 11
13:10:13 1 46 4096 2814 7.0 1.8 16 11
13:10:14 1 46 4096 2814 7.0 1.8 16 11
13:10:15 1 46 4096 2814 7.0 1.8 16 11
13:10:16 1 46 4096 2814 7.0 1.8 16 11
13:10:18 1 44 4096 2814 7.7 1.8 16 11
13:10:19 1 51 4096 2814 5.2 1.8 16 11
13:10:20 1 51 4096 2814 5.2 1.8 16 11
13:10:21 1 51 4096 2814 5.1 1.8 16 11
13:10:22 1 44 4096 2814 7.6 1.8 16 11
13:10:23 1 46 4096 2814 7.0 1.8 16 11
13:10:24 1 46 4096 2814 7.0 1.8 16 11
13:10:25 1 46 4096 2814 7.0 1.8 16 11
13:10:26 1 46 4096 2814 7.0 1.8 16 11
13:10:27 1 46 4096 2814 7.0 1.8 16 11
13:10:28 1 46 4096 2814 7.0 1.8 16 11
13:10:29 1 46 4096 2814 7.1 1.8 16 11
13:10:30 1 46 4096 2814 7.1 1.8 16 11
13:10:31 1 46 4096 2814 7.0 1.8 16 11
13:10:32 1 46 4096 2814 7.0 1.8 16 11
13:10:33 1 46 4096 2814 7.0 1.8 16 11
13:10:34 1 46 4096 2814 7.0 1.8 16 11
13:10:36 1 46 4096 2814 7.0 1.8 16 11
13:10:37 1 46 4096 2814 7.0 1.8 16 11
13:10:38 1 46 4096 2814 7.0 1.8 16 11
13:10:39 1 46 4096 2814 7.0 1.8 16 11
13:10:40 1 46 4096 2814 7.0 1.8 16 11
13:10:41 1 46 4096 2814 7.0 1.8 16 11
13:10:42 1 46 4096 2814 7.0 1.8 16 11
13:10:43 1 46 4096 2814 7.0 1.8 16 11
13:10:44 1 46 4096 2814 7.0 1.8 16 11
13:10:45 1 46 4096 2814 7.0 1.8 16 11
13:10:46 1 46 4096 2814 7.0 1.8 16 11
13:10:47 1 46 4096 2814 7.0 1.8 16 11
13:10:48 1 46 4096 2814 7.0 1.8 16 11
13:10:49 1 46 4096 2814 7.0 1.8 16 11
13:10:50 1 46 4096 2814 7.0 1.8 16 11
13:10:51 1 46 4096 2814 7.0 1.8 16 11
13:10:53 1 46 4096 2814 7.0 1.8 16 11
13:10:54 1 46 4096 2814 7.0 1.8 16 11
13:10:55 1 46 4096 2814 7.0 1.8 16 11
13:10:56 1 46 4096 2814 7.0 1.8 16 11
13:10:57 1 44 4096 2814 7.6 1.8 16 11
13:10:58 1 51 4096 2814 5.2 1.8 16 11
13:10:59 1 51 4096 2814 5.3 1.8 16 11
13:11:00 1 44 4096 2814 8.2 1.8 16 11
13:11:01 1 41 4096 2814 8.6 1.7 16 11
13:11:02 1 43 4096 2814 8.0 1.7 16 11
13:11:03 1 43 4096 2814 8.0 1.7 16 11
13:11:04 1 43 4096 2814 7.9 1.7 16 11
13:11:05 1 43 4096 2814 7.8 1.7 16 11
13:11:06 1 44 4096 2814 7.7 1.7 16 11
13:11:07 1 46 4096 2814 7.0 1.7 16 11
13:11:08 1 46 4096 2814 7.0 1.7 16 11
13:11:09 1 46 4096 2814 7.0 1.7 16 11
13:11:11 1 46 4096 2814 7.0 1.7 16 11
13:11:12 1 46 4096 2814 7.0 1.7 16 11
13:11:13 1 46 4096 2814 7.0 1.7 16 11
13:11:14 1 46 4096 2814 7.0 1.7 16 11
13:11:15 1 46 4096 2814 7.0 1.7 16 11
13:11:16 1 46 4096 2814 7.0 1.7 16 11
13:11:17 1 46 4096 2814 7.0 1.7 16 11
13:11:18 1 46 4096 2814 7.0 1.7 16 11
13:11:19 1 46 4096 2814 7.0 1.7 16 11
13:11:20 1 46 4096 2814 7.0 1.7 16 11
13:11:21 1 46 4096 2814 7.0 1.7 16 11
13:11:22 1 46 4096 2814 7.0 1.7 16 11
13:11:23 1 46 4096 2814 7.0 1.7 16 11
13:11:24 1 46 4096 2814 7.0 1.7 16 11
13:11:25 1 46 4096 2814 7.0 1.7 16 11
13:11:26 1 46 4096 2814 7.0 1.7 16 11
13:11:28 1 46 4096 2814 7.0 1.7 16 11
13:11:29 1 46 4096 2814 7.0 1.7 16 11
13:11:30 1 46 4096 2814 7.0 1.7 16 11
13:11:31 1 46 4096 2814 7.0 1.7 16 11
13:11:32 1 46 4096 2814 7.0 1.7 16 11
13:11:33 1 46 4096 2814 7.0 1.7 16 11
13:11:34 1 46 4096 2814 7.0 1.7 16 11
13:11:35 1 44 4096 2814 7.7 1.7 16 11
13:11:36 1 52 4096 2814 5.1 1.7 16 11
13:11:37 1 52 4096 2814 5.2 1.7 16 11
13:11:38 1 52 4096 2814 5.2 1.7 16 11
13:11:39 1 44 4096 2814 7.6 1.7 16 11
13:11:40 1 46 4096 2814 7.0 1.7 16 11
13:11:41 1 46 4096 2814 7.0 1.7 16 11
13:11:42 1 46 4096 2814 7.0 1.7 16 11
13:11:43 1 46 4096 2814 7.0 1.7 16 11
13:11:44 1 46 4096 2814 7.0 1.7 16 11
13:11:46 1 46 4096 2814 7.0 1.7 16 11
13:11:47 1 46 4096 2814 7.0 1.7 16 11
13:11:48 1 46 4096 2814 7.1 1.7 16 11
13:11:49 1 46 4096 2814 7.1 1.7 16 11
13:11:50 1 46 4096 2814 7.0 1.7 16 11
13:11:51 1 46 4096 2814 7.0 1.7 16 11
13:11:52 1 46 4096 2814 7.0 1.7 16 11
13:11:53 1 51 4096 2814 7.0 1.7 16 11
13:11:54 1 51 4096 2814 7.0 1.7 16 11
13:11:55 1 51 4096 2814 7.0 1.7 16 11
13:11:56 1 51 4096 2814 7.0 1.7 16 11
13:11:57 1 51 4096 2814 7.0 1.7 16 11
13:11:58 1 51 4096 2814 7.0 1.7 16 11
13:11:59 1 51 4096 2814 7.0 1.7 16 11
13:12:00 1 51 4096 2814 7.1 1.7 16 11
13:12:01 1 51 4096 2814 7.1 1.7 16 11
13:12:03 1 51 4096 2814 7.0 1.7 16 11
13:12:04 1 51 4096 2814 7.0 1.7 16 11
13:12:05 1 51 4096 2814 7.0 1.7 16 11
13:12:06 1 51 4096 2814 7.0 1.7 16 11
13:12:07 1 51 4096 2814 7.0 1.7 16 11
13:12:08 1 51 4096 2814 7.0 1.7 16 11
13:12:09 1 51 4096 2814 7.0 1.7 16 11
13:12:10 1 51 4096 2814 7.0 1.7 16 11
13:12:11 1 51 4096 2814 7.0 1.7 16 11
13:12:12 1 51 4096 2814 7.0 1.7 16 11
13:12:13 1 49 4096 2814 7.7 1.7 16 11
13:12:14 1 57 4096 2814 5.1 1.7 16 11
13:12:15 1 57 4096 2814 5.1 1.7 16 11
13:12:16 1 57 4096 2814 5.1 1.7 16 11
13:12:17 1 50 4096 2814 7.6 1.7 16 11
13:12:18 1 51 4096 2814 7.0 1.7 16 11
13:12:20 1 51 4096 2814 7.0 1.7 16 11
13:12:21 1 51 4096 2814 7.0 1.7 16 11
13:12:22 1 51 4096 2814 7.0 1.7 16 11
13:12:23 1 51 4096 2814 7.0 1.7 16 11
13:12:24 1 51 4096 2814 7.0 1.7 16 11
13:12:25 1 51 4096 2814 7.0 1.7 16 11
13:12:26 1 51 4096 2814 7.0 1.7 16 11
13:12:27 1 51 4096 2814 7.0 1.7 16 11
13:12:28 1 51 4096 2814 7.0 1.7 16 11
13:12:29 1 51 4096 2814 7.0 1.7 16 11
13:12:30 1 51 4096 2814 7.0 1.7 16 11
13:12:31 1 51 4096 2814 7.0 1.7 16 11
13:12:32 1 51 4096 2814 7.0 1.7 16 11
13:12:33 1 51 4096 2814 7.0 1.7 16 11
13:12:34 1 51 4096 2814 7.0 1.7 16 11
13:12:35 1 51 4096 2814 7.0 1.7 16 11
13:12:37 1 51 4096 2814 7.0 1.7 16 11
13:12:38 1 51 4096 2814 7.0 1.7 16 11
13:12:39 1 51 4096 2814 7.0 1.7 16 11
13:12:40 1 51 4096 2814 7.1 1.7 16 11
13:12:41 1 51 4096 2814 7.0 1.7 16 11
13:12:42 1 51 4096 2814 7.0 1.7 16 11
13:12:43 1 51 4096 2814 7.0 1.7 16 11
13:12:44 1 51 4096 2814 7.0 1.7 16 11
13:12:45 1 51 4096 2814 7.0 1.7 16 11
13:12:46 1 51 4096 2814 7.0 1.7 16 11
13:12:47 1 51 4096 2814 7.0 1.7 16 11
13:12:48 1 51 4096 2814 7.1 1.7 16 11
13:12:49 1 51 4096 2814 7.0 1.7 16 11
13:12:50 1 51 4096 2814 7.0 1.7 16 11
13:12:51 1 51 4096 2814 7.0 1.7 16 11
13:12:52 1 49 4096 2814 7.7 1.7 16 11
13:12:54 1 57 4096 2814 5.1 1.7 16 11
13:12:55 1 57 4096 2814 5.1 1.7 16 11
13:12:56 1 57 4096 2814 5.1 1.7 16 11
13:12:57 1 50 4096 2814 7.6 1.7 16 11
13:12:58 1 51 4096 2814 7.0 1.7 16 11
13:12:59 1 51 4096 2814 7.0 1.7 16 11
13:13:00 1 51 4096 2814 7.0 1.7 16 11
13:13:01 1 51 4096 2814 7.0 1.7 16 11
13:13:02 1 51 4096 2814 7.0 1.7 16 11
13:13:03 1 51 4096 2814 7.0 1.7 16 11
13:13:04 1 51 4096 2814 7.0 1.7 16 11
13:13:05 1 51 4096 2814 7.0 1.7 16 11
13:13:06 1 51 4096 2814 7.0 1.7 16 11
13:13:07 1 51 4096 2814 7.0 1.7 16 11
13:13:08 1 51 4096 2814 7.0 1.7 16 11
13:13:09 1 51 4096 2814 7.0 1.7 16 11
13:13:11 1 51 4096 2814 7.0 1.7 16 11
13:13:12 1 51 4096 2814 7.0 1.7 16 11
13:13:13 1 51 4096 2814 7.0 1.7 16 11
13:13:14 1 51 4096 2814 7.0 1.7 16 11
13:13:15 1 51 4096 2814 7.0 1.7 16 11
13:13:16 1 51 4096 2814 7.0 1.7 16 11
13:13:17 1 51 4096 2814 7.0 1.7 16 11
13:13:18 1 51 4096 2814 7.0 1.7 16 11
13:13:19 1 51 4096 2814 7.0 1.7 16 11
13:13:20 1 51 4096 2814 7.0 1.7 16 11
13:13:21 1 51 4096 2814 7.0 1.7 16 11
13:13:22 1 51 4096 2814 7.0 1.7 16 11
13:13:23 1 51 4096 2814 7.0 1.7 16 11
13:13:24 1 51 4096 2814 7.0 1.7 16 11
13:13:25 1 51 4096 2814 7.0 1.7 16 11
13:13:26 1 51 4096 2814 7.0 1.7 16 11
13:13:27 1 51 4096 2814 7.0 1.7 16 11
13:13:29 1 51 4096 2814 7.0 1.7 16 11
13:13:30 1 51 4096 2814 7.0 1.7 16 11
13:13:31 1 49 4096 2814 7.7 1.7 16 11
13:13:32 1 57 4096 2814 5.2 1.7 16 11
13:13:33 1 57 4096 2814 5.1 1.7 16 11
13:13:34 1 57 4096 2814 5.1 1.7 16 11
13:13:35 1 50 4096 2814 7.6 1.7 16 11
13:13:36 1 51 4096 2814 7.0 1.7 16 11
13:13:37 1 51 4096 2814 7.0 1.7 16 11
13:13:38 1 51 4096 2814 7.0 1.7 16 11
13:13:39 1 51 4096 2814 7.0 1.7 16 11
13:13:40 1 51 4096 2814 7.1 1.7 16 11
13:13:41 1 51 4096 2814 7.1 1.7 16 11
13:13:42 1 51 4096 2814 7.0 1.7 16 11
13:13:43 1 51 4096 2814 7.0 1.7 16 11
13:13:44 1 51 4096 2814 7.0 1.7 16 11
13:13:46 1 51 4096 2814 7.0 1.7 16 11
13:13:47 1 51 4096 2814 7.0 1.7 16 11
13:13:48 1 51 4096 2814 7.0 1.7 16 11
13:13:49 1 51 4096 2814 7.0 1.7 16 11
13:13:50 1 51 4096 2814 7.0 1.7 16 11
13:13:51 1 51 4096 2814 7.0 1.7 16 11
13:13:52 1 51 4096 2814 7.0 1.7 16 11
13:13:53 1 51 4096 2814 7.0 1.7 16 11
13:13:54 1 51 4096 2814 7.0 1.7 16 11
13:13:55 1 51 4096 2814 7.0 1.7 16 11
13:13:56 1 51 4096 2814 7.0 1.7 16 11
13:13:57 1 51 4096 2814 7.0 1.7 16 11
13:13:58 1 51 4096 2814 7.0 1.7 16 11
13:13:59 1 51 4096 2814 7.0 1.7 16 11
13:14:00 1 51 4096 2814 7.0 1.7 16 11
13:14:01 1 51 4096 2814 7.0 1.7 16 11
13:14:03 1 51 4096 2814 7.0 1.7 16 11
13:14:04 1 51 4096 2814 7.0 1.7 16 11
13:14:05 1 51 4096 2814 7.0 1.7 16 11
13:14:06 1 51 4096 2814 7.0 1.7 16 11
13:14:07 1 51 4096 2814 7.0 1.7 16 11
13:14:08 1 51 4096 2814 7.0 1.7 16 11
13:14:09 1 51 4096 2814 7.0 1.7 16 11
13:14:10 1 49 4096 2814 7.7 1.7 16 11
13:14:11 1 57 4096 2814 5.1 1.7 16 11
13:14:12 1 57 4096 2814 5.2 1.7 16 11
13:14:13 1 57 4096 2814 5.1 1.7 16 11
13:14:14 1 50 4096 2814 7.6 1.7 16 11
13:14:15 1 51 4096 2814 7.0 1.7 16 11
13:14:16 1 51 4096 2814 7.0 1.7 16 11
13:14:17 1 51 4096 2814 7.0 1.7 16 11
13:14:18 1 51 4096 2814 7.0 1.7 16 11
13:14:20 1 51 4096 2814 7.0 1.7 16 11
13:14:21 1 51 4096 2814 7.0 1.7 16 11
13:14:22 1 51 4096 2814 7.0 1.7 16 11
13:14:23 1 51 4096 2814 7.0 1.7 16 11
13:14:24 1 51 4096 2814 7.0 1.7 16 11
13:14:25 1 51 4096 2814 7.0 1.7 16 11
13:14:26 1 51 4096 2814 7.0 1.7 16 11
13:14:27 1 51 4096 2814 7.0 1.7 16 11
13:14:28 1 51 4096 2814 7.0 1.7 16 11
13:14:29 1 51 4096 2814 7.0 1.7 16 11
13:14:30 1 51 4096 2814 7.0 1.7 16 11
13:14:31 1 51 4096 2814 7.0 1.7 16 11
13:14:32 1 51 4096 2814 7.0 1.7 16 11
13:14:33 1 51 4096 2814 7.0 1.7 16 11
13:14:34 1 52 4096 2814 7.0 1.7 16 11
13:14:35 1 51 4096 2814 7.0 1.7 16 11
13:14:37 1 51 4096 2814 7.0 1.7 16 11
13:14:38 1 51 4096 2814 7.0 1.7 16 11
13:14:39 1 51 4096 2814 7.0 1.7 16 11
13:14:40 1 51 4096 2814 7.0 1.7 16 11
13:14:41 1 51 4096 2814 7.0 1.7 16 11
13:14:42 1 51 4096 2814 7.0 1.7 16 11
13:14:43 1 51 4096 2814 7.0 1.7 16 11
13:14:44 1 51 4096 2814 7.0 1.7 16 11
13:14:45 1 51 4096 2814 7.0 1.7 16 11
13:14:46 1 52 4096 2814 7.0 1.7 16 11
13:14:47 1 52 4096 2814 7.0 1.7 16 11
13:14:48 1 49 4096 2814 7.7 1.7 16 11
13:14:49 1 57 4096 2814 5.1 1.7 16 11
13:14:50 1 57 4096 2814 5.1 1.7 16 11
13:14:51 1 57 4096 2814 5.1 1.7 16 11
13:14:52 1 50 4096 2814 7.6 1.7 16 11
13:14:54 1 51 4096 2814 7.0 1.7 16 11
13:14:55 1 51 4096 2814 7.0 1.7 16 11
13:14:56 1 51 4096 2814 7.0 1.7 16 11
13:14:57 1 51 4096 2814 7.1 1.7 16 11
13:14:58 1 51 4096 2814 7.0 1.7 16 11
13:14:59 1 52 4096 2814 7.0 1.7 16 11
13:15:00 1 51 4096 2814 7.0 1.7 16 11
13:15:01 1 51 4096 2814 7.0 1.7 16 11
13:15:02 1 52 4096 2814 7.0 1.7 16 11
13:15:03 1 52 4096 2814 7.0 1.7 16 11
13:15:04 1 52 4096 2814 7.0 1.7 16 11
13:15:05 1 51 4096 2814 7.0 1.7 16 11
13:15:06 1 51 4096 2814 7.0 1.7 16 11
13:15:07 1 52 4096 2814 7.0 1.7 16 11
13:15:08 1 52 4096 2814 7.0 1.7 16 11
13:15:09 1 52 4096 2814 7.0 1.7 16 11
13:15:11 1 52 4096 2814 7.0 1.7 16 11
13:15:12 1 51 4096 2814 7.0 1.7 16 11
13:15:13 1 51 4096 2814 7.0 1.7 16 11
13:15:14 1 52 4096 2814 7.0 1.7 16 11
13:15:15 1 51 4096 2814 7.0 1.7 16 11
13:15:16 1 52 4096 2814 7.0 1.7 16 11
13:15:17 1 52 4096 2814 7.0 1.7 16 11
13:15:18 1 51 4096 2814 7.0 1.7 16 11
13:15:19 1 51 4096 2814 7.0 1.7 16 11
13:15:20 1 51 4096 2814 7.0 1.7 16 11
13:15:21 1 51 4096 2814 7.0 1.7 16 11
13:15:22 1 51 4096 2814 7.0 1.7 16 11
13:15:23 1 51 4096 2814 7.0 1.7 16 11
13:15:24 1 51 4096 2814 7.0 1.7 16 11
13:15:25 1 51 4096 2814 7.0 1.7 16 11
13:15:26 1 51 4096 2814 7.0 1.7 16 11
13:15:28 1 49 4096 2814 7.7 1.7 16 11
13:15:29 1 57 4096 2814 5.2 1.7 16 11
13:15:30 1 57 4096 2814 5.2 1.7 16 11
13:15:31 1 57 4096 2814 6.1 1.7 16 11
13:15:32 1 50 4096 2814 7.6 1.7 16 11
13:15:33 1 51 4096 2814 7.0 1.7 16 11
13:15:34 1 51 4096 2814 7.0 1.7 16 11
13:15:35 1 51 4096 2814 7.0 1.7 16 11
13:15:36 1 51 4096 2814 7.0 1.7 16 11
13:15:37 1 51 4096 2814 7.0 1.7 16 11
13:15:38 1 51 4096 2814 7.0 1.7 16 11
13:15:39 1 51 4096 2814 7.0 1.7 16 11
13:15:40 1 51 4096 2814 7.0 1.7 16 11
13:15:41 1 51 4096 2814 7.0 1.7 16 11
13:15:42 1 51 4096 2814 7.0 1.7 16 11
13:15:43 1 51 4096 2814 7.0 1.7 16 11
13:15:45 1 51 4096 2814 7.0 1.7 16 11
13:15:46 1 51 4096 2814 7.0 1.7 16 11
13:15:47 1 51 4096 2814 7.0 1.7 16 11
13:15:48 1 51 4096 2814 7.0 1.7 16 11
13:15:49 1 51 4096 2814 7.0 1.7 16 11
13:15:50 1 51 4096 2814 7.0 1.7 16 11
13:15:51 1 51 4096 2814 7.0 1.7 16 11
13:15:52 1 51 4096 2814 7.0 1.7 16 11
13:15:53 1 51 4096 2814 7.0 1.7 16 11
13:15:54 1 51 4096 2814 7.0 1.7 16 11
13:15:55 1 51 4096 2814 7.0 1.7 16 11
13:15:56 1 51 4096 2814 7.0 1.7 16 11
13:15:57 1 51 4096 2814 7.0 1.7 16 11
13:15:58 1 51 4096 2814 7.0 1.7 16 11
13:15:59 1 51 4096 2814 7.0 1.7 16 11
13:16:00 1 51 4096 2814 7.1 1.7 16 11
13:16:01 1 51 4096 2814 7.0 1.7 16 11
13:16:03 1 51 4096 2814 7.0 1.7 16 11
13:16:04 1 51 4096 2814 7.0 1.7 16 11
13:16:05 1 51 4096 2814 7.0 1.7 16 11
13:16:06 1 49 4096 2814 7.7 1.7 16 11
13:16:07 1 57 4096 2814 5.1 1.7 16 11
13:16:08 1 57 4096 2814 5.1 1.7 16 11
13:16:09 1 57 4096 2814 5.1 1.7 16 11
13:16:10 1 50 4096 2814 7.6 1.7 16 11
13:16:11 1 51 4096 2814 7.0 1.7 16 11
13:16:12 1 51 4096 2814 7.0 1.7 16 11
13:16:13 1 51 4096 2814 7.0 1.7 16 11
13:16:14 1 51 4096 2814 7.0 1.7 16 11
13:16:15 1 51 4096 2814 7.0 1.7 16 11
13:16:16 1 51 4096 2814 7.0 1.7 16 11
13:16:17 1 51 4096 2814 7.0 1.7 16 11
13:16:18 1 51 4096 2814 7.0 1.7 16 11
13:16:20 1 51 4096 2814 7.0 1.7 16 11
13:16:21 1 51 4096 2814 7.0 1.7 16 11
13:16:22 1 51 4096 2814 7.0 1.7 16 11
13:16:23 1 51 4096 2814 7.0 1.7 16 11
13:16:24 1 51 4096 2814 7.0 1.7 16 11
13:16:25 1 51 4096 2814 7.0 1.7 16 11
13:16:26 1 51 4096 2814 7.0 1.7 16 11
13:16:27 1 51 4096 2814 7.0 1.7 16 11
13:16:28 1 51 4096 2814 7.0 1.7 16 11
13:16:29 1 51 4096 2814 7.0 1.7 16 11
13:16:30 1 51 4096 2814 7.0 1.7 16 11
13:16:31 1 51 4096 2814 7.0 1.7 16 11
13:16:32 1 51 4096 2814 7.0 1.7 16 11
13:16:33 1 51 4096 2814 7.0 1.7 16 11
13:16:34 1 51 4096 2814 7.0 1.7 16 11
13:16:35 1 51 4096 2814 7.0 1.7 16 11
13:16:37 1 51 4096 2814 7.0 1.7 16 11
13:16:38 1 51 4096 2814 7.0 1.7 16 11
13:16:39 1 51 4096 2814 7.0 1.7 16 11
13:16:40 1 51 4096 2814 7.0 1.7 16 11
13:16:41 1 51 4096 2814 7.0 1.7 16 11
13:16:42 1 51 4096 2814 7.0 1.7 16 11
13:16:43 1 51 4096 2814 7.0 1.7 16 11
13:16:44 1 51 4096 2814 7.0 1.7 16 11
13:16:45 1 49 4096 2814 7.7 1.7 16 11
13:16:46 1 57 4096 2814 5.2 1.7 16 11
13:16:47 1 57 4096 2814 5.2 1.7 16 11
13:16:48 1 57 4096 2814 5.2 1.7 16 11
13:16:49 1 50 4096 2814 7.6 1.7 16 11
13:16:50 1 51 4096 2814 7.0 1.7 16 11
13:16:51 1 51 4096 2814 7.0 1.7 16 11
13:16:52 1 51 4096 2814 7.0 1.7 16 11
13:16:54 1 51 4096 2814 7.1 1.7 16 11
13:16:55 1 51 4096 2814 7.0 1.7 16 11
13:16:56 1 51 4096 2814 7.0 1.7 16 11
13:16:57 1 51 4096 2814 7.0 1.7 16 11
13:16:58 1 51 4096 2814 7.0 1.7 16 11
13:16:59 1 51 4096 2814 7.0 1.7 16 11
13:17:00 1 51 4096 2814 7.1 1.7 16 11
13:17:01 1 51 4096 2814 7.0 1.8 16 11
13:17:02 1 51 4096 2814 7.0 1.8 16 11
13:17:03 1 51 4096 2814 7.0 1.8 16 11
13:17:04 1 52 4096 2814 7.0 1.8 16 11
13:17:05 1 52 4096 2814 7.0 1.8 16 11
13:17:06 1 52 4096 2814 7.0 1.8 16 11
13:17:07 1 52 4096 2814 7.0 1.8 16 11
13:17:08 1 52 4096 2814 7.0 1.8 16 11
13:17:09 1 52 4096 2814 7.0 1.8 16 11
13:17:11 1 52 4096 2814 7.0 1.8 16 11
13:17:12 1 52 4096 2814 7.0 1.8 16 11
13:17:13 1 52 4096 2814 7.0 1.8 16 11
13:17:14 1 52 4096 2814 7.0 1.8 16 11
13:17:15 1 52 4096 2814 7.0 1.8 16 11
13:17:16 1 52 4096 2814 7.0 1.8 16 11
13:17:17 1 52 4096 2814 7.0 1.8 16 11
13:17:18 1 52 4096 2814 7.0 1.8 16 11
13:17:19 1 52 4096 2814 7.0 1.8 16 11
13:17:20 1 52 4096 2814 7.0 1.8 16 11
13:17:21 1 52 4096 2814 7.0 1.8 16 11
13:17:22 1 52 4096 2814 7.0 1.8 16 11
13:17:23 1 49 4096 2814 7.7 1.7 16 11
13:17:24 1 57 4096 2814 5.2 1.7 16 11
13:17:25 1 57 4096 2814 5.2 1.7 16 11
13:17:26 1 57 4096 2814 5.2 1.7 16 11
13:17:28 1 50 4096 2814 7.6 1.8 16 11
13:17:29 1 52 4096 2814 7.0 1.8 16 11
13:17:30 1 52 4096 2814 7.0 1.8 16 11
13:17:31 1 52 4096 2814 7.0 1.8 16 11
13:17:32 1 52 4096 2814 7.0 1.8 16 11
13:17:33 1 52 4096 2814 7.0 1.8 16 11
13:17:34 1 52 4096 2814 7.0 1.8 16 11
13:17:35 1 52 4096 2814 7.0 1.8 16 11
13:17:36 1 52 4096 2814 7.0 1.8 16 11
13:17:37 1 52 4096 2814 7.0 1.8 16 11
13:17:38 1 52 4096 2814 7.0 1.8 16 11
13:17:39 1 52 4096 2814 7.0 1.8 16 11
13:17:40 1 52 4096 2814 7.0 1.8 16 11
13:17:41 1 52 4096 2814 7.0 1.8 16 11
13:17:42 1 52 4096 2814 7.0 1.8 16 11
13:17:43 1 52 4096 2814 7.0 1.8 16 11
13:17:44 1 52 4096 2814 7.0 1.8 16 11
13:17:46 1 52 4096 2814 7.0 1.8 16 11
13:17:47 1 51 4096 2814 7.1 1.8 16 11
13:17:48 1 52 4096 2814 7.0 1.8 16 11
13:17:49 1 52 4096 2814 7.0 1.8 16 11
13:17:50 1 52 4096 2814 7.0 1.8 16 11
13:17:51 1 52 4096 2814 7.0 1.8 16 11
13:17:52 1 52 4096 2814 7.0 1.8 16 11
13:17:53 1 52 4096 2814 7.0 1.8 16 11
13:17:54 1 52 4096 2814 7.0 1.8 16 11
13:17:55 1 52 4096 2814 7.0 1.8 16 11
13:17:56 1 52 4096 2814 7.0 1.8 16 11
13:17:57 1 52 4096 2814 7.0 1.8 16 11
13:17:58 1 52 4096 2814 7.0 1.8 16 11
13:17:59 1 52 4096 2814 7.0 1.8 16 11
13:18:00 1 52 4096 2814 7.0 1.8 16 11
13:18:01 1 52 4096 2814 7.0 1.8 16 11
13:18:03 1 49 4096 2814 7.7 1.7 16 11
13:18:04 1 57 4096 2814 5.1 1.7 16 11
13:18:05 1 57 4096 2814 5.1 1.7 16 11
13:18:06 1 57 4096 2814 5.1 1.7 16 11
13:18:07 1 50 4096 2814 7.6 1.8 16 11
13:18:08 1 52 4096 2814 7.0 1.8 16 11
13:18:09 1 52 4096 2814 7.0 1.8 16 11
13:18:10 1 52 4096 2814 7.0 1.8 16 11
13:18:11 1 52 4096 2814 7.0 1.8 16 11
13:18:12 1 52 4096 2814 7.0 1.8 16 11
13:18:13 1 52 4096 2814 7.0 1.8 16 11
13:18:14 1 52 4096 2814 7.0 1.8 16 11
13:18:15 1 52 4096 2814 7.0 1.8 16 11
13:18:16 1 52 4096 2814 7.0 1.8 16 11
13:18:17 1 52 4096 2814 7.0 1.8 16 11
13:18:18 1 52 4096 2814 7.0 1.8 16 11
13:18:20 1 52 4096 2814 7.0 1.8 16 11
13:18:21 1 52 4096 2814 7.0 1.8 16 11
13:18:22 1 52 4096 2814 7.0 1.8 16 11
13:18:23 1 52 4096 2814 7.0 1.8 16 11
13:18:24 1 52 4096 2814 7.0 1.8 16 11
13:18:25 1 52 4096 2814 7.0 1.8 16 11
13:18:26 1 52 4096 2814 7.0 1.8 16 11
13:18:27 1 52 4096 2814 7.0 1.8 16 11
13:18:28 1 52 4096 2814 7.0 1.8 16 11
13:18:29 1 52 4096 2814 7.0 1.8 16 11
13:18:30 1 52 4096 2814 7.0 1.8 16 11
13:18:31 1 52 4096 2814 7.0 1.8 16 11
13:18:32 1 52 4096 2814 7.0 1.8 16 11
13:18:33 1 52 4096 2814 7.0 1.8 16 11
13:18:34 1 52 4096 2814 7.0 1.8 16 11
13:18:35 1 52 4096 2814 7.0 1.8 16 11
13:18:37 1 52 4096 2814 7.0 1.8 16 11
13:18:38 1 52 4096 2814 7.0 1.8 16 11
13:18:39 1 52 4096 2814 7.0 1.8 16 11
13:18:40 1 52 4096 2814 7.0 1.8 16 11
13:18:41 1 49 4096 2814 7.7 1.7 16 11
13:18:42 1 57 4096 2814 5.1 1.7 16 11
13:18:43 1 57 4096 2814 5.1 1.7 16 11
13:18:44 1 57 4096 2814 5.1 1.7 16 11
13:18:45 1 50 4096 2814 7.6 1.8 16 11
13:18:46 1 52 4096 2814 7.0 1.8 16 11
13:18:47 1 52 4096 2814 7.0 1.8 16 11
13:18:48 1 52 4096 2814 7.0 1.8 16 11
13:18:49 1 52 4096 2814 7.0 1.8 16 11
13:18:50 1 52 4096 2814 7.0 1.8 16 11
13:18:51 1 52 4096 2814 7.0 1.8 16 11
13:18:52 1 52 4096 2814 7.0 1.8 16 11
13:18:54 1 52 4096 2814 7.0 1.8 16 11
13:18:55 1 52 4096 2814 7.0 1.8 16 11
13:18:56 1 52 4096 2814 7.0 1.8 16 11
13:18:57 1 52 4096 2814 7.0 1.8 16 11
13:18:58 1 52 4096 2814 7.0 1.8 16 11
13:18:59 1 52 4096 2814 7.0 1.8 16 11
13:19:00 1 52 4096 2814 7.0 1.8 16 11
13:19:01 1 52 4096 2814 7.0 1.8 16 11
13:19:02 1 52 4096 2814 7.0 1.8 16 11
13:19:03 1 52 4096 2814 7.0 1.8 16 11
13:19:04 1 52 4096 2814 7.0 1.8 16 11
13:19:05 1 52 4096 2814 7.0 1.8 16 11
13:19:06 1 52 4096 2814 7.0 1.8 16 11
13:19:07 1 52 4096 2814 7.0 1.8 16 11
13:19:08 1 51 4096 2814 7.2 1.8 16 11
13:19:09 1 52 4096 2814 7.0 1.8 16 11
13:19:10 1 52 4096 2814 7.0 1.8 16 11
13:19:12 1 52 4096 2814 7.0 1.8 16 11
13:19:13 1 52 4096 2814 7.0 1.8 16 11
13:19:14 1 52 4096 2814 7.0 1.8 16 11
13:19:15 1 52 4096 2814 7.0 1.8 16 11
13:19:16 1 52 4096 2814 7.0 1.8 16 11
13:19:17 1 52 4096 2814 7.0 1.8 16 11
13:19:18 1 52 4096 2814 7.0 1.8 16 11
13:19:19 1 52 4096 2814 7.0 1.8 16 11
13:19:20 1 50 4096 2814 7.7 1.7 16 11
13:19:21 1 57 4096 2814 5.1 1.7 16 11
13:19:22 1 57 4096 2814 5.1 1.7 16 11
13:19:23 1 57 4096 2814 6.2 1.8 16 11
13:19:24 1 50 4096 2814 7.6 1.8 16 11
13:19:25 1 52 4096 2814 7.0 1.8 16 11
13:19:26 1 52 4096 2814 7.0 1.8 16 11
13:19:27 1 52 4096 2814 7.0 1.8 16 11
13:19:28 1 52 4096 2814 7.0 1.8 16 11
13:19:30 1 52 4096 2814 7.0 1.8 16 11
13:19:31 1 52 4096 2814 7.0 1.8 16 11
13:19:32 1 52 4096 2814 7.0 1.8 16 11
13:19:33 1 52 4096 2814 7.0 1.8 16 11
13:19:34 1 52 4096 2814 7.0 1.8 16 11
13:19:35 1 52 4096 2814 7.0 1.8 16 11
13:19:36 1 52 4096 2814 7.0 1.8 16 11
13:19:37 1 52 4096 2814 7.0 1.8 16 11
13:19:38 1 52 4096 2814 7.0 1.8 16 11
13:19:39 1 52 4096 2814 7.0 1.8 16 11
13:19:40 1 52 4096 2814 7.0 1.8 16 11
13:19:41 1 52 4096 2814 7.0 1.8 16 11
13:19:42 1 52 4096 2814 7.0 1.8 16 11
13:19:43 1 52 4096 2814 7.0 1.8 16 11
13:19:44 1 52 4096 2814 7.0 1.8 16 11
13:19:45 1 52 4096 2814 7.0 1.8 16 11
13:19:46 1 52 4096 2814 7.0 1.8 16 11
13:19:48 1 52 4096 2814 7.0 1.8 16 11
13:19:49 1 52 4096 2814 7.0 1.8 16 11
13:19:50 1 52 4096 2814 7.0 1.8 16 11
13:19:51 1 52 4096 2814 7.0 1.8 16 11
13:19:52 1 52 4096 2814 7.0 1.8 16 11
13:19:53 1 52 4096 2814 7.0 1.8 16 11
13:19:54 1 52 4096 2814 7.0 1.8 16 11
13:19:55 1 51 4096 2814 7.1 1.8 16 11
13:19:56 1 52 4096 2814 7.0 1.8 16 11
13:19:57 1 52 4096 2814 7.0 1.8 16 11
13:19:58 1 50 4096 2814 7.7 1.8 16 11
13:19:59 1 57 4096 2814 5.1 1.8 16 11
13:20:00 1 57 4096 2814 5.1 1.8 16 11
13:20:01 1 57 4096 2814 5.1 1.8 16 11
13:20:02 1 50 4096 2814 7.6 1.8 16 11
13:20:04 1 52 4096 2814 7.0 1.8 16 11
13:20:05 1 52 4096 2814 7.0 1.8 16 11
13:20:06 1 52 4096 2814 7.0 1.8 16 11
13:20:07 1 52 4096 2814 7.0 1.8 16 11
13:20:08 1 52 4096 2814 7.0 1.8 16 11
13:20:09 1 52 4096 2814 7.0 1.8 16 11
13:20:10 1 52 4096 2814 7.0 1.8 16 11
13:20:11 1 52 4096 2814 7.0 1.8 16 11
13:20:12 1 52 4096 2814 7.0 1.8 16 11
13:20:13 1 52 4096 2814 7.0 1.8 16 11
13:20:14 1 52 4096 2814 7.0 1.8 16 11
13:20:15 1 52 4096 2814 7.0 1.8 16 11
13:20:16 1 52 4096 2814 7.0 1.8 16 11
13:20:17 1 52 4096 2814 7.0 1.8 16 11
13:20:18 1 52 4096 2814 7.0 1.8 16 11
13:20:19 1 52 4096 2814 7.0 1.8 16 11
13:20:21 1 52 4096 2814 7.0 1.8 16 11
13:20:22 1 52 4096 2814 7.0 1.8 16 11
13:20:23 1 52 4096 2814 7.0 1.8 16 11
13:20:24 1 52 4096 2814 7.0 1.8 16 11
13:20:25 1 52 4096 2814 7.0 1.8 16 11
13:20:26 1 52 4096 2814 7.0 1.8 16 11
13:20:27 1 52 4096 2814 7.0 1.8 16 11
13:20:28 1 52 4096 2814 7.0 1.8 16 11
13:20:29 1 52 4096 2814 7.0 1.8 16 11
13:20:30 1 52 4096 2814 7.0 1.8 16 11
13:20:31 1 52 4096 2814 7.0 1.8 16 11
13:20:32 1 52 4096 2814 7.0 1.8 16 11
13:20:33 1 52 4096 2814 7.0 1.8 16 11
13:20:34 1 52 4096 2814 7.0 1.8 16 11
13:20:35 1 52 4096 2814 7.0 1.8 16 11
13:20:36 1 49 4096 2814 7.7 1.8 16 11
13:20:37 1 57 4096 2814 5.2 1.8 16 11
13:20:38 1 57 4096 2814 5.2 1.8 16 11
13:20:40 1 57 4096 2814 5.2 1.8 16 11
13:20:41 1 50 4096 2814 7.6 1.8 16 11
13:20:42 1 52 4096 2814 7.0 1.8 16 11
13:20:43 1 52 4096 2814 7.0 1.8 16 11
13:20:44 1 51 4096 2814 7.1 1.8 16 11
13:20:45 1 52 4096 2814 7.0 1.8 16 11
13:20:46 1 52 4096 2814 7.0 1.8 16 11
13:20:47 1 52 4096 2814 7.0 1.8 16 11
13:20:48 1 52 4096 2814 7.0 1.8 16 11
13:20:49 1 52 4096 2814 7.0 1.8 16 11
13:20:50 1 52 4096 2814 7.0 1.8 16 11
13:20:51 1 52 4096 2814 7.0 1.8 16 11
13:20:52 1 52 4096 2814 7.0 1.8 16 11
13:20:53 1 52 4096 2814 7.0 1.8 16 11
13:20:54 1 52 4096 2814 7.0 1.8 16 11
13:20:55 1 52 4096 2814 7.0 1.8 16 11
13:20:56 1 52 4096 2814 7.0 1.8 16 11
13:20:58 1 52 4096 2814 7.0 1.8 16 11
13:20:59 1 52 4096 2814 7.0 1.8 16 11
13:21:00 1 52 4096 2814 7.0 1.8 16 11
13:21:01 1 52 4096 2814 7.0 1.8 16 11
13:21:02 1 52 4096 2814 7.0 1.8 16 11
13:21:03 1 52 4096 2814 7.0 1.8 16 11
13:21:04 1 52 4096 2814 7.0 1.8 16 11
13:21:05 1 52 4096 2814 7.0 1.8 16 11
13:21:06 1 52 4096 2814 7.0 1.8 16 11
13:21:07 1 52 4096 2814 7.0 1.8 16 11
13:21:08 1 52 4096 2814 7.0 1.8 16 11
13:21:09 1 52 4096 2814 7.0 1.8 16 11
13:21:10 1 52 4096 2814 7.0 1.8 16 11
13:21:11 1 52 4096 2814 7.0 1.8 16 11
13:21:12 1 52 4096 2814 7.0 1.8 16 11
13:21:13 1 52 4096 2814 7.0 1.8 16 11
13:21:14 1 51 4096 2814 7.1 1.8 16 11
13:21:16 1 51 4096 2814 5.2 1.8 16 11
13:21:17 1 57 4096 2814 5.2 1.8 16 11
13:21:18 1 57 4096 2814 5.1 1.8 16 11
13:21:19 1 57 4096 2814 5.1 1.8 16 11
13:21:20 1 50 4096 2814 7.6 1.8 16 11
13:21:21 1 52 4096 2814 7.0 1.8 16 11
13:21:22 1 52 4096 2814 7.0 1.8 16 11
13:21:23 1 52 4096 2814 7.0 1.8 16 11
13:21:24 1 52 4096 2814 7.0 1.8 16 11
13:21:25 1 51 4096 2814 7.1 1.8 16 11
13:21:26 1 52 4096 2814 7.0 1.8 16 11
13:21:27 1 52 4096 2814 7.0 1.8 16 11
13:21:28 1 52 4096 2814 7.0 1.8 16 11
13:21:29 1 52 4096 2814 7.0 1.8 16 11
13:21:30 1 52 4096 2814 7.0 1.8 16 11
13:21:31 1 52 4096 2814 7.0 1.8 16 11
13:21:33 1 52 4096 2814 7.0 1.8 16 11
13:21:34 1 52 4096 2814 7.0 1.8 16 11
13:21:35 1 52 4096 2814 7.0 1.8 16 11
13:21:36 1 52 4096 2814 7.0 1.8 16 11
13:21:37 1 52 4096 2814 7.0 1.8 16 11
13:21:38 1 52 4096 2814 7.0 1.8 16 11
13:21:39 1 52 4096 2814 7.0 1.8 16 11
13:21:40 1 52 4096 2814 7.0 1.8 16 11
13:21:41 1 52 4096 2814 7.0 1.8 16 11
13:21:42 1 52 4096 2814 7.0 1.8 16 11
13:21:43 1 52 4096 2814 7.0 1.8 16 11
13:21:44 1 52 4096 2814 7.0 1.8 16 11
13:21:45 1 52 4096 2814 7.0 1.8 16 11
13:21:46 1 52 4096 2814 7.0 1.8 16 11
13:21:47 1 52 4096 2814 7.0 1.8 16 11
13:21:48 1 52 4096 2814 7.0 1.8 16 11
13:21:49 1 52 4096 2814 7.0 1.8 16 11
13:21:51 1 52 4096 2814 7.0 1.8 16 11
13:21:52 1 52 4096 2814 7.0 1.8 16 11
13:21:53 1 52 4096 2814 7.0 1.8 16 11
13:21:54 1 50 4096 2814 7.8 1.8 16 11
13:21:55 1 57 4096 2814 5.2 1.8 16 11
13:21:56 1 57 4096 2814 5.2 1.8 16 11
13:21:57 1 57 4096 2814 5.2 1.8 16 11
13:21:58 1 50 4096 2814 7.6 1.8 16 11
13:21:59 1 52 4096 2814 7.0 1.8 16 11
13:22:00 1 51 4096 2814 7.1 1.8 16 11
13:22:01 1 52 4096 2814 7.0 1.8 16 11
13:22:02 1 52 4096 2814 7.0 1.8 16 11
13:22:03 1 52 4096 2814 7.0 1.8 16 11
13:22:04 1 52 4096 2814 7.1 1.8 16 11
13:22:05 1 52 4096 2814 7.0 1.8 16 11
13:22:06 1 52 4096 2814 7.0 1.8 16 11
13:22:07 1 52 4096 2814 7.0 1.8 16 11
13:22:09 1 52 4096 2814 7.1 1.8 16 11
13:22:10 1 52 4096 2814 7.0 1.8 16 11
13:22:11 1 51 4096 2814 7.1 1.8 16 11
13:22:12 1 51 4096 2814 7.1 1.8 16 11
13:22:13 1 51 4096 2814 7.1 1.8 16 11
13:22:14 1 52 4096 2814 7.0 1.8 16 11
13:22:15 1 52 4096 2814 7.0 1.8 16 11
13:22:16 1 52 4096 2814 7.0 1.8 16 11
13:22:17 1 52 4096 2814 7.0 1.8 16 11
13:22:18 1 52 4096 2814 7.0 1.8 16 11
13:22:19 1 52 4096 2814 7.0 1.8 16 11
13:22:20 1 52 4096 2814 7.0 1.8 16 11
13:22:21 1 52 4096 2814 7.0 1.8 16 11
13:22:22 1 52 4096 2814 7.0 1.8 16 11
13:22:23 1 52 4096 2814 7.0 1.8 16 11
13:22:24 1 52 4096 2814 7.0 1.8 16 11
13:22:25 1 52 4096 2814 7.0 1.8 16 11
13:22:27 1 52 4096 2814 7.0 1.8 16 11
13:22:28 1 52 4096 2814 7.0 1.8 16 11
13:22:29 1 52 4096 2814 7.0 1.8 16 11
13:22:30 1 52 4096 2814 7.0 1.8 16 11
13:22:31 1 52 4096 2814 7.0 1.8 16 11
13:22:32 1 52 4096 2814 7.0 1.8 16 11
13:22:33 1 51 4096 2814 7.1 1.8 16 11
13:22:34 1 57 4096 2814 5.2 1.8 16 11
13:22:35 1 57 4096 2814 5.1 1.8 16 11
13:22:36 1 57 4096 2814 5.1 1.8 16 11
13:22:37 1 57 4096 2814 5.1 1.8 16 11
13:22:38 1 50 4096 2814 7.6 1.8 16 11
13:22:39 1 52 4096 2814 7.0 1.8 16 11
13:22:40 1 52 4096 2814 7.0 1.8 16 11
13:22:41 1 52 4096 2814 7.0 1.8 16 11
13:22:42 1 52 4096 2814 7.0 1.8 16 11
13:22:43 1 52 4096 2814 7.0 1.8 16 11
13:22:45 1 52 4096 2814 7.0 1.8 16 11
13:22:46 1 52 4096 2814 7.0 1.8 16 11
13:22:47 1 52 4096 2814 7.0 1.8 16 11
13:22:48 1 52 4096 2814 7.0 1.8 16 11
13:22:49 1 52 4096 2814 7.0 1.8 16 11
13:22:50 1 52 4096 2814 7.0 1.8 16 11
13:22:51 1 52 4096 2814 7.0 1.8 16 11
13:22:52 1 52 4096 2814 7.0 1.8 16 11
13:22:53 1 52 4096 2814 7.0 1.8 16 11
13:22:54 1 52 4096 2814 7.0 1.8 16 11
13:22:55 1 52 4096 2814 7.0 1.8 16 11
13:22:56 1 52 4096 2814 7.0 1.8 16 11
13:22:57 1 52 4096 2814 7.0 1.8 16 11
13:22:58 1 52 4096 2814 7.0 1.8 16 11
13:22:59 1 52 4096 2814 7.0 1.8 16 11
13:23:00 1 52 4096 2814 7.0 1.8 16 11
13:23:01 1 52 4096 2814 7.0 1.8 16 11
13:23:03 1 52 4096 2814 7.0 1.8 16 11
13:23:04 1 52 4096 2814 7.0 1.8 16 11
13:23:05 1 52 4096 2814 7.0 1.8 16 11
13:23:06 1 52 4096 2814 7.0 1.8 16 11
13:23:07 1 52 4096 2814 7.0 1.8 16 11
13:23:08 1 52 4096 2814 7.0 1.8 16 11
13:23:09 1 52 4096 2814 7.0 1.8 16 11
13:23:10 1 52 4096 2814 7.0 1.8 16 11
13:23:11 1 52 4096 2814 7.0 1.8 16 11
13:23:12 1 50 4096 2814 7.7 1.8 16 11
13:23:13 1 57 4096 2814 5.1 1.8 16 11
13:23:14 1 57 4096 2814 5.1 1.8 16 11
13:23:15 1 57 4096 2814 5.1 1.8 16 11
13:23:16 1 50 4096 2814 7.6 1.8 16 11
13:23:17 1 52 4096 2814 7.0 1.8 16 11
13:23:18 1 52 4096 2814 7.0 1.8 16 11
13:23:19 1 52 4096 2814 7.0 1.8 16 11
13:23:21 1 52 4096 2814 7.0 1.8 16 11
13:23:22 1 52 4096 2814 7.0 1.8 16 11
13:23:23 1 52 4096 2814 7.0 1.8 16 11
13:23:24 1 52 4096 2814 7.0 1.8 16 11
13:23:25 1 52 4096 2814 7.0 1.8 16 11
13:23:26 1 52 4096 2814 7.1 1.8 16 11
13:23:27 1 52 4096 2814 7.0 1.8 16 11
13:23:28 1 52 4096 2814 7.0 1.8 16 11
13:23:29 1 52 4096 2814 7.0 1.8 16 11
13:23:30 1 52 4096 2814 7.0 1.8 16 11
13:23:31 1 52 4096 2814 7.0 1.8 16 11
13:23:32 1 52 4096 2814 7.1 1.8 16 11
13:23:33 1 51 4096 2814 7.1 1.8 16 11
13:23:34 1 52 4096 2814 7.0 1.8 16 11
13:23:35 1 52 4096 2814 7.0 1.8 16 11
13:23:36 1 52 4096 2814 7.0 1.8 16 11
13:23:38 1 52 4096 2814 7.1 1.8 16 11
13:23:39 1 52 4096 2814 7.1 1.8 16 11
13:23:40 1 52 4096 2814 7.0 1.8 16 11
13:23:41 1 52 4096 2814 7.0 1.8 16 11
13:23:42 1 52 4096 2814 7.0 1.8 16 11
13:23:43 1 52 4096 2814 7.0 1.8 16 11
13:23:44 1 52 4096 2814 7.0 1.8 16 11
13:23:45 1 52 4096 2814 7.0 1.8 16 11
13:23:46 1 52 4096 2814 7.0 1.8 16 11
13:23:47 1 52 4096 2814 7.0 1.8 16 11
13:23:48 1 52 4096 2814 7.0 1.8 16 11
13:23:49 1 52 4096 2814 7.0 1.8 16 11
13:23:50 1 52 4096 2814 7.0 1.8 16 11
13:23:51 1 50 4096 2814 7.7 1.8 16 11
13:23:52 1 57 4096 2814 5.1 1.8 16 11
13:23:53 1 57 4096 2814 5.1 1.8 16 11
13:23:54 1 57 4096 2814 5.1 1.8 16 11
13:23:56 1 50 4096 2814 7.6 1.8 16 11
13:23:57 1 52 4096 2814 7.0 1.8 16 11
13:23:58 1 52 4096 2814 7.0 1.8 16 11
13:23:59 1 52 4096 2814 7.0 1.8 16 11
13:24:00 1 52 4096 2814 7.0 1.8 16 11
13:24:01 1 52 4096 2814 7.0 1.8 16 11
13:24:02 1 52 4096 2814 7.0 1.8 16 11
13:24:03 1 52 4096 2814 7.0 1.8 16 11
13:24:04 1 52 4096 2814 7.0 1.8 16 11
13:24:05 1 52 4096 2814 7.0 1.8 16 11
13:24:06 1 52 4096 2814 7.0 1.8 16 11
13:24:07 1 52 4096 2814 7.1 1.8 16 11
13:24:08 1 52 4096 2814 7.0 1.8 16 11
13:24:09 1 52 4096 2814 7.1 1.8 16 11
13:24:10 1 52 4096 2814 7.0 1.8 16 11
13:24:11 1 52 4096 2814 7.1 1.8 16 11
13:24:13 1 52 4096 2814 7.0 1.8 16 11
13:24:14 1 52 4096 2814 7.0 1.8 16 11
13:24:15 1 52 4096 2814 7.0 1.8 16 11
13:24:16 1 52 4096 2814 7.0 1.8 16 11
13:24:17 1 52 4096 2814 7.0 1.8 16 11
13:24:18 1 52 4096 2814 7.0 1.8 16 11
13:24:19 1 52 4096 2814 7.0 1.8 16 11
13:24:20 1 52 4096 2814 7.0 1.8 16 11
13:24:21 1 52 4096 2814 7.0 1.8 16 11
13:24:22 1 52 4096 2814 7.0 1.8 16 11
13:24:23 1 52 4096 2814 7.0 1.8 16 11
13:24:24 1 52 4096 2814 7.0 1.8 16 11
13:24:25 1 52 4096 2814 7.0 1.8 16 11
13:24:26 1 52 4096 2814 7.0 1.8 16 11
13:24:27 1 52 4096 2814 7.0 1.8 16 11
13:24:28 1 52 4096 2814 7.0 1.8 16 11
13:24:30 1 50 4096 2814 7.7 1.8 16 11
13:24:31 1 57 4096 2814 5.1 1.8 16 11
13:24:32 1 57 4096 2814 5.1 1.8 16 11
13:24:33 1 57 4096 2814 5.1 1.8 16 11
13:24:34 1 50 4096 2814 7.6 1.8 16 11
13:24:35 1 52 4096 2814 7.0 1.8 16 11
13:24:36 1 52 4096 2814 7.0 1.8 16 11
13:24:37 1 52 4096 2814 7.0 1.8 16 11
13:24:38 1 52 4096 2814 7.0 1.8 16 11
13:24:39 1 52 4096 2814 7.0 1.8 16 11
13:24:40 1 52 4096 2814 7.0 1.8 16 11
13:24:41 1 52 4096 2814 7.0 1.8 16 11
13:24:42 1 52 4096 2814 7.0 1.8 16 11
13:24:43 1 52 4096 2814 7.0 1.8 16 11
13:24:44 1 52 4096 2814 7.1 1.8 16 11
13:24:45 1 52 4096 2814 7.0 1.8 16 11
13:24:46 1 52 4096 2814 7.0 1.8 16 11
13:24:48 1 52 4096 2814 7.0 1.8 16 11
13:24:49 1 52 4096 2814 7.0 1.8 16 11
13:24:50 1 52 4096 2814 7.0 1.8 16 11
13:24:51 1 52 4096 2814 7.0 1.8 16 11
13:24:52 1 52 4096 2814 7.0 1.8 16 11
13:24:53 1 52 4096 2814 7.0 1.8 16 11
13:24:54 1 52 4096 2814 7.0 1.8 16 11
13:24:55 1 52 4096 2814 7.1 1.8 16 11
13:24:56 1 52 4096 2814 7.0 1.8 16 11
13:24:57 1 52 4096 2814 7.1 1.8 16 11
13:24:58 1 52 4096 2814 7.1 1.8 16 11
13:24:59 1 52 4096 2814 7.0 1.8 16 11
13:25:00 1 52 4096 2814 7.1 1.8 16 11
13:25:01 1 52 4096 2814 7.0 1.8 16 11
13:25:02 1 52 4096 2814 7.1 1.8 16 11
13:25:03 1 52 4096 2814 7.1 1.8 16 11
13:25:05 1 52 4096 2814 7.1 1.8 16 11
13:25:06 1 52 4096 2814 7.0 1.8 16 11
13:25:07 1 52 4096 2814 7.0 1.8 16 11
13:25:08 1 52 4096 2814 7.1 1.8 16 11
13:25:09 1 50 4096 2814 7.8 1.8 16 11
13:25:10 1 57 4096 2814 5.2 1.8 16 11
13:25:11 1 58 4096 2814 5.2 1.8 16 11
13:25:12 1 57 4096 2814 5.1 1.8 16 11
13:25:13 1 50 4096 2814 7.6 1.8 16 11
13:25:14 1 52 4096 2814 7.0 1.8 16 11
13:25:15 1 52 4096 2814 7.0 1.8 16 11
13:25:16 1 52 4096 2814 7.0 1.8 16 11
13:25:17 1 52 4096 2814 7.0 1.8 16 11
13:25:18 1 52 4096 2814 7.0 1.8 16 11
13:25:19 1 52 4096 2814 7.1 1.8 16 11
13:25:20 1 52 4096 2814 7.1 1.8 16 11
13:25:21 1 52 4096 2814 7.0 1.8 16 11
13:25:23 1 52 4096 2814 7.0 1.8 16 11
13:25:24 1 52 4096 2814 7.0 1.8 16 11
13:25:25 1 52 4096 2814 7.0 1.8 16 11
13:25:26 1 52 4096 2814 7.0 1.8 16 11
13:25:27 1 52 4096 2814 7.0 1.8 16 11
13:25:28 1 52 4096 2814 7.0 1.8 16 11
13:25:29 1 52 4096 2814 7.0 1.8 16 11
13:25:30 1 52 4096 2814 7.0 1.8 16 11
13:25:31 1 52 4096 2814 7.0 1.8 16 11
13:25:32 1 52 4096 2814 7.0 1.8 16 11
13:25:33 1 52 4096 2814 7.0 1.8 16 11
13:25:34 1 52 4096 2814 7.0 1.8 16 11
13:25:35 1 52 4096 2814 7.0 1.8 16 11
13:25:36 1 52 4096 2814 7.0 1.8 16 11
13:25:37 1 52 4096 2814 7.0 1.8 16 11
13:25:38 1 52 4096 2814 7.1 1.8 16 11
13:25:40 1 52 4096 2814 7.1 1.8 16 11
13:25:41 1 52 4096 2814 7.0 1.8 16 11
13:25:42 1 52 4096 2814 7.1 1.8 16 11
13:25:43 1 52 4096 2814 7.0 1.8 16 11
13:25:44 1 52 4096 2814 7.0 1.8 16 11
13:25:45 1 52 4096 2814 7.0 1.8 16 11
13:25:46 1 52 4096 2814 7.0 1.8 16 11
13:25:47 1 50 4096 2814 7.8 1.8 16 11
13:25:48 1 57 4096 2814 5.1 1.8 16 11
13:25:49 1 57 4096 2814 5.2 1.8 16 11
13:25:50 1 58 4096 2814 5.2 1.8 16 11
13:25:51 1 50 4096 2814 7.6 1.8 16 11
13:25:52 1 52 4096 2814 7.0 1.8 16 11
13:25:53 1 52 4096 2814 7.1 1.8 16 11
13:25:54 1 52 4096 2814 7.0 1.8 16 11
13:25:55 1 52 4096 2814 7.0 1.8 16 11
13:25:57 1 52 4096 2814 7.0 1.8 16 11
13:25:58 1 52 4096 2814 7.0 1.8 16 11
13:25:59 1 52 4096 2814 7.0 1.8 16 11
13:26:00 1 52 4096 2814 7.0 1.8 16 11
13:26:01 1 52 4096 2814 7.0 1.8 16 11
13:26:02 1 52 4096 2814 7.0 1.8 16 11
13:26:03 1 52 4096 2814 7.0 1.8 16 11
13:26:04 1 52 4096 2814 7.0 1.8 16 11
13:26:05 1 52 4096 2814 7.0 1.8 16 11
13:26:06 1 52 4096 2814 7.0 1.8 16 11
13:26:07 1 52 4096 2814 7.0 1.8 16 11
13:26:08 1 52 4096 2814 7.0 1.8 16 11
13:26:09 1 52 4096 2814 7.0 1.8 16 11
13:26:10 1 52 4096 2814 7.0 1.8 16 11
13:26:11 1 52 4096 2814 7.0 1.8 16 11
13:26:12 1 52 4096 2814 7.0 1.8 16 11
13:26:13 1 52 4096 2814 7.0 1.8 16 11
13:26:15 1 52 4096 2814 7.0 1.8 16 11
13:26:16 1 52 4096 2814 7.0 1.8 16 11
13:26:17 1 52 4096 2814 7.0 1.8 16 11
13:26:18 1 52 4096 2814 7.0 1.8 16 11
13:26:19 1 52 4096 2814 7.0 1.8 16 11
13:26:20 1 52 4096 2814 7.0 1.8 16 11
13:26:21 1 52 4096 2814 7.0 1.8 16 11
13:26:22 1 52 4096 2814 7.1 1.8 16 11
13:26:23 1 52 4096 2814 7.0 1.8 16 11
13:26:24 1 52 4096 2814 7.0 1.8 16 11
13:26:25 1 50 4096 2814 7.8 1.8 16 11
13:26:26 1 57 4096 2814 5.1 1.8 16 11
13:26:27 1 58 4096 2814 5.1 1.8 16 11
13:26:28 1 57 4096 2814 5.2 1.8 16 11
13:26:29 1 58 4096 2814 5.2 1.8 16 11
13:26:30 1 50 4096 2814 7.7 1.8 16 11
13:26:32 1 52 4096 2814 7.0 1.8 16 11
13:26:33 1 52 4096 2814 7.0 1.8 16 11
13:26:34 1 52 4096 2814 7.0 1.8 16 11
13:26:35 1 52 4096 2814 7.0 1.8 16 11
13:26:36 1 52 4096 2814 7.0 1.8 16 11
13:26:37 1 52 4096 2814 7.0 1.8 16 11
13:26:38 1 52 4096 2814 7.0 1.8 16 11
13:26:39 1 52 4096 2814 7.0 1.8 16 11
13:26:40 1 52 4096 2814 7.0 1.8 16 11
13:26:41 1 52 4096 2814 7.0 1.8 16 11
13:26:42 1 52 4096 2814 7.0 1.8 16 11
13:26:43 1 52 4096 2814 7.0 1.8 16 11
13:26:44 1 52 4096 2814 7.0 1.8 16 11
13:26:45 1 52 4096 2814 7.0 1.8 16 11
13:26:46 1 52 4096 2814 7.0 1.8 16 11
13:26:47 1 52 4096 2814 7.0 1.8 16 11
13:26:48 1 52 4096 2814 7.0 1.8 16 11
13:26:50 1 52 4096 2814 7.0 1.8 16 11
13:26:51 1 52 4096 2814 7.0 1.8 16 11
13:26:52 1 52 4096 2814 7.0 1.8 16 11
13:26:53 1 52 4096 2814 7.0 1.8 16 11
13:26:54 1 52 4096 2814 7.0 1.8 16 11
13:26:55 1 52 4096 2814 7.0 1.8 16 11
13:26:56 1 52 4096 2814 7.0 1.8 16 11
13:26:57 1 52 4096 2814 7.0 1.8 16 11
13:26:58 1 52 4096 2814 7.0 1.8 16 11
13:26:59 1 52 4096 2814 7.0 1.8 16 11
13:27:00 1 52 4096 2814 7.0 1.8 16 11
13:27:01 1 52 4096 2814 7.0 1.8 16 11
13:27:02 1 52 4096 2814 7.0 1.8 16 11
13:27:03 1 52 4096 2814 7.0 1.8 16 11
13:27:04 1 50 4096 2814 7.7 1.8 16 11
13:27:05 1 57 4096 2814 5.1 1.8 16 11
13:27:07 1 58 4096 2814 5.1 1.8 16 11
13:27:08 1 58 4096 2814 5.1 1.8 16 11
13:27:09 1 50 4096 2814 7.6 1.8 16 11
13:27:10 1 52 4096 2814 7.0 1.8 16 11
13:27:11 1 52 4096 2814 7.0 1.8 16 11
13:27:12 1 52 4096 2814 7.0 1.8 16 11
13:27:13 1 52 4096 2814 7.0 1.8 16 11
13:27:14 1 52 4096 2814 7.0 1.8 16 11
13:27:15 1 52 4096 2814 7.0 1.8 16 11
13:27:16 1 52 4096 2814 7.0 1.8 16 11
13:27:17 1 52 4096 2814 7.0 1.8 16 11
13:27:18 1 52 4096 2814 7.0 1.8 16 11
13:27:19 1 52 4096 2814 7.0 1.8 16 11
13:27:20 1 52 4096 2814 7.0 1.8 16 11
13:27:21 1 52 4096 2814 7.0 1.8 16 11
13:27:22 1 52 4096 2814 7.0 1.8 16 11
13:27:23 1 52 4096 2814 7.0 1.8 16 11
13:27:25 1 52 4096 2814 7.0 1.8 16 11
13:27:26 1 52 4096 2814 7.0 1.8 16 11
13:27:27 1 52 4096 2814 7.0 1.8 16 11
13:27:28 1 52 4096 2814 7.0 1.8 16 11
13:27:29 1 52 4096 2814 7.0 1.8 16 11
13:27:30 1 52 4096 2814 7.0 1.8 16 11
13:27:31 1 52 4096 2814 7.0 1.8 16 11
13:27:32 1 52 4096 2814 7.0 1.8 16 11
13:27:33 1 52 4096 2814 7.0 1.8 16 11
13:27:34 1 52 4096 2814 7.0 1.8 16 11
13:27:35 1 52 4096 2814 7.0 1.8 16 11
13:27:36 1 52 4096 2814 7.0 1.8 16 11
13:27:37 1 52 4096 2814 7.0 1.8 16 11
13:27:38 1 52 4096 2814 7.0 1.8 16 11
13:27:39 1 52 4096 2814 7.0 1.8 16 11
13:27:40 1 52 4096 2814 7.0 1.8 16 11
13:27:41 1 52 4096 2814 7.0 1.8 16 11
13:27:43 1 50 4096 2814 7.7 1.8 16 11
13:27:44 1 58 4096 2814 5.1 1.8 16 11
13:27:45 1 57 4096 2814 5.1 1.8 16 11
13:27:46 1 57 4096 2814 5.1 1.8 16 11
13:27:47 1 50 4096 2814 7.6 1.8 16 11
13:27:48 1 52 4096 2814 7.0 1.8 16 11
13:27:49 1 52 4096 2814 7.0 1.8 16 11
13:27:50 1 52 4096 2814 7.0 1.8 16 11
13:27:51 1 52 4096 2814 7.0 1.8 16 11
13:27:52 1 52 4096 2814 7.0 1.8 16 11
13:27:53 1 52 4096 2814 7.0 1.8 16 11
13:27:54 1 52 4096 2814 7.0 1.8 16 11
13:27:55 1 52 4096 2814 7.1 1.8 16 11
13:27:56 1 52 4096 2814 7.0 1.8 16 11
13:27:57 1 52 4096 2814 7.0 1.8 16 11
13:27:58 1 52 4096 2814 7.0 1.8 16 11
13:27:59 1 52 4096 2814 7.0 1.8 16 11
13:28:01 1 52 4096 2814 7.0 1.8 16 11
13:28:02 1 52 4096 2814 7.0 1.8 16 11
13:28:03 1 52 4096 2814 7.0 1.8 16 11
13:28:04 1 52 4096 2814 7.1 1.8 16 11
13:28:05 1 52 4096 2814 7.1 1.8 16 11
13:28:06 1 52 4096 2814 7.0 1.8 16 11
13:28:07 1 52 4096 2814 7.0 1.8 16 11
13:28:08 1 52 4096 2814 7.0 1.8 16 11
13:28:09 1 52 4096 2814 7.0 1.8 16 11
13:28:10 1 52 4096 2814 7.0 1.9 16 11
13:28:11 1 52 4096 2814 7.0 1.9 16 11
13:28:12 1 52 4096 2814 7.0 1.9 16 11
13:28:13 1 52 4096 2814 7.0 1.9 16 11
13:28:14 1 52 4096 2814 7.0 1.9 16 11
13:28:15 1 52 4096 2814 7.0 1.9 16 11
13:28:16 1 52 4096 2814 7.0 1.9 16 11
13:28:18 1 52 4096 2814 7.0 1.9 16 11
13:28:19 1 52 4096 2814 7.0 1.9 16 11
13:28:20 1 52 4096 2814 7.0 1.9 16 11
13:28:21 1 52 4096 2814 7.0 1.9 16 11
13:28:22 1 50 4096 2814 7.7 1.8 16 11
13:28:23 1 58 4096 2814 5.1 1.8 16 11
13:28:24 1 58 4096 2814 5.1 1.8 16 11
13:28:25 1 58 4096 2814 5.1 1.8 16 11
13:28:26 1 50 4096 2814 7.6 1.9 16 11
13:28:27 1 52 4096 2814 7.0 1.9 16 11
13:28:28 1 52 4096 2814 7.0 1.9 16 11
13:28:29 1 52 4096 2814 7.0 1.9 16 11
13:28:30 1 52 4096 2814 7.0 1.9 16 11
13:28:31 1 52 4096 2814 7.0 1.9 16 11
13:28:32 1 52 4096 2814 7.0 1.9 16 11
13:28:33 1 52 4096 2814 7.0 1.9 16 11
13:28:34 1 52 4096 2814 7.0 1.9 16 11
13:28:36 1 52 4096 2814 7.0 1.9 16 11
13:28:37 1 52 4096 2814 7.0 1.9 16 11
13:28:38 1 52 4096 2814 7.0 1.9 16 11
13:28:39 1 52 4096 2814 7.0 1.9 16 11
13:28:40 1 52 4096 2814 7.0 1.9 16 11
13:28:41 1 52 4096 2814 7.0 1.9 16 11
13:28:42 1 52 4096 2814 7.0 1.9 16 11
13:28:43 1 52 4096 2814 7.0 1.9 16 11
13:28:44 1 52 4096 2814 7.1 1.9 16 11
13:28:45 1 52 4096 2814 7.1 1.9 16 11
13:28:46 1 52 4096 2814 7.0 1.9 16 11
13:28:47 1 52 4096 2814 7.0 1.9 16 11
13:28:48 1 52 4096 2814 7.0 1.9 16 11
13:28:49 1 52 4096 2814 7.0 1.9 16 11
13:28:50 1 52 4096 2814 7.0 1.9 16 11
13:28:51 1 52 4096 2814 7.0 1.9 16 11
13:28:53 1 52 4096 2814 7.0 1.9 16 11
13:28:54 1 52 4096 2814 7.0 1.9 16 11
13:28:55 1 52 4096 2814 7.0 1.9 16 11
13:28:56 1 52 4096 2814 7.0 1.9 16 11
13:28:57 1 52 4096 2814 7.0 1.9 16 11
13:28:58 1 52 4096 2814 7.0 1.9 16 11
13:28:59 1 52 4096 2814 7.0 1.9 16 11
13:29:00 1 50 4096 2814 7.8 1.8 16 11
13:29:01 1 58 4096 2814 5.1 1.8 16 11
13:29:02 1 58 4096 2814 5.1 1.8 16 11
13:29:03 1 58 4096 2814 5.1 1.8 16 11
13:29:04 1 50 4096 2814 7.6 1.9 16 11
13:29:05 1 52 4096 2814 7.0 1.9 16 11
13:29:06 1 52 4096 2814 7.0 1.9 16 11
13:29:07 1 52 4096 2814 7.0 1.9 16 11
13:29:08 1 52 4096 2814 7.0 1.9 16 11
13:29:09 1 52 4096 2814 7.0 1.9 16 11
13:29:11 1 52 4096 2814 7.0 1.9 16 11
13:29:12 1 52 4096 2814 7.0 1.9 16 11
13:29:13 1 52 4096 2814 7.0 1.9 16 11
13:29:14 1 52 4096 2814 7.0 1.9 16 11
13:29:15 1 52 4096 2814 7.0 1.9 16 11
13:29:16 1 52 4096 2814 7.0 1.9 16 11
13:29:17 1 52 4096 2814 7.0 1.9 16 11
13:29:18 1 52 4096 2814 7.0 1.9 16 11
13:29:19 1 52 4096 2814 7.1 1.9 16 11
13:29:20 1 52 4096 2814 7.0 1.9 16 11
13:29:21 1 52 4096 2814 7.0 1.9 16 11
13:29:22 1 52 4096 2814 7.0 1.9 16 11
13:29:23 1 52 4096 2814 7.0 1.9 16 11
13:29:24 1 52 4096 2814 7.0 1.9 16 11
13:29:25 1 52 4096 2814 7.1 1.9 16 11
13:29:26 1 52 4096 2814 7.0 1.9 16 11
13:29:28 1 52 4096 2814 7.0 1.9 16 11
13:29:29 1 52 4096 2814 7.0 1.9 16 11
13:29:30 1 52 4096 2814 7.0 1.9 16 11
13:29:31 1 52 4096 2814 7.0 1.9 16 11
13:29:32 1 52 4096 2814 7.0 1.9 16 11
13:29:33 1 52 4096 2814 7.0 1.9 16 11
13:29:34 1 52 4096 2814 7.0 1.9 16 11
13:29:35 1 52 4096 2814 7.0 1.9 16 11
13:29:36 1 52 4096 2814 7.0 1.9 16 11
13:29:37 1 52 4096 2814 7.0 1.9 16 11
13:29:38 1 50 4096 2814 7.7 1.8 16 11
13:29:39 1 50 4096 2814 7.7 1.8 16 11
13:29:40 1 58 4096 2814 5.2 1.8 16 11
13:29:41 1 58 4096 2814 5.2 1.8 16 11
13:29:42 1 50 4096 2814 7.6 1.9 16 11
13:29:43 1 52 4096 2814 7.0 1.9 16 11
13:29:44 1 52 4096 2814 7.0 1.9 16 11
13:29:46 1 52 4096 2814 7.0 1.9 16 11
13:29:47 1 52 4096 2814 7.0 1.9 16 11
13:29:48 1 52 4096 2814 7.0 1.9 16 11
13:29:49 1 52 4096 2814 7.0 1.9 16 11
13:29:50 1 52 4096 2814 7.0 1.9 16 11
13:29:51 1 52 4096 2814 7.0 1.9 16 11
13:29:52 1 52 4096 2814 7.0 1.9 16 11
13:29:53 1 52 4096 2814 7.0 1.9 16 11
13:29:54 1 52 4096 2814 7.0 1.9 16 11
13:29:55 1 52 4096 2814 7.0 1.9 16 11
13:29:56 1 52 4096 2814 7.1 1.9 16 11
13:29:57 1 52 4096 2814 7.0 1.9 16 11
13:29:58 1 52 4096 2814 7.1 1.9 16 11
13:29:59 1 52 4096 2814 7.0 1.9 16 11
13:30:00 1 52 4096 2814 7.0 1.9 16 11
13:30:01 1 52 4096 2814 7.1 1.9 16 11
13:30:03 1 52 4096 2814 7.0 1.9 16 11
13:30:04 1 52 4096 2814 7.0 1.9 16 11
13:30:05 1 52 4096 2814 7.0 1.9 16 11
13:30:06 1 52 4096 2814 7.1 1.9 16 11
13:30:07 1 52 4096 2814 7.0 1.9 16 11
13:30:08 1 52 4096 2814 7.0 1.9 16 11
13:30:09 1 52 4096 2814 7.1 1.9 16 11
13:30:10 1 52 4096 2814 7.1 1.9 16 11
13:30:11 1 52 4096 2814 7.1 1.9 16 11
13:30:12 1 52 4096 2814 7.0 1.9 16 11
13:30:13 1 52 4096 2814 7.1 1.9 16 11
13:30:14 1 52 4096 2814 7.1 1.9 16 11
13:30:15 1 52 4096 2814 7.1 1.9 16 11
13:30:16 1 52 4096 2814 7.0 1.9 16 11
13:30:17 1 50 4096 2814 7.8 1.8 16 11
13:30:18 1 57 4096 2814 5.2 1.8 16 11
13:30:19 1 57 4096 2814 5.2 1.8 16 11
13:30:21 1 57 4096 2814 5.2 1.8 16 11
13:30:22 1 58 4096 2814 5.2 2.1 16 11
