time pressure_lvl free_pct swap_total_MB swap_used_MB wired_GB child_rss_GB disk_int_GB disk_ssd_GB
04:35:42 1 80 4096 2815 2.9 0.0 16 7
04:35:43 1 80 4096 2815 3.1 0.2 16 7
04:35:44 1 79 4096 2815 3.2 0.3 16 7
04:35:45 1 80 4096 2815 3.1 0.4 16 7
04:35:46 1 80 4096 2815 3.1 2.9 16 7
04:35:47 1 77 4096 2815 3.2 8.6 16 7
04:35:49 1 79 4096 2815 3.1 10.3 16 7
04:35:50 1 64 4096 2815 3.1 7.5 16 7
04:35:51 1 51 4096 2815 3.2 4.5 16 7
04:35:52 1 56 4096 2815 3.2 7.3 16 7
04:35:53 1 68 4096 2815 3.2 8.6 16 7
04:35:54 1 76 4096 2815 3.1 13.1 16 7
04:35:55 1 77 4096 2815 3.1 11.0 16 7
04:35:56 1 77 4096 2815 3.2 11.0 16 7
04:35:57 1 77 4096 2815 3.1 10.9 16 7
04:35:58 1 77 4096 2815 3.1 10.9 16 7
04:35:59 1 62 4096 2815 7.8 10.7 16 7
04:36:00 1 65 4096 2815 7.1 10.6 16 7
04:36:02 1 65 4096 2815 7.1 10.5 16 7
04:36:03 1 65 4096 2815 7.2 10.5 16 7
04:36:04 1 65 4096 2815 7.1 10.5 16 7
04:36:05 1 65 4096 2815 7.1 10.5 16 7
04:36:06 1 65 4096 2815 7.2 10.5 16 7
04:36:07 1 65 4096 2815 7.1 10.5 16 7
04:36:08 1 65 4096 2815 7.2 10.5 16 7
04:36:09 1 65 4096 2815 7.2 10.5 16 7
04:36:10 1 66 4096 2815 7.2 10.5 16 7
04:36:11 1 66 4096 2815 7.2 10.5 16 7
04:36:12 1 66 4096 2815 7.1 10.5 16 7
04:36:13 1 66 4096 2815 7.1 10.5 16 7
04:36:14 1 66 4096 2815 7.2 10.5 16 7
04:36:15 1 66 4096 2815 7.1 10.5 16 7
04:36:16 1 66 4096 2815 7.1 10.5 16 7
04:36:17 1 66 4096 2815 7.2 10.5 16 7
04:36:18 1 66 4096 2815 7.1 10.5 16 7
04:36:20 1 66 4096 2815 7.1 10.5 16 7
04:36:21 1 66 4096 2815 7.2 10.5 16 7
04:36:22 1 66 4096 2815 7.1 10.5 16 7
04:36:23 1 66 4096 2815 7.1 10.5 16 7
04:36:24 1 66 4096 2815 7.2 10.5 16 7
04:36:25 1 67 4096 2815 7.0 10.5 16 7
04:36:26 1 67 4096 2815 7.0 10.5 16 7
04:36:27 1 66 4096 2815 7.0 10.5 16 7
04:36:28 1 67 4096 2815 6.9 10.5 16 7
04:36:29 1 66 4096 2815 7.1 10.5 16 7
04:36:30 1 67 4096 2815 6.9 10.5 16 7
04:36:31 1 67 4096 2815 6.9 10.5 16 7
04:36:32 1 67 4096 2815 7.0 10.5 16 7
04:36:33 1 67 4096 2815 6.9 10.5 16 7
04:36:34 1 64 4096 2815 7.7 10.6 16 7
04:36:35 1 71 4096 2815 5.3 10.6 16 7
04:36:36 1 72 4096 2815 5.0 10.6 16 7
04:36:38 1 73 4096 2815 5.0 10.6 16 7
04:36:39 1 64 4096 2815 7.7 10.6 16 7
04:36:40 1 65 4096 2815 7.5 10.6 16 7
04:36:41 1 67 4096 2815 6.9 10.6 16 7
04:36:42 1 67 4096 2815 7.1 10.6 16 7
04:36:43 1 67 4096 2815 6.9 10.6 16 7
04:36:44 1 67 4096 2815 7.0 10.6 16 7
04:36:45 1 67 4096 2815 6.9 10.6 16 7
04:36:46 1 67 4096 2815 6.9 10.6 16 7
04:36:47 1 67 4096 2815 7.0 10.6 16 7
04:36:48 1 67 4096 2815 6.9 10.6 16 7
04:36:49 1 67 4096 2815 6.9 10.6 16 7
04:36:50 1 67 4096 2815 7.1 10.6 16 7
04:36:51 1 67 4096 2815 6.9 10.6 16 7
04:36:52 1 67 4096 2815 6.9 10.6 16 7
04:36:53 1 67 4096 2815 7.1 10.6 16 7
04:36:55 1 67 4096 2815 6.9 10.6 16 7
04:36:56 1 67 4096 2815 6.9 10.6 16 7
04:36:57 1 67 4096 2815 7.0 10.6 16 7
04:36:58 1 67 4096 2815 6.9 10.6 16 7
04:36:59 1 67 4096 2815 6.9 10.6 16 7
04:37:00 1 67 4096 2815 7.0 10.6 16 7
04:37:01 1 67 4096 2815 6.9 10.6 16 7
04:37:02 1 67 4096 2815 7.1 10.6 16 7
04:37:03 1 67 4096 2815 7.1 10.6 16 7
04:37:04 1 67 4096 2815 6.9 10.6 16 7
04:37:05 1 67 4096 2815 7.1 10.6 16 7
04:37:06 1 67 4096 2815 6.9 10.6 16 7
04:37:07 1 67 4096 2815 6.9 10.6 16 7
04:37:08 1 67 4096 2815 7.0 10.6 16 7
04:37:09 1 67 4096 2815 6.9 10.6 16 7
04:37:10 1 67 4096 2815 6.9 10.6 16 7
04:37:12 1 67 4096 2815 7.0 10.6 16 7
04:37:13 1 67 4096 2815 6.9 10.6 16 7
04:37:14 1 65 4096 2815 7.6 10.6 16 7
04:37:15 1 73 4096 2815 5.1 10.6 16 7
04:37:16 1 73 4096 2815 5.0 10.6 16 7
04:37:17 1 73 4096 2815 5.1 10.6 16 7
04:37:18 1 66 4096 2815 7.5 10.6 16 7
04:37:19 1 67 4096 2815 6.9 10.6 16 7
04:37:20 1 67 4096 2815 7.1 10.6 16 7
04:37:21 1 67 4096 2815 6.9 10.6 16 7
04:37:22 1 67 4096 2815 6.9 10.6 16 7
04:37:23 1 67 4096 2815 7.1 10.6 16 7
04:37:24 1 67 4096 2815 6.9 10.6 16 7
04:37:25 1 67 4096 2815 6.9 10.6 16 7
04:37:26 1 67 4096 2815 7.0 10.6 16 7
04:37:28 1 67 4096 2815 6.9 10.6 16 7
04:37:29 1 67 4096 2815 6.9 10.6 16 7
04:37:30 1 67 4096 2815 7.0 10.6 16 7
04:37:31 1 67 4096 2815 6.9 10.6 16 7
04:37:32 1 67 4096 2815 6.9 10.6 16 7
04:37:33 1 67 4096 2815 7.0 10.6 16 7
04:37:34 1 67 4096 2815 6.9 10.6 16 7
04:37:35 1 67 4096 2815 7.0 10.6 16 7
04:37:36 1 67 4096 2815 6.9 10.6 16 7
04:37:37 1 67 4096 2815 6.9 10.6 16 7
04:37:38 1 67 4096 2815 7.1 10.6 16 7
04:37:39 1 67 4096 2815 6.9 10.6 16 7
04:37:40 1 67 4096 2815 6.9 10.6 16 7
04:37:41 1 67 4096 2815 7.1 10.6 16 7
04:37:42 1 67 4096 2815 6.9 10.6 16 7
04:37:43 1 67 4096 2815 6.9 10.6 16 7
04:37:45 1 67 4096 2815 7.1 10.6 16 7
04:37:46 1 67 4096 2815 6.9 10.6 16 7
04:37:47 1 67 4096 2815 6.9 10.5 16 7
04:37:48 1 67 4096 2815 7.1 10.5 16 7
04:37:49 1 67 4096 2815 6.9 10.3 16 7
04:37:50 1 67 4096 2815 7.0 10.1 16 7
04:37:51 1 67 4096 2815 6.9 10.0 16 7
04:37:52 1 67 4096 2815 7.0 10.0 16 7
04:37:53 1 64 4096 2815 7.8 10.0 16 7
04:37:54 1 72 4096 2815 5.2 10.0 16 7
04:37:55 1 72 4096 2815 5.0 10.0 16 7
04:37:56 1 72 4096 2815 5.2 10.0 16 7
04:37:57 1 65 4096 2815 7.5 9.8 16 7
04:37:58 1 66 4096 2815 6.9 9.6 16 7
04:37:59 1 65 4096 2815 7.1 9.4 16 7
04:38:00 1 66 4096 2815 6.9 9.2 16 7
04:38:02 1 66 4096 2815 6.9 9.0 16 7
04:38:03 1 65 4096 2815 7.1 8.9 16 7
04:38:04 1 66 4096 2815 6.9 8.9 16 7
04:38:05 1 63 4096 2815 6.9 8.2 16 7
04:38:06 1 56 4096 2815 7.1 6.0 16 7
04:38:07 1 57 4096 2815 6.9 6.0 16 7
04:38:08 1 56 4096 2807 7.0 6.0 16 7
04:38:09 1 57 4096 2807 6.9 6.0 16 7
04:38:10 1 57 4096 2807 6.9 6.0 16 7
04:38:11 1 56 4096 2807 7.1 6.0 16 7
04:38:12 1 56 4096 2807 6.9 6.0 16 7
04:38:13 1 56 4096 2807 6.9 6.0 16 7
04:38:14 1 56 4096 2807 7.1 6.0 16 7
04:38:15 1 56 4096 2807 6.9 6.0 16 7
04:38:16 1 56 4096 2807 6.9 6.0 16 7
04:38:17 1 56 4096 2807 7.0 6.0 16 7
04:38:19 1 55 4096 2807 6.9 6.0 16 7
04:38:20 1 55 4096 2807 6.9 6.0 16 7
04:38:21 1 54 4096 2807 7.1 6.0 16 7
04:38:22 1 55 4096 2807 6.9 6.0 16 7
04:38:23 1 55 4096 2807 6.9 6.0 16 7
04:38:24 1 54 4096 2807 7.1 6.0 16 7
04:38:25 1 55 4096 2807 6.9 6.0 16 7
04:38:26 1 55 4096 2807 7.0 6.0 16 7
04:38:27 1 55 4096 2807 6.9 6.0 16 7
04:38:28 1 55 4096 2807 6.9 6.0 16 7
04:38:29 1 55 4096 2807 7.0 6.0 16 7
04:38:30 1 55 4096 2807 6.9 6.0 16 7
04:38:31 1 54 4096 2807 7.6 6.0 16 7
04:38:32 1 62 4096 2807 5.1 6.0 16 7
04:38:33 1 62 4096 2807 5.0 6.0 16 7
04:38:34 1 62 4096 2807 5.0 6.0 16 7
04:38:36 1 54 4096 2807 7.6 6.0 16 7
04:38:37 1 56 4096 2807 6.9 6.0 16 7
04:38:38 1 56 4096 2807 6.9 6.0 16 7
04:38:39 1 56 4096 2807 7.0 6.0 16 7
04:38:40 1 56 4096 2807 6.9 6.0 16 7
04:38:41 1 56 4096 2807 6.9 6.0 16 7
04:38:42 1 56 4096 2807 7.1 6.0 16 7
04:38:43 1 56 4096 2807 6.9 6.0 16 7
04:38:44 1 56 4096 2807 7.1 6.0 16 7
04:38:45 1 56 4096 2807 6.9 6.0 16 7
04:38:46 1 56 4096 2807 6.9 6.0 16 7
04:38:47 1 56 4096 2807 7.1 6.0 16 7
04:38:48 1 56 4096 2807 6.9 6.0 16 7
04:38:49 1 56 4096 2807 6.9 6.0 16 7
04:38:50 1 56 4096 2807 7.0 6.0 16 7
04:38:51 1 56 4096 2807 6.9 6.0 16 7
04:38:53 1 56 4096 2807 7.0 6.0 16 7
04:38:54 1 56 4096 2807 7.0 6.0 16 7
04:38:55 1 56 4096 2807 7.0 6.0 16 7
04:38:56 1 56 4096 2807 6.9 6.0 16 7
04:38:57 1 56 4096 2807 7.0 6.0 16 7
04:38:58 1 55 4096 2807 6.9 5.4 16 7
04:38:59 1 54 4096 2807 7.0 5.4 16 7
04:39:00 1 54 4096 2807 7.0 5.4 16 7
04:39:01 1 54 4096 2807 7.0 5.2 16 7
04:39:02 1 53 4096 2807 7.1 5.1 16 7
04:39:03 1 54 4096 2807 6.9 5.1 16 7
04:39:04 1 54 4096 2807 6.9 5.1 16 7
04:39:05 1 54 4096 2807 7.0 5.1 16 7
04:39:06 1 54 4096 2807 6.9 5.1 16 7
04:39:07 1 54 4096 2807 6.9 5.1 16 7
04:39:08 1 54 4096 2807 7.0 5.1 16 7
04:39:10 1 54 4096 2807 6.9 5.1 16 7
04:39:11 1 52 4096 2807 7.6 5.0 16 7
04:39:12 1 59 4096 2807 5.1 5.0 16 7
04:39:13 1 59 4096 2807 5.0 5.0 16 7
04:39:14 1 59 4096 2807 5.0 5.0 16 7
04:39:15 1 52 4096 2807 7.6 5.0 16 7
04:39:16 1 54 4096 2807 6.9 5.0 16 7
04:39:17 1 52 4096 2807 7.0 4.4 16 7
04:39:18 1 52 4096 2807 6.9 4.3 16 7
04:39:19 1 52 4096 2807 6.9 4.3 16 7
04:39:20 1 51 4096 2807 7.1 4.3 16 7
04:39:21 1 52 4096 2807 6.9 4.3 16 7
04:39:22 1 48 4096 2807 6.9 3.2 16 7
04:39:23 1 48 4096 2807 7.1 3.2 16 7
04:39:24 1 48 4096 2807 6.9 3.1 16 7
04:39:25 1 48 4096 2807 6.9 3.1 16 7
04:39:27 1 48 4096 2807 7.0 3.1 16 7
04:39:28 1 48 4096 2807 6.9 3.1 16 7
04:39:29 1 48 4096 2807 6.9 3.1 16 7
04:39:30 1 48 4096 2807 7.0 3.1 16 7
04:39:31 1 48 4096 2807 6.9 3.1 16 7
04:39:32 1 48 4096 2807 7.0 3.1 16 7
04:39:33 1 48 4096 2807 7.0 3.1 16 7
04:39:34 1 48 4096 2807 6.9 3.1 16 7
04:39:35 1 48 4096 2807 7.0 3.1 16 7
04:39:36 1 48 4096 2807 6.9 3.1 16 7
04:39:37 1 48 4096 2807 6.9 3.1 16 7
04:39:38 1 48 4096 2807 7.0 3.1 16 7
04:39:39 1 48 4096 2807 6.9 3.1 16 7
04:39:40 1 48 4096 2807 6.9 3.1 16 7
04:39:41 1 48 4096 2807 7.0 3.1 16 7
04:39:42 1 48 4096 2807 6.9 3.1 16 7
04:39:44 1 48 4096 2807 6.9 3.1 16 7
04:39:45 1 48 4096 2807 7.0 3.1 16 7
04:39:46 1 48 4096 2807 7.0 3.1 16 7
04:39:47 1 48 4096 2807 7.0 3.1 16 7
04:39:48 1 48 4096 2807 7.2 3.1 16 7
04:39:49 1 46 4096 2807 7.6 3.1 16 7
04:39:50 1 53 4096 2807 5.3 3.1 16 7
04:39:51 1 53 4096 2807 5.3 3.1 16 7
04:39:52 1 54 4096 2807 5.0 3.1 16 7
04:39:53 1 46 4096 2807 7.6 3.1 16 7
04:39:54 1 48 4096 2807 6.9 3.1 16 7
04:39:55 1 49 4096 2807 6.9 3.1 16 7
04:39:56 1 48 4096 2807 7.0 3.1 16 7
04:39:57 1 49 4096 2807 6.9 3.1 16 7
04:39:58 1 49 4096 2807 6.9 3.1 16 7
04:39:59 1 48 4096 2807 7.0 3.1 16 7
04:40:01 1 49 4096 2807 6.9 3.0 16 7
04:40:02 1 49 4096 2807 6.9 3.0 16 7
04:40:03 1 48 4096 2807 7.1 3.0 16 7
04:40:04 1 49 4096 2807 6.9 3.0 16 7
04:40:05 1 49 4096 2807 6.9 3.0 16 7
04:40:06 1 48 4096 2807 7.1 3.0 16 7
04:40:07 1 49 4096 2807 6.9 3.0 16 7
04:40:08 1 48 4096 2807 7.0 3.0 16 7
04:40:09 1 49 4096 2807 6.9 3.0 16 7
04:40:10 1 49 4096 2807 6.9 3.0 16 7
04:40:11 1 49 4096 2807 7.0 3.0 16 7
04:40:12 1 49 4096 2807 6.9 3.0 16 7
04:40:13 1 49 4096 2807 6.9 3.0 16 7
04:40:14 1 49 4096 2807 7.0 3.0 16 7
04:40:15 1 49 4096 2807 6.9 3.0 16 7
04:40:16 1 49 4096 2807 6.9 3.0 16 7
04:40:17 1 49 4096 2807 7.0 3.0 16 7
04:40:19 1 49 4096 2807 6.9 3.0 16 7
04:40:20 1 49 4096 2807 6.9 3.0 16 7
04:40:21 1 49 4096 2807 7.0 3.0 16 7
04:40:22 1 49 4096 2807 6.9 3.0 16 7
04:40:23 1 49 4096 2807 6.9 3.0 16 7
04:40:24 1 49 4096 2807 7.0 3.0 16 7
04:40:25 1 49 4096 2807 7.0 3.0 16 7
04:40:26 1 48 4096 2807 7.0 3.0 16 7
04:40:27 1 49 4096 2807 7.0 3.0 16 7
04:40:28 1 47 4096 2807 7.7 3.0 16 7
04:40:29 1 54 4096 2807 5.1 3.0 16 7
04:40:30 1 54 4096 2807 5.1 3.0 16 7
04:40:31 1 54 4096 2807 5.1 3.0 16 7
04:40:32 1 47 4096 2807 7.6 3.0 16 7
04:40:33 1 49 4096 2807 7.0 3.0 16 7
04:40:34 1 49 4096 2807 7.0 3.0 16 7
04:40:36 1 48 4096 2807 7.2 3.0 16 7
04:40:37 1 49 4096 2807 6.9 3.0 16 7
04:40:38 1 49 4096 2807 6.9 3.0 16 7
04:40:39 1 48 4096 2807 7.2 3.0 16 7
04:40:40 1 49 4096 2807 6.9 3.0 16 7
04:40:41 1 49 4096 2807 7.0 3.0 16 7
04:40:42 1 49 4096 2807 7.0 3.0 16 7
04:40:43 1 49 4096 2807 7.0 3.0 16 7
04:40:44 1 49 4096 2807 7.1 3.0 16 7
04:40:45 1 49 4096 2807 7.0 3.0 16 7
04:40:46 1 49 4096 2807 7.0 3.0 16 7
04:40:47 1 49 4096 2807 7.0 3.0 16 7
04:40:48 1 49 4096 2807 6.9 3.0 16 7
04:40:49 1 49 4096 2807 7.0 3.0 16 7
04:40:50 1 48 4096 2807 7.2 3.0 16 7
04:40:51 1 49 4096 2807 6.9 3.0 16 7
04:40:53 1 49 4096 2807 7.1 3.0 16 7
04:40:54 1 48 4096 2807 7.2 3.0 16 7
04:40:55 1 49 4096 2807 6.9 3.0 16 7
04:40:56 1 49 4096 2807 6.9 3.0 16 7
04:40:57 1 48 4096 2807 7.2 3.0 16 7
04:40:58 1 49 4096 2807 6.9 3.0 16 7
04:40:59 1 48 4096 2807 7.1 3.0 16 7
04:41:00 1 49 4096 2807 7.0 3.0 16 7
04:41:01 1 49 4096 2807 6.9 3.0 16 7
04:41:02 1 48 4096 2807 7.1 3.0 16 7
04:41:03 1 49 4096 2807 7.0 3.0 16 7
04:41:04 1 49 4096 2807 6.9 3.0 16 7
04:41:05 1 49 4096 2807 7.0 3.0 16 7
04:41:06 1 47 4096 2807 7.6 3.0 16 7
04:41:07 1 54 4096 2807 5.1 3.0 16 7
04:41:08 1 54 4096 2807 5.1 3.0 16 7
04:41:10 1 54 4096 2807 5.1 3.0 16 7
04:41:11 1 47 4096 2807 7.6 3.0 16 7
04:41:12 1 49 4096 2807 7.0 3.0 16 7
04:41:13 1 49 4096 2807 6.9 3.0 16 7
04:41:14 1 49 4096 2807 7.0 3.0 16 7
04:41:15 1 49 4096 2807 7.0 3.0 16 7
04:41:16 1 49 4096 2807 6.9 3.0 16 7
04:41:17 1 49 4096 2807 7.0 3.0 16 7
04:41:18 1 49 4096 2807 6.9 3.0 16 7
04:41:19 1 49 4096 2807 6.9 3.0 16 7
04:41:20 1 48 4096 2807 7.1 3.0 16 7
04:41:21 1 49 4096 2807 6.9 3.0 16 7
04:41:22 1 49 4096 2807 6.9 3.0 16 7
04:41:23 1 48 4096 2807 7.1 3.0 16 7
04:41:24 1 49 4096 2807 6.9 3.0 16 7
04:41:25 1 49 4096 2807 6.9 3.0 16 7
04:41:27 1 49 4096 2807 7.0 3.0 16 7
04:41:28 1 49 4096 2807 6.9 3.0 16 7
04:41:29 1 49 4096 2807 6.9 3.0 16 7
04:41:30 1 51 4096 2807 7.0 2.2 16 7
04:41:31 1 51 4096 2807 6.9 2.2 16 7
04:41:32 1 51 4096 2807 7.0 2.2 16 7
04:41:33 1 51 4096 2807 6.9 2.2 16 7
04:41:34 1 51 4096 2807 6.9 2.2 16 7
04:41:35 1 51 4096 2807 7.0 2.2 16 7
04:41:36 1 51 4096 2807 6.9 2.2 16 7
04:41:37 1 51 4096 2807 6.9 2.2 16 7
04:41:38 1 51 4096 2807 7.0 2.2 16 7
04:41:39 1 51 4096 2807 6.9 2.2 16 7
04:41:40 1 51 4096 2807 6.9 2.2 16 7
04:41:41 1 51 4096 2807 7.0 2.2 16 7
04:41:42 1 51 4096 2807 6.9 2.2 16 7
04:41:44 1 51 4096 2807 6.9 2.2 16 7
04:41:45 1 51 4096 2807 7.1 2.2 16 7
04:41:46 1 49 4096 2807 7.6 2.3 16 7
04:41:47 1 57 4096 2807 5.1 2.3 16 7
04:41:48 1 56 4096 2807 5.1 2.3 16 7
04:41:49 1 57 4096 2807 5.0 2.3 16 7
04:41:50 1 49 4096 2807 7.6 2.3 16 7
04:41:51 1 51 4096 2807 7.0 2.3 16 7
04:41:52 1 51 4096 2807 6.9 2.3 16 7
04:41:53 1 51 4096 2807 7.0 2.3 16 7
04:41:54 1 51 4096 2807 7.1 2.3 16 7
04:41:55 1 51 4096 2807 6.9 2.3 16 7
04:41:56 1 51 4096 2807 7.1 2.3 16 7
04:41:57 1 51 4096 2807 7.0 2.3 16 7
04:41:58 1 51 4096 2807 6.9 2.3 16 7
04:41:59 1 51 4096 2807 7.1 2.3 16 7
04:42:01 1 51 4096 2807 6.9 2.3 16 7
04:42:02 1 51 4096 2807 6.9 2.3 16 7
04:42:03 1 51 4096 2807 7.1 2.3 16 7
04:42:04 1 51 4096 2807 6.9 2.3 16 7
04:42:05 1 51 4096 2807 6.9 2.3 16 7
04:42:06 1 51 4096 2807 7.1 2.3 16 7
04:42:07 1 51 4096 2807 6.9 2.3 16 7
04:42:08 1 51 4096 2807 7.0 2.3 16 7
04:42:09 1 51 4096 2807 6.9 2.3 16 7
04:42:10 1 51 4096 2807 6.9 2.3 16 7
04:42:11 1 51 4096 2807 7.0 2.3 16 7
04:42:12 1 51 4096 2807 6.9 2.3 16 7
04:42:13 1 51 4096 2807 6.9 2.3 16 7
04:42:14 1 51 4096 2807 7.0 2.3 16 7
04:42:15 1 51 4096 2807 6.9 2.3 16 7
04:42:16 1 51 4096 2807 6.9 2.3 16 7
04:42:18 1 51 4096 2807 7.0 2.3 16 7
04:42:19 1 51 4096 2807 6.9 2.3 16 7
04:42:20 1 51 4096 2807 6.9 2.3 16 7
04:42:21 1 51 4096 2807 7.0 2.3 16 7
04:42:22 1 51 4096 2807 6.9 2.3 16 7
04:42:23 1 51 4096 2807 7.0 2.3 16 7
04:42:24 1 49 4096 2807 7.7 2.3 16 7
04:42:25 1 57 4096 2807 5.2 2.3 16 7
04:42:26 1 57 4096 2807 5.1 2.3 16 7
04:42:27 1 57 4096 2807 5.0 2.3 16 7
04:42:28 1 50 4096 2807 7.5 2.3 16 7
04:42:29 1 51 4096 2807 7.0 2.3 16 7
04:42:30 1 51 4096 2807 6.9 2.3 16 7
04:42:31 1 51 4096 2807 6.9 2.3 16 7
04:42:32 1 51 4096 2807 7.0 2.3 16 7
04:42:33 1 51 4096 2807 6.9 2.3 16 7
04:42:35 1 51 4096 2807 6.9 2.3 16 7
04:42:36 1 51 4096 2807 7.1 2.3 16 7
04:42:37 1 51 4096 2807 6.9 2.3 16 7
04:42:38 1 51 4096 2807 6.9 2.3 16 7
04:42:39 1 51 4096 2807 7.1 2.3 16 7
04:42:40 1 51 4096 2807 6.9 2.3 16 7
04:42:41 1 51 4096 2807 7.1 2.3 16 7
04:42:42 1 51 4096 2807 7.1 2.3 16 7
04:42:43 1 51 4096 2807 7.0 2.3 16 7
04:42:44 1 51 4096 2807 7.1 2.3 16 7
04:42:45 1 51 4096 2807 6.9 2.3 16 7
04:42:46 1 51 4096 2807 6.9 2.3 16 7
04:42:47 1 51 4096 2807 7.0 2.3 16 7
04:42:48 1 51 4096 2807 6.9 2.3 16 7
04:42:49 1 51 4096 2807 6.9 2.3 16 7
04:42:50 1 51 4096 2807 7.0 2.3 16 7
04:42:52 1 51 4096 2807 6.9 2.3 16 7
04:42:53 1 51 4096 2807 6.9 2.3 16 7
04:42:54 1 51 4096 2807 7.0 2.3 16 7
04:42:55 1 51 4096 2807 6.9 2.3 16 7
04:42:56 1 51 4096 2807 6.9 2.3 16 7
04:42:57 1 51 4096 2807 7.0 2.3 16 7
04:42:58 1 51 4096 2807 7.0 2.3 16 7
04:42:59 1 51 4096 2807 7.1 2.3 16 7
04:43:00 1 51 4096 2807 6.9 2.3 16 7
04:43:01 1 51 4096 2807 6.9 2.3 16 7
04:43:02 1 51 4096 2807 7.1 2.3 16 7
04:43:03 1 49 4096 2807 7.6 2.3 16 7
04:43:04 1 57 4096 2807 5.0 2.3 16 7
04:43:05 1 56 4096 2807 5.3 2.3 16 7
04:43:06 1 50 4096 2807 7.5 2.3 16 7
04:43:07 1 51 4096 2807 6.9 2.3 16 7
04:43:09 1 51 4096 2807 7.0 2.3 16 7
04:43:10 1 51 4096 2807 6.9 2.3 16 7
04:43:11 1 51 4096 2807 6.9 2.3 16 7
04:43:12 1 51 4096 2807 7.0 2.3 16 7
04:43:13 1 51 4096 2807 6.9 2.3 16 7
04:43:14 1 51 4096 2807 7.0 2.3 16 7
04:43:15 1 51 4096 2807 7.0 2.3 16 7
04:43:16 1 51 4096 2807 6.9 2.3 16 7
04:43:17 1 51 4096 2807 7.0 2.3 16 7
04:43:18 1 51 4096 2807 6.9 2.3 16 7
04:43:19 1 51 4096 2807 6.9 2.3 16 7
04:43:20 1 51 4096 2807 7.1 2.3 16 7
04:43:21 1 51 4096 2807 6.9 2.3 16 7
04:43:22 1 51 4096 2807 6.9 2.3 16 7
04:43:23 1 51 4096 2807 7.1 2.3 16 7
04:43:24 1 51 4096 2807 6.9 2.3 16 7
04:43:26 1 51 4096 2807 6.9 2.3 16 7
04:43:27 1 51 4096 2807 7.0 2.3 16 7
04:43:28 1 51 4096 2807 6.9 2.3 16 7
04:43:29 1 51 4096 2807 6.9 2.3 16 7
04:43:30 1 51 4096 2807 7.0 2.3 16 7
04:43:31 1 51 4096 2807 6.9 2.3 16 7
04:43:32 1 51 4096 2807 7.1 2.3 16 7
04:43:33 1 51 4096 2807 7.1 2.3 16 7
04:43:34 1 51 4096 2807 6.9 2.3 16 7
04:43:35 1 51 4096 2807 7.1 2.3 16 7
04:43:36 1 51 4096 2807 6.9 2.3 16 7
04:43:37 1 51 4096 2807 6.9 2.3 16 7
04:43:38 1 51 4096 2807 7.0 2.3 16 7
04:43:39 1 51 4096 2807 6.9 2.3 16 7
04:43:40 1 51 4096 2807 6.9 2.3 16 7
04:43:41 1 49 4096 2807 7.7 2.3 16 7
04:43:43 1 57 4096 2807 5.0 2.3 16 7
04:43:44 1 57 4096 2807 5.0 2.3 16 7
04:43:45 1 56 4096 2807 5.2 2.3 16 7
04:43:46 1 50 4096 2807 7.5 2.3 16 7
04:43:47 1 51 4096 2807 6.9 2.3 16 7
04:43:48 1 51 4096 2807 7.1 2.3 16 7
04:43:49 1 51 4096 2807 6.9 2.3 16 7
04:43:50 1 51 4096 2807 7.0 2.3 16 7
04:43:51 1 51 4096 2807 6.9 2.3 16 7
04:43:52 1 51 4096 2807 6.9 2.3 16 7
04:43:53 1 51 4096 2807 7.0 2.3 16 7
04:43:54 1 51 4096 2807 6.9 2.3 16 7
04:43:55 1 51 4096 2807 6.9 2.3 16 7
04:43:56 1 51 4096 2807 7.0 2.3 16 7
04:43:57 1 51 4096 2807 6.9 2.3 16 7
04:43:59 1 52 4096 2807 6.9 2.3 16 7
04:44:00 1 51 4096 2807 7.0 2.3 16 7
04:44:01 1 51 4096 2807 6.9 2.3 16 7
04:44:02 1 51 4096 2807 7.0 2.3 16 7
04:44:03 1 51 4096 2807 7.0 2.3 16 7
04:44:04 1 52 4096 2807 6.9 2.3 16 7
04:44:05 1 51 4096 2807 7.0 2.3 16 7
04:44:06 1 51 4096 2807 7.0 2.3 16 7
04:44:07 1 52 4096 2807 6.9 2.3 16 7
04:44:08 1 51 4096 2807 7.0 2.3 16 7
04:44:09 1 52 4096 2807 6.9 2.3 16 7
04:44:10 1 52 4096 2807 6.9 2.3 16 7
04:44:11 1 51 4096 2807 7.0 2.3 16 7
04:44:12 1 52 4096 2807 6.9 2.3 16 7
04:44:13 1 52 4096 2807 6.9 2.3 16 7
04:44:14 1 51 4096 2807 7.0 2.3 16 7
04:44:16 1 52 4096 2807 6.9 2.3 16 7
04:44:17 1 51 4096 2807 6.9 2.3 16 7
04:44:18 1 51 4096 2807 7.0 2.3 16 7
04:44:19 1 51 4096 2807 6.9 2.3 16 7
04:44:20 1 51 4096 2807 6.9 2.3 16 7
04:44:21 1 49 4096 2807 7.7 2.3 16 7
04:44:22 1 57 4096 2807 5.1 2.3 16 7
04:44:23 1 57 4096 2807 5.1 2.3 16 7
04:44:24 1 50 4096 2807 7.5 2.3 16 7
04:44:25 1 50 4096 2807 6.9 2.3 16 7
04:44:26 1 51 4096 2807 7.1 2.3 16 7
04:44:27 1 51 4096 2807 7.0 2.3 16 7
04:44:28 1 52 4096 2807 6.9 2.3 16 7
04:44:29 1 51 4096 2807 7.1 2.3 16 7
04:44:30 1 51 4096 2807 6.9 2.3 16 7
04:44:32 1 52 4096 2807 6.9 2.3 16 7
04:44:33 1 51 4096 2807 7.1 2.3 16 7
04:44:34 1 52 4096 2807 6.9 2.3 16 7
04:44:35 1 52 4096 2807 6.9 2.3 16 7
04:44:36 1 51 4096 2807 7.1 2.3 16 7
04:44:37 1 52 4096 2807 6.9 2.3 16 7
04:44:38 1 51 4096 2807 7.0 2.3 16 7
04:44:39 1 52 4096 2807 6.9 2.3 16 7
04:44:40 1 52 4096 2807 6.9 2.3 16 7
04:44:41 1 51 4096 2807 7.0 2.3 16 7
04:44:42 1 52 4096 2807 6.9 2.3 16 7
04:44:43 1 52 4096 2807 6.9 2.3 16 7
04:44:44 1 51 4096 2807 7.1 2.3 16 7
04:44:45 1 52 4096 2807 6.9 2.3 16 7
04:44:46 1 52 4096 2807 6.9 2.3 16 7
04:44:47 1 51 4096 2807 7.1 2.3 16 7
04:44:49 1 52 4096 2807 6.9 2.3 16 7
04:44:50 1 52 4096 2807 6.9 2.3 16 7
04:44:51 1 51 4096 2807 7.0 2.3 16 7
04:44:52 1 52 4096 2807 6.9 2.3 16 7
04:44:53 1 52 4096 2807 6.9 2.3 16 7
04:44:54 1 51 4096 2807 7.0 2.3 16 7
04:44:55 1 52 4096 2807 6.9 2.3 16 7
04:44:56 1 51 4096 2807 7.0 2.3 16 7
04:44:57 1 52 4096 2807 6.9 2.3 16 7
04:44:58 1 52 4096 2807 6.9 2.3 16 7
04:44:59 1 49 4096 2807 7.7 2.3 16 7
04:45:00 1 57 4096 2807 5.1 2.3 16 7
04:45:01 1 57 4096 2807 5.1 2.3 16 7
04:45:02 1 56 4096 2807 5.2 2.3 16 7
04:45:03 1 50 4096 2807 7.5 2.3 16 7
04:45:04 1 52 4096 2807 6.9 2.3 16 7
04:45:06 1 51 4096 2807 7.3 2.3 16 7
04:45:07 1 51 4096 2807 7.1 2.3 16 7
04:45:08 1 51 4096 2807 7.2 2.3 16 7
04:45:09 1 51 4096 2807 7.2 2.3 16 7
04:45:10 1 51 4096 2807 7.2 2.3 16 7
04:45:11 1 51 4096 2807 7.3 2.3 16 7
04:45:12 1 51 4096 2807 7.2 2.3 16 7
04:45:13 1 51 4096 2807 7.2 2.3 16 7
04:45:14 1 51 4096 2807 7.3 2.3 16 7
04:45:15 1 51 4096 2807 7.2 2.3 16 7
04:45:16 1 51 4096 2807 7.2 2.3 16 7
04:45:17 1 51 4096 2807 7.2 2.3 16 7
04:45:18 1 51 4096 2807 7.2 2.3 16 7
04:45:19 1 51 4096 2807 7.2 2.3 16 7
04:45:20 1 51 4096 2807 7.2 2.3 16 7
04:45:22 1 51 4096 2807 7.2 2.3 16 7
04:45:23 1 51 4096 2807 7.2 2.3 16 7
04:45:24 1 51 4096 2807 7.2 2.3 16 7
04:45:25 1 51 4096 2807 7.2 2.3 16 7
04:45:26 1 51 4096 2807 7.2 2.3 16 7
04:45:27 1 51 4096 2807 7.2 2.3 16 7
04:45:28 1 51 4096 2807 7.2 2.3 16 7
04:45:29 1 51 4096 2807 7.3 2.3 16 7
04:45:30 1 51 4096 2807 7.2 2.3 16 7
04:45:31 1 51 4096 2807 7.2 2.3 16 7
04:45:32 1 51 4096 2807 7.3 2.3 16 7
04:45:33 1 51 4096 2807 7.2 2.3 16 7
04:45:34 1 51 4096 2807 7.2 2.3 16 7
04:45:35 1 51 4096 2807 7.3 2.3 16 7
04:45:36 1 51 4096 2807 7.2 2.3 16 7
04:45:37 1 52 4096 2807 7.0 2.3 16 7
04:45:39 1 49 4096 2807 7.8 2.3 16 7
04:45:40 1 58 4096 2807 5.0 2.3 16 7
04:45:41 1 58 4096 2807 5.0 2.3 16 7
04:45:42 1 57 4096 2807 5.3 2.3 16 7
04:45:43 1 50 4096 2807 7.5 2.3 16 7
04:45:44 1 52 4096 2807 7.0 2.3 16 7
04:45:45 1 51 4096 2807 7.1 2.3 16 7
04:45:46 1 52 4096 2807 7.0 2.3 16 7
04:45:47 1 51 4096 2807 7.1 2.3 16 7
04:45:48 1 52 4096 2807 6.9 2.3 16 7
04:45:49 1 52 4096 2807 7.0 2.3 16 7
04:45:50 1 52 4096 2807 7.0 2.3 16 7
04:45:51 1 52 4096 2807 6.9 2.3 16 7
04:45:52 1 52 4096 2807 6.9 2.3 16 7
04:45:53 1 52 4096 2807 7.0 2.3 16 7
04:45:54 1 52 4096 2807 6.9 2.3 16 7
04:45:56 1 52 4096 2807 6.9 2.3 16 7
04:45:57 1 52 4096 2807 7.0 2.3 16 7
04:45:58 1 52 4096 2807 6.9 2.3 16 7
04:45:59 1 52 4096 2807 6.9 2.3 16 7
04:46:00 1 51 4096 2807 7.1 2.3 16 7
04:46:01 1 52 4096 2807 6.9 2.3 16 7
04:46:02 1 51 4096 2807 7.1 2.3 16 7
04:46:03 1 52 4096 2807 6.9 2.3 16 7
04:46:04 1 52 4096 2807 6.9 2.3 16 7
04:46:05 1 52 4096 2807 7.0 2.3 16 7
04:46:06 1 52 4096 2807 6.9 2.3 16 7
04:46:07 1 52 4096 2807 6.9 2.3 16 7
04:46:08 1 52 4096 2807 7.0 2.3 16 7
04:46:09 1 52 4096 2807 6.9 2.3 16 7
04:46:10 1 52 4096 2807 7.1 2.3 16 7
04:46:12 1 51 4096 2807 7.1 2.3 16 7
04:46:13 1 52 4096 2807 6.9 2.3 16 7
04:46:14 1 52 4096 2807 6.9 2.3 16 7
04:46:15 1 52 4096 2807 7.0 2.3 16 7
04:46:16 1 52 4096 2807 6.9 2.3 16 7
04:46:17 1 50 4096 2807 7.8 2.3 16 7
04:46:18 1 50 4096 2807 7.7 2.3 16 7
04:46:19 1 58 4096 2807 5.1 2.3 16 7
04:46:20 1 57 4096 2807 5.1 2.3 16 7
04:46:21 1 50 4096 2807 7.5 2.3 16 7
04:46:22 1 50 4096 2807 7.5 2.3 16 7
04:46:23 1 52 4096 2807 7.0 2.3 16 7
04:46:24 1 52 4096 2807 6.9 2.3 16 7
04:46:25 1 52 4096 2807 6.9 2.3 16 7
04:46:26 1 51 4096 2807 7.1 2.3 16 7
04:46:28 1 52 4096 2807 6.9 2.3 16 7
04:46:29 1 52 4096 2807 6.9 2.3 16 7
04:46:30 1 51 4096 2807 7.1 2.3 16 7
04:46:31 1 52 4096 2807 6.9 2.3 16 7
04:46:32 1 52 4096 2807 6.9 2.3 16 7
04:46:33 1 52 4096 2807 7.0 2.3 16 7
04:46:34 1 52 4096 2807 6.9 2.3 16 7
04:46:35 1 52 4096 2807 7.0 2.3 16 7
04:46:36 1 52 4096 2807 7.0 2.3 16 7
04:46:37 1 52 4096 2807 6.9 2.3 16 7
04:46:38 1 52 4096 2807 7.0 2.3 16 7
04:46:39 1 52 4096 2807 6.9 2.3 16 7
04:46:40 1 52 4096 2807 6.9 2.3 16 7
04:46:41 1 52 4096 2807 7.0 2.3 16 7
04:46:42 1 52 4096 2807 6.9 2.3 16 7
04:46:43 1 52 4096 2807 6.9 2.3 16 7
04:46:45 1 52 4096 2807 7.0 2.3 16 7
04:46:46 1 52 4096 2807 6.9 2.3 16 7
04:46:47 1 52 4096 2807 6.9 2.3 16 7
04:46:48 1 52 4096 2807 7.0 2.3 16 7
04:46:49 1 52 4096 2807 6.9 2.3 16 7
04:46:50 1 52 4096 2807 7.0 2.3 16 7
04:46:51 1 52 4096 2807 6.9 2.3 16 7
04:46:52 1 52 4096 2807 6.9 2.3 16 7
04:46:53 1 52 4096 2807 7.0 2.3 16 7
04:46:54 1 52 4096 2807 6.9 2.3 16 7
04:46:55 1 52 4096 2807 6.9 2.3 16 7
04:46:56 1 50 4096 2807 7.8 2.3 16 7
04:46:57 1 58 4096 2807 5.0 2.3 16 7
04:46:58 1 58 4096 2807 5.1 2.3 16 7
04:46:59 1 57 4096 2807 5.1 2.3 16 7
04:47:00 1 50 4096 2807 7.5 2.3 16 7
04:47:02 1 52 4096 2807 6.9 2.3 16 7
04:47:03 1 52 4096 2807 7.1 2.3 16 7
04:47:04 1 52 4096 2807 6.9 2.3 16 7
04:47:05 1 52 4096 2807 6.9 2.3 16 7
04:47:06 1 52 4096 2807 7.1 2.4 16 7
04:47:07 1 52 4096 2807 6.9 2.4 16 7
04:47:08 1 52 4096 2807 7.0 2.4 16 7
04:47:09 1 52 4096 2807 7.0 2.4 16 7
04:47:10 1 52 4096 2807 6.9 2.4 16 7
04:47:11 1 52 4096 2807 7.1 2.4 16 7
04:47:12 1 52 4096 2807 6.9 2.4 16 7
04:47:13 1 52 4096 2807 6.9 2.4 16 7
04:47:14 1 51 4096 2807 7.2 2.4 16 7
04:47:15 1 52 4096 2807 6.9 2.4 16 7
04:47:16 1 52 4096 2807 6.9 2.4 16 7
04:47:17 1 52 4096 2807 7.1 2.4 16 7
04:47:19 1 52 4096 2807 6.9 2.4 16 7
04:47:20 1 52 4096 2807 6.9 2.4 16 7
04:47:21 1 52 4096 2807 7.0 2.4 16 7
04:47:22 1 52 4096 2807 6.9 2.4 16 7
04:47:23 1 52 4096 2807 6.9 2.4 16 7
04:47:24 1 52 4096 2807 7.0 2.4 16 7
04:47:25 1 52 4096 2807 6.9 2.4 16 7
04:47:26 1 52 4096 2807 7.0 2.4 16 7
04:47:27 1 52 4096 2807 6.9 2.4 16 7
04:47:28 1 52 4096 2807 7.0 2.4 16 7
04:47:29 1 52 4096 2807 7.0 2.4 16 7
04:47:30 1 52 4096 2807 6.9 2.4 16 7
04:47:31 1 52 4096 2807 7.0 2.4 16 7
04:47:32 1 52 4096 2807 7.0 2.4 16 7
04:47:33 1 52 4096 2807 6.9 2.4 16 7
04:47:34 1 50 4096 2807 7.7 2.3 16 7
04:47:36 1 57 4096 2807 5.1 2.3 16 7
04:47:37 1 58 4096 2807 5.1 2.3 16 7
04:47:38 1 58 4096 2807 5.1 2.3 16 7
04:47:39 1 50 4096 2807 7.6 2.4 16 7
04:47:40 1 52 4096 2807 6.9 2.4 16 7
04:47:41 1 52 4096 2807 6.9 2.4 16 7
04:47:42 1 52 4096 2807 7.0 2.4 16 7
04:47:43 1 52 4096 2807 6.9 2.4 16 7
04:47:44 1 52 4096 2807 7.0 2.4 16 7
04:47:45 1 52 4096 2807 6.9 2.4 16 7
04:47:46 1 52 4096 2807 6.9 2.4 16 7
04:47:47 1 52 4096 2807 7.0 2.4 16 7
04:47:48 1 52 4096 2807 6.9 2.4 16 7
04:47:49 1 52 4096 2807 6.9 2.4 16 7
04:47:50 1 52 4096 2807 7.0 2.4 16 7
04:47:51 1 52 4096 2807 6.9 2.4 16 7
04:47:53 1 52 4096 2807 6.9 2.4 16 7
04:47:54 1 52 4096 2807 7.0 2.4 16 7
04:47:55 1 52 4096 2807 6.9 2.4 16 7
04:47:56 1 52 4096 2807 6.9 2.4 16 7
04:47:57 1 52 4096 2807 7.0 2.4 16 7
04:47:58 1 52 4096 2807 6.9 2.4 16 7
04:47:59 1 51 4096 2807 7.1 2.4 16 7
04:48:00 1 52 4096 2807 7.0 2.4 16 7
04:48:01 1 52 4096 2807 7.1 2.4 16 7
04:48:02 1 52 4096 2807 7.0 2.4 16 7
04:48:03 1 52 4096 2807 6.9 2.4 16 7
04:48:04 1 52 4096 2807 6.9 2.4 16 7
04:48:05 1 51 4096 2807 7.1 2.4 16 7
04:48:06 1 52 4096 2807 6.9 2.4 16 7
04:48:07 1 52 4096 2807 6.9 2.4 16 7
04:48:08 1 52 4096 2807 7.0 2.4 16 7
04:48:10 1 52 4096 2807 6.9 2.4 16 7
04:48:11 1 52 4096 2807 6.9 2.4 16 7
04:48:12 1 52 4096 2807 7.0 2.4 16 7
04:48:13 1 52 4096 2807 6.9 2.4 16 7
04:48:14 1 50 4096 2807 7.6 2.3 16 7
04:48:15 1 57 4096 2807 5.1 2.3 16 7
04:48:16 1 58 4096 2807 5.1 2.3 16 7
04:48:17 1 57 4096 2807 5.1 2.4 16 7
04:48:18 1 50 4096 2807 7.7 2.4 16 7
04:48:19 1 52 4096 2807 7.0 2.4 16 7
04:48:20 1 52 4096 2807 7.1 2.4 16 7
04:48:21 1 52 4096 2807 6.9 2.4 16 7
04:48:22 1 52 4096 2807 6.9 2.4 16 7
04:48:23 1 52 4096 2807 7.0 2.4 16 7
04:48:24 1 52 4096 2807 6.9 2.4 16 7
04:48:25 1 52 4096 2807 6.9 2.4 16 7
04:48:27 1 52 4096 2807 7.0 2.4 16 7
04:48:28 1 52 4096 2807 6.9 2.4 16 7
04:48:29 1 52 4096 2807 6.9 2.4 16 7
04:48:30 1 52 4096 2807 7.0 2.4 16 7
04:48:31 1 52 4096 2807 6.9 2.4 16 7
04:48:32 1 52 4096 2807 7.0 2.4 16 7
04:48:33 1 52 4096 2807 7.0 2.4 16 7
04:48:34 1 52 4096 2807 6.9 2.4 16 7
04:48:35 1 52 4096 2807 7.0 2.4 16 7
04:48:36 1 52 4096 2807 6.9 2.4 16 7
04:48:37 1 52 4096 2807 6.9 2.4 16 7
04:48:38 1 52 4096 2807 7.0 2.4 16 7
04:48:39 1 52 4096 2807 6.9 2.4 16 7
04:48:40 1 52 4096 2807 6.9 2.4 16 7
04:48:41 1 52 4096 2807 7.0 2.4 16 7
04:48:42 1 52 4096 2807 6.9 2.4 16 7
04:48:44 1 52 4096 2807 6.9 2.4 16 7
04:48:45 1 52 4096 2807 7.0 2.4 16 7
04:48:46 1 52 4096 2807 6.9 2.4 16 7
04:48:47 1 52 4096 2807 6.9 2.4 16 7
04:48:48 1 52 4096 2807 7.0 2.4 16 7
04:48:49 1 52 4096 2807 6.9 2.4 16 7
04:48:50 1 52 4096 2807 7.0 2.4 16 7
04:48:51 1 52 4096 2807 7.0 2.4 16 7
04:48:52 1 50 4096 2807 7.6 2.3 16 7
04:48:53 1 57 4096 2807 5.1 2.3 16 7
04:48:54 1 58 4096 2807 5.0 2.3 16 7
04:48:55 1 58 4096 2807 5.0 2.3 16 7
04:48:56 1 50 4096 2807 7.6 2.4 16 7
04:48:57 1 52 4096 2807 6.9 2.4 16 7
04:48:58 1 52 4096 2807 6.9 2.4 16 7
04:49:00 1 52 4096 2807 7.1 2.4 16 7
04:49:01 1 52 4096 2807 6.9 2.4 16 7
04:49:02 1 52 4096 2807 6.9 2.4 16 7
04:49:03 1 52 4096 2807 7.0 2.4 16 7
04:49:04 1 52 4096 2807 6.9 2.4 16 7
04:49:05 1 52 4096 2807 6.9 2.4 16 7
04:49:06 1 52 4096 2807 7.0 2.4 16 7
04:49:07 1 52 4096 2807 6.9 2.4 16 7
04:49:08 1 52 4096 2807 7.0 2.4 16 7
04:49:09 1 52 4096 2807 6.9 2.4 16 7
04:49:10 1 52 4096 2807 6.9 2.4 16 7
04:49:11 1 52 4096 2807 7.0 2.4 16 7
04:49:12 1 52 4096 2807 6.9 2.4 16 7
04:49:13 1 52 4096 2807 6.9 2.4 16 7
04:49:14 1 52 4096 2807 7.1 2.4 16 7
04:49:15 1 52 4096 2807 6.9 2.4 16 7
04:49:16 1 52 4096 2807 6.9 2.4 16 7
04:49:18 1 52 4096 2807 7.1 2.4 16 7
04:49:19 1 52 4096 2807 6.9 2.4 16 7
04:49:20 1 52 4096 2807 6.9 2.4 16 7
04:49:21 1 52 4096 2807 7.0 2.4 16 7
04:49:22 1 52 4096 2807 7.0 2.4 16 7
04:49:23 1 52 4096 2807 7.0 2.4 16 7
04:49:24 1 52 4096 2807 7.0 2.4 16 7
04:49:25 1 52 4096 2807 6.9 2.4 16 7
04:49:26 1 52 4096 2807 7.0 2.4 16 7
04:49:27 1 52 4096 2807 6.9 2.4 16 7
04:49:28 1 52 4096 2807 6.9 2.4 16 7
04:49:29 1 52 4096 2807 7.0 2.4 16 7
04:49:30 1 52 4096 2807 7.0 2.4 16 7
04:49:31 1 50 4096 2807 7.5 2.4 16 7
04:49:32 1 58 4096 2807 5.1 2.4 16 7
04:49:34 1 58 4096 2807 5.0 2.4 16 7
04:49:35 1 51 4096 2807 7.5 2.4 16 7
04:49:36 1 52 4096 2807 7.0 2.4 16 7
04:49:37 1 52 4096 2807 6.9 2.4 16 7
04:49:38 1 52 4096 2807 6.9 2.4 16 7
04:49:39 1 52 4096 2807 7.0 2.4 16 7
04:49:40 1 52 4096 2807 6.9 2.4 16 7
04:49:41 1 52 4096 2807 7.0 2.4 16 7
04:49:42 1 52 4096 2807 7.0 2.4 16 7
04:49:43 1 52 4096 2807 6.9 2.4 16 7
04:49:44 1 52 4096 2807 7.0 2.4 16 7
04:49:45 1 52 4096 2807 6.9 2.4 16 7
04:49:46 1 52 4096 2807 6.9 2.4 16 7
04:49:47 1 52 4096 2807 7.0 2.4 16 7
04:49:48 1 52 4096 2807 6.9 2.4 16 7
04:49:49 1 52 4096 2807 6.9 2.4 16 7
04:49:50 1 52 4096 2807 7.0 2.4 16 7
04:49:52 1 52 4096 2807 6.9 2.4 16 7
04:49:53 1 52 4096 2807 6.9 2.4 16 7
04:49:54 1 52 4096 2807 7.0 2.4 16 7
04:49:55 1 52 4096 2807 6.9 2.4 16 7
04:49:56 1 52 4096 2807 6.9 2.4 16 7
04:49:57 1 52 4096 2807 7.0 2.4 16 7
04:49:58 1 52 4096 2807 6.9 2.4 16 7
04:49:59 1 52 4096 2807 7.0 2.4 16 7
04:50:00 1 52 4096 2807 6.9 2.4 16 7
04:50:01 1 52 4096 2807 6.9 2.4 16 7
04:50:02 1 52 4096 2807 7.1 2.4 16 7
04:50:03 1 52 4096 2807 6.9 2.4 16 7
04:50:04 1 52 4096 2807 6.9 2.4 16 7
04:50:05 1 52 4096 2807 7.1 2.4 16 7
04:50:06 1 52 4096 2807 6.9 2.4 16 7
04:50:08 1 52 4096 2807 6.9 2.4 16 7
04:50:09 1 52 4096 2807 7.0 2.4 16 7
04:50:10 1 50 4096 2807 7.6 2.4 16 7
04:50:11 1 58 4096 2807 5.0 2.4 16 7
04:50:12 1 58 4096 2807 5.1 2.4 16 7
04:50:13 1 58 4096 2807 5.0 2.4 16 7
04:50:14 1 50 4096 2807 7.6 2.4 16 7
04:50:15 1 52 4096 2807 7.0 2.4 16 7
04:50:16 1 52 4096 2807 6.9 2.4 16 7
04:50:17 1 52 4096 2807 7.0 2.4 16 7
04:50:18 1 52 4096 2807 6.9 2.4 16 7
04:50:19 1 52 4096 2807 6.9 2.4 16 7
04:50:20 1 52 4096 2807 7.0 2.4 16 7
04:50:21 1 52 4096 2807 6.9 2.4 16 7
04:50:22 1 52 4096 2807 6.9 2.4 16 7
04:50:23 1 52 4096 2807 7.0 2.4 16 7
04:50:25 1 52 4096 2807 6.9 2.4 16 7
04:50:26 1 52 4096 2807 7.1 2.3 16 7
04:50:27 1 51 4096 2807 7.3 2.0 16 7
04:50:28 1 51 4096 2807 7.2 1.9 16 7
04:50:29 1 51 4096 2807 7.2 1.9 16 7
04:50:30 1 51 4096 2807 7.3 1.9 16 7
04:50:31 1 51 4096 2807 7.3 1.9 16 7
04:50:32 1 50 4096 2807 7.4 1.9 16 7
04:50:33 1 50 4096 2807 7.4 1.9 16 7
04:50:34 1 51 4096 2807 7.3 1.9 16 7
04:50:35 1 50 4096 2807 7.4 1.9 16 7
04:50:36 1 51 4096 2807 7.2 1.9 16 7
04:50:37 1 50 4096 2807 7.4 1.9 16 7
04:50:38 1 50 4096 2807 7.3 1.9 16 7
04:50:39 1 51 4096 2807 7.2 1.9 16 7
04:50:40 1 51 4096 2807 7.2 1.9 16 7
04:50:42 1 50 4096 2807 7.3 1.9 16 7
04:50:43 1 51 4096 2807 7.2 1.9 16 7
04:50:44 1 51 4096 2807 7.2 1.9 16 7
04:50:45 1 50 4096 2807 7.3 1.9 16 7
04:50:46 1 51 4096 2807 7.3 1.9 16 7
04:50:47 1 50 4096 2807 7.4 1.9 16 7
04:50:48 1 50 4096 2807 7.3 1.9 16 7
04:50:49 1 49 4096 2807 8.0 1.8 16 7
04:50:50 1 56 4096 2807 5.5 1.8 16 7
04:50:51 1 57 4096 2807 5.3 1.8 16 7
04:50:52 1 50 4096 2807 7.6 1.9 16 7
04:50:53 1 49 4096 2807 7.8 1.9 16 7
04:50:54 1 51 4096 2807 7.1 1.9 16 7
04:50:55 1 51 4096 2807 7.1 1.9 16 7
04:50:56 1 51 4096 2807 7.2 1.9 16 7
04:50:57 1 51 4096 2807 7.1 1.9 16 7
04:50:59 1 51 4096 2807 7.1 1.9 16 7
04:51:00 1 51 4096 2807 7.2 1.9 16 7
04:51:01 1 52 4096 2807 6.9 1.9 16 7
04:51:02 1 52 4096 2807 6.9 1.9 16 7
04:51:03 1 51 4096 2807 7.1 1.9 16 7
04:51:04 1 52 4096 2807 6.9 1.9 16 7
04:51:05 1 51 4096 2807 7.2 1.9 16 7
04:51:06 1 51 4096 2807 7.1 1.9 16 7
04:51:07 1 52 4096 2807 6.9 1.9 16 7
04:51:08 1 51 4096 2807 7.0 1.9 16 7
04:51:09 1 52 4096 2807 6.9 1.9 16 7
04:51:10 1 52 4096 2807 6.9 1.9 16 7
04:51:11 1 51 4096 2807 7.0 1.9 16 7
04:51:12 1 52 4096 2807 6.9 1.9 16 7
04:51:13 1 52 4096 2807 6.9 1.9 16 7
04:51:14 1 51 4096 2807 7.0 1.9 16 7
04:51:16 1 52 4096 2807 6.9 1.9 16 7
04:51:17 1 52 4096 2807 6.9 1.9 16 7
04:51:18 1 51 4096 2807 7.0 1.9 16 7
04:51:19 1 52 4096 2807 6.9 1.9 16 7
04:51:20 1 52 4096 2807 6.9 1.9 16 7
04:51:21 1 51 4096 2807 7.1 1.9 16 7
04:51:22 1 52 4096 2807 6.9 1.9 16 7
04:51:23 1 51 4096 2807 7.1 1.9 16 7
04:51:24 1 52 4096 2807 6.9 1.9 16 7
04:51:25 1 52 4096 2807 6.9 1.9 16 7
04:51:26 1 51 4096 2807 7.1 1.9 16 7
04:51:27 1 49 4096 2807 7.6 1.8 16 7
04:51:28 1 57 4096 2807 5.0 1.8 16 7
04:51:29 1 57 4096 2807 5.1 1.8 16 7
04:51:30 1 57 4096 2807 5.2 1.8 16 7
04:51:31 1 49 4096 2807 7.6 1.9 16 7
04:51:32 1 51 4096 2807 7.1 1.9 16 7
04:51:34 1 51 4096 2807 7.0 1.9 16 7
04:51:35 1 52 4096 2807 6.9 1.9 16 7
04:51:36 1 51 4096 2807 7.1 1.9 16 7
04:51:37 1 52 4096 2807 6.9 1.9 16 7
04:51:38 1 52 4096 2807 6.9 1.9 16 7
04:51:39 1 51 4096 2807 7.0 1.9 16 7
04:51:40 1 52 4096 2807 6.9 1.9 16 7
04:51:41 1 51 4096 2807 7.0 1.9 16 7
04:51:42 1 52 4096 2807 6.9 1.9 16 7
04:51:43 1 52 4096 2807 6.9 1.9 16 7
04:51:44 1 51 4096 2807 7.0 1.9 16 7
04:51:45 1 52 4096 2807 6.9 1.9 16 7
04:51:46 1 52 4096 2807 6.9 1.9 16 7
04:51:47 1 51 4096 2807 7.0 1.9 16 7
04:51:48 1 52 4096 2807 6.9 1.9 16 7
04:51:49 1 52 4096 2807 6.9 1.9 16 7
04:51:51 1 51 4096 2807 7.0 1.9 16 7
04:51:52 1 52 4096 2807 6.9 1.9 16 7
04:51:53 1 52 4096 2807 6.9 1.9 16 7
04:51:54 1 51 4096 2807 7.0 1.9 16 7
04:51:55 1 52 4096 2807 6.9 1.9 16 7
04:51:56 1 52 4096 2807 6.9 1.9 16 7
04:51:57 1 51 4096 2807 7.0 1.9 16 7
04:51:58 1 52 4096 2807 6.9 1.9 16 7
04:51:59 1 51 4096 2807 7.0 1.9 16 7
04:52:00 1 51 4096 2807 6.9 1.9 16 7
04:52:01 1 52 4096 2807 6.9 1.9 16 7
04:52:02 1 51 4096 2807 7.1 1.9 16 7
04:52:03 1 51 4096 2807 7.0 1.9 16 7
04:52:04 1 52 4096 2807 6.9 1.9 16 7
04:52:05 1 51 4096 2807 7.1 1.9 16 7
04:52:06 1 49 4096 2807 7.6 1.8 16 7
04:52:08 1 57 4096 2807 5.0 1.8 16 7
04:52:09 1 57 4096 2807 5.3 1.8 16 7
04:52:10 1 57 4096 2807 5.1 1.8 16 7
04:52:11 1 50 4096 2807 7.5 1.9 16 7
04:52:12 1 51 4096 2807 7.0 1.9 16 7
04:52:13 1 52 4096 2807 6.9 1.9 16 7
04:52:14 1 51 4096 2807 7.0 1.9 16 7
04:52:15 1 52 4096 2807 6.9 1.9 16 7
04:52:16 1 52 4096 2807 6.9 1.9 16 7
04:52:17 1 51 4096 2807 7.0 1.9 16 7
04:52:18 1 52 4096 2807 6.9 1.9 16 7
04:52:19 1 52 4096 2807 6.9 1.9 16 7
04:52:20 1 51 4096 2807 7.0 1.9 16 7
04:52:21 1 52 4096 2807 6.9 1.9 16 7
04:52:22 1 52 4096 2807 6.9 1.9 16 7
04:52:24 1 51 4096 2807 7.0 1.9 16 7
04:52:25 1 52 4096 2807 6.9 1.9 16 7
04:52:26 1 52 4096 2807 6.9 1.9 16 7
04:52:27 1 51 4096 2807 7.0 1.9 16 7
04:52:28 1 52 4096 2807 6.9 1.9 16 7
04:52:29 1 52 4096 2807 6.9 1.9 16 7
04:52:30 1 51 4096 2807 7.0 1.9 16 7
04:52:31 1 52 4096 2807 6.9 1.9 16 7
04:52:32 1 51 4096 2807 7.0 1.9 16 7
04:52:33 1 52 4096 2807 6.9 1.9 16 7
04:52:34 1 51 4096 2807 7.0 1.9 16 7
04:52:35 1 51 4096 2807 7.1 1.9 16 7
04:52:36 1 52 4096 2807 6.9 1.9 16 7
04:52:37 1 52 4096 2807 6.9 1.9 16 7
04:52:38 1 51 4096 2807 7.0 1.9 16 7
04:52:39 1 52 4096 2807 6.9 1.9 16 7
04:52:41 1 52 4096 2807 6.9 1.9 16 7
04:52:42 1 51 4096 2807 7.0 1.9 16 7
04:52:43 1 52 4096 2807 6.9 1.9 16 7
04:52:44 1 52 4096 2807 6.9 1.9 16 7
04:52:45 1 51 4096 2807 7.8 1.9 16 7
04:52:46 1 50 4096 2807 7.6 1.9 16 7
04:52:47 1 57 4096 2807 5.2 1.9 16 7
04:52:48 1 57 4096 2807 5.1 1.9 16 7
04:52:49 1 57 4096 2807 6.1 1.9 16 7
04:52:50 1 50 4096 2807 7.0 1.9 16 7
04:52:51 1 52 4096 2807 6.9 1.9 16 7
04:52:52 1 52 4096 2807 6.9 1.9 16 7
04:52:53 1 51 4096 2807 7.0 1.9 16 7
04:52:54 1 52 4096 2807 6.9 1.9 16 7
04:52:55 1 52 4096 2807 6.9 1.9 16 7
04:52:57 1 51 4096 2807 7.0 1.9 16 7
04:52:58 1 52 4096 2807 6.9 1.9 16 7
04:52:59 1 52 4096 2807 6.9 1.9 16 7
04:53:00 1 51 4096 2807 7.1 1.9 16 7
04:53:01 1 52 4096 2807 6.9 1.9 16 7
04:53:02 1 51 4096 2807 7.0 1.9 16 7
04:53:03 1 51 4096 2807 7.1 1.9 16 7
04:53:04 1 52 4096 2807 6.9 1.9 16 7
04:53:05 1 51 4096 2807 7.0 1.9 16 7
04:53:06 1 52 4096 2807 6.9 1.9 16 7
04:53:07 1 52 4096 2807 6.9 1.9 16 7
04:53:08 1 51 4096 2807 7.0 1.9 16 7
04:53:09 1 52 4096 2807 6.9 1.9 16 7
04:53:10 1 52 4096 2807 6.9 1.9 16 7
04:53:11 1 51 4096 2807 7.0 1.9 16 7
04:53:13 1 52 4096 2807 6.9 1.9 16 7
04:53:14 1 52 4096 2807 6.9 1.9 16 7
04:53:15 1 51 4096 2807 7.0 1.9 16 7
04:53:16 1 52 4096 2807 6.9 1.9 16 7
04:53:17 1 51 4096 2807 6.9 1.9 16 7
04:53:18 1 51 4096 2807 7.0 1.9 16 7
04:53:19 1 51 4096 2807 6.9 1.9 16 7
04:53:20 1 51 4096 2807 7.0 1.9 16 7
04:53:21 1 51 4096 2807 7.0 1.9 16 7
04:53:22 1 52 4096 2807 6.9 1.9 16 7
04:53:23 1 51 4096 2807 7.0 1.9 16 7
04:53:24 1 49 4096 2807 7.6 1.9 16 7
04:53:25 1 57 4096 2807 5.0 1.9 16 7
04:53:26 1 57 4096 2807 5.1 1.9 16 7
04:53:27 1 57 4096 2807 5.0 1.9 16 7
04:53:28 1 50 4096 2807 7.5 1.9 16 7
04:53:30 1 51 4096 2807 7.0 1.9 16 7
04:53:31 1 52 4096 2807 6.9 1.9 16 7
04:53:32 1 52 4096 2807 6.9 1.9 16 7
04:53:33 1 51 4096 2807 7.0 1.9 16 7
04:53:34 1 52 4096 2807 6.9 1.9 16 7
04:53:35 1 51 4096 2807 7.0 1.9 16 7
04:53:36 1 52 4096 2807 6.9 1.9 16 7
04:53:37 1 52 4096 2807 6.9 1.9 16 7
04:53:38 1 51 4096 2807 7.1 1.9 16 7
04:53:39 1 51 4096 2807 6.9 1.9 16 7
04:53:40 1 51 4096 2807 6.9 1.9 16 7
04:53:41 1 51 4096 2807 7.0 1.9 16 7
04:53:42 1 52 4096 2807 6.9 1.9 16 7
04:53:43 1 52 4096 2807 6.9 1.9 16 7
04:53:44 1 51 4096 2807 7.0 1.9 16 7
04:53:46 1 51 4096 2807 6.9 1.9 16 7
04:53:47 1 51 4096 2807 6.9 1.9 16 7
04:53:48 1 51 4096 2807 7.0 1.9 16 7
04:53:49 1 52 4096 2807 6.9 1.9 16 7
04:53:50 1 52 4096 2807 6.9 1.9 16 7
04:53:51 1 51 4096 2807 7.0 1.9 16 7
04:53:52 1 52 4096 2807 6.9 1.9 16 7
04:53:53 1 51 4096 2807 7.0 1.9 16 7
04:53:54 1 52 4096 2807 6.9 1.9 16 7
04:53:55 1 52 4096 2807 6.9 1.9 16 7
04:53:56 1 51 4096 2807 7.0 1.9 16 7
04:53:57 1 52 4096 2807 6.9 1.9 16 7
04:53:58 1 52 4096 2807 6.9 1.9 16 7
04:53:59 1 51 4096 2807 7.0 1.9 16 7
04:54:00 1 52 4096 2807 6.9 1.9 16 7
04:54:02 1 52 4096 2807 6.9 1.9 16 7
04:54:03 1 51 4096 2807 7.1 1.9 16 7
04:54:04 1 49 4096 2807 7.6 1.9 16 7
04:54:05 1 57 4096 2807 5.0 1.9 16 7
04:54:06 1 56 4096 2807 5.2 1.9 16 7
04:54:07 1 57 4096 2807 5.1 1.9 16 7
04:54:08 1 49 4096 2807 7.6 1.9 16 7
04:54:09 1 51 4096 2807 7.0 1.9 16 7
04:54:10 1 52 4096 2807 6.9 1.9 16 7
04:54:11 1 51 4096 2807 7.0 1.9 16 7
04:54:12 1 52 4096 2807 6.9 1.9 16 7
04:54:13 1 52 4096 2807 6.9 1.9 16 7
04:54:14 1 51 4096 2807 7.0 1.9 16 7
04:54:15 1 52 4096 2807 6.9 1.9 16 7
04:54:16 1 52 4096 2807 6.9 1.9 16 7
04:54:18 1 51 4096 2807 7.1 1.9 16 7
04:54:19 1 52 4096 2807 6.9 1.9 16 7
04:54:20 1 52 4096 2807 6.9 1.9 16 7
04:54:21 1 51 4096 2807 7.1 1.9 16 7
04:54:22 1 52 4096 2807 6.9 1.9 16 7
04:54:23 1 52 4096 2807 7.0 1.9 16 7
04:54:24 1 51 4096 2807 7.1 1.9 16 7
04:54:25 1 52 4096 2807 6.9 1.9 16 7
04:54:26 1 51 4096 2807 7.1 1.9 16 7
04:54:27 1 52 4096 2807 6.9 1.9 16 7
04:54:28 1 52 4096 2807 6.9 1.9 16 7
04:54:29 1 51 4096 2807 7.0 1.9 16 7
04:54:30 1 52 4096 2807 6.9 1.9 16 7
04:54:31 1 52 4096 2807 6.9 1.9 16 7
04:54:32 1 51 4096 2807 7.0 1.9 16 7
04:54:33 1 52 4096 2807 6.9 1.9 16 7
04:54:35 1 52 4096 2807 6.9 1.9 16 7
04:54:36 1 51 4096 2807 7.1 1.9 16 7
04:54:37 1 52 4096 2807 6.9 1.9 16 7
04:54:38 1 52 4096 2807 6.9 1.9 16 7
04:54:39 1 51 4096 2807 7.1 1.9 16 7
04:54:40 1 52 4096 2807 6.9 1.9 16 7
04:54:41 1 51 4096 2807 7.0 1.9 16 7
04:54:42 1 51 4096 2807 7.1 1.9 16 7
04:54:43 1 50 4096 2807 7.3 1.9 16 7
04:54:44 1 56 4096 2807 5.3 1.9 16 7
04:54:45 1 57 4096 2807 5.0 1.9 16 7
04:54:46 1 57 4096 2807 5.9 1.9 16 7
04:54:47 1 50 4096 2807 7.0 1.9 16 7
04:54:48 1 51 4096 2807 6.9 1.9 16 7
04:54:49 1 51 4096 2807 6.9 1.9 16 7
04:54:51 1 51 4096 2807 7.0 1.9 16 7
04:54:52 1 51 4096 2807 6.9 1.9 16 7
04:54:53 1 51 4096 2807 6.9 1.9 16 7
04:54:54 1 51 4096 2807 7.0 1.9 16 7
04:54:55 1 51 4096 2807 6.9 1.9 16 7
04:54:56 1 51 4096 2807 6.9 1.9 16 7
04:54:57 1 51 4096 2807 6.9 1.9 16 7
04:54:58 1 51 4096 2807 6.9 1.9 16 7
04:54:59 1 51 4096 2807 7.0 1.9 16 7
04:55:00 1 52 4096 2807 6.9 1.9 16 7
04:55:01 1 52 4096 2807 6.9 1.9 16 7
04:55:02 1 51 4096 2807 7.1 1.9 16 7
04:55:03 1 52 4096 2807 6.9 1.9 16 7
04:55:04 1 52 4096 2807 6.9 1.9 16 7
04:55:05 1 51 4096 2807 7.1 1.9 16 7
04:55:06 1 52 4096 2807 6.9 1.9 16 7
04:55:08 1 52 4096 2807 6.9 1.9 16 7
04:55:09 1 51 4096 2807 7.0 1.9 16 7
04:55:10 1 51 4096 2807 7.0 1.9 16 7
04:55:11 1 52 4096 2807 6.9 1.9 16 7
04:55:12 1 51 4096 2807 7.1 1.9 16 7
04:55:13 1 51 4096 2807 6.9 1.9 16 7
04:55:14 1 51 4096 2807 7.0 1.9 16 7
04:55:15 1 51 4096 2807 6.9 1.9 16 7
04:55:16 1 52 4096 2807 6.9 1.9 16 7
04:55:17 1 51 4096 2807 7.0 1.9 16 7
04:55:18 1 51 4096 2807 6.9 1.9 16 7
04:55:19 1 51 4096 2807 6.9 1.9 16 7
04:55:20 1 51 4096 2807 7.0 1.9 16 7
04:55:21 1 49 4096 2807 7.6 1.8 16 7
04:55:22 1 57 4096 2807 5.1 1.8 16 7
04:55:24 1 57 4096 2807 5.1 1.8 16 7
04:55:25 1 57 4096 2807 5.0 1.8 16 7
04:55:26 1 50 4096 2807 7.5 1.9 16 7
04:55:27 1 51 4096 2807 7.0 1.9 16 7
04:55:28 1 51 4096 2807 6.9 1.9 16 7
04:55:29 1 51 4096 2807 6.9 1.9 16 7
04:55:30 1 51 4096 2807 7.0 1.9 16 7
04:55:31 1 51 4096 2807 6.9 1.9 16 7
04:55:32 1 51 4096 2807 7.0 1.9 16 7
04:55:33 1 51 4096 2807 6.9 1.9 16 7
04:55:34 1 51 4096 2807 6.9 1.9 16 7
04:55:35 1 51 4096 2807 7.0 1.9 16 7
04:55:36 1 51 4096 2807 6.9 1.9 16 7
04:55:37 1 51 4096 2807 6.9 1.9 16 7
04:55:38 1 51 4096 2807 7.0 1.9 16 7
04:55:40 1 51 4096 2807 7.0 1.9 16 7
04:55:41 1 51 4096 2807 7.0 1.9 16 7
04:55:42 1 51 4096 2807 7.0 1.9 16 7
04:55:43 1 51 4096 2807 6.9 1.9 16 7
04:55:44 1 51 4096 2807 6.9 1.9 16 7
04:55:45 1 51 4096 2807 7.0 1.9 16 7
04:55:46 1 51 4096 2807 7.1 1.9 16 7
04:55:47 1 51 4096 2807 7.1 1.9 16 7
04:55:48 1 51 4096 2807 7.0 1.9 16 7
04:55:49 1 51 4096 2807 6.9 1.9 16 7
04:55:50 1 51 4096 2807 7.1 1.9 16 7
04:55:51 1 51 4096 2807 6.9 1.9 16 7
04:55:52 1 51 4096 2807 6.9 1.9 16 7
04:55:53 1 51 4096 2807 7.0 1.9 16 7
04:55:54 1 51 4096 2807 6.9 1.9 16 7
04:55:55 1 51 4096 2807 6.9 1.9 16 7
04:55:57 1 51 4096 2807 7.0 1.9 16 7
04:55:58 1 51 4096 2807 6.9 1.9 16 7
04:55:59 1 51 4096 2807 6.9 1.9 16 7
04:56:00 1 51 4096 2807 7.1 1.9 16 7
04:56:01 1 49 4096 2807 7.6 1.9 16 7
04:56:02 1 57 4096 2807 5.3 1.9 16 7
04:56:03 1 57 4096 2807 5.2 1.9 16 7
04:56:04 1 57 4096 2807 5.1 1.9 16 7
04:56:05 1 49 4096 2807 7.7 1.9 16 7
04:56:06 1 51 4096 2807 6.9 1.9 16 7
04:56:07 1 51 4096 2807 7.0 1.9 16 7
04:56:08 1 51 4096 2807 7.1 1.9 16 7
04:56:09 1 51 4096 2807 6.9 1.9 16 7
04:56:10 1 51 4096 2807 6.9 1.9 16 7
04:56:11 1 51 4096 2807 7.1 1.9 16 7
04:56:12 1 51 4096 2807 6.9 1.9 16 7
04:56:14 1 51 4096 2807 6.9 1.9 16 7
04:56:15 1 51 4096 2807 7.1 1.9 16 7
04:56:16 1 51 4096 2807 6.9 1.9 16 7
04:56:17 1 51 4096 2807 6.9 1.9 16 7
04:56:18 1 51 4096 2807 7.1 1.9 16 7
04:56:19 1 51 4096 2807 6.9 1.9 16 7
04:56:20 1 51 4096 2807 7.1 1.9 16 7
04:56:21 1 51 4096 2807 7.1 1.9 16 7
04:56:22 1 51 4096 2807 6.9 1.9 16 7
04:56:23 1 51 4096 2807 7.1 1.9 16 7
04:56:24 1 51 4096 2807 6.9 1.9 16 7
04:56:25 1 51 4096 2807 6.9 1.9 16 7
04:56:26 1 51 4096 2807 7.0 1.9 16 7
04:56:27 1 51 4096 2807 6.9 1.9 16 7
04:56:28 1 51 4096 2807 6.9 1.9 16 7
04:56:30 1 51 4096 2807 7.0 1.9 16 7
04:56:31 1 51 4096 2807 6.9 1.9 16 7
04:56:32 1 51 4096 2807 6.9 1.9 16 7
04:56:33 1 51 4096 2807 7.1 1.9 16 7
04:56:34 1 51 4096 2807 6.9 1.9 16 7
04:56:35 1 51 4096 2807 7.0 1.9 16 7
04:56:36 1 51 4096 2807 6.9 1.9 16 7
04:56:37 1 51 4096 2807 6.9 1.9 16 7
04:56:38 1 51 4096 2807 7.1 1.9 16 7
04:56:39 1 51 4096 2807 6.9 1.9 16 7
04:56:40 1 49 4096 2807 7.8 1.9 16 7
04:56:41 1 56 4096 2807 5.2 1.9 16 7
04:56:42 1 57 4096 2807 5.1 1.9 16 7
04:56:43 1 57 4096 2807 5.2 1.9 16 7
04:56:44 1 49 4096 2807 7.6 1.9 16 7
04:56:46 1 51 4096 2807 6.9 1.9 16 7
04:56:47 1 51 4096 2807 6.9 1.9 16 7
04:56:48 1 51 4096 2807 7.0 1.9 16 7
04:56:49 1 51 4096 2807 6.9 1.9 16 7
04:56:50 1 51 4096 2807 7.1 1.9 16 7
04:56:51 1 51 4096 2807 7.0 1.9 16 7
04:56:52 1 51 4096 2807 6.9 1.9 16 7
04:56:53 1 51 4096 2807 7.1 1.9 16 7
04:56:54 1 51 4096 2807 6.9 1.9 16 7
04:56:55 1 51 4096 2807 6.9 1.9 16 7
04:56:56 1 51 4096 2807 7.0 1.9 16 7
04:56:57 1 51 4096 2807 6.9 1.9 16 7
04:56:58 1 51 4096 2807 6.9 1.9 16 7
04:56:59 1 51 4096 2807 7.0 1.9 16 7
04:57:00 1 51 4096 2807 6.9 1.9 16 7
04:57:01 1 51 4096 2807 6.9 1.9 16 7
04:57:03 1 51 4096 2807 7.1 1.9 16 7
04:57:04 1 51 4096 2807 6.9 1.9 16 7
04:57:05 1 51 4096 2807 6.9 1.9 16 7
04:57:06 1 51 4096 2807 7.1 1.9 16 7
04:57:07 1 51 4096 2807 6.9 1.9 16 7
04:57:08 1 51 4096 2807 7.0 1.9 16 7
04:57:09 1 51 4096 2807 7.0 1.9 16 7
04:57:10 1 51 4096 2807 6.9 1.9 16 7
04:57:11 1 51 4096 2807 7.0 1.9 16 7
04:57:12 1 51 4096 2807 6.9 1.9 16 7
04:57:13 1 51 4096 2807 6.9 1.9 16 7
04:57:14 1 51 4096 2807 7.0 1.9 16 7
04:57:15 1 51 4096 2807 6.9 1.9 16 7
04:57:16 1 51 4096 2807 6.9 1.9 16 7
04:57:17 1 51 4096 2807 7.0 1.9 16 7
04:57:18 1 51 4096 2807 6.9 1.9 16 7
04:57:20 1 49 4096 2807 7.6 1.9 16 7
04:57:21 1 57 4096 2807 5.2 1.9 16 7
04:57:22 1 57 4096 2807 5.1 1.9 16 7
04:57:23 1 50 4096 2807 7.5 1.9 16 7
04:57:24 1 51 4096 2807 7.0 1.9 16 7
04:57:25 1 51 4096 2807 6.9 1.9 16 7
04:57:26 1 51 4096 2807 7.0 1.9 16 7
04:57:27 1 51 4096 2807 6.9 1.9 16 7
04:57:28 1 51 4096 2807 6.9 1.9 16 7
04:57:29 1 51 4096 2807 7.0 1.9 16 7
04:57:30 1 51 4096 2807 6.9 1.9 16 7
04:57:31 1 51 4096 2807 6.9 1.9 16 7
04:57:32 1 51 4096 2807 7.1 1.9 16 7
04:57:33 1 51 4096 2807 6.9 1.9 16 7
04:57:34 1 51 4096 2807 6.9 1.9 16 7
04:57:35 1 51 4096 2807 7.1 1.9 16 7
04:57:37 1 51 4096 2807 6.9 1.9 16 7
04:57:38 1 51 4096 2807 6.9 1.9 16 7
04:57:39 1 51 4096 2807 7.0 1.9 16 7
04:57:40 1 51 4096 2807 6.9 1.9 16 7
04:57:41 1 51 4096 2807 6.9 1.9 16 7
04:57:42 1 51 4096 2807 7.0 1.9 16 7
04:57:43 1 51 4096 2807 6.9 1.9 16 7
04:57:44 1 51 4096 2807 7.1 1.9 16 7
04:57:45 1 51 4096 2807 6.9 1.9 16 7
04:57:46 1 51 4096 2807 6.9 1.9 16 7
04:57:47 1 51 4096 2807 7.1 1.9 16 7
04:57:48 1 51 4096 2807 6.9 1.9 16 7
04:57:49 1 51 4096 2807 6.9 1.9 16 7
04:57:50 1 51 4096 2807 7.0 1.9 16 7
04:57:51 1 51 4096 2807 6.9 1.9 16 7
04:57:53 1 51 4096 2807 6.9 1.9 16 7
04:57:54 1 51 4096 2807 7.1 1.9 16 7
04:57:55 1 51 4096 2807 6.9 1.9 16 7
04:57:56 1 51 4096 2807 6.9 1.9 16 7
04:57:57 1 51 4096 2807 7.0 1.9 16 7
04:57:58 1 49 4096 2807 7.6 1.9 16 7
04:57:59 1 56 4096 2807 5.3 1.9 16 7
04:58:00 1 57 4096 2807 5.1 1.9 16 7
04:58:01 1 57 4096 2807 5.1 1.9 16 7
04:58:02 1 49 4096 2807 7.7 1.9 16 7
04:58:03 1 51 4096 2807 6.9 1.9 16 7
04:58:04 1 51 4096 2807 6.9 1.9 16 7
04:58:05 1 51 4096 2807 7.0 1.9 16 7
04:58:06 1 51 4096 2807 6.9 1.9 16 7
04:58:07 1 51 4096 2807 6.9 1.9 16 7
04:58:09 1 51 4096 2807 7.0 1.9 16 7
04:58:10 1 51 4096 2807 6.9 1.9 16 7
04:58:11 1 51 4096 2807 6.9 1.9 16 7
04:58:12 1 51 4096 2807 7.1 1.9 16 7
04:58:13 1 51 4096 2807 6.9 1.9 16 7
04:58:14 1 51 4096 2807 7.0 1.9 16 7
04:58:15 1 51 4096 2807 7.1 1.9 16 7
04:58:16 1 51 4096 2807 6.9 1.9 16 7
04:58:17 1 51 4096 2807 7.1 1.9 16 7
04:58:18 1 51 4096 2807 6.9 1.9 16 7
04:58:19 1 51 4096 2807 6.9 1.9 16 7
04:58:20 1 51 4096 2807 7.1 1.9 16 7
04:58:21 1 51 4096 2807 6.9 1.9 16 7
04:58:22 1 51 4096 2807 6.9 1.9 16 7
04:58:23 1 51 4096 2807 7.0 1.9 16 7
04:58:24 1 51 4096 2807 6.9 1.9 16 7
04:58:26 1 51 4096 2807 6.9 1.9 16 7
04:58:27 1 51 4096 2807 7.0 1.9 16 7
04:58:28 1 51 4096 2807 6.9 1.9 16 7
04:58:29 1 51 4096 2807 6.9 1.9 16 7
04:58:30 1 51 4096 2807 7.0 1.9 16 7
04:58:31 1 51 4096 2807 6.9 1.9 16 7
04:58:32 1 51 4096 2807 7.0 1.9 16 7
04:58:33 1 51 4096 2807 7.0 1.9 16 7
04:58:34 1 51 4096 2807 6.9 1.9 16 7
04:58:35 1 51 4096 2807 7.0 1.9 16 7
04:58:36 1 51 4096 2807 6.9 1.9 16 7
04:58:37 1 49 4096 2807 7.6 1.9 16 7
04:58:38 1 57 4096 2807 5.1 1.9 16 7
04:58:39 1 57 4096 2807 5.1 1.9 16 7
04:58:40 1 57 4096 2807 5.0 1.9 16 7
04:58:42 1 49 4096 2807 7.6 1.9 16 7
04:58:43 1 51 4096 2807 6.9 1.9 16 7
04:58:44 1 51 4096 2807 6.9 1.9 16 7
04:58:45 1 51 4096 2807 7.1 1.9 16 7
04:58:46 1 51 4096 2807 6.9 1.9 16 7
04:58:47 1 51 4096 2807 7.0 1.9 16 7
04:58:48 1 51 4096 2807 7.0 1.9 16 7
04:58:49 1 51 4096 2807 6.9 1.9 16 7
04:58:50 1 51 4096 2807 7.1 1.9 16 7
04:58:51 1 51 4096 2807 6.9 1.9 16 7
04:58:52 1 51 4096 2807 6.9 1.9 16 7
04:58:53 1 51 4096 2807 7.1 1.9 16 7
04:58:54 1 51 4096 2807 6.9 1.9 16 7
04:58:55 1 51 4096 2807 6.9 1.9 16 7
04:58:56 1 51 4096 2807 7.1 1.9 16 7
04:58:58 1 51 4096 2807 7.0 1.9 16 7
04:58:59 1 51 4096 2807 7.0 1.9 16 7
04:59:00 1 51 4096 2807 7.0 1.9 16 7
04:59:01 1 51 4096 2807 7.0 1.9 16 7
04:59:02 1 51 4096 2807 7.2 1.9 16 7
04:59:03 1 51 4096 2807 7.0 1.9 16 7
04:59:04 1 52 4096 2807 6.9 1.9 16 7
04:59:05 1 51 4096 2807 7.0 1.9 16 7
04:59:06 1 51 4096 2807 7.1 1.9 16 7
04:59:07 1 51 4096 2807 7.2 1.9 16 7
04:59:08 1 50 4096 2807 7.3 1.9 16 7
04:59:09 1 51 4096 2807 7.2 1.9 16 7
04:59:10 1 51 4096 2807 7.2 1.9 16 7
04:59:11 1 50 4096 2807 7.3 1.9 16 7
04:59:12 1 51 4096 2807 7.1 1.9 16 7
04:59:13 1 51 4096 2807 7.2 1.9 16 7
04:59:15 1 50 4096 2807 7.3 1.9 16 7
04:59:16 1 51 4096 2807 7.2 1.8 16 7
04:59:17 1 48 4096 2807 7.9 1.8 16 7
04:59:18 1 56 4096 2807 5.4 1.8 16 7
04:59:19 1 56 4096 2807 5.3 1.8 16 7
04:59:20 1 56 4096 2807 5.4 1.8 16 7
04:59:21 1 49 4096 2807 7.9 1.9 16 7
04:59:22 1 51 4096 2807 7.0 1.9 16 7
04:59:23 1 51 4096 2807 7.0 1.9 16 7
04:59:24 1 51 4096 2807 6.9 1.9 16 7
04:59:25 1 51 4096 2807 6.9 1.9 16 7
04:59:26 1 51 4096 2807 7.0 1.9 16 7
04:59:27 1 51 4096 2807 6.9 1.9 16 7
04:59:28 1 51 4096 2807 6.9 1.9 16 7
04:59:29 1 51 4096 2807 7.0 1.9 16 7
04:59:31 1 51 4096 2807 6.9 1.9 16 7
04:59:32 1 51 4096 2807 6.9 1.9 16 7
04:59:33 1 51 4096 2807 7.0 1.9 16 7
04:59:34 1 51 4096 2807 6.9 1.9 16 7
04:59:35 1 51 4096 2807 6.9 1.9 16 7
04:59:36 1 51 4096 2807 7.0 1.9 16 7
04:59:37 1 51 4096 2807 6.9 1.9 16 7
04:59:38 1 51 4096 2807 7.0 1.9 16 7
04:59:39 1 51 4096 2807 6.9 1.9 16 7
04:59:40 1 51 4096 2807 6.9 1.9 16 7
04:59:41 1 51 4096 2807 7.0 1.9 16 7
04:59:42 1 51 4096 2807 6.9 1.9 16 7
04:59:43 1 51 4096 2807 7.0 1.9 16 7
04:59:44 1 51 4096 2807 7.0 1.9 16 7
04:59:45 1 51 4096 2807 6.9 1.9 16 7
04:59:46 1 51 4096 2807 6.9 1.9 16 7
04:59:48 1 51 4096 2807 7.0 1.9 16 7
04:59:49 1 51 4096 2807 6.9 1.9 16 7
04:59:50 1 51 4096 2807 6.9 1.9 16 7
04:59:51 1 51 4096 2807 7.0 1.9 16 7
04:59:52 1 51 4096 2807 6.9 1.9 16 7
04:59:53 1 51 4096 2807 7.0 1.9 16 7
04:59:54 1 51 4096 2807 6.9 1.9 16 7
04:59:55 1 49 4096 2807 7.6 1.8 16 7
04:59:56 1 57 4096 2807 5.2 1.8 16 7
04:59:57 1 57 4096 2807 5.1 1.8 16 7
04:59:58 1 57 4096 2807 5.1 1.8 16 7
04:59:59 1 49 4096 2807 7.6 1.9 16 7
05:00:00 1 51 4096 2807 6.9 1.9 16 7
05:00:02 1 51 4096 2807 7.1 1.9 16 7
05:00:03 1 51 4096 2807 7.1 1.9 16 7
05:00:04 1 51 4096 2807 6.9 1.9 16 7
05:00:05 1 51 4096 2807 6.9 1.9 16 7
05:00:06 1 51 4096 2807 7.1 1.9 16 7
05:00:07 1 51 4096 2807 6.9 1.9 16 7
05:00:08 1 50 4096 2807 7.3 1.9 16 7
05:00:09 1 50 4096 2807 7.3 1.9 16 7
05:00:10 1 51 4096 2807 7.2 1.9 16 7
05:00:11 1 50 4096 2807 7.3 1.9 16 7
05:00:12 1 51 4096 2807 7.2 1.9 16 7
05:00:13 1 52 4096 2807 6.9 1.9 16 7
05:00:14 1 51 4096 2807 7.1 1.9 16 7
05:00:15 1 52 4096 2807 6.9 1.9 16 7
05:00:16 1 51 4096 2807 7.1 1.9 16 7
05:00:17 1 52 4096 2807 7.0 1.9 16 7
05:00:19 1 52 4096 2807 6.9 1.9 16 7
05:00:20 1 52 4096 2807 6.9 1.9 16 7
05:00:21 1 52 4096 2807 7.0 1.9 16 7
05:00:22 1 52 4096 2807 6.9 1.9 16 7
05:00:23 1 52 4096 2807 6.9 1.9 16 7
05:00:24 1 52 4096 2807 7.0 1.9 16 7
05:00:25 1 52 4096 2807 6.9 1.9 16 7
05:00:26 1 52 4096 2807 7.0 1.9 16 7
05:00:27 1 52 4096 2807 6.9 1.9 16 7
05:00:28 1 51 4096 2807 7.0 1.9 16 7
05:00:29 1 51 4096 2807 7.1 1.9 16 7
05:00:30 1 52 4096 2807 6.9 1.9 16 7
05:00:31 1 52 4096 2807 6.9 1.9 16 7
05:00:32 1 51 4096 2807 7.1 1.9 16 7
05:00:33 1 52 4096 2807 7.0 1.9 16 7
05:00:35 1 50 4096 2807 7.6 1.9 16 7
05:00:36 1 57 4096 2807 5.3 1.9 16 7
05:00:37 1 57 4096 2807 5.1 1.9 16 7
05:00:38 1 50 4096 2807 7.5 1.9 16 7
05:00:39 1 51 4096 2807 7.1 1.9 16 7
05:00:40 1 52 4096 2807 6.9 1.9 16 7
05:00:41 1 51 4096 2807 7.0 1.9 16 7
05:00:42 1 51 4096 2807 7.1 1.9 16 7
05:00:43 1 52 4096 2807 6.9 1.9 16 7
05:00:44 1 52 4096 2807 7.0 1.9 16 7
05:00:45 1 52 4096 2807 6.9 1.9 16 7
05:00:46 1 52 4096 2807 6.9 1.9 16 7
05:00:47 1 52 4096 2807 7.0 1.9 16 7
05:00:48 1 52 4096 2807 6.9 1.9 16 7
05:00:49 1 52 4096 2807 6.9 1.9 16 7
05:00:50 1 52 4096 2807 7.0 1.9 16 7
05:00:52 1 52 4096 2807 6.9 1.9 16 7
05:00:53 1 51 4096 2807 7.0 1.9 16 7
05:00:54 1 51 4096 2807 7.1 1.9 16 7
05:00:55 1 52 4096 2807 6.9 1.9 16 7
05:00:56 1 52 4096 2807 6.9 1.9 16 7
05:00:57 1 51 4096 2807 7.1 1.9 16 7
05:00:58 1 52 4096 2807 6.9 1.9 16 7
05:00:59 1 51 4096 2807 7.1 1.9 16 7
05:01:00 1 52 4096 2807 6.9 1.9 16 7
05:01:01 1 52 4096 2807 6.9 1.9 16 7
05:01:02 1 51 4096 2807 7.1 1.9 16 7
05:01:03 1 52 4096 2807 6.9 1.9 16 7
05:01:04 1 52 4096 2807 6.9 1.9 16 7
05:01:05 1 51 4096 2807 7.1 1.9 16 7
05:01:06 1 51 4096 2807 7.1 1.9 16 7
05:01:08 1 52 4096 2807 6.9 1.9 16 7
05:01:09 1 51 4096 2807 7.1 1.9 16 7
05:01:10 1 52 4096 2807 6.9 1.9 16 7
05:01:11 1 52 4096 2807 6.9 1.9 16 7
05:01:12 1 52 4096 2807 7.0 1.9 16 7
05:01:13 1 50 4096 2807 7.6 1.9 16 7
05:01:14 1 57 4096 2807 5.2 1.9 16 7
05:01:15 1 57 4096 2807 5.3 1.9 16 7
05:01:16 1 57 4096 2807 5.1 1.9 16 7
05:01:17 1 49 4096 2807 7.7 1.9 16 7
05:01:18 1 51 4096 2807 7.0 1.9 16 7
05:01:19 1 52 4096 2807 6.9 1.9 16 7
05:01:20 1 51 4096 2807 7.1 1.9 16 7
05:01:21 1 52 4096 2807 6.9 1.9 16 7
05:01:22 1 52 4096 2807 6.9 1.9 16 7
05:01:24 1 52 4096 2807 7.0 1.9 16 7
05:01:25 1 52 4096 2807 6.9 1.9 16 7
05:01:26 1 52 4096 2807 6.9 1.9 16 7
05:01:27 1 52 4096 2807 7.0 1.9 16 7
05:01:28 1 52 4096 2807 6.9 1.9 16 7
05:01:29 1 52 4096 2807 6.9 1.9 16 7
05:01:30 1 52 4096 2807 7.0 1.9 16 7
05:01:31 1 52 4096 2807 6.9 1.9 16 7
05:01:32 1 52 4096 2807 7.0 1.9 16 7
05:01:33 1 52 4096 2807 7.0 1.9 16 7
05:01:34 1 52 4096 2807 6.9 1.9 16 7
05:01:35 1 52 4096 2807 7.0 1.9 16 7
05:01:36 1 52 4096 2807 6.9 1.9 16 7
05:01:37 1 52 4096 2807 6.9 1.9 16 7
05:01:38 1 52 4096 2807 7.0 1.9 16 7
05:01:39 1 52 4096 2807 6.9 1.9 16 7
05:01:41 1 52 4096 2807 6.9 1.9 16 7
05:01:42 1 51 4096 2807 7.1 1.9 16 7
05:01:43 1 52 4096 2807 6.9 1.9 16 7
05:01:44 1 52 4096 2807 6.9 1.9 16 7
05:01:45 1 51 4096 2807 7.1 1.9 16 7
05:01:46 1 52 4096 2807 6.9 1.9 16 7
05:01:47 1 52 4096 2807 7.0 1.9 16 7
05:01:48 1 52 4096 2807 6.9 1.9 16 7
05:01:49 1 52 4096 2807 6.9 1.9 16 7
05:01:50 1 52 4096 2807 7.0 1.9 16 7
05:01:51 1 50 4096 2807 7.6 1.9 16 7
05:01:52 1 54 4096 2807 5.1 1.9 16 7
05:01:53 1 57 4096 2807 5.2 1.9 16 7
05:01:54 1 57 4096 2807 5.1 1.9 16 7
05:01:55 1 50 4096 2807 7.5 1.9 16 7
05:01:56 1 52 4096 2807 7.0 1.9 16 7
05:01:58 1 52 4096 2807 6.9 1.9 16 7
05:01:59 1 52 4096 2807 6.9 1.9 16 7
05:02:00 1 52 4096 2807 7.0 1.9 16 7
05:02:01 1 52 4096 2807 6.9 1.9 16 7
05:02:02 1 52 4096 2807 6.9 1.9 16 7
05:02:03 1 51 4096 2807 7.1 1.9 16 7
05:02:04 1 52 4096 2807 6.9 1.9 16 7
05:02:05 1 51 4096 2807 7.1 1.9 16 7
05:02:06 1 52 4096 2807 6.9 1.9 16 7
05:02:07 1 52 4096 2807 6.9 1.9 16 7
05:02:08 1 52 4096 2807 7.0 1.9 16 7
05:02:09 1 52 4096 2807 6.9 1.9 16 7
05:02:10 1 51 4096 2807 7.1 1.9 16 7
05:02:11 1 51 4096 2807 7.1 1.9 16 7
05:02:12 1 52 4096 2807 6.9 1.9 16 7
05:02:14 1 52 4096 2807 6.9 1.9 16 7
05:02:15 1 52 4096 2807 7.0 1.9 16 7
05:02:16 1 52 4096 2807 6.9 1.9 16 7
05:02:17 1 51 4096 2807 7.0 1.9 16 7
05:02:18 1 52 4096 2807 7.0 1.9 16 7
05:02:19 1 52 4096 2807 6.9 1.9 16 7
05:02:20 1 52 4096 2807 7.0 1.9 16 7
05:02:21 1 52 4096 2807 7.0 1.9 16 7
05:02:22 1 52 4096 2807 6.9 1.9 16 7
05:02:23 1 52 4096 2807 7.0 1.9 16 7
05:02:24 1 52 4096 2807 6.9 1.9 16 7
05:02:25 1 52 4096 2807 6.9 1.9 16 7
05:02:26 1 52 4096 2807 7.0 1.9 16 7
05:02:27 1 52 4096 2807 6.9 1.9 16 7
05:02:28 1 52 4096 2807 6.9 1.9 16 7
05:02:30 1 52 4096 2807 7.0 1.9 16 7
05:02:31 1 50 4096 2807 7.6 1.9 16 7
05:02:32 1 57 4096 2807 5.1 1.9 16 7
05:02:33 1 57 4096 2807 5.2 1.9 16 7
05:02:34 1 57 4096 2807 5.1 1.9 16 7
05:02:35 1 50 4096 2807 7.5 1.9 16 7
05:02:36 1 52 4096 2807 7.0 1.9 16 7
05:02:37 1 52 4096 2807 6.9 1.9 16 7
05:02:38 1 51 4096 2807 7.1 1.9 16 7
05:02:39 1 52 4096 2807 6.9 1.9 16 7
05:02:40 1 52 4096 2807 6.9 1.9 16 7
05:02:41 1 51 4096 2807 7.1 1.9 16 7
05:02:42 1 52 4096 2807 6.9 1.9 16 7
05:02:43 1 52 4096 2807 6.9 1.9 16 7
05:02:44 1 52 4096 2807 7.0 1.9 16 7
05:02:45 1 52 4096 2807 6.9 1.9 16 7
05:02:47 1 52 4096 2807 6.9 1.9 16 7
05:02:48 1 52 4096 2807 7.0 1.9 16 7
05:02:49 1 52 4096 2807 6.9 1.9 16 7
05:02:50 1 52 4096 2807 6.9 1.9 16 7
05:02:51 1 52 4096 2807 7.0 1.9 16 7
05:02:52 1 52 4096 2807 6.9 1.9 16 7
05:02:53 1 52 4096 2807 7.0 1.9 16 7
05:02:54 1 52 4096 2807 7.0 1.9 16 7
05:02:55 1 52 4096 2807 6.9 1.9 16 7
05:02:56 1 52 4096 2807 7.0 1.9 16 7
05:02:57 1 52 4096 2807 6.9 1.9 16 7
05:02:58 1 52 4096 2807 6.9 1.9 16 7
05:02:59 1 52 4096 2807 7.0 1.9 16 7
05:03:00 1 52 4096 2807 6.9 1.9 16 7
05:03:01 1 52 4096 2807 6.9 1.9 16 7
05:03:02 1 51 4096 2807 7.1 1.9 16 7
05:03:04 1 52 4096 2807 6.9 1.9 16 7
05:03:05 1 52 4096 2807 6.9 1.9 16 7
05:03:06 1 51 4096 2807 7.1 1.9 16 7
05:03:07 1 52 4096 2807 6.9 1.9 16 7
05:03:08 1 52 4096 2807 6.9 1.9 16 7
05:03:09 1 50 4096 2807 7.7 1.9 16 7
05:03:10 1 58 4096 2807 5.1 1.9 16 7
05:03:11 1 57 4096 2807 5.2 1.9 16 7
05:03:12 1 58 4096 2807 5.0 1.9 16 7
05:03:13 1 50 4096 2807 7.5 1.9 16 7
05:03:14 1 51 4096 2807 7.2 1.9 16 7
05:03:15 1 52 4096 2807 6.9 1.9 16 7
05:03:16 1 52 4096 2807 6.9 1.9 16 7
05:03:17 1 52 4096 2807 7.0 1.9 16 7
05:03:18 1 52 4096 2807 6.9 1.9 16 7
05:03:20 1 52 4096 2807 6.9 1.9 16 7
05:03:21 1 52 4096 2807 7.0 1.9 16 7
05:03:22 1 52 4096 2807 6.9 1.9 16 7
05:03:23 1 52 4096 2807 6.9 1.9 16 7
05:03:24 1 52 4096 2807 7.0 1.9 16 7
05:03:25 1 52 4096 2807 6.9 1.9 16 7
05:03:26 1 52 4096 2807 7.0 1.9 16 7
05:03:27 1 52 4096 2807 6.9 1.9 16 7
05:03:28 1 52 4096 2807 6.9 1.9 16 7
05:03:29 1 52 4096 2807 7.0 1.9 16 7
05:03:30 1 52 4096 2807 6.9 1.9 16 7
05:03:31 1 52 4096 2807 6.9 1.9 16 7
05:03:32 1 52 4096 2807 7.0 1.9 16 7
05:03:33 1 52 4096 2807 6.9 1.9 16 7
05:03:34 1 52 4096 2807 6.9 1.9 16 7
05:03:36 1 51 4096 2807 7.1 1.9 16 7
05:03:37 1 52 4096 2807 6.9 1.9 16 7
05:03:38 1 52 4096 2807 6.9 1.9 16 7
05:03:39 1 51 4096 2807 7.1 1.9 16 7
05:03:40 1 52 4096 2807 6.9 1.9 16 7
05:03:41 1 52 4096 2807 6.9 1.9 16 7
05:03:42 1 52 4096 2807 7.0 1.9 16 7
05:03:43 1 52 4096 2807 6.9 1.9 16 7
05:03:44 1 52 4096 2807 7.0 1.9 16 7
05:03:45 1 52 4096 2807 6.9 1.9 16 7
05:03:46 1 52 4096 2807 6.9 1.9 16 7
05:03:47 1 52 4096 2807 7.0 1.9 16 7
05:03:48 1 50 4096 2807 7.8 1.9 16 7
05:03:49 1 58 4096 2807 5.1 1.9 16 7
05:03:50 1 57 4096 2807 5.2 1.9 16 7
05:03:51 1 58 4096 2807 5.0 1.9 16 7
05:03:53 1 50 4096 2807 7.5 1.9 16 7
05:03:54 1 51 4096 2807 7.1 1.9 16 7
05:03:55 1 52 4096 2807 6.9 1.9 16 7
05:03:56 1 52 4096 2807 6.9 1.9 16 7
05:03:57 1 52 4096 2807 7.0 1.9 16 7
05:03:58 1 52 4096 2807 6.9 1.9 16 7
05:03:59 1 52 4096 2807 7.0 1.9 16 7
05:04:00 1 52 4096 2807 6.9 1.9 16 7
05:04:01 1 52 4096 2807 6.9 1.9 16 7
05:04:02 1 51 4096 2807 7.1 1.9 16 7
05:04:03 1 52 4096 2807 7.0 1.9 16 7
05:04:04 1 51 4096 2807 7.2 1.9 16 7
05:04:05 1 51 4096 2807 7.2 1.9 16 7
05:04:06 1 51 4096 2807 7.1 1.9 16 7
05:04:07 1 51 4096 2807 7.1 1.9 16 7
05:04:09 1 51 4096 2807 7.2 1.9 16 7
05:04:10 1 51 4096 2807 7.1 1.9 16 7
05:04:11 1 51 4096 2807 7.2 1.9 16 7
05:04:12 1 51 4096 2807 7.2 1.9 16 7
05:04:13 1 51 4096 2807 7.1 1.9 16 7
05:04:14 1 51 4096 2807 7.2 1.9 16 7
05:04:15 1 51 4096 2807 7.2 1.9 16 7
05:04:16 1 51 4096 2807 7.2 1.9 16 7
05:04:17 1 51 4096 2807 7.2 1.9 16 7
05:04:18 1 51 4096 2807 7.2 1.9 16 7
05:04:19 1 51 4096 2807 7.2 1.9 16 7
05:04:20 1 51 4096 2807 7.3 1.9 16 7
05:04:21 1 51 4096 2807 7.1 1.9 16 7
05:04:22 1 51 4096 2807 7.1 1.9 16 7
05:04:23 1 51 4096 2807 7.2 1.9 16 7
05:04:24 1 51 4096 2807 7.1 1.9 16 7
05:04:26 1 51 4096 2807 7.1 1.9 16 7
05:04:27 1 49 4096 2807 8.0 1.9 16 7
05:04:28 1 57 4096 2807 5.3 1.9 16 7
05:04:29 1 57 4096 2807 5.3 1.9 16 7
05:04:30 1 57 4096 2807 5.4 1.9 16 7
05:04:31 1 53 4096 2807 7.6 1.9 16 7
05:04:32 1 51 4096 2807 7.1 1.9 16 7
05:04:33 1 51 4096 2807 7.1 1.9 16 7
05:04:34 1 52 4096 2807 6.9 1.9 16 7
05:04:35 1 51 4096 2807 7.1 1.9 16 7
05:04:36 1 52 4096 2807 6.9 1.9 16 7
05:04:37 1 52 4096 2807 6.9 1.9 16 7
05:04:38 1 52 4096 2807 7.0 1.9 16 7
05:04:39 1 52 4096 2807 6.9 1.9 16 7
05:04:40 1 52 4096 2807 6.9 1.9 16 7
05:04:41 1 52 4096 2807 7.0 1.9 16 7
05:04:43 1 52 4096 2807 6.9 1.9 16 7
05:04:44 1 52 4096 2807 6.9 1.9 16 7
05:04:45 1 52 4096 2807 7.0 1.9 16 7
05:04:46 1 52 4096 2807 6.9 1.9 16 7
05:04:47 1 52 4096 2807 6.9 1.9 16 7
05:04:48 1 52 4096 2807 7.0 1.9 16 7
05:04:49 1 52 4096 2807 6.9 1.9 16 7
05:04:50 1 52 4096 2807 7.0 1.9 16 7
05:04:51 1 52 4096 2807 6.9 1.9 16 7
05:04:52 1 52 4096 2807 6.9 1.9 16 7
05:04:53 1 52 4096 2807 7.0 1.9 16 7
05:04:54 1 52 4096 2807 6.9 1.9 16 7
05:04:55 1 52 4096 2807 6.9 1.9 16 7
05:04:56 1 52 4096 2807 7.0 1.9 16 7
05:04:57 1 52 4096 2807 6.9 1.9 16 7
05:04:59 1 52 4096 2807 6.9 1.9 16 7
05:05:00 1 52 4096 2807 7.0 1.9 16 7
05:05:01 1 52 4096 2807 6.9 1.9 16 7
05:05:02 1 52 4096 2807 6.9 1.9 16 7
05:05:03 1 51 4096 2807 7.1 1.9 16 7
05:05:04 1 52 4096 2807 6.9 1.9 16 7
05:05:05 1 52 4096 2807 7.0 1.9 16 7
05:05:06 1 49 4096 2807 7.8 1.9 16 7
05:05:07 1 58 4096 2807 5.1 1.9 16 7
05:05:08 1 57 4096 2807 5.1 1.9 16 7
05:05:09 1 58 4096 2807 5.1 1.9 16 7
05:05:10 1 50 4096 2807 7.5 1.9 16 7
05:05:11 1 52 4096 2807 7.0 1.9 16 7
05:05:12 1 52 4096 2807 6.9 1.9 16 7
05:05:13 1 52 4096 2807 6.9 1.9 16 7
05:05:14 1 52 4096 2807 7.0 1.9 16 7
05:05:16 1 52 4096 2807 6.9 1.9 16 7
05:05:17 1 52 4096 2807 6.9 1.9 16 7
05:05:18 1 52 4096 2807 7.0 1.9 16 7
05:05:19 1 52 4096 2807 6.9 1.9 16 7
05:05:20 1 52 4096 2807 6.9 1.9 16 7
05:05:21 1 52 4096 2807 7.0 1.9 16 7
05:05:22 1 52 4096 2807 7.1 1.9 16 7
05:05:23 1 52 4096 2807 7.0 1.9 16 7
05:05:24 1 52 4096 2807 6.9 1.9 16 7
05:05:25 1 52 4096 2807 7.0 1.9 16 7
05:05:26 1 51 4096 2807 7.1 1.9 16 7
05:05:27 1 52 4096 2807 6.9 1.9 16 7
05:05:28 1 52 4096 2807 6.9 1.9 16 7
05:05:29 1 52 4096 2807 7.0 1.9 16 7
05:05:30 1 52 4096 2807 6.9 1.9 16 7
05:05:32 1 52 4096 2807 6.9 1.9 16 7
05:05:33 1 52 4096 2807 7.0 1.9 16 7
05:05:34 1 52 4096 2807 6.9 1.9 16 7
05:05:35 1 52 4096 2807 6.9 1.9 16 7
05:05:36 1 52 4096 2807 7.0 1.9 16 7
05:05:37 1 52 4096 2807 6.9 1.9 16 7
05:05:38 1 51 4096 2807 7.1 1.9 16 7
05:05:39 1 51 4096 2807 7.1 1.9 16 7
05:05:40 1 52 4096 2807 6.9 1.9 16 7
05:05:41 1 51 4096 2807 7.1 1.9 16 7
05:05:42 1 52 4096 2807 6.9 1.9 16 7
05:05:43 1 52 4096 2807 6.9 1.9 16 7
05:05:44 1 51 4096 2807 7.1 1.9 16 7
05:05:45 1 50 4096 2807 7.6 1.9 16 7
05:05:46 1 58 4096 2807 5.1 1.9 16 7
05:05:47 1 57 4096 2807 5.1 1.9 16 7
05:05:49 1 57 4096 2807 5.1 1.9 16 7
05:05:50 1 50 4096 2807 7.5 1.9 16 7
05:05:51 1 52 4096 2807 7.0 1.9 16 7
05:05:52 1 52 4096 2807 6.9 1.9 16 7
05:05:53 1 52 4096 2807 6.9 1.9 16 7
05:05:54 1 52 4096 2807 7.0 1.9 16 7
05:05:55 1 52 4096 2807 6.9 1.9 16 7
05:05:56 1 52 4096 2807 7.0 1.9 16 7
05:05:57 1 52 4096 2807 7.0 1.9 16 7
05:05:58 1 52 4096 2807 6.9 1.9 16 7
05:05:59 1 52 4096 2807 7.0 1.9 16 7
05:06:00 1 52 4096 2807 6.9 1.9 16 7
05:06:01 1 52 4096 2807 6.9 1.9 16 7
05:06:02 1 51 4096 2807 7.1 1.9 16 7
05:06:03 1 52 4096 2807 6.9 1.9 16 7
05:06:04 1 52 4096 2807 6.9 1.9 16 7
05:06:06 1 51 4096 2807 7.1 1.9 16 7
05:06:07 1 52 4096 2807 6.9 1.9 16 7
05:06:08 1 52 4096 2807 6.9 1.9 16 7
05:06:09 1 52 4096 2807 7.0 1.9 16 7
05:06:10 1 52 4096 2807 6.9 1.9 16 7
05:06:11 1 52 4096 2807 6.9 1.9 16 7
05:06:12 1 52 4096 2807 7.0 1.9 16 7
05:06:13 1 52 4096 2807 6.9 1.9 16 7
05:06:14 1 52 4096 2807 7.0 1.9 16 7
05:06:15 1 52 4096 2807 6.9 1.9 16 7
05:06:16 1 52 4096 2807 6.9 1.9 16 7
05:06:17 1 52 4096 2807 7.0 1.9 16 7
05:06:18 1 52 4096 2807 6.9 1.9 16 7
05:06:19 1 52 4096 2807 6.9 1.9 16 7
05:06:20 1 52 4096 2807 7.0 1.9 16 7
05:06:21 1 52 4096 2807 6.9 1.9 16 7
05:06:22 1 52 4096 2807 6.9 1.9 16 7
05:06:24 1 50 4096 2807 7.7 1.9 16 7
05:06:25 1 58 4096 2807 5.1 1.9 16 7
05:06:26 1 57 4096 2807 5.2 1.9 16 7
05:06:27 1 57 4096 2807 5.2 1.9 16 7
05:06:28 1 50 4096 2807 7.5 1.9 16 7
05:06:29 1 52 4096 2807 7.0 1.9 16 7
05:06:30 1 51 4096 2807 7.1 1.9 16 7
05:06:31 1 52 4096 2807 6.9 1.9 16 7
05:06:32 1 52 4096 2807 7.0 1.9 16 7
05:06:33 1 52 4096 2807 6.9 1.9 16 7
05:06:34 1 52 4096 2807 6.9 1.9 16 7
05:06:35 1 52 4096 2807 7.0 1.9 16 7
05:06:36 1 52 4096 2807 6.9 1.9 16 7
05:06:37 1 52 4096 2807 6.9 1.9 16 7
05:06:38 1 52 4096 2807 7.0 1.9 16 7
05:06:40 1 52 4096 2807 6.9 1.9 16 7
05:06:41 1 52 4096 2807 6.9 1.9 16 7
05:06:42 1 52 4096 2807 7.0 1.9 16 7
05:06:43 1 52 4096 2807 6.9 1.9 16 7
05:06:44 1 52 4096 2807 6.9 1.9 16 7
05:06:45 1 52 4096 2807 7.0 1.9 16 7
05:06:46 1 52 4096 2807 6.9 1.9 16 7
05:06:47 1 52 4096 2807 7.0 1.9 16 7
05:06:48 1 52 4096 2807 6.9 1.9 16 7
05:06:49 1 52 4096 2807 6.9 1.9 16 7
05:06:50 1 51 4096 2807 7.1 1.9 16 7
05:06:51 1 52 4096 2807 6.9 1.9 16 7
05:06:52 1 52 4096 2807 6.9 1.9 16 7
05:06:53 1 52 4096 2807 7.0 1.9 16 7
05:06:54 1 52 4096 2807 6.9 1.9 16 7
05:06:55 1 52 4096 2807 6.9 1.9 16 7
05:06:56 1 52 4096 2807 7.0 1.9 16 7
05:06:58 1 52 4096 2807 6.9 1.9 16 7
05:06:59 1 52 4096 2807 6.9 1.9 16 7
05:07:00 1 52 4096 2807 7.0 1.9 16 7
05:07:01 1 52 4096 2807 6.9 1.9 16 7
05:07:02 1 50 4096 2807 7.6 1.9 16 7
05:07:03 1 49 4096 2807 7.8 1.9 16 7
05:07:04 1 57 4096 2807 5.1 1.9 16 7
05:07:05 1 57 4096 2807 5.3 1.9 16 7
05:07:06 1 50 4096 2807 7.5 1.9 16 7
05:07:07 1 52 4096 2807 6.9 1.9 16 7
05:07:08 1 52 4096 2807 7.0 1.9 16 7
05:07:09 1 52 4096 2807 6.9 1.9 16 7
05:07:10 1 52 4096 2807 6.9 1.9 16 7
05:07:11 1 52 4096 2807 7.0 1.9 16 7
05:07:12 1 52 4096 2807 6.9 1.9 16 7
05:07:13 1 52 4096 2807 6.9 1.9 16 7
05:07:15 1 52 4096 2807 7.0 1.9 16 7
05:07:16 1 52 4096 2807 6.9 1.9 16 7
05:07:17 1 52 4096 2807 6.9 1.9 16 7
05:07:18 1 52 4096 2807 7.0 1.9 16 7
05:07:19 1 52 4096 2807 6.9 1.9 16 7
05:07:20 1 52 4096 2807 7.0 1.9 16 7
05:07:21 1 52 4096 2807 7.0 1.9 16 7
05:07:22 1 52 4096 2807 6.9 1.9 16 7
05:07:23 1 52 4096 2807 7.0 1.9 16 7
05:07:24 1 52 4096 2807 6.9 1.9 16 7
05:07:25 1 52 4096 2807 6.9 1.9 16 7
05:07:26 1 52 4096 2807 7.0 1.9 16 7
05:07:27 1 52 4096 2807 6.9 1.9 16 7
05:07:28 1 52 4096 2807 6.9 1.9 16 7
05:07:29 1 52 4096 2807 7.0 1.9 16 7
05:07:30 1 52 4096 2807 7.0 1.9 16 7
05:07:32 1 52 4096 2807 6.9 1.9 16 7
05:07:33 1 51 4096 2807 7.1 1.9 16 7
05:07:34 1 52 4096 2807 6.9 1.9 16 7
05:07:35 1 52 4096 2807 6.9 1.9 16 7
05:07:36 1 51 4096 2807 7.1 1.9 16 7
05:07:37 1 52 4096 2807 6.9 1.9 16 7
05:07:38 1 52 4096 2807 7.0 1.9 16 7
05:07:39 1 52 4096 2807 6.9 1.9 16 7
05:07:40 1 52 4096 2807 6.9 1.9 16 7
05:07:41 1 50 4096 2807 7.7 1.9 16 7
05:07:42 1 58 4096 2807 5.0 1.9 16 7
05:07:43 1 58 4096 2807 5.0 1.9 16 7
05:07:44 1 57 4096 2807 5.1 1.9 16 7
05:07:45 1 50 4096 2807 7.5 1.9 16 7
05:07:46 1 52 4096 2807 6.9 1.9 16 7
05:07:47 1 52 4096 2807 7.0 1.9 16 7
05:07:49 1 52 4096 2807 6.9 1.9 16 7
05:07:50 1 52 4096 2807 6.9 1.9 16 7
05:07:51 1 51 4096 2807 7.1 1.9 16 7
05:07:52 1 52 4096 2807 6.9 1.9 16 7
05:07:53 1 52 4096 2807 7.0 1.9 16 7
05:07:54 1 52 4096 2807 7.0 1.9 16 7
05:07:55 1 52 4096 2807 6.9 1.9 16 7
05:07:56 1 51 4096 2807 7.1 1.9 16 7
05:07:57 1 51 4096 2807 7.1 1.9 16 7
05:07:58 1 52 4096 2807 6.9 1.9 16 7
05:07:59 1 51 4096 2807 7.1 1.9 16 7
05:08:00 1 52 4096 2807 6.9 1.9 16 7
05:08:01 1 52 4096 2807 6.9 1.9 16 7
05:08:02 1 51 4096 2807 7.1 1.9 16 7
05:08:03 1 52 4096 2807 6.9 1.9 16 7
05:08:04 1 52 4096 2807 6.9 1.9 16 7
05:08:06 1 51 4096 2807 7.1 1.9 16 7
05:08:07 1 52 4096 2807 6.9 1.9 16 7
05:08:08 1 52 4096 2807 6.9 1.9 16 7
05:08:09 1 52 4096 2807 7.0 1.9 16 7
05:08:10 1 52 4096 2807 6.9 1.9 16 7
05:08:11 1 52 4096 2807 6.9 1.9 16 7
05:08:12 1 52 4096 2807 6.9 1.9 16 7
05:08:13 1 52 4096 2807 6.9 1.9 16 7
05:08:14 1 52 4096 2807 7.0 1.9 16 7
05:08:15 1 52 4096 2807 6.9 1.9 16 7
05:08:16 1 52 4096 2807 6.9 1.9 16 7
05:08:17 1 52 4096 2807 7.0 1.9 16 7
05:08:18 1 52 4096 2807 6.9 1.9 16 7
05:08:19 1 50 4096 2807 7.6 1.9 16 7
05:08:20 1 50 4096 2807 7.7 1.9 16 7
05:08:21 1 58 4096 2807 5.0 1.9 16 7
05:08:23 1 58 4096 2807 5.0 1.9 16 7
05:08:24 1 57 4096 2807 5.1 1.9 16 7
05:08:25 1 76 4096 2807 5.0 1.0 16 7
