time pressure_lvl free_pct swap_total_MB swap_used_MB wired_GB child_rss_GB disk_int_GB disk_ssd_GB
17:52:36 1 87 5120 4115 2.8 0.0 18 9
17:52:37 1 87 5120 4115 2.8 2.4 18 9
17:52:38 1 87 5120 4115 2.8 7.9 18 9
17:52:39 1 86 5120 4115 2.8 9.8 18 9
17:52:40 1 71 5120 4115 2.8 6.2 18 9
17:52:41 1 59 5120 4115 2.8 4.7 18 9
17:52:42 1 59 5120 4115 2.8 4.7 18 9
17:52:43 1 59 5120 4115 2.8 4.7 18 9
17:52:44 1 59 5120 4115 2.8 4.7 18 9
17:52:45 1 58 5120 4115 2.8 4.7 18 9
17:52:46 1 58 5120 4115 2.8 4.7 18 9
17:52:47 1 58 5120 4115 2.8 4.7 18 9
17:52:48 1 58 5120 4115 2.8 4.7 18 9
17:52:49 1 58 5120 4115 2.8 4.7 18 9
17:52:51 1 58 5120 4115 2.9 4.7 18 9
17:52:52 1 60 5120 4115 2.9 4.8 18 9
17:52:53 1 64 5120 4115 2.9 5.9 18 9
17:52:54 1 68 5120 4115 2.8 7.5 18 9
17:52:55 1 68 5120 4115 2.9 7.9 17 9
17:52:56 1 68 5120 4115 2.9 7.9 17 9
17:52:57 1 68 5120 4115 2.9 7.9 17 9
17:52:58 1 68 5120 4115 2.9 7.9 17 9
17:52:59 1 68 5120 4115 2.8 7.9 16 9
17:53:00 1 68 5120 4115 2.9 7.9 16 9
17:53:01 1 68 5120 4115 2.8 7.9 16 9
17:53:02 1 68 5120 4115 2.8 7.9 15 9
17:53:03 1 68 5120 4115 2.8 7.9 15 9
17:53:05 1 68 5120 4115 2.8 7.9 15 9
17:53:06 1 68 5120 4115 2.8 7.9 15 9
17:53:07 1 68 5120 4115 2.8 7.9 15 9
17:53:08 1 68 5120 4115 2.8 7.9 14 9
17:53:09 1 68 5120 4115 2.8 7.9 14 9
