2026-08-12 02:08:26,688 - INFO - TF32 enabled (matmul_precision=high, cudnn.allow_tf32=True)
2026-08-12 02:08:26,688 - INFO - torch.compile enabled (use_torch_compile=True, donated_buffer=False for retain_graph=True compatibility)
2026-08-12 02:08:26,688 - WARNING - Generating folds on the fly (no cache at /home/vitor.oliveira/PoiMtlNet/output/check2hgi_v18/alabama/folds/fold_indices_next.pt). Run `python scripts/study/freeze_folds.py --state alabama --engine check2hgi_v18 --task next` to freeze them; paired statistical tests require frozen splits.
2026-08-12 02:08:26,689 - INFO - Creating 5-fold CV for next
2026-08-12 02:08:26,689 - INFO - Loading next-POI data: alabama/check2hgi_v18
2026-08-12 02:08:27,002 - INFO - Next-POI data: (96326, 576) (dim=64, window=9), distribution: {np.int64(0): np.int64(17243), np.int64(1): np.int64(6302), np.int64(2): np.int64(32926), np.int64(3): np.int64(3531), np.int64(4): np.int64(5265), np.int64(5): np.int64(26099), np.int64(6): np.int64(4960)}
2026-08-12 02:08:27,063 - INFO - NEXT single-task: user-disjoint folds via StratifiedGroupKFold.
2026-08-12 02:08:27,166 - INFO - Fold 1/5: train=77061, val=19265
2026-08-12 02:08:27,383 - INFO - Fold 2/5: train=77062, val=19264
2026-08-12 02:08:27,490 - INFO - Fold 3/5: train=77061, val=19265
2026-08-12 02:08:27,595 - INFO - Fold 4/5: train=77059, val=19267
2026-08-12 02:08:27,699 - INFO - Fold 5/5: train=77061, val=19265
2026-08-12 02:08:27,798 - INFO - ========================================================================
2026-08-12 02:08:27,798 - INFO - Training: state=alabama  engine=check2hgi_v18  task=next  epochs=50  folds=5
2026-08-12 02:08:27,798 - INFO - ========================================================================
2026-08-12 02:08:28 - INFO  - ========================= FOLD 1/5 =========================
2026-08-12 02:08:28 - INFO  - FLOPS: 0 | Params: 0
❌ Error: fvcore is required for PyTorch FLOPs calculation
Training:   0%|          | 0/50 [00:00<?, ?batch/s]
Training:   0%|          | 0/50 [00:03<?, ?batch/s, tr_loss=1.5720, tr_acc=0.3597, val_loss=1.5073, val_acc=0.3926(0.2916), best=0.2916]
2026-08-12 02:10:09 - INFO  - Fold 1/5 completed in 101.59s | Total: 1.69m | Remaining: 6.77m
2026-08-12 02:10:09 - INFO  - ---------------------- Summary Fold 1 ----------------------
2026-08-12 02:10:09 - INFO  - Task       | Best Epoch | F1         | Accuracy   | Top3 Acc   |
2026-08-12 02:10:09 - INFO  - next       |     7      |     31.21% |     40.09% |     81.12% |
2026-08-12 02:10:09 - INFO  - --------------------- Report for next ---------------------
2026-08-12 02:10:09 - INFO  - Category     | Precision  | Recall     | F1-Score   | Support   
2026-08-12 02:10:09 - INFO  - Community    |    38.93% |    48.45% |    43.17% |     3449.0
2026-08-12 02:10:09 - INFO  - Entertainment |    26.58% |     6.67% |    10.66% |     1260.0
2026-08-12 02:10:09 - INFO  - Food         |    47.07% |    51.80% |    49.32% |     6585.0
2026-08-12 02:10:09 - INFO  - Nightlife    |    21.17% |    29.18% |    24.54% |      706.0
2026-08-12 02:10:09 - INFO  - Outdoors     |    29.73% |    28.96% |    29.34% |     1053.0
2026-08-12 02:10:09 - INFO  - Shopping     |    38.97% |    35.27% |    37.03% |     5220.0
2026-08-12 02:10:09 - INFO  - Travel       |    29.84% |    20.67% |    24.42% |      992.0
2026-08-12 02:10:09 - INFO  - macro avg    |    33.18% |    31.57% |    31.21% |           
2026-08-12 02:10:09 - INFO  - ======================= End of Fold =======================
2026-08-12 02:10:09 - INFO  - ========================= FOLD 2/5 =========================
Training:   0%|          | 0/50 [00:00<?, ?batch/s]
Training:   0%|          | 0/50 [00:02<?, ?batch/s, tr_loss=1.5745, tr_acc=0.3597, val_loss=1.5122, val_acc=0.3754(0.2841), best=0.2841]
2026-08-12 02:11:50 - INFO  - Fold 2/5 completed in 100.78s | Total: 3.37m | Remaining: 5.06m
2026-08-12 02:11:50 - INFO  - ---------------------- Summary Fold 2 ----------------------
2026-08-12 02:11:50 - INFO  - Task       | Best Epoch | F1         | Accuracy   | Top3 Acc   |
2026-08-12 02:11:50 - INFO  - next       |     9      |     30.05% |     38.74% |     80.64% |
2026-08-12 02:11:50 - INFO  - --------------------- Report for next ---------------------
2026-08-12 02:11:50 - INFO  - Category     | Precision  | Recall     | F1-Score   | Support   
2026-08-12 02:11:50 - INFO  - Community    |    39.83% |    50.41% |    44.50% |     3448.0
2026-08-12 02:11:50 - INFO  - Entertainment |    24.56% |    10.00% |    14.21% |     1260.0
2026-08-12 02:11:50 - INFO  - Food         |    43.71% |    43.17% |    43.44% |     6585.0
2026-08-12 02:11:50 - INFO  - Nightlife    |    20.91% |    27.34% |    23.70% |      706.0
2026-08-12 02:11:50 - INFO  - Outdoors     |    28.03% |    16.71% |    20.94% |     1053.0
2026-08-12 02:11:50 - INFO  - Shopping     |    40.23% |    41.51% |    40.86% |     5220.0
2026-08-12 02:11:50 - INFO  - Travel       |    23.23% |    22.18% |    22.69% |      992.0
2026-08-12 02:11:50 - INFO  - macro avg    |    31.50% |    30.19% |    30.05% |           
2026-08-12 02:11:50 - INFO  - ======================= End of Fold =======================
2026-08-12 02:11:50 - INFO  - ========================= FOLD 3/5 =========================
Training:   0%|          | 0/50 [00:00<?, ?batch/s]
Training:   0%|          | 0/50 [00:02<?, ?batch/s, tr_loss=1.5686, tr_acc=0.3644, val_loss=1.5596, val_acc=0.3359(0.2539), best=0.2539]
2026-08-12 02:13:32 - INFO  - Fold 3/5 completed in 101.92s | Total: 5.07m | Remaining: 3.38m
2026-08-12 02:13:32 - INFO  - ---------------------- Summary Fold 3 ----------------------
2026-08-12 02:13:32 - INFO  - Task       | Best Epoch | F1         | Accuracy   | Top3 Acc   |
2026-08-12 02:13:32 - INFO  - next       |     5      |     28.79% |     37.35% |     78.45% |
2026-08-12 02:13:32 - INFO  - --------------------- Report for next ---------------------
2026-08-12 02:13:32 - INFO  - Category     | Precision  | Recall     | F1-Score   | Support   
2026-08-12 02:13:32 - INFO  - Community    |    37.89% |    37.20% |    37.54% |     3449.0
2026-08-12 02:13:32 - INFO  - Entertainment |    24.42% |    14.20% |    17.95% |     1261.0
2026-08-12 02:13:32 - INFO  - Food         |    44.20% |    42.95% |    43.56% |     6585.0
2026-08-12 02:13:32 - INFO  - Nightlife    |    18.54% |    21.95% |    20.10% |      706.0
2026-08-12 02:13:32 - INFO  - Outdoors     |    16.59% |    24.14% |    19.67% |     1052.0
2026-08-12 02:13:32 - INFO  - Shopping     |    40.41% |    44.75% |    42.47% |     5220.0
2026-08-12 02:13:32 - INFO  - Travel       |    26.83% |    16.23% |    20.23% |      992.0
2026-08-12 02:13:32 - INFO  - macro avg    |    29.84% |    28.77% |    28.79% |           
2026-08-12 02:13:32 - INFO  - ======================= End of Fold =======================
2026-08-12 02:13:32 - INFO  - ========================= FOLD 4/5 =========================
Training:   0%|          | 0/50 [00:00<?, ?batch/s]
Training:   0%|          | 0/50 [00:02<?, ?batch/s, tr_loss=1.5628, tr_acc=0.3609, val_loss=1.5325, val_acc=0.3750(0.2707), best=0.2707]
2026-08-12 02:15:14 - INFO  - Fold 4/5 completed in 102.43s | Total: 6.78m | Remaining: 1.69m
2026-08-12 02:15:14 - INFO  - ---------------------- Summary Fold 4 ----------------------
2026-08-12 02:15:14 - INFO  - Task       | Best Epoch | F1         | Accuracy   | Top3 Acc   |
2026-08-12 02:15:14 - INFO  - next       |     7      |     29.31% |     38.13% |     79.71% |
2026-08-12 02:15:14 - INFO  - --------------------- Report for next ---------------------
2026-08-12 02:15:14 - INFO  - Category     | Precision  | Recall     | F1-Score   | Support   
2026-08-12 02:15:14 - INFO  - Community    |    37.92% |    52.02% |    43.86% |     3449.0
2026-08-12 02:15:14 - INFO  - Entertainment |    19.72% |     8.96% |    12.32% |     1261.0
2026-08-12 02:15:14 - INFO  - Food         |    48.01% |    43.87% |    45.84% |     6586.0
2026-08-12 02:15:14 - INFO  - Nightlife    |    19.12% |    22.80% |    20.80% |      706.0
2026-08-12 02:15:14 - INFO  - Outdoors     |    18.00% |    24.95% |    20.91% |     1054.0
2026-08-12 02:15:14 - INFO  - Shopping     |    40.95% |    36.37% |    38.52% |     5219.0
2026-08-12 02:15:14 - INFO  - Travel       |    22.74% |    23.08% |    22.91% |      992.0
2026-08-12 02:15:14 - INFO  - macro avg    |    29.49% |    30.29% |    29.31% |           
2026-08-12 02:15:14 - INFO  - ======================= End of Fold =======================
2026-08-12 02:15:14 - INFO  - ========================= FOLD 5/5 =========================
Training:   0%|          | 0/50 [00:00<?, ?batch/s]
Training:   0%|          | 0/50 [00:02<?, ?batch/s, tr_loss=1.5890, tr_acc=0.3593, val_loss=1.5038, val_acc=0.3926(0.2968), best=0.2968]
2026-08-12 02:16:57 - INFO  - Fold 5/5 completed in 102.54s | Total: 8.49m | Remaining: 0.00s
2026-08-12 02:16:57 - INFO  - ---------------------- Summary Fold 5 ----------------------
2026-08-12 02:16:57 - INFO  - Task       | Best Epoch | F1         | Accuracy   | Top3 Acc   |
2026-08-12 02:16:57 - INFO  - next       |     7      |     31.48% |     38.51% |     81.53% |
2026-08-12 02:16:57 - INFO  - --------------------- Report for next ---------------------
2026-08-12 02:16:57 - INFO  - Category     | Precision  | Recall     | F1-Score   | Support   
2026-08-12 02:16:57 - INFO  - Community    |    37.34% |    54.38% |    44.27% |     3448.0
2026-08-12 02:16:57 - INFO  - Entertainment |    47.73% |    19.21% |    27.39% |     1260.0
2026-08-12 02:16:57 - INFO  - Food         |    45.74% |    40.49% |    42.95% |     6585.0
2026-08-12 02:16:57 - INFO  - Nightlife    |    19.10% |    20.93% |    19.97% |      707.0
2026-08-12 02:16:57 - INFO  - Outdoors     |    18.74% |    23.65% |    20.91% |     1053.0
2026-08-12 02:16:57 - INFO  - Shopping     |    40.41% |    38.39% |    39.38% |     5220.0
2026-08-12 02:16:57 - INFO  - Travel       |    27.69% |    23.59% |    25.48% |      992.0
2026-08-12 02:16:57 - INFO  - macro avg    |    33.82% |    31.52% |    31.48% |           
2026-08-12 02:16:57 - INFO  - ======================= End of Fold =======================
2026-08-12 02:16:57 - INFO  - ==================== Training Complete ====================
2026-08-12 02:16:57 - INFO  - ------------------------- Summary -------------------------
2026-08-12 02:16:57 - INFO  - Model: Next | Folds: 5 | End at: 20260812_021657
2026-08-12 02:16:57 - INFO  - Tr. Time: 8.49m | Lrn. Rate: 0.0001 | N. Epochs: 50 | Batch Size: 2048
2026-08-12 02:16:57 - INFO  - ----------------- Final Results (5 folds) -----------------
2026-08-12 02:16:57 - INFO  - Task       | F1                 | Accuracy           | Top3 Acc           |
2026-08-12 02:16:57 - INFO  - next       |      30.17 ± 1.17% |      38.56 ± 1.00% |      80.29 ± 1.23% |
2026-08-12 02:16:57 - INFO  - Total Time: 8.49m
2026-08-12 02:16:57 - INFO  - --------------------- Avg. Task: next ---------------------
2026-08-12 02:16:57 - INFO  - Category     | Precision  | Recall     | F1-Score   | Support   
2026-08-12 02:16:57 - INFO  - Community    | 38.38 ± 1.00 | 48.49 ± 6.68 | 42.67 ± 2.91 |    17243.0
2026-08-12 02:16:57 - INFO  - Entertainment | 28.60 ± 10.99 | 11.81 ± 4.96 | 16.51 ± 6.66 |     6302.0
2026-08-12 02:16:57 - INFO  - Food         | 45.75 ± 1.83 | 44.45 ± 4.30 | 45.02 ± 2.65 |    32926.0
2026-08-12 02:16:57 - INFO  - Nightlife    | 19.77 ± 1.19 | 24.44 ± 3.61 | 21.82 ± 2.14 |     3531.0
2026-08-12 02:16:57 - INFO  - Outdoors     | 22.22 ± 6.16 | 23.68 ± 4.42 | 22.35 ± 3.94 |     5265.0
2026-08-12 02:16:57 - INFO  - Shopping     | 40.19 ± 0.73 | 39.26 ± 3.88 | 39.65 ± 2.10 |    26099.0
2026-08-12 02:16:57 - INFO  - Travel       | 26.07 ± 3.02 | 21.15 ± 2.97 | 23.15 ± 1.99 |     4960.0
2026-08-12 02:16:57 - INFO  - macro avg    | 31.57 ± 1.94 | 30.47 ± 1.15 | 30.17 ± 1.17 |           
2026-08-12 02:16:57 - INFO  - ===================== End of all folds =====================
2026-08-12 02:17:01 - INFO  - -------------------- Record Comparison --------------------
2026-08-12 02:17:01 - INFO  -   next         F1:  30.17%  |  Previous best: 30.87% (next_lr1.0e-04_bs8192_ep50_20260809...)
2026-08-12 02:17:01 - INFO  - ------------------------------------------------------------
2026-08-12 02:17:01 - INFO  - ==================== Training Complete ====================
2026-08-12 02:17:01 - INFO  - ------------------------- Summary -------------------------
2026-08-12 02:17:01 - INFO  - Model: Next | Folds: 5 | End at: 20260812_021657
2026-08-12 02:17:01 - INFO  - Tr. Time: 8.49m | Lrn. Rate: 0.0001 | N. Epochs: 50 | Batch Size: 2048
2026-08-12 02:17:01 - INFO  - ----------------- Final Results (5 folds) -----------------
2026-08-12 02:17:01 - INFO  - Task       | F1                 | Accuracy           | Top3 Acc           |
2026-08-12 02:17:01 - INFO  - next       |      30.17 ± 1.17% |      38.56 ± 1.00% |      80.29 ± 1.23% |
2026-08-12 02:17:01 - INFO  - Total Time: 8.49m
2026-08-12 02:17:01 - INFO  - --------------------- Avg. Task: next ---------------------
2026-08-12 02:17:01 - INFO  - Category     | Precision  | Recall     | F1-Score   | Support   
2026-08-12 02:17:01 - INFO  - Community    | 38.38 ± 1.00 | 48.49 ± 6.68 | 42.67 ± 2.91 |    17243.0
2026-08-12 02:17:01 - INFO  - Entertainment | 28.60 ± 10.99 | 11.81 ± 4.96 | 16.51 ± 6.66 |     6302.0
2026-08-12 02:17:01 - INFO  - Food         | 45.75 ± 1.83 | 44.45 ± 4.30 | 45.02 ± 2.65 |    32926.0
2026-08-12 02:17:01 - INFO  - Nightlife    | 19.77 ± 1.19 | 24.44 ± 3.61 | 21.82 ± 2.14 |     3531.0
2026-08-12 02:17:01 - INFO  - Outdoors     | 22.22 ± 6.16 | 23.68 ± 4.42 | 22.35 ± 3.94 |     5265.0
2026-08-12 02:17:01 - INFO  - Shopping     | 40.19 ± 0.73 | 39.26 ± 3.88 | 39.65 ± 2.10 |    26099.0
2026-08-12 02:17:01 - INFO  - Travel       | 26.07 ± 3.02 | 21.15 ± 2.97 | 23.15 ± 1.99 |     4960.0
2026-08-12 02:17:01 - INFO  - macro avg    | 31.57 ± 1.94 | 30.47 ± 1.15 | 30.17 ± 1.17 |           
2026-08-12 02:17:01 - INFO  - ===================== End of all folds =====================
2026-08-12 02:17:01,501 - INFO - Done. Results written to: /home/vitor.oliveira/PoiMtlNet/results/check2hgi_v18/alabama
