2026-08-12 02:17:04,087 - INFO - TF32 enabled (matmul_precision=high, cudnn.allow_tf32=True)
2026-08-12 02:17:04,087 - INFO - torch.compile enabled (use_torch_compile=True, donated_buffer=False for retain_graph=True compatibility)
2026-08-12 02:17:04,087 - WARNING - Generating folds on the fly (no cache at /home/vitor.oliveira/PoiMtlNet/output/check2hgi_v18/alabama/folds/fold_indices_next.pt). Run `python scripts/study/freeze_folds.py --state alabama --engine check2hgi_v18 --task next` to freeze them; paired statistical tests require frozen splits.
2026-08-12 02:17:04,087 - INFO - Creating 5-fold CV for next
2026-08-12 02:17:04,087 - INFO - Loading next-POI data: alabama/check2hgi_v18
2026-08-12 02:17:04,409 - INFO - Next-POI data: (96326, 576) (dim=64, window=9), distribution: {np.int64(0): np.int64(17243), np.int64(1): np.int64(6302), np.int64(2): np.int64(32926), np.int64(3): np.int64(3531), np.int64(4): np.int64(5265), np.int64(5): np.int64(26099), np.int64(6): np.int64(4960)}
2026-08-12 02:17:04,475 - INFO - NEXT single-task: user-disjoint folds via StratifiedGroupKFold.
2026-08-12 02:17:04,579 - INFO - Fold 1/5: train=77061, val=19265
2026-08-12 02:17:04,776 - INFO - Fold 2/5: train=77057, val=19269
2026-08-12 02:17:04,876 - INFO - Fold 3/5: train=77062, val=19264
2026-08-12 02:17:04,971 - INFO - Fold 4/5: train=77062, val=19264
2026-08-12 02:17:05,066 - INFO - Fold 5/5: train=77062, val=19264
2026-08-12 02:17:05,156 - INFO - ========================================================================
2026-08-12 02:17:05,156 - INFO - Training: state=alabama  engine=check2hgi_v18  task=next  epochs=50  folds=5
2026-08-12 02:17:05,156 - INFO - ========================================================================
2026-08-12 02:17:05 - INFO  - ========================= FOLD 1/5 =========================
2026-08-12 02:17:05 - INFO  - FLOPS: 0 | Params: 0
❌ Error: fvcore is required for PyTorch FLOPs calculation
Training:   0%|          | 0/50 [00:00<?, ?batch/s]
Training:   0%|          | 0/50 [00:02<?, ?batch/s, tr_loss=1.5708, tr_acc=0.3607, val_loss=1.5079, val_acc=0.3951(0.2900), best=0.2900]
2026-08-12 02:18:48 - INFO  - Fold 1/5 completed in 103.15s | Total: 1.72m | Remaining: 6.88m
2026-08-12 02:18:48 - INFO  - ---------------------- Summary Fold 1 ----------------------
2026-08-12 02:18:48 - INFO  - Task       | Best Epoch | F1         | Accuracy   | Top3 Acc   |
2026-08-12 02:18:48 - INFO  - next       |     9      |     32.03% |     40.32% |     80.48% |
2026-08-12 02:18:48 - INFO  - --------------------- Report for next ---------------------
2026-08-12 02:18:48 - INFO  - Category     | Precision  | Recall     | F1-Score   | Support   
2026-08-12 02:18:48 - INFO  - Community    |    41.71% |    42.24% |    41.98% |     3449.0
2026-08-12 02:18:48 - INFO  - Entertainment |    21.91% |    13.49% |    16.70% |     1260.0
2026-08-12 02:18:48 - INFO  - Food         |    44.89% |    53.99% |    49.02% |     6585.0
2026-08-12 02:18:48 - INFO  - Nightlife    |    20.76% |    23.23% |    21.93% |      706.0
2026-08-12 02:18:48 - INFO  - Outdoors     |    31.05% |    31.05% |    31.05% |     1053.0
2026-08-12 02:18:48 - INFO  - Shopping     |    41.49% |    36.13% |    38.62% |     5220.0
2026-08-12 02:18:48 - INFO  - Travel       |    30.42% |    21.07% |    24.90% |      992.0
2026-08-12 02:18:48 - INFO  - macro avg    |    33.18% |    31.60% |    32.03% |           
2026-08-12 02:18:48 - INFO  - ======================= End of Fold =======================
2026-08-12 02:18:48 - INFO  - ========================= FOLD 2/5 =========================
Training:   0%|          | 0/50 [00:00<?, ?batch/s]
Training:   0%|          | 0/50 [00:02<?, ?batch/s, tr_loss=1.5848, tr_acc=0.3586, val_loss=1.5177, val_acc=0.3780(0.2814), best=0.2814]
2026-08-12 02:20:31 - INFO  - Fold 2/5 completed in 102.63s | Total: 3.43m | Remaining: 5.14m
2026-08-12 02:20:31 - INFO  - ---------------------- Summary Fold 2 ----------------------
2026-08-12 02:20:31 - INFO  - Task       | Best Epoch | F1         | Accuracy   | Top3 Acc   |
2026-08-12 02:20:31 - INFO  - next       |     10     |     30.65% |     39.30% |     79.62% |
2026-08-12 02:20:31 - INFO  - --------------------- Report for next ---------------------
2026-08-12 02:20:31 - INFO  - Category     | Precision  | Recall     | F1-Score   | Support   
2026-08-12 02:20:31 - INFO  - Community    |    45.02% |    45.74% |    45.38% |     3450.0
2026-08-12 02:20:31 - INFO  - Entertainment |    20.13% |    17.04% |    18.45% |     1262.0
2026-08-12 02:20:31 - INFO  - Food         |    42.22% |    56.29% |    48.25% |     6586.0
2026-08-12 02:20:31 - INFO  - Nightlife    |    24.35% |    23.76% |    24.05% |      707.0
2026-08-12 02:20:31 - INFO  - Outdoors     |    25.11% |    15.57% |    19.23% |     1053.0
2026-08-12 02:20:31 - INFO  - Shopping     |    42.96% |    28.17% |    34.02% |     5219.0
2026-08-12 02:20:31 - INFO  - Travel       |    23.46% |    27.22% |    25.20% |      992.0
2026-08-12 02:20:31 - INFO  - macro avg    |    31.89% |    30.54% |    30.65% |           
2026-08-12 02:20:31 - INFO  - ======================= End of Fold =======================
2026-08-12 02:20:31 - INFO  - ========================= FOLD 3/5 =========================
Training:   0%|          | 0/50 [00:00<?, ?batch/s]
Training:   0%|          | 0/50 [00:02<?, ?batch/s, tr_loss=1.5867, tr_acc=0.3648, val_loss=1.5428, val_acc=0.3517(0.2663), best=0.2663]
2026-08-12 02:22:13 - INFO  - Fold 3/5 completed in 102.71s | Total: 5.14m | Remaining: 3.43m
2026-08-12 02:22:13 - INFO  - ---------------------- Summary Fold 3 ----------------------
2026-08-12 02:22:13 - INFO  - Task       | Best Epoch | F1         | Accuracy   | Top3 Acc   |
2026-08-12 02:22:13 - INFO  - next       |     6      |     29.25% |     37.53% |     79.18% |
2026-08-12 02:22:13 - INFO  - --------------------- Report for next ---------------------
2026-08-12 02:22:13 - INFO  - Category     | Precision  | Recall     | F1-Score   | Support   
2026-08-12 02:22:13 - INFO  - Community    |    36.26% |    41.39% |    38.65% |     3448.0
2026-08-12 02:22:13 - INFO  - Entertainment |    28.69% |    13.89% |    18.72% |     1260.0
2026-08-12 02:22:13 - INFO  - Food         |    43.79% |    46.12% |    44.93% |     6585.0
2026-08-12 02:22:13 - INFO  - Nightlife    |    19.70% |    20.54% |    20.11% |      706.0
2026-08-12 02:22:13 - INFO  - Outdoors     |    17.67% |    20.61% |    19.03% |     1053.0
2026-08-12 02:22:13 - INFO  - Shopping     |    43.34% |    37.66% |    40.30% |     5220.0
2026-08-12 02:22:13 - INFO  - Travel       |    20.42% |    26.41% |    23.03% |      992.0
2026-08-12 02:22:13 - INFO  - macro avg    |    29.98% |    29.52% |    29.25% |           
2026-08-12 02:22:13 - INFO  - ======================= End of Fold =======================
2026-08-12 02:22:13 - INFO  - ========================= FOLD 4/5 =========================
Training:   0%|          | 0/50 [00:00<?, ?batch/s]
Training:   0%|          | 0/50 [00:02<?, ?batch/s, tr_loss=1.5706, tr_acc=0.3610, val_loss=1.5352, val_acc=0.3801(0.2575), best=0.2575]
2026-08-12 02:23:56 - INFO  - Fold 4/5 completed in 102.79s | Total: 6.85m | Remaining: 1.71m
2026-08-12 02:23:56 - INFO  - ---------------------- Summary Fold 4 ----------------------
2026-08-12 02:23:56 - INFO  - Task       | Best Epoch | F1         | Accuracy   | Top3 Acc   |
2026-08-12 02:23:56 - INFO  - next       |     7      |     29.38% |     39.87% |     80.36% |
2026-08-12 02:23:56 - INFO  - --------------------- Report for next ---------------------
2026-08-12 02:23:56 - INFO  - Category     | Precision  | Recall     | F1-Score   | Support   
2026-08-12 02:23:56 - INFO  - Community    |    40.42% |    51.25% |    45.19% |     3448.0
2026-08-12 02:23:56 - INFO  - Entertainment |    21.94% |     7.54% |    11.22% |     1260.0
2026-08-12 02:23:56 - INFO  - Food         |    46.64% |    48.78% |    47.68% |     6585.0
2026-08-12 02:23:56 - INFO  - Nightlife    |    18.57% |    22.10% |    20.18% |      706.0
2026-08-12 02:23:56 - INFO  - Outdoors     |    19.19% |    18.04% |    18.60% |     1053.0
2026-08-12 02:23:56 - INFO  - Shopping     |    42.11% |    39.37% |    40.69% |     5220.0
2026-08-12 02:23:56 - INFO  - Travel       |    23.78% |    20.67% |    22.11% |      992.0
2026-08-12 02:23:56 - INFO  - macro avg    |    30.38% |    29.68% |    29.38% |           
2026-08-12 02:23:56 - INFO  - ======================= End of Fold =======================
2026-08-12 02:23:56 - INFO  - ========================= FOLD 5/5 =========================
Training:   0%|          | 0/50 [00:00<?, ?batch/s]
Training:   0%|          | 0/50 [00:02<?, ?batch/s, tr_loss=1.5985, tr_acc=0.3586, val_loss=1.5103, val_acc=0.3902(0.2816), best=0.2816]
2026-08-12 02:25:39 - INFO  - Fold 5/5 completed in 102.70s | Total: 8.57m | Remaining: 0.00s
2026-08-12 02:25:39 - INFO  - ---------------------- Summary Fold 5 ----------------------
2026-08-12 02:25:39 - INFO  - Task       | Best Epoch | F1         | Accuracy   | Top3 Acc   |
2026-08-12 02:25:39 - INFO  - next       |     8      |     30.77% |     37.83% |     79.79% |
2026-08-12 02:25:39 - INFO  - --------------------- Report for next ---------------------
2026-08-12 02:25:39 - INFO  - Category     | Precision  | Recall     | F1-Score   | Support   
2026-08-12 02:25:39 - INFO  - Community    |    41.66% |    43.88% |    42.74% |     3448.0
2026-08-12 02:25:39 - INFO  - Entertainment |    26.50% |    22.06% |    24.08% |     1260.0
2026-08-12 02:25:39 - INFO  - Food         |    46.72% |    35.47% |    40.33% |     6585.0
2026-08-12 02:25:39 - INFO  - Nightlife    |    18.52% |    29.46% |    22.74% |      706.0
2026-08-12 02:25:39 - INFO  - Outdoors     |    21.10% |    16.05% |    18.23% |     1053.0
2026-08-12 02:25:39 - INFO  - Shopping     |    38.47% |    48.47% |    42.89% |     5220.0
2026-08-12 02:25:39 - INFO  - Travel       |    23.38% |    25.50% |    24.40% |      992.0
2026-08-12 02:25:39 - INFO  - macro avg    |    30.91% |    31.56% |    30.77% |           
2026-08-12 02:25:39 - INFO  - ======================= End of Fold =======================
2026-08-12 02:25:39 - INFO  - ==================== Training Complete ====================
2026-08-12 02:25:39 - INFO  - ------------------------- Summary -------------------------
2026-08-12 02:25:39 - INFO  - Model: Next | Folds: 5 | End at: 20260812_022539
2026-08-12 02:25:39 - INFO  - Tr. Time: 8.57m | Lrn. Rate: 0.0001 | N. Epochs: 50 | Batch Size: 2048
2026-08-12 02:25:39 - INFO  - ----------------- Final Results (5 folds) -----------------
2026-08-12 02:25:39 - INFO  - Task       | F1                 | Accuracy           | Top3 Acc           |
2026-08-12 02:25:39 - INFO  - next       |      30.42 ± 1.14% |      38.97 ± 1.24% |      79.89 ± 0.54% |
2026-08-12 02:25:39 - INFO  - Total Time: 8.57m
2026-08-12 02:25:39 - INFO  - --------------------- Avg. Task: next ---------------------
2026-08-12 02:25:39 - INFO  - Category     | Precision  | Recall     | F1-Score   | Support   
2026-08-12 02:25:39 - INFO  - Community    | 41.01 ± 3.16 | 44.90 ± 3.92 | 42.79 ± 2.75 |    17243.0
2026-08-12 02:25:39 - INFO  - Entertainment | 23.83 ± 3.59 | 14.80 ± 5.32 | 17.83 ± 4.61 |     6302.0
2026-08-12 02:25:39 - INFO  - Food         | 44.85 ± 1.92 | 48.13 ± 8.15 | 46.04 ± 3.55 |    32926.0
2026-08-12 02:25:39 - INFO  - Nightlife    | 20.38 ± 2.40 | 23.82 ± 3.39 | 21.80 ± 1.69 |     3531.0
2026-08-12 02:25:39 - INFO  - Outdoors     | 22.83 ± 5.38 | 20.27 ± 6.35 | 21.23 ± 5.51 |     5265.0
2026-08-12 02:25:39 - INFO  - Shopping     | 41.67 ± 1.93 | 37.96 ± 7.28 | 39.31 ± 3.32 |    26099.0
2026-08-12 02:25:39 - INFO  - Travel       | 24.29 ± 3.69 | 24.17 ± 3.08 | 23.93 ± 1.31 |     4960.0
2026-08-12 02:25:39 - INFO  - macro avg    | 31.27 ± 1.29 | 30.58 ± 0.99 | 30.42 ± 1.14 |           
2026-08-12 02:25:39 - INFO  - ===================== End of all folds =====================
2026-08-12 02:25:43 - INFO  - -------------------- Record Comparison --------------------
2026-08-12 02:25:43 - INFO  -   next         F1:  30.42%  |  Previous best: 30.87% (next_lr1.0e-04_bs8192_ep50_20260809...)
2026-08-12 02:25:43 - INFO  - ------------------------------------------------------------
2026-08-12 02:25:43 - INFO  - ==================== Training Complete ====================
2026-08-12 02:25:43 - INFO  - ------------------------- Summary -------------------------
2026-08-12 02:25:43 - INFO  - Model: Next | Folds: 5 | End at: 20260812_022539
2026-08-12 02:25:43 - INFO  - Tr. Time: 8.57m | Lrn. Rate: 0.0001 | N. Epochs: 50 | Batch Size: 2048
2026-08-12 02:25:43 - INFO  - ----------------- Final Results (5 folds) -----------------
2026-08-12 02:25:43 - INFO  - Task       | F1                 | Accuracy           | Top3 Acc           |
2026-08-12 02:25:43 - INFO  - next       |      30.42 ± 1.14% |      38.97 ± 1.24% |      79.89 ± 0.54% |
2026-08-12 02:25:43 - INFO  - Total Time: 8.57m
2026-08-12 02:25:43 - INFO  - --------------------- Avg. Task: next ---------------------
2026-08-12 02:25:43 - INFO  - Category     | Precision  | Recall     | F1-Score   | Support   
2026-08-12 02:25:43 - INFO  - Community    | 41.01 ± 3.16 | 44.90 ± 3.92 | 42.79 ± 2.75 |    17243.0
2026-08-12 02:25:43 - INFO  - Entertainment | 23.83 ± 3.59 | 14.80 ± 5.32 | 17.83 ± 4.61 |     6302.0
2026-08-12 02:25:43 - INFO  - Food         | 44.85 ± 1.92 | 48.13 ± 8.15 | 46.04 ± 3.55 |    32926.0
2026-08-12 02:25:43 - INFO  - Nightlife    | 20.38 ± 2.40 | 23.82 ± 3.39 | 21.80 ± 1.69 |     3531.0
2026-08-12 02:25:43 - INFO  - Outdoors     | 22.83 ± 5.38 | 20.27 ± 6.35 | 21.23 ± 5.51 |     5265.0
2026-08-12 02:25:43 - INFO  - Shopping     | 41.67 ± 1.93 | 37.96 ± 7.28 | 39.31 ± 3.32 |    26099.0
2026-08-12 02:25:43 - INFO  - Travel       | 24.29 ± 3.69 | 24.17 ± 3.08 | 23.93 ± 1.31 |     4960.0
2026-08-12 02:25:43 - INFO  - macro avg    | 31.27 ± 1.29 | 30.58 ± 0.99 | 30.42 ± 1.14 |           
2026-08-12 02:25:43 - INFO  - ===================== End of all folds =====================
2026-08-12 02:25:43,677 - INFO - Done. Results written to: /home/vitor.oliveira/PoiMtlNet/results/check2hgi_v18/alabama
