2026-08-12 02:25:46,152 - INFO - TF32 enabled (matmul_precision=high, cudnn.allow_tf32=True)
2026-08-12 02:25:46,152 - INFO - torch.compile enabled (use_torch_compile=True, donated_buffer=False for retain_graph=True compatibility)
2026-08-12 02:25:46,152 - WARNING - Generating folds on the fly (no cache at /home/vitor.oliveira/PoiMtlNet/output/check2hgi_v18/alabama/folds/fold_indices_next.pt). Run `python scripts/study/freeze_folds.py --state alabama --engine check2hgi_v18 --task next` to freeze them; paired statistical tests require frozen splits.
2026-08-12 02:25:46,153 - INFO - Creating 5-fold CV for next
2026-08-12 02:25:46,153 - INFO - Loading next-POI data: alabama/check2hgi_v18
2026-08-12 02:25:46,459 - INFO - Next-POI data: (96326, 576) (dim=64, window=9), distribution: {np.int64(0): np.int64(17243), np.int64(1): np.int64(6302), np.int64(2): np.int64(32926), np.int64(3): np.int64(3531), np.int64(4): np.int64(5265), np.int64(5): np.int64(26099), np.int64(6): np.int64(4960)}
2026-08-12 02:25:46,514 - INFO - NEXT single-task: user-disjoint folds via StratifiedGroupKFold.
2026-08-12 02:25:46,615 - INFO - Fold 1/5: train=77061, val=19265
2026-08-12 02:25:46,807 - INFO - Fold 2/5: train=77060, val=19266
2026-08-12 02:25:46,901 - INFO - Fold 3/5: train=77062, val=19264
2026-08-12 02:25:46,995 - INFO - Fold 4/5: train=77059, val=19267
2026-08-12 02:25:47,093 - INFO - Fold 5/5: train=77062, val=19264
2026-08-12 02:25:47,190 - INFO - ========================================================================
2026-08-12 02:25:47,190 - INFO - Training: state=alabama  engine=check2hgi_v18  task=next  epochs=50  folds=5
2026-08-12 02:25:47,190 - INFO - ========================================================================
2026-08-12 02:25:47 - INFO  - ========================= FOLD 1/5 =========================
2026-08-12 02:25:47 - INFO  - FLOPS: 0 | Params: 0
❌ Error: fvcore is required for PyTorch FLOPs calculation
Training:   0%|          | 0/50 [00:00<?, ?batch/s]
Training:   0%|          | 0/50 [00:02<?, ?batch/s, tr_loss=1.5677, tr_acc=0.3623, val_loss=1.5075, val_acc=0.3825(0.2955), best=0.2955]
2026-08-12 02:27:30 - INFO  - Fold 1/5 completed in 103.27s | Total: 1.72m | Remaining: 6.88m
2026-08-12 02:27:30 - INFO  - ---------------------- Summary Fold 1 ----------------------
2026-08-12 02:27:30 - INFO  - Task       | Best Epoch | F1         | Accuracy   | Top3 Acc   |
2026-08-12 02:27:30 - INFO  - next       |     8      |     31.81% |     40.42% |     80.92% |
2026-08-12 02:27:30 - INFO  - --------------------- Report for next ---------------------
2026-08-12 02:27:30 - INFO  - Category     | Precision  | Recall     | F1-Score   | Support   
2026-08-12 02:27:30 - INFO  - Community    |    40.41% |    44.04% |    42.15% |     3449.0
2026-08-12 02:27:30 - INFO  - Entertainment |    20.91% |    16.03% |    18.15% |     1260.0
2026-08-12 02:27:30 - INFO  - Food         |    47.25% |    50.65% |    48.89% |     6585.0
2026-08-12 02:27:30 - INFO  - Nightlife    |    22.31% |    24.08% |    23.16% |      706.0
2026-08-12 02:27:30 - INFO  - Outdoors     |    31.33% |    26.31% |    28.60% |     1053.0
2026-08-12 02:27:30 - INFO  - Shopping     |    39.55% |    40.73% |    40.13% |     5220.0
2026-08-12 02:27:30 - INFO  - Travel       |    34.13% |    15.83% |    21.63% |      992.0
2026-08-12 02:27:30 - INFO  - macro avg    |    33.70% |    31.09% |    31.81% |           
2026-08-12 02:27:30 - INFO  - ======================= End of Fold =======================
2026-08-12 02:27:30 - INFO  - ========================= FOLD 2/5 =========================
Training:   0%|          | 0/50 [00:00<?, ?batch/s]
Training:   0%|          | 0/50 [00:02<?, ?batch/s, tr_loss=1.5880, tr_acc=0.3587, val_loss=1.5124, val_acc=0.3750(0.2877), best=0.2877]
2026-08-12 02:29:13 - INFO  - Fold 2/5 completed in 102.81s | Total: 3.43m | Remaining: 5.15m
2026-08-12 02:29:13 - INFO  - ---------------------- Summary Fold 2 ----------------------
2026-08-12 02:29:13 - INFO  - Task       | Best Epoch | F1         | Accuracy   | Top3 Acc   |
2026-08-12 02:29:13 - INFO  - next       |     9      |     30.54% |     37.64% |     79.65% |
2026-08-12 02:29:13 - INFO  - --------------------- Report for next ---------------------
2026-08-12 02:29:13 - INFO  - Category     | Precision  | Recall     | F1-Score   | Support   
2026-08-12 02:29:13 - INFO  - Community    |    43.67% |    44.33% |    44.00% |     3449.0
2026-08-12 02:29:13 - INFO  - Entertainment |    17.48% |    21.09% |    19.12% |     1261.0
2026-08-12 02:29:13 - INFO  - Food         |    44.83% |    37.72% |    40.97% |     6585.0
2026-08-12 02:29:13 - INFO  - Nightlife    |    21.06% |    31.02% |    25.09% |      706.0
2026-08-12 02:29:13 - INFO  - Outdoors     |    22.57% |    19.18% |    20.74% |     1053.0
2026-08-12 02:29:13 - INFO  - Shopping     |    39.04% |    45.33% |    41.95% |     5220.0
2026-08-12 02:29:13 - INFO  - Travel       |    26.31% |    18.75% |    21.90% |      992.0
2026-08-12 02:29:13 - INFO  - macro avg    |    30.71% |    31.06% |    30.54% |           
2026-08-12 02:29:13 - INFO  - ======================= End of Fold =======================
2026-08-12 02:29:13 - INFO  - ========================= FOLD 3/5 =========================
Training:   0%|          | 0/50 [00:00<?, ?batch/s]
Training:   0%|          | 0/50 [00:02<?, ?batch/s, tr_loss=1.5711, tr_acc=0.3619, val_loss=1.5407, val_acc=0.3706(0.2493), best=0.2493]
2026-08-12 02:30:56 - INFO  - Fold 3/5 completed in 102.84s | Total: 5.15m | Remaining: 3.43m
2026-08-12 02:30:56 - INFO  - ---------------------- Summary Fold 3 ----------------------
2026-08-12 02:30:56 - INFO  - Task       | Best Epoch | F1         | Accuracy   | Top3 Acc   |
2026-08-12 02:30:56 - INFO  - next       |     8      |     28.68% |     36.48% |     78.60% |
2026-08-12 02:30:56 - INFO  - --------------------- Report for next ---------------------
2026-08-12 02:30:56 - INFO  - Category     | Precision  | Recall     | F1-Score   | Support   
2026-08-12 02:30:56 - INFO  - Community    |    35.11% |    45.36% |    39.58% |     3448.0
2026-08-12 02:30:56 - INFO  - Entertainment |    35.16% |    11.19% |    16.98% |     1260.0
2026-08-12 02:30:56 - INFO  - Food         |    44.64% |    44.36% |    44.50% |     6585.0
2026-08-12 02:30:56 - INFO  - Nightlife    |    17.03% |    25.35% |    20.38% |      706.0
2026-08-12 02:30:56 - INFO  - Outdoors     |    16.33% |    28.02% |    20.64% |     1053.0
2026-08-12 02:30:56 - INFO  - Shopping     |    44.10% |    32.57% |    37.47% |     5220.0
2026-08-12 02:30:56 - INFO  - Travel       |    19.76% |    22.98% |    21.25% |      992.0
2026-08-12 02:30:56 - INFO  - macro avg    |    30.31% |    29.98% |    28.68% |           
2026-08-12 02:30:56 - INFO  - ======================= End of Fold =======================
2026-08-12 02:30:56 - INFO  - ========================= FOLD 4/5 =========================
Training:   0%|          | 0/50 [00:00<?, ?batch/s]
Training:   0%|          | 0/50 [00:02<?, ?batch/s, tr_loss=1.5806, tr_acc=0.3574, val_loss=1.5248, val_acc=0.3877(0.2736), best=0.2736]
2026-08-12 02:32:39 - INFO  - Fold 4/5 completed in 102.83s | Total: 6.86m | Remaining: 1.72m
2026-08-12 02:32:39 - INFO  - ---------------------- Summary Fold 4 ----------------------
2026-08-12 02:32:39 - INFO  - Task       | Best Epoch | F1         | Accuracy   | Top3 Acc   |
2026-08-12 02:32:39 - INFO  - next       |     8      |     28.96% |     36.84% |     78.19% |
2026-08-12 02:32:39 - INFO  - --------------------- Report for next ---------------------
2026-08-12 02:32:39 - INFO  - Category     | Precision  | Recall     | F1-Score   | Support   
2026-08-12 02:32:39 - INFO  - Community    |    43.22% |    44.36% |    43.78% |     3449.0
2026-08-12 02:32:39 - INFO  - Entertainment |    15.72% |    13.56% |    14.56% |     1261.0
2026-08-12 02:32:39 - INFO  - Food         |    47.00% |    38.96% |    42.60% |     6586.0
2026-08-12 02:32:39 - INFO  - Nightlife    |    14.82% |    32.53% |    20.36% |      707.0
2026-08-12 02:32:39 - INFO  - Outdoors     |    19.80% |    13.39% |    15.98% |     1053.0
2026-08-12 02:32:39 - INFO  - Shopping     |    41.82% |    40.47% |    41.13% |     5219.0
2026-08-12 02:32:39 - INFO  - Travel       |    18.61% |    34.98% |    24.29% |      992.0
2026-08-12 02:32:39 - INFO  - macro avg    |    28.71% |    31.18% |    28.96% |           
2026-08-12 02:32:39 - INFO  - ======================= End of Fold =======================
2026-08-12 02:32:39 - INFO  - ========================= FOLD 5/5 =========================
Training:   0%|          | 0/50 [00:00<?, ?batch/s]
Training:   0%|          | 0/50 [00:02<?, ?batch/s, tr_loss=1.5843, tr_acc=0.3625, val_loss=1.4984, val_acc=0.3871(0.2894), best=0.2894]
2026-08-12 02:34:21 - INFO  - Fold 5/5 completed in 102.83s | Total: 8.58m | Remaining: 0.00s
2026-08-12 02:34:21 - INFO  - ---------------------- Summary Fold 5 ----------------------
2026-08-12 02:34:21 - INFO  - Task       | Best Epoch | F1         | Accuracy   | Top3 Acc   |
2026-08-12 02:34:21 - INFO  - next       |     6      |     31.36% |     38.63% |     79.77% |
2026-08-12 02:34:21 - INFO  - --------------------- Report for next ---------------------
2026-08-12 02:34:21 - INFO  - Category     | Precision  | Recall     | F1-Score   | Support   
2026-08-12 02:34:21 - INFO  - Community    |    42.68% |    44.17% |    43.42% |     3448.0
2026-08-12 02:34:21 - INFO  - Entertainment |    34.96% |    19.29% |    24.86% |     1260.0
2026-08-12 02:34:21 - INFO  - Food         |    46.25% |    40.68% |    43.29% |     6585.0
2026-08-12 02:34:21 - INFO  - Nightlife    |    18.45% |    22.66% |    20.34% |      706.0
2026-08-12 02:34:21 - INFO  - Outdoors     |    20.63% |    24.88% |    22.56% |     1053.0
2026-08-12 02:34:21 - INFO  - Shopping     |    39.22% |    44.52% |    41.70% |     5220.0
2026-08-12 02:34:21 - INFO  - Travel       |    21.82% |    25.20% |    23.39% |      992.0
2026-08-12 02:34:21 - INFO  - macro avg    |    32.00% |    31.63% |    31.36% |           
2026-08-12 02:34:21 - INFO  - ======================= End of Fold =======================
2026-08-12 02:34:21 - INFO  - ==================== Training Complete ====================
2026-08-12 02:34:21 - INFO  - ------------------------- Summary -------------------------
2026-08-12 02:34:21 - INFO  - Model: Next | Folds: 5 | End at: 20260812_023421
2026-08-12 02:34:21 - INFO  - Tr. Time: 8.58m | Lrn. Rate: 0.0001 | N. Epochs: 50 | Batch Size: 2048
2026-08-12 02:34:21 - INFO  - ----------------- Final Results (5 folds) -----------------
2026-08-12 02:34:21 - INFO  - Task       | F1                 | Accuracy           | Top3 Acc           |
2026-08-12 02:34:21 - INFO  - next       |      30.27 ± 1.40% |      38.00 ± 1.58% |      79.43 ± 1.07% |
2026-08-12 02:34:21 - INFO  - Total Time: 8.58m
2026-08-12 02:34:21 - INFO  - --------------------- Avg. Task: next ---------------------
2026-08-12 02:34:21 - INFO  - Category     | Precision  | Recall     | F1-Score   | Support   
2026-08-12 02:34:21 - INFO  - Community    | 41.02 ± 3.53 | 44.45 ± 0.52 | 42.59 ± 1.82 |    17243.0
2026-08-12 02:34:21 - INFO  - Entertainment | 24.85 ± 9.51 | 16.23 ± 4.05 | 18.73 ± 3.82 |     6302.0
2026-08-12 02:34:21 - INFO  - Food         | 45.99 ± 1.21 | 42.47 ± 5.21 | 44.05 ± 2.99 |    32926.0
2026-08-12 02:34:21 - INFO  - Nightlife    | 18.73 ± 3.02 | 27.13 ± 4.38 | 21.87 ± 2.17 |     3531.0
2026-08-12 02:34:21 - INFO  - Outdoors     | 22.13 ± 5.62 | 22.36 ± 6.01 | 21.70 ± 4.56 |     5265.0
2026-08-12 02:34:21 - INFO  - Shopping     | 40.75 ± 2.18 | 40.72 ± 5.05 | 40.48 ± 1.82 |    26099.0
2026-08-12 02:34:21 - INFO  - Travel       | 24.12 ± 6.32 | 23.55 ± 7.35 | 22.49 ± 1.29 |     4960.0
2026-08-12 02:34:21 - INFO  - macro avg    | 31.09 ± 1.87 | 30.99 ± 0.61 | 30.27 ± 1.40 |           
2026-08-12 02:34:21 - INFO  - ===================== End of all folds =====================
2026-08-12 02:34:26 - INFO  - -------------------- Record Comparison --------------------
2026-08-12 02:34:26 - INFO  -   next         F1:  30.27%  |  Previous best: 30.87% (next_lr1.0e-04_bs8192_ep50_20260809...)
2026-08-12 02:34:26 - INFO  - ------------------------------------------------------------
2026-08-12 02:34:26 - INFO  - ==================== Training Complete ====================
2026-08-12 02:34:26 - INFO  - ------------------------- Summary -------------------------
2026-08-12 02:34:26 - INFO  - Model: Next | Folds: 5 | End at: 20260812_023421
2026-08-12 02:34:26 - INFO  - Tr. Time: 8.58m | Lrn. Rate: 0.0001 | N. Epochs: 50 | Batch Size: 2048
2026-08-12 02:34:26 - INFO  - ----------------- Final Results (5 folds) -----------------
2026-08-12 02:34:26 - INFO  - Task       | F1                 | Accuracy           | Top3 Acc           |
2026-08-12 02:34:26 - INFO  - next       |      30.27 ± 1.40% |      38.00 ± 1.58% |      79.43 ± 1.07% |
2026-08-12 02:34:26 - INFO  - Total Time: 8.58m
2026-08-12 02:34:26 - INFO  - --------------------- Avg. Task: next ---------------------
2026-08-12 02:34:26 - INFO  - Category     | Precision  | Recall     | F1-Score   | Support   
2026-08-12 02:34:26 - INFO  - Community    | 41.02 ± 3.53 | 44.45 ± 0.52 | 42.59 ± 1.82 |    17243.0
2026-08-12 02:34:26 - INFO  - Entertainment | 24.85 ± 9.51 | 16.23 ± 4.05 | 18.73 ± 3.82 |     6302.0
2026-08-12 02:34:26 - INFO  - Food         | 45.99 ± 1.21 | 42.47 ± 5.21 | 44.05 ± 2.99 |    32926.0
2026-08-12 02:34:26 - INFO  - Nightlife    | 18.73 ± 3.02 | 27.13 ± 4.38 | 21.87 ± 2.17 |     3531.0
2026-08-12 02:34:26 - INFO  - Outdoors     | 22.13 ± 5.62 | 22.36 ± 6.01 | 21.70 ± 4.56 |     5265.0
2026-08-12 02:34:26 - INFO  - Shopping     | 40.75 ± 2.18 | 40.72 ± 5.05 | 40.48 ± 1.82 |    26099.0
2026-08-12 02:34:26 - INFO  - Travel       | 24.12 ± 6.32 | 23.55 ± 7.35 | 22.49 ± 1.29 |     4960.0
2026-08-12 02:34:26 - INFO  - macro avg    | 31.09 ± 1.87 | 30.99 ± 0.61 | 30.27 ± 1.40 |           
2026-08-12 02:34:26 - INFO  - ===================== End of all folds =====================
2026-08-12 02:34:26,290 - INFO - Done. Results written to: /home/vitor.oliveira/PoiMtlNet/results/check2hgi_v18/alabama
