2026-08-12 02:34:28,798 - INFO - TF32 enabled (matmul_precision=high, cudnn.allow_tf32=True)
2026-08-12 02:34:28,798 - INFO - torch.compile enabled (use_torch_compile=True, donated_buffer=False for retain_graph=True compatibility)
2026-08-12 02:34:28,798 - WARNING - Generating folds on the fly (no cache at /home/vitor.oliveira/PoiMtlNet/output/check2hgi_v18/alabama/folds/fold_indices_next.pt). Run `python scripts/study/freeze_folds.py --state alabama --engine check2hgi_v18 --task next` to freeze them; paired statistical tests require frozen splits.
2026-08-12 02:34:28,799 - INFO - Creating 5-fold CV for next
2026-08-12 02:34:28,799 - INFO - Loading next-POI data: alabama/check2hgi_v18
2026-08-12 02:34:29,125 - INFO - Next-POI data: (96326, 576) (dim=64, window=9), distribution: {np.int64(0): np.int64(17243), np.int64(1): np.int64(6302), np.int64(2): np.int64(32926), np.int64(3): np.int64(3531), np.int64(4): np.int64(5265), np.int64(5): np.int64(26099), np.int64(6): np.int64(4960)}
2026-08-12 02:34:29,190 - INFO - NEXT single-task: user-disjoint folds via StratifiedGroupKFold.
2026-08-12 02:34:29,297 - INFO - Fold 1/5: train=77061, val=19265
2026-08-12 02:34:29,488 - INFO - Fold 2/5: train=77061, val=19265
2026-08-12 02:34:29,582 - INFO - Fold 3/5: train=77062, val=19264
2026-08-12 02:34:29,684 - INFO - Fold 4/5: train=77062, val=19264
2026-08-12 02:34:29,782 - INFO - Fold 5/5: train=77058, val=19268
2026-08-12 02:34:29,876 - INFO - ========================================================================
2026-08-12 02:34:29,877 - INFO - Training: state=alabama  engine=check2hgi_v18  task=next  epochs=50  folds=5
2026-08-12 02:34:29,877 - INFO - ========================================================================
2026-08-12 02:34:30 - INFO  - ========================= FOLD 1/5 =========================
2026-08-12 02:34:30 - INFO  - FLOPS: 0 | Params: 0
❌ Error: fvcore is required for PyTorch FLOPs calculation
Training:   0%|          | 0/50 [00:00<?, ?batch/s]
Training:   0%|          | 0/50 [00:02<?, ?batch/s, tr_loss=1.5938, tr_acc=0.3583, val_loss=1.5096, val_acc=0.3880(0.2989), best=0.2989]
2026-08-12 02:36:13 - INFO  - Fold 1/5 completed in 103.39s | Total: 1.72m | Remaining: 6.89m
2026-08-12 02:36:13 - INFO  - ---------------------- Summary Fold 1 ----------------------
2026-08-12 02:36:13 - INFO  - Task       | Best Epoch | F1         | Accuracy   | Top3 Acc   |
2026-08-12 02:36:13 - INFO  - next       |     8      |     31.43% |     38.96% |     77.53% |
2026-08-12 02:36:13 - INFO  - --------------------- Report for next ---------------------
2026-08-12 02:36:13 - INFO  - Category     | Precision  | Recall     | F1-Score   | Support   
2026-08-12 02:36:13 - INFO  - Community    |    42.87% |    36.24% |    39.28% |     3449.0
2026-08-12 02:36:13 - INFO  - Entertainment |    18.98% |    21.59% |    20.20% |     1260.0
2026-08-12 02:36:13 - INFO  - Food         |    48.68% |    45.56% |    47.07% |     6585.0
2026-08-12 02:36:13 - INFO  - Nightlife    |    25.05% |    17.42% |    20.55% |      706.0
2026-08-12 02:36:13 - INFO  - Outdoors     |    22.94% |    33.52% |    27.24% |     1053.0
2026-08-12 02:36:13 - INFO  - Shopping     |    38.58% |    43.83% |    41.04% |     5220.0
2026-08-12 02:36:13 - INFO  - Travel       |    27.78% |    22.18% |    24.66% |      992.0
2026-08-12 02:36:13 - INFO  - macro avg    |    32.12% |    31.48% |    31.43% |           
2026-08-12 02:36:13 - INFO  - ======================= End of Fold =======================
2026-08-12 02:36:13 - INFO  - ========================= FOLD 2/5 =========================
Training:   0%|          | 0/50 [00:00<?, ?batch/s]
Training:   0%|          | 0/50 [00:02<?, ?batch/s, tr_loss=1.5889, tr_acc=0.3630, val_loss=1.5144, val_acc=0.3701(0.2854), best=0.2854]
2026-08-12 02:37:56 - INFO  - Fold 2/5 completed in 102.85s | Total: 3.44m | Remaining: 5.16m
2026-08-12 02:37:56 - INFO  - ---------------------- Summary Fold 2 ----------------------
2026-08-12 02:37:56 - INFO  - Task       | Best Epoch | F1         | Accuracy   | Top3 Acc   |
2026-08-12 02:37:56 - INFO  - next       |     9      |     30.76% |     37.50% |     77.70% |
2026-08-12 02:37:56 - INFO  - --------------------- Report for next ---------------------
2026-08-12 02:37:56 - INFO  - Category     | Precision  | Recall     | F1-Score   | Support   
2026-08-12 02:37:56 - INFO  - Community    |    46.89% |    41.11% |    43.81% |     3449.0
2026-08-12 02:37:56 - INFO  - Entertainment |    19.48% |    17.38% |    18.37% |     1260.0
2026-08-12 02:37:56 - INFO  - Food         |    45.21% |    34.97% |    39.44% |     6585.0
2026-08-12 02:37:56 - INFO  - Nightlife    |    20.62% |    23.51% |    21.97% |      706.0
2026-08-12 02:37:56 - INFO  - Outdoors     |    20.06% |    29.53% |    23.90% |     1053.0
2026-08-12 02:37:56 - INFO  - Shopping     |    39.39% |    48.64% |    43.53% |     5220.0
2026-08-12 02:37:56 - INFO  - Travel       |    22.01% |    27.12% |    24.30% |      992.0
2026-08-12 02:37:56 - INFO  - macro avg    |    30.52% |    31.75% |    30.76% |           
2026-08-12 02:37:56 - INFO  - ======================= End of Fold =======================
2026-08-12 02:37:56 - INFO  - ========================= FOLD 3/5 =========================
Training:   0%|          | 0/50 [00:00<?, ?batch/s]
Training:   0%|          | 0/50 [00:02<?, ?batch/s, tr_loss=1.5834, tr_acc=0.3567, val_loss=1.5477, val_acc=0.3652(0.2511), best=0.2511]
2026-08-12 02:39:39 - INFO  - Fold 3/5 completed in 102.89s | Total: 5.15m | Remaining: 3.43m
2026-08-12 02:39:39 - INFO  - ---------------------- Summary Fold 3 ----------------------
2026-08-12 02:39:39 - INFO  - Task       | Best Epoch | F1         | Accuracy   | Top3 Acc   |
2026-08-12 02:39:39 - INFO  - next       |     7      |     28.81% |     36.04% |     78.87% |
2026-08-12 02:39:39 - INFO  - --------------------- Report for next ---------------------
2026-08-12 02:39:39 - INFO  - Category     | Precision  | Recall     | F1-Score   | Support   
2026-08-12 02:39:39 - INFO  - Community    |    33.69% |    54.18% |    41.54% |     3448.0
2026-08-12 02:39:39 - INFO  - Entertainment |    23.69% |    16.83% |    19.68% |     1260.0
2026-08-12 02:39:39 - INFO  - Food         |    45.95% |    37.43% |    41.26% |     6585.0
2026-08-12 02:39:39 - INFO  - Nightlife    |    22.57% |    17.42% |    19.66% |      706.0
2026-08-12 02:39:39 - INFO  - Outdoors     |    16.71% |    24.60% |    19.90% |     1053.0
2026-08-12 02:39:39 - INFO  - Shopping     |    45.36% |    33.58% |    38.59% |     5220.0
2026-08-12 02:39:39 - INFO  - Travel       |    17.48% |    26.41% |    21.04% |      992.0
2026-08-12 02:39:39 - INFO  - macro avg    |    29.35% |    30.06% |    28.81% |           
2026-08-12 02:39:39 - INFO  - ======================= End of Fold =======================
2026-08-12 02:39:39 - INFO  - ========================= FOLD 4/5 =========================
Training:   0%|          | 0/50 [00:00<?, ?batch/s]
Training:   0%|          | 0/50 [00:02<?, ?batch/s, tr_loss=1.5769, tr_acc=0.3625, val_loss=1.5244, val_acc=0.3769(0.2675), best=0.2675]
2026-08-12 02:41:22 - INFO  - Fold 4/5 completed in 102.79s | Total: 6.87m | Remaining: 1.72m
2026-08-12 02:41:22 - INFO  - ---------------------- Summary Fold 4 ----------------------
2026-08-12 02:41:22 - INFO  - Task       | Best Epoch | F1         | Accuracy   | Top3 Acc   |
2026-08-12 02:41:22 - INFO  - next       |     6      |     28.62% |     38.64% |     80.27% |
2026-08-12 02:41:22 - INFO  - --------------------- Report for next ---------------------
2026-08-12 02:41:22 - INFO  - Category     | Precision  | Recall     | F1-Score   | Support   
2026-08-12 02:41:22 - INFO  - Community    |    40.79% |    45.71% |    43.11% |     3448.0
2026-08-12 02:41:22 - INFO  - Entertainment |    17.40% |    11.35% |    13.74% |     1260.0
2026-08-12 02:41:22 - INFO  - Food         |    47.05% |    40.90% |    43.76% |     6585.0
2026-08-12 02:41:22 - INFO  - Nightlife    |    20.97% |    14.73% |    17.30% |      706.0
2026-08-12 02:41:22 - INFO  - Outdoors     |    17.78% |    19.66% |    18.67% |     1053.0
2026-08-12 02:41:22 - INFO  - Shopping     |    39.08% |    48.89% |    43.44% |     5220.0
2026-08-12 02:41:22 - INFO  - Travel       |    25.30% |    16.94% |    20.29% |      992.0
2026-08-12 02:41:22 - INFO  - macro avg    |    29.77% |    28.31% |    28.62% |           
2026-08-12 02:41:22 - INFO  - ======================= End of Fold =======================
2026-08-12 02:41:22 - INFO  - ========================= FOLD 5/5 =========================
Training:   0%|          | 0/50 [00:00<?, ?batch/s]
Training:   0%|          | 0/50 [00:02<?, ?batch/s, tr_loss=1.5718, tr_acc=0.3593, val_loss=1.5071, val_acc=0.3922(0.2888), best=0.2888]
2026-08-12 02:43:04 - INFO  - Fold 5/5 completed in 102.74s | Total: 8.58m | Remaining: 0.00s
2026-08-12 02:43:04 - INFO  - ---------------------- Summary Fold 5 ----------------------
2026-08-12 02:43:04 - INFO  - Task       | Best Epoch | F1         | Accuracy   | Top3 Acc   |
2026-08-12 02:43:04 - INFO  - next       |     7      |     30.93% |     39.31% |     79.99% |
2026-08-12 02:43:04 - INFO  - --------------------- Report for next ---------------------
2026-08-12 02:43:04 - INFO  - Category     | Precision  | Recall     | F1-Score   | Support   
2026-08-12 02:43:04 - INFO  - Community    |    38.34% |    50.74% |    43.67% |     3449.0
2026-08-12 02:43:04 - INFO  - Entertainment |    37.79% |    17.91% |    24.30% |     1262.0
2026-08-12 02:43:04 - INFO  - Food         |    45.44% |    46.80% |    46.11% |     6586.0
2026-08-12 02:43:04 - INFO  - Nightlife    |    18.31% |    20.23% |    19.22% |      707.0
2026-08-12 02:43:04 - INFO  - Outdoors     |    26.00% |    14.15% |    18.33% |     1053.0
2026-08-12 02:43:04 - INFO  - Shopping     |    40.71% |    37.15% |    38.85% |     5219.0
2026-08-12 02:43:04 - INFO  - Travel       |    23.71% |    28.83% |    26.02% |      992.0
2026-08-12 02:43:04 - INFO  - macro avg    |    32.90% |    30.83% |    30.93% |           
2026-08-12 02:43:04 - INFO  - ======================= End of Fold =======================
2026-08-12 02:43:04 - INFO  - ==================== Training Complete ====================
2026-08-12 02:43:04 - INFO  - ------------------------- Summary -------------------------
2026-08-12 02:43:04 - INFO  - Model: Next | Folds: 5 | End at: 20260812_024304
2026-08-12 02:43:04 - INFO  - Tr. Time: 8.58m | Lrn. Rate: 0.0001 | N. Epochs: 50 | Batch Size: 2048
2026-08-12 02:43:04 - INFO  - ----------------- Final Results (5 folds) -----------------
2026-08-12 02:43:04 - INFO  - Task       | F1                 | Accuracy           | Top3 Acc           |
2026-08-12 02:43:04 - INFO  - next       |      30.11 ± 1.30% |      38.09 ± 1.33% |      78.87 ± 1.26% |
2026-08-12 02:43:04 - INFO  - Total Time: 8.58m
2026-08-12 02:43:04 - INFO  - --------------------- Avg. Task: next ---------------------
2026-08-12 02:43:04 - INFO  - Category     | Precision  | Recall     | F1-Score   | Support   
2026-08-12 02:43:04 - INFO  - Community    | 40.51 ± 4.94 | 45.60 ± 7.21 | 42.28 ± 1.91 |    17243.0
2026-08-12 02:43:04 - INFO  - Entertainment | 23.47 ± 8.34 | 17.01 ± 3.67 | 19.26 ± 3.80 |     6302.0
2026-08-12 02:43:04 - INFO  - Food         | 46.46 ± 1.42 | 41.13 ± 5.08 | 43.53 ± 3.21 |    32926.0
2026-08-12 02:43:04 - INFO  - Nightlife    | 21.50 ± 2.50 | 18.66 ± 3.34 | 19.74 ± 1.72 |     3531.0
2026-08-12 02:43:04 - INFO  - Outdoors     | 20.70 ± 3.81 | 24.29 ± 7.70 | 21.61 ± 3.85 |     5265.0
2026-08-12 02:43:04 - INFO  - Shopping     | 40.62 ± 2.76 | 42.42 ± 6.86 | 41.09 ± 2.38 |    26099.0
2026-08-12 02:43:04 - INFO  - Travel       | 23.26 ± 3.87 | 24.29 ± 4.79 | 23.26 ± 2.47 |     4960.0
2026-08-12 02:43:04 - INFO  - macro avg    | 30.93 ± 1.53 | 30.49 ± 1.38 | 30.11 ± 1.30 |           
2026-08-12 02:43:04 - INFO  - ===================== End of all folds =====================
2026-08-12 02:43:09 - INFO  - -------------------- Record Comparison --------------------
2026-08-12 02:43:09 - INFO  -   next         F1:  30.11%  |  Previous best: 30.87% (next_lr1.0e-04_bs8192_ep50_20260809...)
2026-08-12 02:43:09 - INFO  - ------------------------------------------------------------
2026-08-12 02:43:09 - INFO  - ==================== Training Complete ====================
2026-08-12 02:43:09 - INFO  - ------------------------- Summary -------------------------
2026-08-12 02:43:09 - INFO  - Model: Next | Folds: 5 | End at: 20260812_024304
2026-08-12 02:43:09 - INFO  - Tr. Time: 8.58m | Lrn. Rate: 0.0001 | N. Epochs: 50 | Batch Size: 2048
2026-08-12 02:43:09 - INFO  - ----------------- Final Results (5 folds) -----------------
2026-08-12 02:43:09 - INFO  - Task       | F1                 | Accuracy           | Top3 Acc           |
2026-08-12 02:43:09 - INFO  - next       |      30.11 ± 1.30% |      38.09 ± 1.33% |      78.87 ± 1.26% |
2026-08-12 02:43:09 - INFO  - Total Time: 8.58m
2026-08-12 02:43:09 - INFO  - --------------------- Avg. Task: next ---------------------
2026-08-12 02:43:09 - INFO  - Category     | Precision  | Recall     | F1-Score   | Support   
2026-08-12 02:43:09 - INFO  - Community    | 40.51 ± 4.94 | 45.60 ± 7.21 | 42.28 ± 1.91 |    17243.0
2026-08-12 02:43:09 - INFO  - Entertainment | 23.47 ± 8.34 | 17.01 ± 3.67 | 19.26 ± 3.80 |     6302.0
2026-08-12 02:43:09 - INFO  - Food         | 46.46 ± 1.42 | 41.13 ± 5.08 | 43.53 ± 3.21 |    32926.0
2026-08-12 02:43:09 - INFO  - Nightlife    | 21.50 ± 2.50 | 18.66 ± 3.34 | 19.74 ± 1.72 |     3531.0
2026-08-12 02:43:09 - INFO  - Outdoors     | 20.70 ± 3.81 | 24.29 ± 7.70 | 21.61 ± 3.85 |     5265.0
2026-08-12 02:43:09 - INFO  - Shopping     | 40.62 ± 2.76 | 42.42 ± 6.86 | 41.09 ± 2.38 |    26099.0
2026-08-12 02:43:09 - INFO  - Travel       | 23.26 ± 3.87 | 24.29 ± 4.79 | 23.26 ± 2.47 |     4960.0
2026-08-12 02:43:09 - INFO  - macro avg    | 30.93 ± 1.53 | 30.49 ± 1.38 | 30.11 ± 1.30 |           
2026-08-12 02:43:09 - INFO  - ===================== End of all folds =====================
2026-08-12 02:43:09,086 - INFO - Done. Results written to: /home/vitor.oliveira/PoiMtlNet/results/check2hgi_v18/alabama
