usage: train.py [-h] [--canon {v11,v12,v15,v16,v17,none}] [--state STATE]
                [--engine {dgi,hgi,hmrm,time2vec,space2vec,sphere2vec,check2hgi,check2hgi_pooled,check2hgi_poi2vec,c2hgi_hgi_concat,check2hgi_design_e,check2hgi_design_b,check2hgi_design_h,check2hgi_design_d,check2hgi_design_i,check2hgi_design_j,check2hgi_design_m,check2hgi_design_l,check2hgi_lever4_canonical,check2hgi_lever4_design_b,check2hgi_resln,check2hgi_resln_design_b,check2hgi_resln_design_b_sidefeat,check2hgi_design_k_l0_1,check2hgi_mae,check2hgi_design_k_resln_l0_1,check2hgi_design_k_resln_mae_l0_1,check2hgi_resln_design_j,check2hgi_dk_ovl,check2hgi_iv2_strict,check2hgi_iv2_causal,check2hgi_iv2_f25,check2hgi_iv2_f125,check2hgi_iv2_l4,check2hgi_iv2_l3,check2hgi_iv2_l1,check2hgi_iv2_f50,check2hgi_iv2_w128,check2hgi_iv2_w32,check2hgi_iv2_r2,check2hgi_iv2_r1,check2hgi_iv2_e5,check2hgi_iv2_e4,check2hgi_iv2_e3,check2hgi_iv2_e1,check2hgi_iv2_e2,check2hgi_iv2_e12,check2hgi_iv2_labelonly,check2hgi_iv2_d1,check2hgi_iv2_b1,check2hgi_v18,check2hgi_gcn_ctrl,check2hgi_v3c_wd05,check2hgi_t24_dropedge,check2hgi_t43_sidefeat,check2hgi_gat,check2hgi_rgcn,check2hgi_t61_p2p,check2hgi_resln_v3c,check2hgi_resln_dropedge,check2hgi_resln_sidefeat,check2hgi_resln_p2p,check2hgi_gprop,check2hgi_resln_design_b_gprop,baseline_b2c_onehot64,check2hgi_ctle,baseline_b2a_poi2vec,baseline_geotree_skipgram,poi2hgi,fusion,hgi_dk_ovl}]
                [--task {mtl,category,next}]
                [--task-set {check2hgi_next_region,legacy_category_next}]
                [--model MODEL_NAME] [--candidate CANDIDATE]
                [--model-param KEY=VALUE] [--mtl-loss MTL_LOSS]
                [--mtl-loss-param KEY=VALUE]
                [--category-weight CATEGORY_WEIGHT]
                [--gradient-accumulation-steps GRADIENT_ACCUMULATION_STEPS]
                [--use-class-weights] [--no-class-weights]
                [--reg-class-weights] [--no-reg-class-weights]
                [--cat-class-weights] [--no-cat-class-weights]
                [--focal-gamma FOCAL_GAMMA]
                [--logit-adjust-tau LOGIT_ADJUST_TAU]
                [--cat-label-smoothing CAT_LABEL_SMOOTHING]
                [--tail-loss {none,balanced,cb,ldam}] [--cb-beta CB_BETA]
                [--ldam-max-margin LDAM_MAX_MARGIN] [--ldam-scale LDAM_SCALE]
                [--task-a-input-type {checkin,region,concat}]
                [--task-b-input-type {checkin,region,concat}]
                [--next-target {next_category,next_poi}] [--seed SEED]
                [--epochs EPOCHS] [--batch-size BATCH_SIZE] [--max-lr MAX_LR]
                [--scheduler {onecycle,constant,cosine,warmup_constant,reg_head_warmup_decay}]
                [--reg-head-warmup-decay-peak-mult REG_HEAD_WARMUP_DECAY_PEAK_MULT]
                [--reg-head-warmup-decay-warmup-epochs REG_HEAD_WARMUP_DECAY_WARMUP_EPOCHS]
                [--reg-head-warmup-decay-plateau-epochs REG_HEAD_WARMUP_DECAY_PLATEAU_EPOCHS]
                [--joint-loader-strategy {max_size_cycle,min_size_truncate}]
                [--pct-start PCT_START] [--cat-lr CAT_LR] [--reg-lr REG_LR]
                [--shared-lr SHARED_LR] [--freeze-cat-stream]
                [--freeze-reg-stream] [--freeze-cat-after-epoch N]
                [--alternating-optimizer-step] [--reg-encoder-lr LR]
                [--reg-head-lr LR] [--reg-head-param KEY=VALUE]
                [--per-fold-transition-dir DIR] [--min-best-epoch N]
                [--checkpoint-selector {geom_simple,joint_f1_mean,geom_lift}]
                [--alpha-no-weight-decay] [--reg-freeze-at-epoch N]
                [--zero-cat-kv] [--save-task-best-snapshots]
                [--log-t-kd-weight W] [--loss-scale-norm] [--aligned-pairing]
                [--log-t-kd-gate {none,coverage_max,coverage_entropy}]
                [--log-t-kd-tau TAU] [--log-c-kd-weight W]
                [--log-c-kd-tau TAU] [--log-c-kd-warmup-epochs N]
                [--log-c-kd-ec-lambda L] [--cat-kd-weight W]
                [--cat-kd-tau TAU] [--alpha-frozen-until-epoch N]
                [--reg-head REG_HEAD] [--cat-head-param KEY=VALUE]
                [--cat-head CAT_HEAD] [--folds FOLDS] [--only-fold ONLY_FOLD]
                [--only-folds ONLY_FOLDS] [--run-id RUN_ID] [--per-fold-seed]
                [--embedding-dim EMBEDDING_DIM] [--config CONFIG]
                [--replace-model-params] [--folds-path FOLDS_PATH]
                [--no-folds-cache] [--no-checkpoints] [--tf32]
                [--weight-decay WEIGHT_DECAY] [--adam-eps ADAM_EPS]
                [--adam-beta2 ADAM_BETA2] [--onecycle-per-head-lr]
                [--max-grad-norm MAX_GRAD_NORM] [--eta-min ETA_MIN]
                [--compile] [--profile]
train.py: error: unrecognized arguments: --hidden-dim 672
